Command line invocation:
    /Applications/Xcode.app/Contents/Developer/usr/bin/xcodebuild -scheme CardOnCue -sdk iphonesimulator -destination "platform=iOS Simulator,name=iPhone 17 Pro,OS=26.2" clean build

Build settings from command line:
    SDKROOT = iphonesimulator26.2

Resolve Package Graph


Resolved source packages:
  SimpleKeychain: https://github.com/auth0/SimpleKeychain @ 1.3.0
  PhoneNumberKit: https://github.com/marmelroy/PhoneNumberKit @ 4.2.2
  Kingfisher: https://github.com/onevcat/Kingfisher.git @ 8.6.2
  Factory: https://github.com/hmlongco/Factory @ 2.5.3
  Clerk: https://github.com/clerk/clerk-ios @ 0.71.4
  Get: https://github.com/kean/Get @ 2.2.1

2025-12-28 10:00:51.249 xcodebuild[64668:3782925] [MT] IDERunDestination: Supported platforms for the buildables in the current scheme is empty.
CreateBuildRequest

SendProjectDescription

CreateBuildOperation

** CLEAN SUCCEEDED **

ComputePackagePrebuildTargetDependencyGraph

Prepare packages

CreateBuildRequest

SendProjectDescription

CreateBuildOperation

ComputeTargetDependencyGraph
note: Building targets in dependency order
note: Target dependency graph (17 targets)
    Target 'CardOnCue' in project 'CardOnCue'
        ➜ Explicit dependency on target 'Clerk' in project 'Clerk'
    Target 'Clerk' in project 'Clerk'
        ➜ Explicit dependency on target 'Clerk' in project 'Clerk'
        ➜ Explicit dependency on target 'Clerk_Clerk' in project 'Clerk'
        ➜ Explicit dependency on target 'FactoryKit' in project 'Factory'
        ➜ Explicit dependency on target 'Get' in project 'Get'
        ➜ Explicit dependency on target 'Kingfisher' in project 'Kingfisher'
        ➜ Explicit dependency on target 'PhoneNumberKit' in project 'PhoneNumberKit'
        ➜ Explicit dependency on target 'SimpleKeychain' in project 'SimpleKeychain'
    Target 'Clerk' in project 'Clerk'
        ➜ Explicit dependency on target 'Clerk_Clerk' in project 'Clerk'
        ➜ Explicit dependency on target 'FactoryKit' in project 'Factory'
        ➜ Explicit dependency on target 'Get' in project 'Get'
        ➜ Explicit dependency on target 'Kingfisher' in project 'Kingfisher'
        ➜ Explicit dependency on target 'PhoneNumberKit' in project 'PhoneNumberKit'
        ➜ Explicit dependency on target 'SimpleKeychain' in project 'SimpleKeychain'
    Target 'SimpleKeychain' in project 'SimpleKeychain'
        ➜ Explicit dependency on target 'SimpleKeychain' in project 'SimpleKeychain'
    Target 'SimpleKeychain' in project 'SimpleKeychain' (no dependencies)
    Target 'PhoneNumberKit' in project 'PhoneNumberKit'
        ➜ Explicit dependency on target 'PhoneNumberKit' in project 'PhoneNumberKit'
        ➜ Explicit dependency on target 'PhoneNumberKit_PhoneNumberKit' in project 'PhoneNumberKit'
    Target 'PhoneNumberKit' in project 'PhoneNumberKit'
        ➜ Explicit dependency on target 'PhoneNumberKit_PhoneNumberKit' in project 'PhoneNumberKit'
    Target 'PhoneNumberKit_PhoneNumberKit' in project 'PhoneNumberKit' (no dependencies)
    Target 'Kingfisher' in project 'Kingfisher'
        ➜ Explicit dependency on target 'Kingfisher' in project 'Kingfisher'
        ➜ Explicit dependency on target 'Kingfisher_Kingfisher' in project 'Kingfisher'
    Target 'Kingfisher' in project 'Kingfisher'
        ➜ Explicit dependency on target 'Kingfisher_Kingfisher' in project 'Kingfisher'
    Target 'Kingfisher_Kingfisher' in project 'Kingfisher' (no dependencies)
    Target 'Get' in project 'Get'
        ➜ Explicit dependency on target 'Get' in project 'Get'
    Target 'Get' in project 'Get' (no dependencies)
    Target 'FactoryKit' in project 'Factory'
        ➜ Explicit dependency on target 'FactoryKit' in project 'Factory'
        ➜ Explicit dependency on target 'Factory_FactoryKit' in project 'Factory'
    Target 'FactoryKit' in project 'Factory'
        ➜ Explicit dependency on target 'Factory_FactoryKit' in project 'Factory'
    Target 'Factory_FactoryKit' in project 'Factory' (no dependencies)
    Target 'Clerk_Clerk' in project 'Clerk' (no dependencies)

GatherProvisioningInputs

CreateBuildDescription

ExecuteExternalTool /Applications/Xcode.app/Contents/Developer/usr/bin/actool --version --output-format xml1

ExecuteExternalTool /Applications/Xcode.app/Contents/Developer/Toolchains/XcodeDefault.xctoolchain/usr/bin/swiftc --version

ExecuteExternalTool /Applications/Xcode.app/Contents/Developer/Toolchains/XcodeDefault.xctoolchain/usr/bin/clang -v -E -dM -isysroot /Applications/Xcode.app/Contents/Developer/Platforms/iPhoneSimulator.platform/Developer/SDKs/iPhoneSimulator26.2.sdk -x c -c /dev/null

ExecuteExternalTool /Applications/Xcode.app/Contents/Developer/usr/bin/xcstringstool compile --dry-run --output-directory /Users/nathanfennel/Library/Developer/Xcode/DerivedData/CardOnCue-fafaiynmhqufqpbfjacxswbpzioe/Build/Intermediates.noindex/Clerk.build/Debug-iphonesimulator/Clerk_Clerk.build /Users/nathanfennel/Library/Developer/Xcode/DerivedData/CardOnCue-fafaiynmhqufqpbfjacxswbpzioe/SourcePackages/checkouts/clerk-ios/Sources/Clerk/ClerkUI/Resources/Localizable.xcstrings

ExecuteExternalTool /Applications/Xcode.app/Contents/Developer/usr/bin/actool --print-asset-tag-combinations --output-format xml1 /Users/nathanfennel/Documents/GitHub/CardOnCue/CardOnCue/Assets.xcassets

ExecuteExternalTool /Applications/Xcode.app/Contents/Developer/Toolchains/XcodeDefault.xctoolchain/usr/bin/ld -version_details

ReadFileContents /Applications/Xcode.app/Contents/Developer/Toolchains/XcodeDefault.xctoolchain/usr/share/docc/features.json

Build description signature: d1abc7fa15e7060063d3d557dfe3de87
Build description path: /Users/nathanfennel/Library/Developer/Xcode/DerivedData/CardOnCue-fafaiynmhqufqpbfjacxswbpzioe/Build/Intermediates.noindex/XCBuildData/d1abc7fa15e7060063d3d557dfe3de87.xcbuilddata
ClangStatCache /Applications/Xcode.app/Contents/Developer/Toolchains/XcodeDefault.xctoolchain/usr/bin/clang-stat-cache /Applications/Xcode.app/Contents/Developer/Platforms/iPhoneSimulator.platform/Developer/SDKs/iPhoneSimulator26.2.sdk /Users/nathanfennel/Library/Developer/Xcode/DerivedData/SDKStatCaches.noindex/iphonesimulator26.2-23C53-7d00a8b37fbd7999ea79df8ebc024bf0.sdkstatcache
    cd /Users/nathanfennel/Documents/GitHub/CardOnCue/CardOnCue.xcodeproj
    /Applications/Xcode.app/Contents/Developer/Toolchains/XcodeDefault.xctoolchain/usr/bin/clang-stat-cache /Applications/Xcode.app/Contents/Developer/Platforms/iPhoneSimulator.platform/Developer/SDKs/iPhoneSimulator26.2.sdk -o /Users/nathanfennel/Library/Developer/Xcode/DerivedData/SDKStatCaches.noindex/iphonesimulator26.2-23C53-7d00a8b37fbd7999ea79df8ebc024bf0.sdkstatcache

CreateBuildDirectory /Users/nathanfennel/Library/Developer/Xcode/DerivedData/CardOnCue-fafaiynmhqufqpbfjacxswbpzioe/Build/Products
    cd /Users/nathanfennel/Documents/GitHub/CardOnCue/CardOnCue.xcodeproj
    builtin-create-build-directory /Users/nathanfennel/Library/Developer/Xcode/DerivedData/CardOnCue-fafaiynmhqufqpbfjacxswbpzioe/Build/Products

CreateBuildDirectory /Users/nathanfennel/Library/Developer/Xcode/DerivedData/CardOnCue-fafaiynmhqufqpbfjacxswbpzioe/Build/Intermediates.noindex
    cd /Users/nathanfennel/Documents/GitHub/CardOnCue/CardOnCue.xcodeproj
    builtin-create-build-directory /Users/nathanfennel/Library/Developer/Xcode/DerivedData/CardOnCue-fafaiynmhqufqpbfjacxswbpzioe/Build/Intermediates.noindex

CreateBuildDirectory /Users/nathanfennel/Library/Developer/Xcode/DerivedData/CardOnCue-fafaiynmhqufqpbfjacxswbpzioe/Build/Intermediates.noindex/SwiftExplicitPrecompiledModules
    cd /Users/nathanfennel/Documents/GitHub/CardOnCue/CardOnCue.xcodeproj
    builtin-create-build-directory /Users/nathanfennel/Library/Developer/Xcode/DerivedData/CardOnCue-fafaiynmhqufqpbfjacxswbpzioe/Build/Intermediates.noindex/SwiftExplicitPrecompiledModules

WriteAuxiliaryFile /Users/nathanfennel/Library/Developer/Xcode/DerivedData/CardOnCue-fafaiynmhqufqpbfjacxswbpzioe/Build/Intermediates.noindex/CardOnCue.build/Debug-iphonesimulator/CardOnCue-34aa821186031dee62e343b10bd4ada7-VFS-iphonesimulator/all-product-headers.yaml
    cd /Users/nathanfennel/Documents/GitHub/CardOnCue/CardOnCue.xcodeproj
    write-file /Users/nathanfennel/Library/Developer/Xcode/DerivedData/CardOnCue-fafaiynmhqufqpbfjacxswbpzioe/Build/Intermediates.noindex/CardOnCue.build/Debug-iphonesimulator/CardOnCue-34aa821186031dee62e343b10bd4ada7-VFS-iphonesimulator/all-product-headers.yaml

CreateBuildDirectory /Users/nathanfennel/Library/Developer/Xcode/DerivedData/CardOnCue-fafaiynmhqufqpbfjacxswbpzioe/Build/Intermediates.noindex/EagerLinkingTBDs/Debug-iphonesimulator
    cd /Users/nathanfennel/Documents/GitHub/CardOnCue/CardOnCue.xcodeproj
    builtin-create-build-directory /Users/nathanfennel/Library/Developer/Xcode/DerivedData/CardOnCue-fafaiynmhqufqpbfjacxswbpzioe/Build/Intermediates.noindex/EagerLinkingTBDs/Debug-iphonesimulator

CreateBuildDirectory /Users/nathanfennel/Library/Developer/Xcode/DerivedData/CardOnCue-fafaiynmhqufqpbfjacxswbpzioe/Build/Intermediates.noindex/ExplicitPrecompiledModules
    cd /Users/nathanfennel/Documents/GitHub/CardOnCue/CardOnCue.xcodeproj
    builtin-create-build-directory /Users/nathanfennel/Library/Developer/Xcode/DerivedData/CardOnCue-fafaiynmhqufqpbfjacxswbpzioe/Build/Intermediates.noindex/ExplicitPrecompiledModules

CreateBuildDirectory /Users/nathanfennel/Library/Developer/Xcode/DerivedData/CardOnCue-fafaiynmhqufqpbfjacxswbpzioe/Build/Products/Debug-iphonesimulator
    cd /Users/nathanfennel/Documents/GitHub/CardOnCue/CardOnCue.xcodeproj
    builtin-create-build-directory /Users/nathanfennel/Library/Developer/Xcode/DerivedData/CardOnCue-fafaiynmhqufqpbfjacxswbpzioe/Build/Products/Debug-iphonesimulator

CreateBuildDirectory /Users/nathanfennel/Library/Developer/Xcode/DerivedData/CardOnCue-fafaiynmhqufqpbfjacxswbpzioe/Build/Products/Debug-iphonesimulator/PackageFrameworks
    cd /Users/nathanfennel/Documents/GitHub/CardOnCue/CardOnCue.xcodeproj
    builtin-create-build-directory /Users/nathanfennel/Library/Developer/Xcode/DerivedData/CardOnCue-fafaiynmhqufqpbfjacxswbpzioe/Build/Products/Debug-iphonesimulator/PackageFrameworks

WriteAuxiliaryFile /Users/nathanfennel/Library/Developer/Xcode/DerivedData/CardOnCue-fafaiynmhqufqpbfjacxswbpzioe/Build/Intermediates.noindex/CardOnCue.build/Debug-iphonesimulator/CardOnCue.build/CardOnCue.hmap (in target 'CardOnCue' from project 'CardOnCue')
    cd /Users/nathanfennel/Documents/GitHub/CardOnCue
    write-file /Users/nathanfennel/Library/Developer/Xcode/DerivedData/CardOnCue-fafaiynmhqufqpbfjacxswbpzioe/Build/Intermediates.noindex/CardOnCue.build/Debug-iphonesimulator/CardOnCue.build/CardOnCue.hmap

WriteAuxiliaryFile /Users/nathanfennel/Library/Developer/Xcode/DerivedData/CardOnCue-fafaiynmhqufqpbfjacxswbpzioe/Build/Intermediates.noindex/CardOnCue.build/Debug-iphonesimulator/CardOnCue.build/DerivedSources/Entitlements-Simulated.plist (in target 'CardOnCue' from project 'CardOnCue')
    cd /Users/nathanfennel/Documents/GitHub/CardOnCue
    write-file /Users/nathanfennel/Library/Developer/Xcode/DerivedData/CardOnCue-fafaiynmhqufqpbfjacxswbpzioe/Build/Intermediates.noindex/CardOnCue.build/Debug-iphonesimulator/CardOnCue.build/DerivedSources/Entitlements-Simulated.plist

WriteAuxiliaryFile /Users/nathanfennel/Library/Developer/Xcode/DerivedData/CardOnCue-fafaiynmhqufqpbfjacxswbpzioe/Build/Intermediates.noindex/CardOnCue.build/Debug-iphonesimulator/CardOnCue.build/Objects-normal/arm64/CardOnCue_const_extract_protocols.json (in target 'CardOnCue' from project 'CardOnCue')
    cd /Users/nathanfennel/Documents/GitHub/CardOnCue
    write-file /Users/nathanfennel/Library/Developer/Xcode/DerivedData/CardOnCue-fafaiynmhqufqpbfjacxswbpzioe/Build/Intermediates.noindex/CardOnCue.build/Debug-iphonesimulator/CardOnCue.build/Objects-normal/arm64/CardOnCue_const_extract_protocols.json

WriteAuxiliaryFile /Users/nathanfennel/Library/Developer/Xcode/DerivedData/CardOnCue-fafaiynmhqufqpbfjacxswbpzioe/Build/Intermediates.noindex/CardOnCue.build/Debug-iphonesimulator/CardOnCue.build/Objects-normal/arm64/CardOnCue-OutputFileMap.json (in target 'CardOnCue' from project 'CardOnCue')
    cd /Users/nathanfennel/Documents/GitHub/CardOnCue
    write-file /Users/nathanfennel/Library/Developer/Xcode/DerivedData/CardOnCue-fafaiynmhqufqpbfjacxswbpzioe/Build/Intermediates.noindex/CardOnCue.build/Debug-iphonesimulator/CardOnCue.build/Objects-normal/arm64/CardOnCue-OutputFileMap.json

WriteAuxiliaryFile /Users/nathanfennel/Library/Developer/Xcode/DerivedData/CardOnCue-fafaiynmhqufqpbfjacxswbpzioe/Build/Intermediates.noindex/PhoneNumberKit.build/Debug-iphonesimulator/PhoneNumberKit.build/PhoneNumberKit.DependencyMetadataFileList (in target 'PhoneNumberKit' from project 'PhoneNumberKit')
    cd /Users/nathanfennel/Library/Developer/Xcode/DerivedData/CardOnCue-fafaiynmhqufqpbfjacxswbpzioe/SourcePackages/checkouts/PhoneNumberKit
    write-file /Users/nathanfennel/Library/Developer/Xcode/DerivedData/CardOnCue-fafaiynmhqufqpbfjacxswbpzioe/Build/Intermediates.noindex/PhoneNumberKit.build/Debug-iphonesimulator/PhoneNumberKit.build/PhoneNumberKit.DependencyMetadataFileList

WriteAuxiliaryFile /Users/nathanfennel/Library/Developer/Xcode/DerivedData/CardOnCue-fafaiynmhqufqpbfjacxswbpzioe/Build/Intermediates.noindex/PhoneNumberKit.build/Debug-iphonesimulator/PhoneNumberKit.build/PhoneNumberKit.DependencyStaticMetadataFileList (in target 'PhoneNumberKit' from project 'PhoneNumberKit')
    cd /Users/nathanfennel/Library/Developer/Xcode/DerivedData/CardOnCue-fafaiynmhqufqpbfjacxswbpzioe/SourcePackages/checkouts/PhoneNumberKit
    write-file /Users/nathanfennel/Library/Developer/Xcode/DerivedData/CardOnCue-fafaiynmhqufqpbfjacxswbpzioe/Build/Intermediates.noindex/PhoneNumberKit.build/Debug-iphonesimulator/PhoneNumberKit.build/PhoneNumberKit.DependencyStaticMetadataFileList

WriteAuxiliaryFile /Users/nathanfennel/Library/Developer/Xcode/DerivedData/CardOnCue-fafaiynmhqufqpbfjacxswbpzioe/Build/Intermediates.noindex/PhoneNumberKit.build/Debug-iphonesimulator/PhoneNumberKit.build/PhoneNumberKit.modulemap (in target 'PhoneNumberKit' from project 'PhoneNumberKit')
    cd /Users/nathanfennel/Library/Developer/Xcode/DerivedData/CardOnCue-fafaiynmhqufqpbfjacxswbpzioe/SourcePackages/checkouts/PhoneNumberKit
    write-file /Users/nathanfennel/Library/Developer/Xcode/DerivedData/CardOnCue-fafaiynmhqufqpbfjacxswbpzioe/Build/Intermediates.noindex/PhoneNumberKit.build/Debug-iphonesimulator/PhoneNumberKit.build/PhoneNumberKit.modulemap

WriteAuxiliaryFile /Users/nathanfennel/Library/Developer/Xcode/DerivedData/CardOnCue-fafaiynmhqufqpbfjacxswbpzioe/Build/Intermediates.noindex/SimpleKeychain.build/Debug-iphonesimulator/SimpleKeychain.build/SimpleKeychain.modulemap (in target 'SimpleKeychain' from project 'SimpleKeychain')
    cd /Users/nathanfennel/Library/Developer/Xcode/DerivedData/CardOnCue-fafaiynmhqufqpbfjacxswbpzioe/SourcePackages/checkouts/SimpleKeychain
    write-file /Users/nathanfennel/Library/Developer/Xcode/DerivedData/CardOnCue-fafaiynmhqufqpbfjacxswbpzioe/Build/Intermediates.noindex/SimpleKeychain.build/Debug-iphonesimulator/SimpleKeychain.build/SimpleKeychain.modulemap

WriteAuxiliaryFile /Users/nathanfennel/Library/Developer/Xcode/DerivedData/CardOnCue-fafaiynmhqufqpbfjacxswbpzioe/Build/Intermediates.noindex/SimpleKeychain.build/Debug-iphonesimulator/SimpleKeychain.build/SimpleKeychain.DependencyStaticMetadataFileList (in target 'SimpleKeychain' from project 'SimpleKeychain')
    cd /Users/nathanfennel/Library/Developer/Xcode/DerivedData/CardOnCue-fafaiynmhqufqpbfjacxswbpzioe/SourcePackages/checkouts/SimpleKeychain
    write-file /Users/nathanfennel/Library/Developer/Xcode/DerivedData/CardOnCue-fafaiynmhqufqpbfjacxswbpzioe/Build/Intermediates.noindex/SimpleKeychain.build/Debug-iphonesimulator/SimpleKeychain.build/SimpleKeychain.DependencyStaticMetadataFileList

WriteAuxiliaryFile /Users/nathanfennel/Library/Developer/Xcode/DerivedData/CardOnCue-fafaiynmhqufqpbfjacxswbpzioe/Build/Intermediates.noindex/SimpleKeychain.build/Debug-iphonesimulator/SimpleKeychain.build/SimpleKeychain.DependencyMetadataFileList (in target 'SimpleKeychain' from project 'SimpleKeychain')
    cd /Users/nathanfennel/Library/Developer/Xcode/DerivedData/CardOnCue-fafaiynmhqufqpbfjacxswbpzioe/SourcePackages/checkouts/SimpleKeychain
    write-file /Users/nathanfennel/Library/Developer/Xcode/DerivedData/CardOnCue-fafaiynmhqufqpbfjacxswbpzioe/Build/Intermediates.noindex/SimpleKeychain.build/Debug-iphonesimulator/SimpleKeychain.build/SimpleKeychain.DependencyMetadataFileList

WriteAuxiliaryFile /Users/nathanfennel/Library/Developer/Xcode/DerivedData/CardOnCue-fafaiynmhqufqpbfjacxswbpzioe/Build/Intermediates.noindex/SimpleKeychain.build/Debug-iphonesimulator/SimpleKeychain.build/Objects-normal/arm64/SimpleKeychain.SwiftFileList (in target 'SimpleKeychain' from project 'SimpleKeychain')
    cd /Users/nathanfennel/Library/Developer/Xcode/DerivedData/CardOnCue-fafaiynmhqufqpbfjacxswbpzioe/SourcePackages/checkouts/SimpleKeychain
    write-file /Users/nathanfennel/Library/Developer/Xcode/DerivedData/CardOnCue-fafaiynmhqufqpbfjacxswbpzioe/Build/Intermediates.noindex/SimpleKeychain.build/Debug-iphonesimulator/SimpleKeychain.build/Objects-normal/arm64/SimpleKeychain.SwiftFileList

WriteAuxiliaryFile /Users/nathanfennel/Library/Developer/Xcode/DerivedData/CardOnCue-fafaiynmhqufqpbfjacxswbpzioe/Build/Intermediates.noindex/SimpleKeychain.build/Debug-iphonesimulator/SimpleKeychain.build/Objects-normal/arm64/SimpleKeychain_const_extract_protocols.json (in target 'SimpleKeychain' from project 'SimpleKeychain')
    cd /Users/nathanfennel/Library/Developer/Xcode/DerivedData/CardOnCue-fafaiynmhqufqpbfjacxswbpzioe/SourcePackages/checkouts/SimpleKeychain
    write-file /Users/nathanfennel/Library/Developer/Xcode/DerivedData/CardOnCue-fafaiynmhqufqpbfjacxswbpzioe/Build/Intermediates.noindex/SimpleKeychain.build/Debug-iphonesimulator/SimpleKeychain.build/Objects-normal/arm64/SimpleKeychain_const_extract_protocols.json

WriteAuxiliaryFile /Users/nathanfennel/Library/Developer/Xcode/DerivedData/CardOnCue-fafaiynmhqufqpbfjacxswbpzioe/Build/Intermediates.noindex/SimpleKeychain.build/Debug-iphonesimulator/SimpleKeychain.build/Objects-normal/arm64/SimpleKeychain.SwiftConstValuesFileList (in target 'SimpleKeychain' from project 'SimpleKeychain')
    cd /Users/nathanfennel/Library/Developer/Xcode/DerivedData/CardOnCue-fafaiynmhqufqpbfjacxswbpzioe/SourcePackages/checkouts/SimpleKeychain
    write-file /Users/nathanfennel/Library/Developer/Xcode/DerivedData/CardOnCue-fafaiynmhqufqpbfjacxswbpzioe/Build/Intermediates.noindex/SimpleKeychain.build/Debug-iphonesimulator/SimpleKeychain.build/Objects-normal/arm64/SimpleKeychain.SwiftConstValuesFileList

WriteAuxiliaryFile /Users/nathanfennel/Library/Developer/Xcode/DerivedData/CardOnCue-fafaiynmhqufqpbfjacxswbpzioe/Build/Intermediates.noindex/SimpleKeychain.build/Debug-iphonesimulator/SimpleKeychain.build/Objects-normal/arm64/SimpleKeychain.LinkFileList (in target 'SimpleKeychain' from project 'SimpleKeychain')
    cd /Users/nathanfennel/Library/Developer/Xcode/DerivedData/CardOnCue-fafaiynmhqufqpbfjacxswbpzioe/SourcePackages/checkouts/SimpleKeychain
    write-file /Users/nathanfennel/Library/Developer/Xcode/DerivedData/CardOnCue-fafaiynmhqufqpbfjacxswbpzioe/Build/Intermediates.noindex/SimpleKeychain.build/Debug-iphonesimulator/SimpleKeychain.build/Objects-normal/arm64/SimpleKeychain.LinkFileList

WriteAuxiliaryFile /Users/nathanfennel/Library/Developer/Xcode/DerivedData/CardOnCue-fafaiynmhqufqpbfjacxswbpzioe/Build/Intermediates.noindex/SimpleKeychain.build/Debug-iphonesimulator/SimpleKeychain.build/Objects-normal/arm64/SimpleKeychain-OutputFileMap.json (in target 'SimpleKeychain' from project 'SimpleKeychain')
    cd /Users/nathanfennel/Library/Developer/Xcode/DerivedData/CardOnCue-fafaiynmhqufqpbfjacxswbpzioe/SourcePackages/checkouts/SimpleKeychain
    write-file /Users/nathanfennel/Library/Developer/Xcode/DerivedData/CardOnCue-fafaiynmhqufqpbfjacxswbpzioe/Build/Intermediates.noindex/SimpleKeychain.build/Debug-iphonesimulator/SimpleKeychain.build/Objects-normal/arm64/SimpleKeychain-OutputFileMap.json

WriteAuxiliaryFile /Users/nathanfennel/Library/Developer/Xcode/DerivedData/CardOnCue-fafaiynmhqufqpbfjacxswbpzioe/Build/Intermediates.noindex/PhoneNumberKit.build/Debug-iphonesimulator/PhoneNumberKit_PhoneNumberKit.build/empty-PhoneNumberKit_PhoneNumberKit.plist (in target 'PhoneNumberKit_PhoneNumberKit' from project 'PhoneNumberKit')
    cd /Users/nathanfennel/Library/Developer/Xcode/DerivedData/CardOnCue-fafaiynmhqufqpbfjacxswbpzioe/SourcePackages/checkouts/PhoneNumberKit
    write-file /Users/nathanfennel/Library/Developer/Xcode/DerivedData/CardOnCue-fafaiynmhqufqpbfjacxswbpzioe/Build/Intermediates.noindex/PhoneNumberKit.build/Debug-iphonesimulator/PhoneNumberKit_PhoneNumberKit.build/empty-PhoneNumberKit_PhoneNumberKit.plist

WriteAuxiliaryFile /Users/nathanfennel/Library/Developer/Xcode/DerivedData/CardOnCue-fafaiynmhqufqpbfjacxswbpzioe/Build/Intermediates.noindex/PhoneNumberKit.build/Debug-iphonesimulator/PhoneNumberKit_PhoneNumberKit.build/PhoneNumberKit_PhoneNumberKit.DependencyStaticMetadataFileList (in target 'PhoneNumberKit_PhoneNumberKit' from project 'PhoneNumberKit')
    cd /Users/nathanfennel/Library/Developer/Xcode/DerivedData/CardOnCue-fafaiynmhqufqpbfjacxswbpzioe/SourcePackages/checkouts/PhoneNumberKit
    write-file /Users/nathanfennel/Library/Developer/Xcode/DerivedData/CardOnCue-fafaiynmhqufqpbfjacxswbpzioe/Build/Intermediates.noindex/PhoneNumberKit.build/Debug-iphonesimulator/PhoneNumberKit_PhoneNumberKit.build/PhoneNumberKit_PhoneNumberKit.DependencyStaticMetadataFileList

WriteAuxiliaryFile /Users/nathanfennel/Library/Developer/Xcode/DerivedData/CardOnCue-fafaiynmhqufqpbfjacxswbpzioe/Build/Intermediates.noindex/PhoneNumberKit.build/Debug-iphonesimulator/PhoneNumberKit_PhoneNumberKit.build/PhoneNumberKit_PhoneNumberKit.DependencyMetadataFileList (in target 'PhoneNumberKit_PhoneNumberKit' from project 'PhoneNumberKit')
    cd /Users/nathanfennel/Library/Developer/Xcode/DerivedData/CardOnCue-fafaiynmhqufqpbfjacxswbpzioe/SourcePackages/checkouts/PhoneNumberKit
    write-file /Users/nathanfennel/Library/Developer/Xcode/DerivedData/CardOnCue-fafaiynmhqufqpbfjacxswbpzioe/Build/Intermediates.noindex/PhoneNumberKit.build/Debug-iphonesimulator/PhoneNumberKit_PhoneNumberKit.build/PhoneNumberKit_PhoneNumberKit.DependencyMetadataFileList

Copy /Users/nathanfennel/Library/Developer/Xcode/DerivedData/CardOnCue-fafaiynmhqufqpbfjacxswbpzioe/Build/Intermediates.noindex/GeneratedModuleMaps-iphonesimulator/SimpleKeychain.modulemap /Users/nathanfennel/Library/Developer/Xcode/DerivedData/CardOnCue-fafaiynmhqufqpbfjacxswbpzioe/Build/Intermediates.noindex/SimpleKeychain.build/Debug-iphonesimulator/SimpleKeychain.build/SimpleKeychain.modulemap (in target 'SimpleKeychain' from project 'SimpleKeychain')
    cd /Users/nathanfennel/Library/Developer/Xcode/DerivedData/CardOnCue-fafaiynmhqufqpbfjacxswbpzioe/SourcePackages/checkouts/SimpleKeychain
    builtin-copy -exclude .DS_Store -exclude CVS -exclude .svn -exclude .git -exclude .hg -resolve-src-symlinks /Users/nathanfennel/Library/Developer/Xcode/DerivedData/CardOnCue-fafaiynmhqufqpbfjacxswbpzioe/Build/Intermediates.noindex/SimpleKeychain.build/Debug-iphonesimulator/SimpleKeychain.build/SimpleKeychain.modulemap /Users/nathanfennel/Library/Developer/Xcode/DerivedData/CardOnCue-fafaiynmhqufqpbfjacxswbpzioe/Build/Intermediates.noindex/GeneratedModuleMaps-iphonesimulator

WriteAuxiliaryFile /Users/nathanfennel/Library/Developer/Xcode/DerivedData/CardOnCue-fafaiynmhqufqpbfjacxswbpzioe/Build/Intermediates.noindex/PhoneNumberKit.build/Debug-iphonesimulator/PhoneNumberKit.build/Objects-normal/arm64/PhoneNumberKit_const_extract_protocols.json (in target 'PhoneNumberKit' from project 'PhoneNumberKit')
    cd /Users/nathanfennel/Library/Developer/Xcode/DerivedData/CardOnCue-fafaiynmhqufqpbfjacxswbpzioe/SourcePackages/checkouts/PhoneNumberKit
    write-file /Users/nathanfennel/Library/Developer/Xcode/DerivedData/CardOnCue-fafaiynmhqufqpbfjacxswbpzioe/Build/Intermediates.noindex/PhoneNumberKit.build/Debug-iphonesimulator/PhoneNumberKit.build/Objects-normal/arm64/PhoneNumberKit_const_extract_protocols.json

WriteAuxiliaryFile /Users/nathanfennel/Library/Developer/Xcode/DerivedData/CardOnCue-fafaiynmhqufqpbfjacxswbpzioe/Build/Intermediates.noindex/PhoneNumberKit.build/Debug-iphonesimulator/PhoneNumberKit.build/Objects-normal/arm64/PhoneNumberKit.SwiftFileList (in target 'PhoneNumberKit' from project 'PhoneNumberKit')
    cd /Users/nathanfennel/Library/Developer/Xcode/DerivedData/CardOnCue-fafaiynmhqufqpbfjacxswbpzioe/SourcePackages/checkouts/PhoneNumberKit
    write-file /Users/nathanfennel/Library/Developer/Xcode/DerivedData/CardOnCue-fafaiynmhqufqpbfjacxswbpzioe/Build/Intermediates.noindex/PhoneNumberKit.build/Debug-iphonesimulator/PhoneNumberKit.build/Objects-normal/arm64/PhoneNumberKit.SwiftFileList

WriteAuxiliaryFile /Users/nathanfennel/Library/Developer/Xcode/DerivedData/CardOnCue-fafaiynmhqufqpbfjacxswbpzioe/Build/Intermediates.noindex/PhoneNumberKit.build/Debug-iphonesimulator/PhoneNumberKit.build/Objects-normal/arm64/PhoneNumberKit.SwiftConstValuesFileList (in target 'PhoneNumberKit' from project 'PhoneNumberKit')
    cd /Users/nathanfennel/Library/Developer/Xcode/DerivedData/CardOnCue-fafaiynmhqufqpbfjacxswbpzioe/SourcePackages/checkouts/PhoneNumberKit
    write-file /Users/nathanfennel/Library/Developer/Xcode/DerivedData/CardOnCue-fafaiynmhqufqpbfjacxswbpzioe/Build/Intermediates.noindex/PhoneNumberKit.build/Debug-iphonesimulator/PhoneNumberKit.build/Objects-normal/arm64/PhoneNumberKit.SwiftConstValuesFileList

WriteAuxiliaryFile /Users/nathanfennel/Library/Developer/Xcode/DerivedData/CardOnCue-fafaiynmhqufqpbfjacxswbpzioe/Build/Intermediates.noindex/PhoneNumberKit.build/Debug-iphonesimulator/PhoneNumberKit.build/Objects-normal/arm64/PhoneNumberKit.LinkFileList (in target 'PhoneNumberKit' from project 'PhoneNumberKit')
    cd /Users/nathanfennel/Library/Developer/Xcode/DerivedData/CardOnCue-fafaiynmhqufqpbfjacxswbpzioe/SourcePackages/checkouts/PhoneNumberKit
    write-file /Users/nathanfennel/Library/Developer/Xcode/DerivedData/CardOnCue-fafaiynmhqufqpbfjacxswbpzioe/Build/Intermediates.noindex/PhoneNumberKit.build/Debug-iphonesimulator/PhoneNumberKit.build/Objects-normal/arm64/PhoneNumberKit.LinkFileList

WriteAuxiliaryFile /Users/nathanfennel/Library/Developer/Xcode/DerivedData/CardOnCue-fafaiynmhqufqpbfjacxswbpzioe/Build/Intermediates.noindex/PhoneNumberKit.build/Debug-iphonesimulator/PhoneNumberKit.build/Objects-normal/arm64/PhoneNumberKit-OutputFileMap.json (in target 'PhoneNumberKit' from project 'PhoneNumberKit')
    cd /Users/nathanfennel/Library/Developer/Xcode/DerivedData/CardOnCue-fafaiynmhqufqpbfjacxswbpzioe/SourcePackages/checkouts/PhoneNumberKit
    write-file /Users/nathanfennel/Library/Developer/Xcode/DerivedData/CardOnCue-fafaiynmhqufqpbfjacxswbpzioe/Build/Intermediates.noindex/PhoneNumberKit.build/Debug-iphonesimulator/PhoneNumberKit.build/Objects-normal/arm64/PhoneNumberKit-OutputFileMap.json

WriteAuxiliaryFile /Users/nathanfennel/Library/Developer/Xcode/DerivedData/CardOnCue-fafaiynmhqufqpbfjacxswbpzioe/Build/Intermediates.noindex/PhoneNumberKit.build/Debug-iphonesimulator/PhoneNumberKit.build/DerivedSources/resource_bundle_accessor.swift (in target 'PhoneNumberKit' from project 'PhoneNumberKit')
    cd /Users/nathanfennel/Library/Developer/Xcode/DerivedData/CardOnCue-fafaiynmhqufqpbfjacxswbpzioe/SourcePackages/checkouts/PhoneNumberKit
    write-file /Users/nathanfennel/Library/Developer/Xcode/DerivedData/CardOnCue-fafaiynmhqufqpbfjacxswbpzioe/Build/Intermediates.noindex/PhoneNumberKit.build/Debug-iphonesimulator/PhoneNumberKit.build/DerivedSources/resource_bundle_accessor.swift

Copy /Users/nathanfennel/Library/Developer/Xcode/DerivedData/CardOnCue-fafaiynmhqufqpbfjacxswbpzioe/Build/Intermediates.noindex/GeneratedModuleMaps-iphonesimulator/PhoneNumberKit.modulemap /Users/nathanfennel/Library/Developer/Xcode/DerivedData/CardOnCue-fafaiynmhqufqpbfjacxswbpzioe/Build/Intermediates.noindex/PhoneNumberKit.build/Debug-iphonesimulator/PhoneNumberKit.build/PhoneNumberKit.modulemap (in target 'PhoneNumberKit' from project 'PhoneNumberKit')
    cd /Users/nathanfennel/Library/Developer/Xcode/DerivedData/CardOnCue-fafaiynmhqufqpbfjacxswbpzioe/SourcePackages/checkouts/PhoneNumberKit
    builtin-copy -exclude .DS_Store -exclude CVS -exclude .svn -exclude .git -exclude .hg -resolve-src-symlinks /Users/nathanfennel/Library/Developer/Xcode/DerivedData/CardOnCue-fafaiynmhqufqpbfjacxswbpzioe/Build/Intermediates.noindex/PhoneNumberKit.build/Debug-iphonesimulator/PhoneNumberKit.build/PhoneNumberKit.modulemap /Users/nathanfennel/Library/Developer/Xcode/DerivedData/CardOnCue-fafaiynmhqufqpbfjacxswbpzioe/Build/Intermediates.noindex/GeneratedModuleMaps-iphonesimulator

WriteAuxiliaryFile /Users/nathanfennel/Library/Developer/Xcode/DerivedData/CardOnCue-fafaiynmhqufqpbfjacxswbpzioe/Build/Intermediates.noindex/Kingfisher.build/Debug-iphonesimulator/Kingfisher_Kingfisher.build/empty-Kingfisher_Kingfisher.plist (in target 'Kingfisher_Kingfisher' from project 'Kingfisher')
    cd /Users/nathanfennel/Library/Developer/Xcode/DerivedData/CardOnCue-fafaiynmhqufqpbfjacxswbpzioe/SourcePackages/checkouts/Kingfisher
    write-file /Users/nathanfennel/Library/Developer/Xcode/DerivedData/CardOnCue-fafaiynmhqufqpbfjacxswbpzioe/Build/Intermediates.noindex/Kingfisher.build/Debug-iphonesimulator/Kingfisher_Kingfisher.build/empty-Kingfisher_Kingfisher.plist

WriteAuxiliaryFile /Users/nathanfennel/Library/Developer/Xcode/DerivedData/CardOnCue-fafaiynmhqufqpbfjacxswbpzioe/Build/Intermediates.noindex/Kingfisher.build/Debug-iphonesimulator/Kingfisher_Kingfisher.build/Kingfisher_Kingfisher.DependencyStaticMetadataFileList (in target 'Kingfisher_Kingfisher' from project 'Kingfisher')
    cd /Users/nathanfennel/Library/Developer/Xcode/DerivedData/CardOnCue-fafaiynmhqufqpbfjacxswbpzioe/SourcePackages/checkouts/Kingfisher
    write-file /Users/nathanfennel/Library/Developer/Xcode/DerivedData/CardOnCue-fafaiynmhqufqpbfjacxswbpzioe/Build/Intermediates.noindex/Kingfisher.build/Debug-iphonesimulator/Kingfisher_Kingfisher.build/Kingfisher_Kingfisher.DependencyStaticMetadataFileList

WriteAuxiliaryFile /Users/nathanfennel/Library/Developer/Xcode/DerivedData/CardOnCue-fafaiynmhqufqpbfjacxswbpzioe/Build/Intermediates.noindex/Kingfisher.build/Debug-iphonesimulator/Kingfisher_Kingfisher.build/Kingfisher_Kingfisher.DependencyMetadataFileList (in target 'Kingfisher_Kingfisher' from project 'Kingfisher')
    cd /Users/nathanfennel/Library/Developer/Xcode/DerivedData/CardOnCue-fafaiynmhqufqpbfjacxswbpzioe/SourcePackages/checkouts/Kingfisher
    write-file /Users/nathanfennel/Library/Developer/Xcode/DerivedData/CardOnCue-fafaiynmhqufqpbfjacxswbpzioe/Build/Intermediates.noindex/Kingfisher.build/Debug-iphonesimulator/Kingfisher_Kingfisher.build/Kingfisher_Kingfisher.DependencyMetadataFileList

WriteAuxiliaryFile /Users/nathanfennel/Library/Developer/Xcode/DerivedData/CardOnCue-fafaiynmhqufqpbfjacxswbpzioe/Build/Intermediates.noindex/Kingfisher.build/Debug-iphonesimulator/Kingfisher.build/Objects-normal/arm64/Kingfisher_const_extract_protocols.json (in target 'Kingfisher' from project 'Kingfisher')
    cd /Users/nathanfennel/Library/Developer/Xcode/DerivedData/CardOnCue-fafaiynmhqufqpbfjacxswbpzioe/SourcePackages/checkouts/Kingfisher
    write-file /Users/nathanfennel/Library/Developer/Xcode/DerivedData/CardOnCue-fafaiynmhqufqpbfjacxswbpzioe/Build/Intermediates.noindex/Kingfisher.build/Debug-iphonesimulator/Kingfisher.build/Objects-normal/arm64/Kingfisher_const_extract_protocols.json

WriteAuxiliaryFile /Users/nathanfennel/Library/Developer/Xcode/DerivedData/CardOnCue-fafaiynmhqufqpbfjacxswbpzioe/Build/Intermediates.noindex/Kingfisher.build/Debug-iphonesimulator/Kingfisher.build/Objects-normal/arm64/Kingfisher.SwiftFileList (in target 'Kingfisher' from project 'Kingfisher')
    cd /Users/nathanfennel/Library/Developer/Xcode/DerivedData/CardOnCue-fafaiynmhqufqpbfjacxswbpzioe/SourcePackages/checkouts/Kingfisher
    write-file /Users/nathanfennel/Library/Developer/Xcode/DerivedData/CardOnCue-fafaiynmhqufqpbfjacxswbpzioe/Build/Intermediates.noindex/Kingfisher.build/Debug-iphonesimulator/Kingfisher.build/Objects-normal/arm64/Kingfisher.SwiftFileList

WriteAuxiliaryFile /Users/nathanfennel/Library/Developer/Xcode/DerivedData/CardOnCue-fafaiynmhqufqpbfjacxswbpzioe/Build/Intermediates.noindex/Kingfisher.build/Debug-iphonesimulator/Kingfisher.build/Objects-normal/arm64/Kingfisher.SwiftConstValuesFileList (in target 'Kingfisher' from project 'Kingfisher')
    cd /Users/nathanfennel/Library/Developer/Xcode/DerivedData/CardOnCue-fafaiynmhqufqpbfjacxswbpzioe/SourcePackages/checkouts/Kingfisher
    write-file /Users/nathanfennel/Library/Developer/Xcode/DerivedData/CardOnCue-fafaiynmhqufqpbfjacxswbpzioe/Build/Intermediates.noindex/Kingfisher.build/Debug-iphonesimulator/Kingfisher.build/Objects-normal/arm64/Kingfisher.SwiftConstValuesFileList

WriteAuxiliaryFile /Users/nathanfennel/Library/Developer/Xcode/DerivedData/CardOnCue-fafaiynmhqufqpbfjacxswbpzioe/Build/Intermediates.noindex/Kingfisher.build/Debug-iphonesimulator/Kingfisher.build/Objects-normal/arm64/Kingfisher.LinkFileList (in target 'Kingfisher' from project 'Kingfisher')
    cd /Users/nathanfennel/Library/Developer/Xcode/DerivedData/CardOnCue-fafaiynmhqufqpbfjacxswbpzioe/SourcePackages/checkouts/Kingfisher
    write-file /Users/nathanfennel/Library/Developer/Xcode/DerivedData/CardOnCue-fafaiynmhqufqpbfjacxswbpzioe/Build/Intermediates.noindex/Kingfisher.build/Debug-iphonesimulator/Kingfisher.build/Objects-normal/arm64/Kingfisher.LinkFileList

WriteAuxiliaryFile /Users/nathanfennel/Library/Developer/Xcode/DerivedData/CardOnCue-fafaiynmhqufqpbfjacxswbpzioe/Build/Intermediates.noindex/Kingfisher.build/Debug-iphonesimulator/Kingfisher.build/Kingfisher.modulemap (in target 'Kingfisher' from project 'Kingfisher')
    cd /Users/nathanfennel/Library/Developer/Xcode/DerivedData/CardOnCue-fafaiynmhqufqpbfjacxswbpzioe/SourcePackages/checkouts/Kingfisher
    write-file /Users/nathanfennel/Library/Developer/Xcode/DerivedData/CardOnCue-fafaiynmhqufqpbfjacxswbpzioe/Build/Intermediates.noindex/Kingfisher.build/Debug-iphonesimulator/Kingfisher.build/Kingfisher.modulemap

WriteAuxiliaryFile /Users/nathanfennel/Library/Developer/Xcode/DerivedData/CardOnCue-fafaiynmhqufqpbfjacxswbpzioe/Build/Intermediates.noindex/Kingfisher.build/Debug-iphonesimulator/Kingfisher.build/Objects-normal/arm64/Kingfisher-OutputFileMap.json (in target 'Kingfisher' from project 'Kingfisher')
    cd /Users/nathanfennel/Library/Developer/Xcode/DerivedData/CardOnCue-fafaiynmhqufqpbfjacxswbpzioe/SourcePackages/checkouts/Kingfisher
    write-file /Users/nathanfennel/Library/Developer/Xcode/DerivedData/CardOnCue-fafaiynmhqufqpbfjacxswbpzioe/Build/Intermediates.noindex/Kingfisher.build/Debug-iphonesimulator/Kingfisher.build/Objects-normal/arm64/Kingfisher-OutputFileMap.json

WriteAuxiliaryFile /Users/nathanfennel/Library/Developer/Xcode/DerivedData/CardOnCue-fafaiynmhqufqpbfjacxswbpzioe/Build/Intermediates.noindex/Kingfisher.build/Debug-iphonesimulator/Kingfisher.build/Kingfisher.DependencyStaticMetadataFileList (in target 'Kingfisher' from project 'Kingfisher')
    cd /Users/nathanfennel/Library/Developer/Xcode/DerivedData/CardOnCue-fafaiynmhqufqpbfjacxswbpzioe/SourcePackages/checkouts/Kingfisher
    write-file /Users/nathanfennel/Library/Developer/Xcode/DerivedData/CardOnCue-fafaiynmhqufqpbfjacxswbpzioe/Build/Intermediates.noindex/Kingfisher.build/Debug-iphonesimulator/Kingfisher.build/Kingfisher.DependencyStaticMetadataFileList

WriteAuxiliaryFile /Users/nathanfennel/Library/Developer/Xcode/DerivedData/CardOnCue-fafaiynmhqufqpbfjacxswbpzioe/Build/Intermediates.noindex/Kingfisher.build/Debug-iphonesimulator/Kingfisher.build/Kingfisher.DependencyMetadataFileList (in target 'Kingfisher' from project 'Kingfisher')
    cd /Users/nathanfennel/Library/Developer/Xcode/DerivedData/CardOnCue-fafaiynmhqufqpbfjacxswbpzioe/SourcePackages/checkouts/Kingfisher
    write-file /Users/nathanfennel/Library/Developer/Xcode/DerivedData/CardOnCue-fafaiynmhqufqpbfjacxswbpzioe/Build/Intermediates.noindex/Kingfisher.build/Debug-iphonesimulator/Kingfisher.build/Kingfisher.DependencyMetadataFileList

WriteAuxiliaryFile /Users/nathanfennel/Library/Developer/Xcode/DerivedData/CardOnCue-fafaiynmhqufqpbfjacxswbpzioe/Build/Intermediates.noindex/Kingfisher.build/Debug-iphonesimulator/Kingfisher.build/DerivedSources/resource_bundle_accessor.swift (in target 'Kingfisher' from project 'Kingfisher')
    cd /Users/nathanfennel/Library/Developer/Xcode/DerivedData/CardOnCue-fafaiynmhqufqpbfjacxswbpzioe/SourcePackages/checkouts/Kingfisher
    write-file /Users/nathanfennel/Library/Developer/Xcode/DerivedData/CardOnCue-fafaiynmhqufqpbfjacxswbpzioe/Build/Intermediates.noindex/Kingfisher.build/Debug-iphonesimulator/Kingfisher.build/DerivedSources/resource_bundle_accessor.swift

WriteAuxiliaryFile /Users/nathanfennel/Library/Developer/Xcode/DerivedData/CardOnCue-fafaiynmhqufqpbfjacxswbpzioe/Build/Intermediates.noindex/Get.build/Debug-iphonesimulator/Get.build/Objects-normal/arm64/Get_const_extract_protocols.json (in target 'Get' from project 'Get')
    cd /Users/nathanfennel/Library/Developer/Xcode/DerivedData/CardOnCue-fafaiynmhqufqpbfjacxswbpzioe/SourcePackages/checkouts/Get
    write-file /Users/nathanfennel/Library/Developer/Xcode/DerivedData/CardOnCue-fafaiynmhqufqpbfjacxswbpzioe/Build/Intermediates.noindex/Get.build/Debug-iphonesimulator/Get.build/Objects-normal/arm64/Get_const_extract_protocols.json

WriteAuxiliaryFile /Users/nathanfennel/Library/Developer/Xcode/DerivedData/CardOnCue-fafaiynmhqufqpbfjacxswbpzioe/Build/Intermediates.noindex/Get.build/Debug-iphonesimulator/Get.build/Objects-normal/arm64/Get.SwiftFileList (in target 'Get' from project 'Get')
    cd /Users/nathanfennel/Library/Developer/Xcode/DerivedData/CardOnCue-fafaiynmhqufqpbfjacxswbpzioe/SourcePackages/checkouts/Get
    write-file /Users/nathanfennel/Library/Developer/Xcode/DerivedData/CardOnCue-fafaiynmhqufqpbfjacxswbpzioe/Build/Intermediates.noindex/Get.build/Debug-iphonesimulator/Get.build/Objects-normal/arm64/Get.SwiftFileList

WriteAuxiliaryFile /Users/nathanfennel/Library/Developer/Xcode/DerivedData/CardOnCue-fafaiynmhqufqpbfjacxswbpzioe/Build/Intermediates.noindex/Get.build/Debug-iphonesimulator/Get.build/Objects-normal/arm64/Get.SwiftConstValuesFileList (in target 'Get' from project 'Get')
    cd /Users/nathanfennel/Library/Developer/Xcode/DerivedData/CardOnCue-fafaiynmhqufqpbfjacxswbpzioe/SourcePackages/checkouts/Get
    write-file /Users/nathanfennel/Library/Developer/Xcode/DerivedData/CardOnCue-fafaiynmhqufqpbfjacxswbpzioe/Build/Intermediates.noindex/Get.build/Debug-iphonesimulator/Get.build/Objects-normal/arm64/Get.SwiftConstValuesFileList

Copy /Users/nathanfennel/Library/Developer/Xcode/DerivedData/CardOnCue-fafaiynmhqufqpbfjacxswbpzioe/Build/Intermediates.noindex/GeneratedModuleMaps-iphonesimulator/Kingfisher.modulemap /Users/nathanfennel/Library/Developer/Xcode/DerivedData/CardOnCue-fafaiynmhqufqpbfjacxswbpzioe/Build/Intermediates.noindex/Kingfisher.build/Debug-iphonesimulator/Kingfisher.build/Kingfisher.modulemap (in target 'Kingfisher' from project 'Kingfisher')
    cd /Users/nathanfennel/Library/Developer/Xcode/DerivedData/CardOnCue-fafaiynmhqufqpbfjacxswbpzioe/SourcePackages/checkouts/Kingfisher
    builtin-copy -exclude .DS_Store -exclude CVS -exclude .svn -exclude .git -exclude .hg -resolve-src-symlinks /Users/nathanfennel/Library/Developer/Xcode/DerivedData/CardOnCue-fafaiynmhqufqpbfjacxswbpzioe/Build/Intermediates.noindex/Kingfisher.build/Debug-iphonesimulator/Kingfisher.build/Kingfisher.modulemap /Users/nathanfennel/Library/Developer/Xcode/DerivedData/CardOnCue-fafaiynmhqufqpbfjacxswbpzioe/Build/Intermediates.noindex/GeneratedModuleMaps-iphonesimulator

WriteAuxiliaryFile /Users/nathanfennel/Library/Developer/Xcode/DerivedData/CardOnCue-fafaiynmhqufqpbfjacxswbpzioe/Build/Intermediates.noindex/Get.build/Debug-iphonesimulator/Get.build/Objects-normal/arm64/Get.LinkFileList (in target 'Get' from project 'Get')
    cd /Users/nathanfennel/Library/Developer/Xcode/DerivedData/CardOnCue-fafaiynmhqufqpbfjacxswbpzioe/SourcePackages/checkouts/Get
    write-file /Users/nathanfennel/Library/Developer/Xcode/DerivedData/CardOnCue-fafaiynmhqufqpbfjacxswbpzioe/Build/Intermediates.noindex/Get.build/Debug-iphonesimulator/Get.build/Objects-normal/arm64/Get.LinkFileList

WriteAuxiliaryFile /Users/nathanfennel/Library/Developer/Xcode/DerivedData/CardOnCue-fafaiynmhqufqpbfjacxswbpzioe/Build/Intermediates.noindex/Get.build/Debug-iphonesimulator/Get.build/Objects-normal/arm64/Get-OutputFileMap.json (in target 'Get' from project 'Get')
    cd /Users/nathanfennel/Library/Developer/Xcode/DerivedData/CardOnCue-fafaiynmhqufqpbfjacxswbpzioe/SourcePackages/checkouts/Get
    write-file /Users/nathanfennel/Library/Developer/Xcode/DerivedData/CardOnCue-fafaiynmhqufqpbfjacxswbpzioe/Build/Intermediates.noindex/Get.build/Debug-iphonesimulator/Get.build/Objects-normal/arm64/Get-OutputFileMap.json

WriteAuxiliaryFile /Users/nathanfennel/Library/Developer/Xcode/DerivedData/CardOnCue-fafaiynmhqufqpbfjacxswbpzioe/Build/Intermediates.noindex/Get.build/Debug-iphonesimulator/Get.build/Get.modulemap (in target 'Get' from project 'Get')
    cd /Users/nathanfennel/Library/Developer/Xcode/DerivedData/CardOnCue-fafaiynmhqufqpbfjacxswbpzioe/SourcePackages/checkouts/Get
    write-file /Users/nathanfennel/Library/Developer/Xcode/DerivedData/CardOnCue-fafaiynmhqufqpbfjacxswbpzioe/Build/Intermediates.noindex/Get.build/Debug-iphonesimulator/Get.build/Get.modulemap

WriteAuxiliaryFile /Users/nathanfennel/Library/Developer/Xcode/DerivedData/CardOnCue-fafaiynmhqufqpbfjacxswbpzioe/Build/Intermediates.noindex/Get.build/Debug-iphonesimulator/Get.build/Get.DependencyStaticMetadataFileList (in target 'Get' from project 'Get')
    cd /Users/nathanfennel/Library/Developer/Xcode/DerivedData/CardOnCue-fafaiynmhqufqpbfjacxswbpzioe/SourcePackages/checkouts/Get
    write-file /Users/nathanfennel/Library/Developer/Xcode/DerivedData/CardOnCue-fafaiynmhqufqpbfjacxswbpzioe/Build/Intermediates.noindex/Get.build/Debug-iphonesimulator/Get.build/Get.DependencyStaticMetadataFileList

WriteAuxiliaryFile /Users/nathanfennel/Library/Developer/Xcode/DerivedData/CardOnCue-fafaiynmhqufqpbfjacxswbpzioe/Build/Intermediates.noindex/Get.build/Debug-iphonesimulator/Get.build/Get.DependencyMetadataFileList (in target 'Get' from project 'Get')
    cd /Users/nathanfennel/Library/Developer/Xcode/DerivedData/CardOnCue-fafaiynmhqufqpbfjacxswbpzioe/SourcePackages/checkouts/Get
    write-file /Users/nathanfennel/Library/Developer/Xcode/DerivedData/CardOnCue-fafaiynmhqufqpbfjacxswbpzioe/Build/Intermediates.noindex/Get.build/Debug-iphonesimulator/Get.build/Get.DependencyMetadataFileList

WriteAuxiliaryFile /Users/nathanfennel/Library/Developer/Xcode/DerivedData/CardOnCue-fafaiynmhqufqpbfjacxswbpzioe/Build/Intermediates.noindex/Factory.build/Debug-iphonesimulator/Factory_FactoryKit.build/empty-Factory_FactoryKit.plist (in target 'Factory_FactoryKit' from project 'Factory')
    cd /Users/nathanfennel/Library/Developer/Xcode/DerivedData/CardOnCue-fafaiynmhqufqpbfjacxswbpzioe/SourcePackages/checkouts/Factory
    write-file /Users/nathanfennel/Library/Developer/Xcode/DerivedData/CardOnCue-fafaiynmhqufqpbfjacxswbpzioe/Build/Intermediates.noindex/Factory.build/Debug-iphonesimulator/Factory_FactoryKit.build/empty-Factory_FactoryKit.plist

WriteAuxiliaryFile /Users/nathanfennel/Library/Developer/Xcode/DerivedData/CardOnCue-fafaiynmhqufqpbfjacxswbpzioe/Build/Intermediates.noindex/Factory.build/Debug-iphonesimulator/Factory_FactoryKit.build/Factory_FactoryKit.DependencyStaticMetadataFileList (in target 'Factory_FactoryKit' from project 'Factory')
    cd /Users/nathanfennel/Library/Developer/Xcode/DerivedData/CardOnCue-fafaiynmhqufqpbfjacxswbpzioe/SourcePackages/checkouts/Factory
    write-file /Users/nathanfennel/Library/Developer/Xcode/DerivedData/CardOnCue-fafaiynmhqufqpbfjacxswbpzioe/Build/Intermediates.noindex/Factory.build/Debug-iphonesimulator/Factory_FactoryKit.build/Factory_FactoryKit.DependencyStaticMetadataFileList

WriteAuxiliaryFile /Users/nathanfennel/Library/Developer/Xcode/DerivedData/CardOnCue-fafaiynmhqufqpbfjacxswbpzioe/Build/Intermediates.noindex/Factory.build/Debug-iphonesimulator/Factory_FactoryKit.build/Factory_FactoryKit.DependencyMetadataFileList (in target 'Factory_FactoryKit' from project 'Factory')
    cd /Users/nathanfennel/Library/Developer/Xcode/DerivedData/CardOnCue-fafaiynmhqufqpbfjacxswbpzioe/SourcePackages/checkouts/Factory
    write-file /Users/nathanfennel/Library/Developer/Xcode/DerivedData/CardOnCue-fafaiynmhqufqpbfjacxswbpzioe/Build/Intermediates.noindex/Factory.build/Debug-iphonesimulator/Factory_FactoryKit.build/Factory_FactoryKit.DependencyMetadataFileList

WriteAuxiliaryFile /Users/nathanfennel/Library/Developer/Xcode/DerivedData/CardOnCue-fafaiynmhqufqpbfjacxswbpzioe/Build/Intermediates.noindex/Factory.build/Debug-iphonesimulator/FactoryKit.build/Objects-normal/arm64/FactoryKit_const_extract_protocols.json (in target 'FactoryKit' from project 'Factory')
    cd /Users/nathanfennel/Library/Developer/Xcode/DerivedData/CardOnCue-fafaiynmhqufqpbfjacxswbpzioe/SourcePackages/checkouts/Factory
    write-file /Users/nathanfennel/Library/Developer/Xcode/DerivedData/CardOnCue-fafaiynmhqufqpbfjacxswbpzioe/Build/Intermediates.noindex/Factory.build/Debug-iphonesimulator/FactoryKit.build/Objects-normal/arm64/FactoryKit_const_extract_protocols.json

WriteAuxiliaryFile /Users/nathanfennel/Library/Developer/Xcode/DerivedData/CardOnCue-fafaiynmhqufqpbfjacxswbpzioe/Build/Intermediates.noindex/Factory.build/Debug-iphonesimulator/FactoryKit.build/Objects-normal/arm64/FactoryKit.SwiftFileList (in target 'FactoryKit' from project 'Factory')
    cd /Users/nathanfennel/Library/Developer/Xcode/DerivedData/CardOnCue-fafaiynmhqufqpbfjacxswbpzioe/SourcePackages/checkouts/Factory
    write-file /Users/nathanfennel/Library/Developer/Xcode/DerivedData/CardOnCue-fafaiynmhqufqpbfjacxswbpzioe/Build/Intermediates.noindex/Factory.build/Debug-iphonesimulator/FactoryKit.build/Objects-normal/arm64/FactoryKit.SwiftFileList

Copy /Users/nathanfennel/Library/Developer/Xcode/DerivedData/CardOnCue-fafaiynmhqufqpbfjacxswbpzioe/Build/Intermediates.noindex/GeneratedModuleMaps-iphonesimulator/Get.modulemap /Users/nathanfennel/Library/Developer/Xcode/DerivedData/CardOnCue-fafaiynmhqufqpbfjacxswbpzioe/Build/Intermediates.noindex/Get.build/Debug-iphonesimulator/Get.build/Get.modulemap (in target 'Get' from project 'Get')
    cd /Users/nathanfennel/Library/Developer/Xcode/DerivedData/CardOnCue-fafaiynmhqufqpbfjacxswbpzioe/SourcePackages/checkouts/Get
    builtin-copy -exclude .DS_Store -exclude CVS -exclude .svn -exclude .git -exclude .hg -resolve-src-symlinks /Users/nathanfennel/Library/Developer/Xcode/DerivedData/CardOnCue-fafaiynmhqufqpbfjacxswbpzioe/Build/Intermediates.noindex/Get.build/Debug-iphonesimulator/Get.build/Get.modulemap /Users/nathanfennel/Library/Developer/Xcode/DerivedData/CardOnCue-fafaiynmhqufqpbfjacxswbpzioe/Build/Intermediates.noindex/GeneratedModuleMaps-iphonesimulator

WriteAuxiliaryFile /Users/nathanfennel/Library/Developer/Xcode/DerivedData/CardOnCue-fafaiynmhqufqpbfjacxswbpzioe/Build/Intermediates.noindex/Factory.build/Debug-iphonesimulator/FactoryKit.build/Objects-normal/arm64/FactoryKit.SwiftConstValuesFileList (in target 'FactoryKit' from project 'Factory')
    cd /Users/nathanfennel/Library/Developer/Xcode/DerivedData/CardOnCue-fafaiynmhqufqpbfjacxswbpzioe/SourcePackages/checkouts/Factory
    write-file /Users/nathanfennel/Library/Developer/Xcode/DerivedData/CardOnCue-fafaiynmhqufqpbfjacxswbpzioe/Build/Intermediates.noindex/Factory.build/Debug-iphonesimulator/FactoryKit.build/Objects-normal/arm64/FactoryKit.SwiftConstValuesFileList

WriteAuxiliaryFile /Users/nathanfennel/Library/Developer/Xcode/DerivedData/CardOnCue-fafaiynmhqufqpbfjacxswbpzioe/Build/Intermediates.noindex/Factory.build/Debug-iphonesimulator/FactoryKit.build/Objects-normal/arm64/FactoryKit.LinkFileList (in target 'FactoryKit' from project 'Factory')
    cd /Users/nathanfennel/Library/Developer/Xcode/DerivedData/CardOnCue-fafaiynmhqufqpbfjacxswbpzioe/SourcePackages/checkouts/Factory
    write-file /Users/nathanfennel/Library/Developer/Xcode/DerivedData/CardOnCue-fafaiynmhqufqpbfjacxswbpzioe/Build/Intermediates.noindex/Factory.build/Debug-iphonesimulator/FactoryKit.build/Objects-normal/arm64/FactoryKit.LinkFileList

WriteAuxiliaryFile /Users/nathanfennel/Library/Developer/Xcode/DerivedData/CardOnCue-fafaiynmhqufqpbfjacxswbpzioe/Build/Intermediates.noindex/Factory.build/Debug-iphonesimulator/FactoryKit.build/Objects-normal/arm64/FactoryKit-OutputFileMap.json (in target 'FactoryKit' from project 'Factory')
    cd /Users/nathanfennel/Library/Developer/Xcode/DerivedData/CardOnCue-fafaiynmhqufqpbfjacxswbpzioe/SourcePackages/checkouts/Factory
    write-file /Users/nathanfennel/Library/Developer/Xcode/DerivedData/CardOnCue-fafaiynmhqufqpbfjacxswbpzioe/Build/Intermediates.noindex/Factory.build/Debug-iphonesimulator/FactoryKit.build/Objects-normal/arm64/FactoryKit-OutputFileMap.json

WriteAuxiliaryFile /Users/nathanfennel/Library/Developer/Xcode/DerivedData/CardOnCue-fafaiynmhqufqpbfjacxswbpzioe/Build/Intermediates.noindex/Factory.build/Debug-iphonesimulator/FactoryKit.build/FactoryKit.modulemap (in target 'FactoryKit' from project 'Factory')
    cd /Users/nathanfennel/Library/Developer/Xcode/DerivedData/CardOnCue-fafaiynmhqufqpbfjacxswbpzioe/SourcePackages/checkouts/Factory
    write-file /Users/nathanfennel/Library/Developer/Xcode/DerivedData/CardOnCue-fafaiynmhqufqpbfjacxswbpzioe/Build/Intermediates.noindex/Factory.build/Debug-iphonesimulator/FactoryKit.build/FactoryKit.modulemap

WriteAuxiliaryFile /Users/nathanfennel/Library/Developer/Xcode/DerivedData/CardOnCue-fafaiynmhqufqpbfjacxswbpzioe/Build/Intermediates.noindex/Factory.build/Debug-iphonesimulator/FactoryKit.build/FactoryKit.DependencyStaticMetadataFileList (in target 'FactoryKit' from project 'Factory')
    cd /Users/nathanfennel/Library/Developer/Xcode/DerivedData/CardOnCue-fafaiynmhqufqpbfjacxswbpzioe/SourcePackages/checkouts/Factory
    write-file /Users/nathanfennel/Library/Developer/Xcode/DerivedData/CardOnCue-fafaiynmhqufqpbfjacxswbpzioe/Build/Intermediates.noindex/Factory.build/Debug-iphonesimulator/FactoryKit.build/FactoryKit.DependencyStaticMetadataFileList

WriteAuxiliaryFile /Users/nathanfennel/Library/Developer/Xcode/DerivedData/CardOnCue-fafaiynmhqufqpbfjacxswbpzioe/Build/Intermediates.noindex/Factory.build/Debug-iphonesimulator/FactoryKit.build/FactoryKit.DependencyMetadataFileList (in target 'FactoryKit' from project 'Factory')
    cd /Users/nathanfennel/Library/Developer/Xcode/DerivedData/CardOnCue-fafaiynmhqufqpbfjacxswbpzioe/SourcePackages/checkouts/Factory
    write-file /Users/nathanfennel/Library/Developer/Xcode/DerivedData/CardOnCue-fafaiynmhqufqpbfjacxswbpzioe/Build/Intermediates.noindex/Factory.build/Debug-iphonesimulator/FactoryKit.build/FactoryKit.DependencyMetadataFileList

WriteAuxiliaryFile /Users/nathanfennel/Library/Developer/Xcode/DerivedData/CardOnCue-fafaiynmhqufqpbfjacxswbpzioe/Build/Intermediates.noindex/Factory.build/Debug-iphonesimulator/FactoryKit.build/DerivedSources/resource_bundle_accessor.swift (in target 'FactoryKit' from project 'Factory')
    cd /Users/nathanfennel/Library/Developer/Xcode/DerivedData/CardOnCue-fafaiynmhqufqpbfjacxswbpzioe/SourcePackages/checkouts/Factory
    write-file /Users/nathanfennel/Library/Developer/Xcode/DerivedData/CardOnCue-fafaiynmhqufqpbfjacxswbpzioe/Build/Intermediates.noindex/Factory.build/Debug-iphonesimulator/FactoryKit.build/DerivedSources/resource_bundle_accessor.swift

WriteAuxiliaryFile /Users/nathanfennel/Library/Developer/Xcode/DerivedData/CardOnCue-fafaiynmhqufqpbfjacxswbpzioe/Build/Intermediates.noindex/Clerk.build/Debug-iphonesimulator/Clerk_Clerk.build/empty-Clerk_Clerk.plist (in target 'Clerk_Clerk' from project 'Clerk')
    cd /Users/nathanfennel/Library/Developer/Xcode/DerivedData/CardOnCue-fafaiynmhqufqpbfjacxswbpzioe/SourcePackages/checkouts/clerk-ios
    write-file /Users/nathanfennel/Library/Developer/Xcode/DerivedData/CardOnCue-fafaiynmhqufqpbfjacxswbpzioe/Build/Intermediates.noindex/Clerk.build/Debug-iphonesimulator/Clerk_Clerk.build/empty-Clerk_Clerk.plist

WriteAuxiliaryFile /Users/nathanfennel/Library/Developer/Xcode/DerivedData/CardOnCue-fafaiynmhqufqpbfjacxswbpzioe/Build/Intermediates.noindex/Clerk.build/Debug-iphonesimulator/Clerk_Clerk.build/Clerk_Clerk.DependencyStaticMetadataFileList (in target 'Clerk_Clerk' from project 'Clerk')
    cd /Users/nathanfennel/Library/Developer/Xcode/DerivedData/CardOnCue-fafaiynmhqufqpbfjacxswbpzioe/SourcePackages/checkouts/clerk-ios
    write-file /Users/nathanfennel/Library/Developer/Xcode/DerivedData/CardOnCue-fafaiynmhqufqpbfjacxswbpzioe/Build/Intermediates.noindex/Clerk.build/Debug-iphonesimulator/Clerk_Clerk.build/Clerk_Clerk.DependencyStaticMetadataFileList

WriteAuxiliaryFile /Users/nathanfennel/Library/Developer/Xcode/DerivedData/CardOnCue-fafaiynmhqufqpbfjacxswbpzioe/Build/Intermediates.noindex/Clerk.build/Debug-iphonesimulator/Clerk_Clerk.build/Clerk_Clerk.DependencyMetadataFileList (in target 'Clerk_Clerk' from project 'Clerk')
    cd /Users/nathanfennel/Library/Developer/Xcode/DerivedData/CardOnCue-fafaiynmhqufqpbfjacxswbpzioe/SourcePackages/checkouts/clerk-ios
    write-file /Users/nathanfennel/Library/Developer/Xcode/DerivedData/CardOnCue-fafaiynmhqufqpbfjacxswbpzioe/Build/Intermediates.noindex/Clerk.build/Debug-iphonesimulator/Clerk_Clerk.build/Clerk_Clerk.DependencyMetadataFileList

WriteAuxiliaryFile /Users/nathanfennel/Library/Developer/Xcode/DerivedData/CardOnCue-fafaiynmhqufqpbfjacxswbpzioe/Build/Intermediates.noindex/Clerk.build/Debug-iphonesimulator/Clerk.build/Objects-normal/arm64/Clerk_const_extract_protocols.json (in target 'Clerk' from project 'Clerk')
    cd /Users/nathanfennel/Library/Developer/Xcode/DerivedData/CardOnCue-fafaiynmhqufqpbfjacxswbpzioe/SourcePackages/checkouts/clerk-ios
    write-file /Users/nathanfennel/Library/Developer/Xcode/DerivedData/CardOnCue-fafaiynmhqufqpbfjacxswbpzioe/Build/Intermediates.noindex/Clerk.build/Debug-iphonesimulator/Clerk.build/Objects-normal/arm64/Clerk_const_extract_protocols.json

Copy /Users/nathanfennel/Library/Developer/Xcode/DerivedData/CardOnCue-fafaiynmhqufqpbfjacxswbpzioe/Build/Intermediates.noindex/GeneratedModuleMaps-iphonesimulator/FactoryKit.modulemap /Users/nathanfennel/Library/Developer/Xcode/DerivedData/CardOnCue-fafaiynmhqufqpbfjacxswbpzioe/Build/Intermediates.noindex/Factory.build/Debug-iphonesimulator/FactoryKit.build/FactoryKit.modulemap (in target 'FactoryKit' from project 'Factory')
    cd /Users/nathanfennel/Library/Developer/Xcode/DerivedData/CardOnCue-fafaiynmhqufqpbfjacxswbpzioe/SourcePackages/checkouts/Factory
    builtin-copy -exclude .DS_Store -exclude CVS -exclude .svn -exclude .git -exclude .hg -resolve-src-symlinks /Users/nathanfennel/Library/Developer/Xcode/DerivedData/CardOnCue-fafaiynmhqufqpbfjacxswbpzioe/Build/Intermediates.noindex/Factory.build/Debug-iphonesimulator/FactoryKit.build/FactoryKit.modulemap /Users/nathanfennel/Library/Developer/Xcode/DerivedData/CardOnCue-fafaiynmhqufqpbfjacxswbpzioe/Build/Intermediates.noindex/GeneratedModuleMaps-iphonesimulator

WriteAuxiliaryFile /Users/nathanfennel/Library/Developer/Xcode/DerivedData/CardOnCue-fafaiynmhqufqpbfjacxswbpzioe/Build/Intermediates.noindex/Clerk.build/Debug-iphonesimulator/Clerk.build/Objects-normal/arm64/Clerk.SwiftFileList (in target 'Clerk' from project 'Clerk')
    cd /Users/nathanfennel/Library/Developer/Xcode/DerivedData/CardOnCue-fafaiynmhqufqpbfjacxswbpzioe/SourcePackages/checkouts/clerk-ios
    write-file /Users/nathanfennel/Library/Developer/Xcode/DerivedData/CardOnCue-fafaiynmhqufqpbfjacxswbpzioe/Build/Intermediates.noindex/Clerk.build/Debug-iphonesimulator/Clerk.build/Objects-normal/arm64/Clerk.SwiftFileList

WriteAuxiliaryFile /Users/nathanfennel/Library/Developer/Xcode/DerivedData/CardOnCue-fafaiynmhqufqpbfjacxswbpzioe/Build/Intermediates.noindex/Clerk.build/Debug-iphonesimulator/Clerk.build/Objects-normal/arm64/Clerk.SwiftConstValuesFileList (in target 'Clerk' from project 'Clerk')
    cd /Users/nathanfennel/Library/Developer/Xcode/DerivedData/CardOnCue-fafaiynmhqufqpbfjacxswbpzioe/SourcePackages/checkouts/clerk-ios
    write-file /Users/nathanfennel/Library/Developer/Xcode/DerivedData/CardOnCue-fafaiynmhqufqpbfjacxswbpzioe/Build/Intermediates.noindex/Clerk.build/Debug-iphonesimulator/Clerk.build/Objects-normal/arm64/Clerk.SwiftConstValuesFileList

WriteAuxiliaryFile /Users/nathanfennel/Library/Developer/Xcode/DerivedData/CardOnCue-fafaiynmhqufqpbfjacxswbpzioe/Build/Intermediates.noindex/Clerk.build/Debug-iphonesimulator/Clerk.build/Objects-normal/arm64/Clerk.LinkFileList (in target 'Clerk' from project 'Clerk')
    cd /Users/nathanfennel/Library/Developer/Xcode/DerivedData/CardOnCue-fafaiynmhqufqpbfjacxswbpzioe/SourcePackages/checkouts/clerk-ios
    write-file /Users/nathanfennel/Library/Developer/Xcode/DerivedData/CardOnCue-fafaiynmhqufqpbfjacxswbpzioe/Build/Intermediates.noindex/Clerk.build/Debug-iphonesimulator/Clerk.build/Objects-normal/arm64/Clerk.LinkFileList

WriteAuxiliaryFile /Users/nathanfennel/Library/Developer/Xcode/DerivedData/CardOnCue-fafaiynmhqufqpbfjacxswbpzioe/Build/Intermediates.noindex/Clerk.build/Debug-iphonesimulator/Clerk.build/Objects-normal/arm64/Clerk-OutputFileMap.json (in target 'Clerk' from project 'Clerk')
    cd /Users/nathanfennel/Library/Developer/Xcode/DerivedData/CardOnCue-fafaiynmhqufqpbfjacxswbpzioe/SourcePackages/checkouts/clerk-ios
    write-file /Users/nathanfennel/Library/Developer/Xcode/DerivedData/CardOnCue-fafaiynmhqufqpbfjacxswbpzioe/Build/Intermediates.noindex/Clerk.build/Debug-iphonesimulator/Clerk.build/Objects-normal/arm64/Clerk-OutputFileMap.json

WriteAuxiliaryFile /Users/nathanfennel/Library/Developer/Xcode/DerivedData/CardOnCue-fafaiynmhqufqpbfjacxswbpzioe/Build/Intermediates.noindex/Clerk.build/Debug-iphonesimulator/Clerk.build/Clerk.modulemap (in target 'Clerk' from project 'Clerk')
    cd /Users/nathanfennel/Library/Developer/Xcode/DerivedData/CardOnCue-fafaiynmhqufqpbfjacxswbpzioe/SourcePackages/checkouts/clerk-ios
    write-file /Users/nathanfennel/Library/Developer/Xcode/DerivedData/CardOnCue-fafaiynmhqufqpbfjacxswbpzioe/Build/Intermediates.noindex/Clerk.build/Debug-iphonesimulator/Clerk.build/Clerk.modulemap

WriteAuxiliaryFile /Users/nathanfennel/Library/Developer/Xcode/DerivedData/CardOnCue-fafaiynmhqufqpbfjacxswbpzioe/Build/Intermediates.noindex/Clerk.build/Debug-iphonesimulator/Clerk.build/DerivedSources/resource_bundle_accessor.swift (in target 'Clerk' from project 'Clerk')
    cd /Users/nathanfennel/Library/Developer/Xcode/DerivedData/CardOnCue-fafaiynmhqufqpbfjacxswbpzioe/SourcePackages/checkouts/clerk-ios
    write-file /Users/nathanfennel/Library/Developer/Xcode/DerivedData/CardOnCue-fafaiynmhqufqpbfjacxswbpzioe/Build/Intermediates.noindex/Clerk.build/Debug-iphonesimulator/Clerk.build/DerivedSources/resource_bundle_accessor.swift

WriteAuxiliaryFile /Users/nathanfennel/Library/Developer/Xcode/DerivedData/CardOnCue-fafaiynmhqufqpbfjacxswbpzioe/Build/Intermediates.noindex/Clerk.build/Debug-iphonesimulator/Clerk.build/Clerk.DependencyStaticMetadataFileList (in target 'Clerk' from project 'Clerk')
    cd /Users/nathanfennel/Library/Developer/Xcode/DerivedData/CardOnCue-fafaiynmhqufqpbfjacxswbpzioe/SourcePackages/checkouts/clerk-ios
    write-file /Users/nathanfennel/Library/Developer/Xcode/DerivedData/CardOnCue-fafaiynmhqufqpbfjacxswbpzioe/Build/Intermediates.noindex/Clerk.build/Debug-iphonesimulator/Clerk.build/Clerk.DependencyStaticMetadataFileList

WriteAuxiliaryFile /Users/nathanfennel/Library/Developer/Xcode/DerivedData/CardOnCue-fafaiynmhqufqpbfjacxswbpzioe/Build/Intermediates.noindex/Clerk.build/Debug-iphonesimulator/Clerk.build/Clerk.DependencyMetadataFileList (in target 'Clerk' from project 'Clerk')
    cd /Users/nathanfennel/Library/Developer/Xcode/DerivedData/CardOnCue-fafaiynmhqufqpbfjacxswbpzioe/SourcePackages/checkouts/clerk-ios
    write-file /Users/nathanfennel/Library/Developer/Xcode/DerivedData/CardOnCue-fafaiynmhqufqpbfjacxswbpzioe/Build/Intermediates.noindex/Clerk.build/Debug-iphonesimulator/Clerk.build/Clerk.DependencyMetadataFileList

WriteAuxiliaryFile /Users/nathanfennel/Library/Developer/Xcode/DerivedData/CardOnCue-fafaiynmhqufqpbfjacxswbpzioe/Build/Intermediates.noindex/CardOnCue.build/Debug-iphonesimulator/CardOnCue.build/Objects-normal/arm64/CardOnCue.SwiftFileList (in target 'CardOnCue' from project 'CardOnCue')
    cd /Users/nathanfennel/Documents/GitHub/CardOnCue
    write-file /Users/nathanfennel/Library/Developer/Xcode/DerivedData/CardOnCue-fafaiynmhqufqpbfjacxswbpzioe/Build/Intermediates.noindex/CardOnCue.build/Debug-iphonesimulator/CardOnCue.build/Objects-normal/arm64/CardOnCue.SwiftFileList

WriteAuxiliaryFile /Users/nathanfennel/Library/Developer/Xcode/DerivedData/CardOnCue-fafaiynmhqufqpbfjacxswbpzioe/Build/Intermediates.noindex/CardOnCue.build/Debug-iphonesimulator/CardOnCue.build/Objects-normal/arm64/CardOnCue.SwiftConstValuesFileList (in target 'CardOnCue' from project 'CardOnCue')
    cd /Users/nathanfennel/Documents/GitHub/CardOnCue
    write-file /Users/nathanfennel/Library/Developer/Xcode/DerivedData/CardOnCue-fafaiynmhqufqpbfjacxswbpzioe/Build/Intermediates.noindex/CardOnCue.build/Debug-iphonesimulator/CardOnCue.build/Objects-normal/arm64/CardOnCue.SwiftConstValuesFileList

WriteAuxiliaryFile /Users/nathanfennel/Library/Developer/Xcode/DerivedData/CardOnCue-fafaiynmhqufqpbfjacxswbpzioe/Build/Intermediates.noindex/CardOnCue.build/Debug-iphonesimulator/CardOnCue.build/Objects-normal/arm64/CardOnCue.LinkFileList (in target 'CardOnCue' from project 'CardOnCue')
    cd /Users/nathanfennel/Documents/GitHub/CardOnCue
    write-file /Users/nathanfennel/Library/Developer/Xcode/DerivedData/CardOnCue-fafaiynmhqufqpbfjacxswbpzioe/Build/Intermediates.noindex/CardOnCue.build/Debug-iphonesimulator/CardOnCue.build/Objects-normal/arm64/CardOnCue.LinkFileList

Copy /Users/nathanfennel/Library/Developer/Xcode/DerivedData/CardOnCue-fafaiynmhqufqpbfjacxswbpzioe/Build/Intermediates.noindex/GeneratedModuleMaps-iphonesimulator/Clerk.modulemap /Users/nathanfennel/Library/Developer/Xcode/DerivedData/CardOnCue-fafaiynmhqufqpbfjacxswbpzioe/Build/Intermediates.noindex/Clerk.build/Debug-iphonesimulator/Clerk.build/Clerk.modulemap (in target 'Clerk' from project 'Clerk')
    cd /Users/nathanfennel/Library/Developer/Xcode/DerivedData/CardOnCue-fafaiynmhqufqpbfjacxswbpzioe/SourcePackages/checkouts/clerk-ios
    builtin-copy -exclude .DS_Store -exclude CVS -exclude .svn -exclude .git -exclude .hg -resolve-src-symlinks /Users/nathanfennel/Library/Developer/Xcode/DerivedData/CardOnCue-fafaiynmhqufqpbfjacxswbpzioe/Build/Intermediates.noindex/Clerk.build/Debug-iphonesimulator/Clerk.build/Clerk.modulemap /Users/nathanfennel/Library/Developer/Xcode/DerivedData/CardOnCue-fafaiynmhqufqpbfjacxswbpzioe/Build/Intermediates.noindex/GeneratedModuleMaps-iphonesimulator

WriteAuxiliaryFile /Users/nathanfennel/Library/Developer/Xcode/DerivedData/CardOnCue-fafaiynmhqufqpbfjacxswbpzioe/Build/Intermediates.noindex/CardOnCue.build/Debug-iphonesimulator/CardOnCue.build/CardOnCue.DependencyStaticMetadataFileList (in target 'CardOnCue' from project 'CardOnCue')
    cd /Users/nathanfennel/Documents/GitHub/CardOnCue
    write-file /Users/nathanfennel/Library/Developer/Xcode/DerivedData/CardOnCue-fafaiynmhqufqpbfjacxswbpzioe/Build/Intermediates.noindex/CardOnCue.build/Debug-iphonesimulator/CardOnCue.build/CardOnCue.DependencyStaticMetadataFileList

WriteAuxiliaryFile /Users/nathanfennel/Library/Developer/Xcode/DerivedData/CardOnCue-fafaiynmhqufqpbfjacxswbpzioe/Build/Intermediates.noindex/CardOnCue.build/Debug-iphonesimulator/CardOnCue.build/CardOnCue.DependencyMetadataFileList (in target 'CardOnCue' from project 'CardOnCue')
    cd /Users/nathanfennel/Documents/GitHub/CardOnCue
    write-file /Users/nathanfennel/Library/Developer/Xcode/DerivedData/CardOnCue-fafaiynmhqufqpbfjacxswbpzioe/Build/Intermediates.noindex/CardOnCue.build/Debug-iphonesimulator/CardOnCue.build/CardOnCue.DependencyMetadataFileList

WriteAuxiliaryFile /Users/nathanfennel/Library/Developer/Xcode/DerivedData/CardOnCue-fafaiynmhqufqpbfjacxswbpzioe/Build/Intermediates.noindex/CardOnCue.build/Debug-iphonesimulator/CardOnCue.build/CardOnCue-project-headers.hmap (in target 'CardOnCue' from project 'CardOnCue')
    cd /Users/nathanfennel/Documents/GitHub/CardOnCue
    write-file /Users/nathanfennel/Library/Developer/Xcode/DerivedData/CardOnCue-fafaiynmhqufqpbfjacxswbpzioe/Build/Intermediates.noindex/CardOnCue.build/Debug-iphonesimulator/CardOnCue.build/CardOnCue-project-headers.hmap

WriteAuxiliaryFile /Users/nathanfennel/Library/Developer/Xcode/DerivedData/CardOnCue-fafaiynmhqufqpbfjacxswbpzioe/Build/Intermediates.noindex/CardOnCue.build/Debug-iphonesimulator/CardOnCue.build/CardOnCue-own-target-headers.hmap (in target 'CardOnCue' from project 'CardOnCue')
    cd /Users/nathanfennel/Documents/GitHub/CardOnCue
    write-file /Users/nathanfennel/Library/Developer/Xcode/DerivedData/CardOnCue-fafaiynmhqufqpbfjacxswbpzioe/Build/Intermediates.noindex/CardOnCue.build/Debug-iphonesimulator/CardOnCue.build/CardOnCue-own-target-headers.hmap

WriteAuxiliaryFile /Users/nathanfennel/Library/Developer/Xcode/DerivedData/CardOnCue-fafaiynmhqufqpbfjacxswbpzioe/Build/Intermediates.noindex/CardOnCue.build/Debug-iphonesimulator/CardOnCue.build/CardOnCue-generated-files.hmap (in target 'CardOnCue' from project 'CardOnCue')
    cd /Users/nathanfennel/Documents/GitHub/CardOnCue
    write-file /Users/nathanfennel/Library/Developer/Xcode/DerivedData/CardOnCue-fafaiynmhqufqpbfjacxswbpzioe/Build/Intermediates.noindex/CardOnCue.build/Debug-iphonesimulator/CardOnCue.build/CardOnCue-generated-files.hmap

WriteAuxiliaryFile /Users/nathanfennel/Library/Developer/Xcode/DerivedData/CardOnCue-fafaiynmhqufqpbfjacxswbpzioe/Build/Intermediates.noindex/CardOnCue.build/Debug-iphonesimulator/CardOnCue.build/CardOnCue-all-target-headers.hmap (in target 'CardOnCue' from project 'CardOnCue')
    cd /Users/nathanfennel/Documents/GitHub/CardOnCue
    write-file /Users/nathanfennel/Library/Developer/Xcode/DerivedData/CardOnCue-fafaiynmhqufqpbfjacxswbpzioe/Build/Intermediates.noindex/CardOnCue.build/Debug-iphonesimulator/CardOnCue.build/CardOnCue-all-target-headers.hmap

WriteAuxiliaryFile /Users/nathanfennel/Library/Developer/Xcode/DerivedData/CardOnCue-fafaiynmhqufqpbfjacxswbpzioe/Build/Intermediates.noindex/CardOnCue.build/Debug-iphonesimulator/CardOnCue.build/CardOnCue-all-non-framework-target-headers.hmap (in target 'CardOnCue' from project 'CardOnCue')
    cd /Users/nathanfennel/Documents/GitHub/CardOnCue
    write-file /Users/nathanfennel/Library/Developer/Xcode/DerivedData/CardOnCue-fafaiynmhqufqpbfjacxswbpzioe/Build/Intermediates.noindex/CardOnCue.build/Debug-iphonesimulator/CardOnCue.build/CardOnCue-all-non-framework-target-headers.hmap

WriteAuxiliaryFile /Users/nathanfennel/Library/Developer/Xcode/DerivedData/CardOnCue-fafaiynmhqufqpbfjacxswbpzioe/Build/Intermediates.noindex/CardOnCue.build/Debug-iphonesimulator/CardOnCue.build/CardOnCue-DebugDylibPath-normal-arm64.txt (in target 'CardOnCue' from project 'CardOnCue')
    cd /Users/nathanfennel/Documents/GitHub/CardOnCue
    write-file /Users/nathanfennel/Library/Developer/Xcode/DerivedData/CardOnCue-fafaiynmhqufqpbfjacxswbpzioe/Build/Intermediates.noindex/CardOnCue.build/Debug-iphonesimulator/CardOnCue.build/CardOnCue-DebugDylibPath-normal-arm64.txt

WriteAuxiliaryFile /Users/nathanfennel/Library/Developer/Xcode/DerivedData/CardOnCue-fafaiynmhqufqpbfjacxswbpzioe/Build/Intermediates.noindex/CardOnCue.build/Debug-iphonesimulator/CardOnCue.build/CardOnCue-DebugDylibInstallName-normal-arm64.txt (in target 'CardOnCue' from project 'CardOnCue')
    cd /Users/nathanfennel/Documents/GitHub/CardOnCue
    write-file /Users/nathanfennel/Library/Developer/Xcode/DerivedData/CardOnCue-fafaiynmhqufqpbfjacxswbpzioe/Build/Intermediates.noindex/CardOnCue.build/Debug-iphonesimulator/CardOnCue.build/CardOnCue-DebugDylibInstallName-normal-arm64.txt

MkDir /Users/nathanfennel/Library/Developer/Xcode/DerivedData/CardOnCue-fafaiynmhqufqpbfjacxswbpzioe/Build/Products/Debug-iphonesimulator/PhoneNumberKit_PhoneNumberKit.bundle (in target 'PhoneNumberKit_PhoneNumberKit' from project 'PhoneNumberKit')
    cd /Users/nathanfennel/Library/Developer/Xcode/DerivedData/CardOnCue-fafaiynmhqufqpbfjacxswbpzioe/SourcePackages/checkouts/PhoneNumberKit
    /bin/mkdir -p /Users/nathanfennel/Library/Developer/Xcode/DerivedData/CardOnCue-fafaiynmhqufqpbfjacxswbpzioe/Build/Products/Debug-iphonesimulator/PhoneNumberKit_PhoneNumberKit.bundle

MkDir /Users/nathanfennel/Library/Developer/Xcode/DerivedData/CardOnCue-fafaiynmhqufqpbfjacxswbpzioe/Build/Products/Debug-iphonesimulator/Kingfisher_Kingfisher.bundle (in target 'Kingfisher_Kingfisher' from project 'Kingfisher')
    cd /Users/nathanfennel/Library/Developer/Xcode/DerivedData/CardOnCue-fafaiynmhqufqpbfjacxswbpzioe/SourcePackages/checkouts/Kingfisher
    /bin/mkdir -p /Users/nathanfennel/Library/Developer/Xcode/DerivedData/CardOnCue-fafaiynmhqufqpbfjacxswbpzioe/Build/Products/Debug-iphonesimulator/Kingfisher_Kingfisher.bundle

MkDir /Users/nathanfennel/Library/Developer/Xcode/DerivedData/CardOnCue-fafaiynmhqufqpbfjacxswbpzioe/Build/Products/Debug-iphonesimulator/Factory_FactoryKit.bundle (in target 'Factory_FactoryKit' from project 'Factory')
    cd /Users/nathanfennel/Library/Developer/Xcode/DerivedData/CardOnCue-fafaiynmhqufqpbfjacxswbpzioe/SourcePackages/checkouts/Factory
    /bin/mkdir -p /Users/nathanfennel/Library/Developer/Xcode/DerivedData/CardOnCue-fafaiynmhqufqpbfjacxswbpzioe/Build/Products/Debug-iphonesimulator/Factory_FactoryKit.bundle

MkDir /Users/nathanfennel/Library/Developer/Xcode/DerivedData/CardOnCue-fafaiynmhqufqpbfjacxswbpzioe/Build/Products/Debug-iphonesimulator/Clerk_Clerk.bundle (in target 'Clerk_Clerk' from project 'Clerk')
    cd /Users/nathanfennel/Library/Developer/Xcode/DerivedData/CardOnCue-fafaiynmhqufqpbfjacxswbpzioe/SourcePackages/checkouts/clerk-ios
    /bin/mkdir -p /Users/nathanfennel/Library/Developer/Xcode/DerivedData/CardOnCue-fafaiynmhqufqpbfjacxswbpzioe/Build/Products/Debug-iphonesimulator/Clerk_Clerk.bundle

MkDir /Users/nathanfennel/Library/Developer/Xcode/DerivedData/CardOnCue-fafaiynmhqufqpbfjacxswbpzioe/Build/Products/Debug-iphonesimulator/CardOnCue.app (in target 'CardOnCue' from project 'CardOnCue')
    cd /Users/nathanfennel/Documents/GitHub/CardOnCue
    /bin/mkdir -p /Users/nathanfennel/Library/Developer/Xcode/DerivedData/CardOnCue-fafaiynmhqufqpbfjacxswbpzioe/Build/Products/Debug-iphonesimulator/CardOnCue.app

ProcessInfoPlistFile /Users/nathanfennel/Library/Developer/Xcode/DerivedData/CardOnCue-fafaiynmhqufqpbfjacxswbpzioe/Build/Products/Debug-iphonesimulator/PhoneNumberKit_PhoneNumberKit.bundle/Info.plist /Users/nathanfennel/Library/Developer/Xcode/DerivedData/CardOnCue-fafaiynmhqufqpbfjacxswbpzioe/Build/Intermediates.noindex/PhoneNumberKit.build/Debug-iphonesimulator/PhoneNumberKit_PhoneNumberKit.build/empty-PhoneNumberKit_PhoneNumberKit.plist (in target 'PhoneNumberKit_PhoneNumberKit' from project 'PhoneNumberKit')
    cd /Users/nathanfennel/Library/Developer/Xcode/DerivedData/CardOnCue-fafaiynmhqufqpbfjacxswbpzioe/SourcePackages/checkouts/PhoneNumberKit
    builtin-infoPlistUtility /Users/nathanfennel/Library/Developer/Xcode/DerivedData/CardOnCue-fafaiynmhqufqpbfjacxswbpzioe/Build/Intermediates.noindex/PhoneNumberKit.build/Debug-iphonesimulator/PhoneNumberKit_PhoneNumberKit.build/empty-PhoneNumberKit_PhoneNumberKit.plist -producttype com.apple.product-type.bundle -expandbuildsettings -format binary -platform iphonesimulator -o /Users/nathanfennel/Library/Developer/Xcode/DerivedData/CardOnCue-fafaiynmhqufqpbfjacxswbpzioe/Build/Products/Debug-iphonesimulator/PhoneNumberKit_PhoneNumberKit.bundle/Info.plist

CpResource /Users/nathanfennel/Library/Developer/Xcode/DerivedData/CardOnCue-fafaiynmhqufqpbfjacxswbpzioe/Build/Products/Debug-iphonesimulator/PhoneNumberKit_PhoneNumberKit.bundle/PrivacyInfo.xcprivacy /Users/nathanfennel/Library/Developer/Xcode/DerivedData/CardOnCue-fafaiynmhqufqpbfjacxswbpzioe/SourcePackages/checkouts/PhoneNumberKit/PhoneNumberKit/Resources/PrivacyInfo.xcprivacy (in target 'PhoneNumberKit_PhoneNumberKit' from project 'PhoneNumberKit')
    cd /Users/nathanfennel/Library/Developer/Xcode/DerivedData/CardOnCue-fafaiynmhqufqpbfjacxswbpzioe/SourcePackages/checkouts/PhoneNumberKit
    builtin-copy -exclude .DS_Store -exclude CVS -exclude .svn -exclude .git -exclude .hg -resolve-src-symlinks /Users/nathanfennel/Library/Developer/Xcode/DerivedData/CardOnCue-fafaiynmhqufqpbfjacxswbpzioe/SourcePackages/checkouts/PhoneNumberKit/PhoneNumberKit/Resources/PrivacyInfo.xcprivacy /Users/nathanfennel/Library/Developer/Xcode/DerivedData/CardOnCue-fafaiynmhqufqpbfjacxswbpzioe/Build/Products/Debug-iphonesimulator/PhoneNumberKit_PhoneNumberKit.bundle

CpResource /Users/nathanfennel/Library/Developer/Xcode/DerivedData/CardOnCue-fafaiynmhqufqpbfjacxswbpzioe/Build/Products/Debug-iphonesimulator/PhoneNumberKit_PhoneNumberKit.bundle/PhoneNumberMetadata.json /Users/nathanfennel/Library/Developer/Xcode/DerivedData/CardOnCue-fafaiynmhqufqpbfjacxswbpzioe/SourcePackages/checkouts/PhoneNumberKit/PhoneNumberKit/Resources/PhoneNumberMetadata.json (in target 'PhoneNumberKit_PhoneNumberKit' from project 'PhoneNumberKit')
    cd /Users/nathanfennel/Library/Developer/Xcode/DerivedData/CardOnCue-fafaiynmhqufqpbfjacxswbpzioe/SourcePackages/checkouts/PhoneNumberKit
    builtin-copy -exclude .DS_Store -exclude CVS -exclude .svn -exclude .git -exclude .hg -resolve-src-symlinks /Users/nathanfennel/Library/Developer/Xcode/DerivedData/CardOnCue-fafaiynmhqufqpbfjacxswbpzioe/SourcePackages/checkouts/PhoneNumberKit/PhoneNumberKit/Resources/PhoneNumberMetadata.json /Users/nathanfennel/Library/Developer/Xcode/DerivedData/CardOnCue-fafaiynmhqufqpbfjacxswbpzioe/Build/Products/Debug-iphonesimulator/PhoneNumberKit_PhoneNumberKit.bundle

ProcessInfoPlistFile /Users/nathanfennel/Library/Developer/Xcode/DerivedData/CardOnCue-fafaiynmhqufqpbfjacxswbpzioe/Build/Products/Debug-iphonesimulator/Kingfisher_Kingfisher.bundle/Info.plist /Users/nathanfennel/Library/Developer/Xcode/DerivedData/CardOnCue-fafaiynmhqufqpbfjacxswbpzioe/Build/Intermediates.noindex/Kingfisher.build/Debug-iphonesimulator/Kingfisher_Kingfisher.build/empty-Kingfisher_Kingfisher.plist (in target 'Kingfisher_Kingfisher' from project 'Kingfisher')
    cd /Users/nathanfennel/Library/Developer/Xcode/DerivedData/CardOnCue-fafaiynmhqufqpbfjacxswbpzioe/SourcePackages/checkouts/Kingfisher
    builtin-infoPlistUtility /Users/nathanfennel/Library/Developer/Xcode/DerivedData/CardOnCue-fafaiynmhqufqpbfjacxswbpzioe/Build/Intermediates.noindex/Kingfisher.build/Debug-iphonesimulator/Kingfisher_Kingfisher.build/empty-Kingfisher_Kingfisher.plist -producttype com.apple.product-type.bundle -expandbuildsettings -format binary -platform iphonesimulator -o /Users/nathanfennel/Library/Developer/Xcode/DerivedData/CardOnCue-fafaiynmhqufqpbfjacxswbpzioe/Build/Products/Debug-iphonesimulator/Kingfisher_Kingfisher.bundle/Info.plist

CpResource /Users/nathanfennel/Library/Developer/Xcode/DerivedData/CardOnCue-fafaiynmhqufqpbfjacxswbpzioe/Build/Products/Debug-iphonesimulator/Kingfisher_Kingfisher.bundle/PrivacyInfo.xcprivacy /Users/nathanfennel/Library/Developer/Xcode/DerivedData/CardOnCue-fafaiynmhqufqpbfjacxswbpzioe/SourcePackages/checkouts/Kingfisher/Sources/PrivacyInfo.xcprivacy (in target 'Kingfisher_Kingfisher' from project 'Kingfisher')
    cd /Users/nathanfennel/Library/Developer/Xcode/DerivedData/CardOnCue-fafaiynmhqufqpbfjacxswbpzioe/SourcePackages/checkouts/Kingfisher
    builtin-copy -exclude .DS_Store -exclude CVS -exclude .svn -exclude .git -exclude .hg -resolve-src-symlinks /Users/nathanfennel/Library/Developer/Xcode/DerivedData/CardOnCue-fafaiynmhqufqpbfjacxswbpzioe/SourcePackages/checkouts/Kingfisher/Sources/PrivacyInfo.xcprivacy /Users/nathanfennel/Library/Developer/Xcode/DerivedData/CardOnCue-fafaiynmhqufqpbfjacxswbpzioe/Build/Products/Debug-iphonesimulator/Kingfisher_Kingfisher.bundle

ProcessInfoPlistFile /Users/nathanfennel/Library/Developer/Xcode/DerivedData/CardOnCue-fafaiynmhqufqpbfjacxswbpzioe/Build/Products/Debug-iphonesimulator/Factory_FactoryKit.bundle/Info.plist /Users/nathanfennel/Library/Developer/Xcode/DerivedData/CardOnCue-fafaiynmhqufqpbfjacxswbpzioe/Build/Intermediates.noindex/Factory.build/Debug-iphonesimulator/Factory_FactoryKit.build/empty-Factory_FactoryKit.plist (in target 'Factory_FactoryKit' from project 'Factory')
    cd /Users/nathanfennel/Library/Developer/Xcode/DerivedData/CardOnCue-fafaiynmhqufqpbfjacxswbpzioe/SourcePackages/checkouts/Factory
    builtin-infoPlistUtility /Users/nathanfennel/Library/Developer/Xcode/DerivedData/CardOnCue-fafaiynmhqufqpbfjacxswbpzioe/Build/Intermediates.noindex/Factory.build/Debug-iphonesimulator/Factory_FactoryKit.build/empty-Factory_FactoryKit.plist -producttype com.apple.product-type.bundle -expandbuildsettings -format binary -platform iphonesimulator -o /Users/nathanfennel/Library/Developer/Xcode/DerivedData/CardOnCue-fafaiynmhqufqpbfjacxswbpzioe/Build/Products/Debug-iphonesimulator/Factory_FactoryKit.bundle/Info.plist

CpResource /Users/nathanfennel/Library/Developer/Xcode/DerivedData/CardOnCue-fafaiynmhqufqpbfjacxswbpzioe/Build/Products/Debug-iphonesimulator/Factory_FactoryKit.bundle/PrivacyInfo.xcprivacy /Users/nathanfennel/Library/Developer/Xcode/DerivedData/CardOnCue-fafaiynmhqufqpbfjacxswbpzioe/SourcePackages/checkouts/Factory/Sources/FactoryKit/PrivacyInfo.xcprivacy (in target 'Factory_FactoryKit' from project 'Factory')
    cd /Users/nathanfennel/Library/Developer/Xcode/DerivedData/CardOnCue-fafaiynmhqufqpbfjacxswbpzioe/SourcePackages/checkouts/Factory
    builtin-copy -exclude .DS_Store -exclude CVS -exclude .svn -exclude .git -exclude .hg -resolve-src-symlinks /Users/nathanfennel/Library/Developer/Xcode/DerivedData/CardOnCue-fafaiynmhqufqpbfjacxswbpzioe/SourcePackages/checkouts/Factory/Sources/FactoryKit/PrivacyInfo.xcprivacy /Users/nathanfennel/Library/Developer/Xcode/DerivedData/CardOnCue-fafaiynmhqufqpbfjacxswbpzioe/Build/Products/Debug-iphonesimulator/Factory_FactoryKit.bundle

MkDir /Users/nathanfennel/Library/Developer/Xcode/DerivedData/CardOnCue-fafaiynmhqufqpbfjacxswbpzioe/Build/Intermediates.noindex/Clerk.build/Debug-iphonesimulator/Clerk_Clerk.build/assetcatalog_output/unthinned (in target 'Clerk_Clerk' from project 'Clerk')
    cd /Users/nathanfennel/Library/Developer/Xcode/DerivedData/CardOnCue-fafaiynmhqufqpbfjacxswbpzioe/SourcePackages/checkouts/clerk-ios
    /bin/mkdir -p /Users/nathanfennel/Library/Developer/Xcode/DerivedData/CardOnCue-fafaiynmhqufqpbfjacxswbpzioe/Build/Intermediates.noindex/Clerk.build/Debug-iphonesimulator/Clerk_Clerk.build/assetcatalog_output/unthinned

MkDir /Users/nathanfennel/Library/Developer/Xcode/DerivedData/CardOnCue-fafaiynmhqufqpbfjacxswbpzioe/Build/Intermediates.noindex/Clerk.build/Debug-iphonesimulator/Clerk_Clerk.build/assetcatalog_output/thinned (in target 'Clerk_Clerk' from project 'Clerk')
    cd /Users/nathanfennel/Library/Developer/Xcode/DerivedData/CardOnCue-fafaiynmhqufqpbfjacxswbpzioe/SourcePackages/checkouts/clerk-ios
    /bin/mkdir -p /Users/nathanfennel/Library/Developer/Xcode/DerivedData/CardOnCue-fafaiynmhqufqpbfjacxswbpzioe/Build/Intermediates.noindex/Clerk.build/Debug-iphonesimulator/Clerk_Clerk.build/assetcatalog_output/thinned

CompileAssetCatalogVariant thinned /Users/nathanfennel/Library/Developer/Xcode/DerivedData/CardOnCue-fafaiynmhqufqpbfjacxswbpzioe/Build/Products/Debug-iphonesimulator/Clerk_Clerk.bundle /Users/nathanfennel/Library/Developer/Xcode/DerivedData/CardOnCue-fafaiynmhqufqpbfjacxswbpzioe/SourcePackages/checkouts/clerk-ios/Sources/Clerk/ClerkUI/Resources/Colors.xcassets /Users/nathanfennel/Library/Developer/Xcode/DerivedData/CardOnCue-fafaiynmhqufqpbfjacxswbpzioe/SourcePackages/checkouts/clerk-ios/Sources/Clerk/ClerkUI/Resources/Images.xcassets (in target 'Clerk_Clerk' from project 'Clerk')
    cd /Users/nathanfennel/Library/Developer/Xcode/DerivedData/CardOnCue-fafaiynmhqufqpbfjacxswbpzioe/SourcePackages/checkouts/clerk-ios
    /Applications/Xcode.app/Contents/Developer/usr/bin/actool /Users/nathanfennel/Library/Developer/Xcode/DerivedData/CardOnCue-fafaiynmhqufqpbfjacxswbpzioe/SourcePackages/checkouts/clerk-ios/Sources/Clerk/ClerkUI/Resources/Colors.xcassets /Users/nathanfennel/Library/Developer/Xcode/DerivedData/CardOnCue-fafaiynmhqufqpbfjacxswbpzioe/SourcePackages/checkouts/clerk-ios/Sources/Clerk/ClerkUI/Resources/Images.xcassets --compile /Users/nathanfennel/Library/Developer/Xcode/DerivedData/CardOnCue-fafaiynmhqufqpbfjacxswbpzioe/Build/Intermediates.noindex/Clerk.build/Debug-iphonesimulator/Clerk_Clerk.build/assetcatalog_output/thinned --output-format human-readable-text --notices --warnings --export-dependency-info /Users/nathanfennel/Library/Developer/Xcode/DerivedData/CardOnCue-fafaiynmhqufqpbfjacxswbpzioe/Build/Intermediates.noindex/Clerk.build/Debug-iphonesimulator/Clerk_Clerk.build/assetcatalog_dependencies_thinned --output-partial-info-plist /Users/nathanfennel/Library/Developer/Xcode/DerivedData/CardOnCue-fafaiynmhqufqpbfjacxswbpzioe/Build/Intermediates.noindex/Clerk.build/Debug-iphonesimulator/Clerk_Clerk.build/assetcatalog_generated_info.plist_thinned --compress-pngs --enable-on-demand-resources NO --filter-for-thinning-device-configuration iPhone18,1 --filter-for-device-os-version 26.2 --development-region en --target-device iphone --target-device ipad --minimum-deployment-target 17.0 --platform iphonesimulator
/* com.apple.actool.compilation-results */
/Users/nathanfennel/Library/Developer/Xcode/DerivedData/CardOnCue-fafaiynmhqufqpbfjacxswbpzioe/Build/Intermediates.noindex/Clerk.build/Debug-iphonesimulator/Clerk_Clerk.build/assetcatalog_generated_info.plist_thinned
/Users/nathanfennel/Library/Developer/Xcode/DerivedData/CardOnCue-fafaiynmhqufqpbfjacxswbpzioe/Build/Intermediates.noindex/Clerk.build/Debug-iphonesimulator/Clerk_Clerk.build/assetcatalog_output/thinned/Assets.car


CompileXCStrings /Users/nathanfennel/Library/Developer/Xcode/DerivedData/CardOnCue-fafaiynmhqufqpbfjacxswbpzioe/Build/Intermediates.noindex/Clerk.build/Debug-iphonesimulator/Clerk_Clerk.build/ /Users/nathanfennel/Library/Developer/Xcode/DerivedData/CardOnCue-fafaiynmhqufqpbfjacxswbpzioe/SourcePackages/checkouts/clerk-ios/Sources/Clerk/ClerkUI/Resources/Localizable.xcstrings (in target 'Clerk_Clerk' from project 'Clerk')
    cd /Users/nathanfennel/Library/Developer/Xcode/DerivedData/CardOnCue-fafaiynmhqufqpbfjacxswbpzioe/SourcePackages/checkouts/clerk-ios
    /Applications/Xcode.app/Contents/Developer/usr/bin/xcstringstool compile --output-directory /Users/nathanfennel/Library/Developer/Xcode/DerivedData/CardOnCue-fafaiynmhqufqpbfjacxswbpzioe/Build/Intermediates.noindex/Clerk.build/Debug-iphonesimulator/Clerk_Clerk.build /Users/nathanfennel/Library/Developer/Xcode/DerivedData/CardOnCue-fafaiynmhqufqpbfjacxswbpzioe/SourcePackages/checkouts/clerk-ios/Sources/Clerk/ClerkUI/Resources/Localizable.xcstrings

CodeSign /Users/nathanfennel/Library/Developer/Xcode/DerivedData/CardOnCue-fafaiynmhqufqpbfjacxswbpzioe/Build/Products/Debug-iphonesimulator/PhoneNumberKit_PhoneNumberKit.bundle (in target 'PhoneNumberKit_PhoneNumberKit' from project 'PhoneNumberKit')
    cd /Users/nathanfennel/Library/Developer/Xcode/DerivedData/CardOnCue-fafaiynmhqufqpbfjacxswbpzioe/SourcePackages/checkouts/PhoneNumberKit
    
    Signing Identity:     "Sign to Run Locally"
    
    /usr/bin/codesign --force --sign - --timestamp\=none --generate-entitlement-der /Users/nathanfennel/Library/Developer/Xcode/DerivedData/CardOnCue-fafaiynmhqufqpbfjacxswbpzioe/Build/Products/Debug-iphonesimulator/PhoneNumberKit_PhoneNumberKit.bundle

CodeSign /Users/nathanfennel/Library/Developer/Xcode/DerivedData/CardOnCue-fafaiynmhqufqpbfjacxswbpzioe/Build/Products/Debug-iphonesimulator/Factory_FactoryKit.bundle (in target 'Factory_FactoryKit' from project 'Factory')
    cd /Users/nathanfennel/Library/Developer/Xcode/DerivedData/CardOnCue-fafaiynmhqufqpbfjacxswbpzioe/SourcePackages/checkouts/Factory
    
    Signing Identity:     "Sign to Run Locally"
    
    /usr/bin/codesign --force --sign - --timestamp\=none --generate-entitlement-der /Users/nathanfennel/Library/Developer/Xcode/DerivedData/CardOnCue-fafaiynmhqufqpbfjacxswbpzioe/Build/Products/Debug-iphonesimulator/Factory_FactoryKit.bundle

CodeSign /Users/nathanfennel/Library/Developer/Xcode/DerivedData/CardOnCue-fafaiynmhqufqpbfjacxswbpzioe/Build/Products/Debug-iphonesimulator/Kingfisher_Kingfisher.bundle (in target 'Kingfisher_Kingfisher' from project 'Kingfisher')
    cd /Users/nathanfennel/Library/Developer/Xcode/DerivedData/CardOnCue-fafaiynmhqufqpbfjacxswbpzioe/SourcePackages/checkouts/Kingfisher
    
    Signing Identity:     "Sign to Run Locally"
    
    /usr/bin/codesign --force --sign - --timestamp\=none --generate-entitlement-der /Users/nathanfennel/Library/Developer/Xcode/DerivedData/CardOnCue-fafaiynmhqufqpbfjacxswbpzioe/Build/Products/Debug-iphonesimulator/Kingfisher_Kingfisher.bundle

RegisterExecutionPolicyException /Users/nathanfennel/Library/Developer/Xcode/DerivedData/CardOnCue-fafaiynmhqufqpbfjacxswbpzioe/Build/Products/Debug-iphonesimulator/Factory_FactoryKit.bundle (in target 'Factory_FactoryKit' from project 'Factory')
    cd /Users/nathanfennel/Library/Developer/Xcode/DerivedData/CardOnCue-fafaiynmhqufqpbfjacxswbpzioe/SourcePackages/checkouts/Factory
    builtin-RegisterExecutionPolicyException /Users/nathanfennel/Library/Developer/Xcode/DerivedData/CardOnCue-fafaiynmhqufqpbfjacxswbpzioe/Build/Products/Debug-iphonesimulator/Factory_FactoryKit.bundle

RegisterExecutionPolicyException /Users/nathanfennel/Library/Developer/Xcode/DerivedData/CardOnCue-fafaiynmhqufqpbfjacxswbpzioe/Build/Products/Debug-iphonesimulator/PhoneNumberKit_PhoneNumberKit.bundle (in target 'PhoneNumberKit_PhoneNumberKit' from project 'PhoneNumberKit')
    cd /Users/nathanfennel/Library/Developer/Xcode/DerivedData/CardOnCue-fafaiynmhqufqpbfjacxswbpzioe/SourcePackages/checkouts/PhoneNumberKit
    builtin-RegisterExecutionPolicyException /Users/nathanfennel/Library/Developer/Xcode/DerivedData/CardOnCue-fafaiynmhqufqpbfjacxswbpzioe/Build/Products/Debug-iphonesimulator/PhoneNumberKit_PhoneNumberKit.bundle

RegisterExecutionPolicyException /Users/nathanfennel/Library/Developer/Xcode/DerivedData/CardOnCue-fafaiynmhqufqpbfjacxswbpzioe/Build/Products/Debug-iphonesimulator/Kingfisher_Kingfisher.bundle (in target 'Kingfisher_Kingfisher' from project 'Kingfisher')
    cd /Users/nathanfennel/Library/Developer/Xcode/DerivedData/CardOnCue-fafaiynmhqufqpbfjacxswbpzioe/SourcePackages/checkouts/Kingfisher
    builtin-RegisterExecutionPolicyException /Users/nathanfennel/Library/Developer/Xcode/DerivedData/CardOnCue-fafaiynmhqufqpbfjacxswbpzioe/Build/Products/Debug-iphonesimulator/Kingfisher_Kingfisher.bundle

Touch /Users/nathanfennel/Library/Developer/Xcode/DerivedData/CardOnCue-fafaiynmhqufqpbfjacxswbpzioe/Build/Products/Debug-iphonesimulator/PhoneNumberKit_PhoneNumberKit.bundle (in target 'PhoneNumberKit_PhoneNumberKit' from project 'PhoneNumberKit')
    cd /Users/nathanfennel/Library/Developer/Xcode/DerivedData/CardOnCue-fafaiynmhqufqpbfjacxswbpzioe/SourcePackages/checkouts/PhoneNumberKit
    /usr/bin/touch -c /Users/nathanfennel/Library/Developer/Xcode/DerivedData/CardOnCue-fafaiynmhqufqpbfjacxswbpzioe/Build/Products/Debug-iphonesimulator/PhoneNumberKit_PhoneNumberKit.bundle

Touch /Users/nathanfennel/Library/Developer/Xcode/DerivedData/CardOnCue-fafaiynmhqufqpbfjacxswbpzioe/Build/Products/Debug-iphonesimulator/Factory_FactoryKit.bundle (in target 'Factory_FactoryKit' from project 'Factory')
    cd /Users/nathanfennel/Library/Developer/Xcode/DerivedData/CardOnCue-fafaiynmhqufqpbfjacxswbpzioe/SourcePackages/checkouts/Factory
    /usr/bin/touch -c /Users/nathanfennel/Library/Developer/Xcode/DerivedData/CardOnCue-fafaiynmhqufqpbfjacxswbpzioe/Build/Products/Debug-iphonesimulator/Factory_FactoryKit.bundle

Touch /Users/nathanfennel/Library/Developer/Xcode/DerivedData/CardOnCue-fafaiynmhqufqpbfjacxswbpzioe/Build/Products/Debug-iphonesimulator/Kingfisher_Kingfisher.bundle (in target 'Kingfisher_Kingfisher' from project 'Kingfisher')
    cd /Users/nathanfennel/Library/Developer/Xcode/DerivedData/CardOnCue-fafaiynmhqufqpbfjacxswbpzioe/SourcePackages/checkouts/Kingfisher
    /usr/bin/touch -c /Users/nathanfennel/Library/Developer/Xcode/DerivedData/CardOnCue-fafaiynmhqufqpbfjacxswbpzioe/Build/Products/Debug-iphonesimulator/Kingfisher_Kingfisher.bundle

CopyStringsFile /Users/nathanfennel/Library/Developer/Xcode/DerivedData/CardOnCue-fafaiynmhqufqpbfjacxswbpzioe/Build/Products/Debug-iphonesimulator/Clerk_Clerk.bundle/zh-Hans.lproj/Localizable.strings /Users/nathanfennel/Library/Developer/Xcode/DerivedData/CardOnCue-fafaiynmhqufqpbfjacxswbpzioe/Build/Intermediates.noindex/Clerk.build/Debug-iphonesimulator/Clerk_Clerk.build/zh-Hans.lproj/Localizable.strings (in target 'Clerk_Clerk' from project 'Clerk')
    cd /Users/nathanfennel/Library/Developer/Xcode/DerivedData/CardOnCue-fafaiynmhqufqpbfjacxswbpzioe/SourcePackages/checkouts/clerk-ios
    builtin-copyStrings --validate --outputencoding binary --outfilename Localizable.strings --outdir /Users/nathanfennel/Library/Developer/Xcode/DerivedData/CardOnCue-fafaiynmhqufqpbfjacxswbpzioe/Build/Products/Debug-iphonesimulator/Clerk_Clerk.bundle/zh-Hans.lproj -- /Users/nathanfennel/Library/Developer/Xcode/DerivedData/CardOnCue-fafaiynmhqufqpbfjacxswbpzioe/Build/Intermediates.noindex/Clerk.build/Debug-iphonesimulator/Clerk_Clerk.build/zh-Hans.lproj/Localizable.strings
/Users/nathanfennel/Library/Developer/Xcode/DerivedData/CardOnCue-fafaiynmhqufqpbfjacxswbpzioe/Build/Intermediates.noindex/Clerk.build/Debug-iphonesimulator/Clerk_Clerk.build/zh-Hans.lproj/Localizable.strings:1:1: note: detected encoding of input file as Unicode (UTF-8) (in target 'Clerk_Clerk' from project 'Clerk')

CopyStringsFile /Users/nathanfennel/Library/Developer/Xcode/DerivedData/CardOnCue-fafaiynmhqufqpbfjacxswbpzioe/Build/Products/Debug-iphonesimulator/Clerk_Clerk.bundle/fr.lproj/Localizable.strings /Users/nathanfennel/Library/Developer/Xcode/DerivedData/CardOnCue-fafaiynmhqufqpbfjacxswbpzioe/Build/Intermediates.noindex/Clerk.build/Debug-iphonesimulator/Clerk_Clerk.build/fr.lproj/Localizable.strings (in target 'Clerk_Clerk' from project 'Clerk')
    cd /Users/nathanfennel/Library/Developer/Xcode/DerivedData/CardOnCue-fafaiynmhqufqpbfjacxswbpzioe/SourcePackages/checkouts/clerk-ios
    builtin-copyStrings --validate --outputencoding binary --outfilename Localizable.strings --outdir /Users/nathanfennel/Library/Developer/Xcode/DerivedData/CardOnCue-fafaiynmhqufqpbfjacxswbpzioe/Build/Products/Debug-iphonesimulator/Clerk_Clerk.bundle/fr.lproj -- /Users/nathanfennel/Library/Developer/Xcode/DerivedData/CardOnCue-fafaiynmhqufqpbfjacxswbpzioe/Build/Intermediates.noindex/Clerk.build/Debug-iphonesimulator/Clerk_Clerk.build/fr.lproj/Localizable.strings
/Users/nathanfennel/Library/Developer/Xcode/DerivedData/CardOnCue-fafaiynmhqufqpbfjacxswbpzioe/Build/Intermediates.noindex/Clerk.build/Debug-iphonesimulator/Clerk_Clerk.build/fr.lproj/Localizable.strings:1:1: note: detected encoding of input file as Unicode (UTF-8) (in target 'Clerk_Clerk' from project 'Clerk')

CopyStringsFile /Users/nathanfennel/Library/Developer/Xcode/DerivedData/CardOnCue-fafaiynmhqufqpbfjacxswbpzioe/Build/Products/Debug-iphonesimulator/Clerk_Clerk.bundle/it.lproj/Localizable.strings /Users/nathanfennel/Library/Developer/Xcode/DerivedData/CardOnCue-fafaiynmhqufqpbfjacxswbpzioe/Build/Intermediates.noindex/Clerk.build/Debug-iphonesimulator/Clerk_Clerk.build/it.lproj/Localizable.strings (in target 'Clerk_Clerk' from project 'Clerk')
    cd /Users/nathanfennel/Library/Developer/Xcode/DerivedData/CardOnCue-fafaiynmhqufqpbfjacxswbpzioe/SourcePackages/checkouts/clerk-ios
    builtin-copyStrings --validate --outputencoding binary --outfilename Localizable.strings --outdir /Users/nathanfennel/Library/Developer/Xcode/DerivedData/CardOnCue-fafaiynmhqufqpbfjacxswbpzioe/Build/Products/Debug-iphonesimulator/Clerk_Clerk.bundle/it.lproj -- /Users/nathanfennel/Library/Developer/Xcode/DerivedData/CardOnCue-fafaiynmhqufqpbfjacxswbpzioe/Build/Intermediates.noindex/Clerk.build/Debug-iphonesimulator/Clerk_Clerk.build/it.lproj/Localizable.strings
/Users/nathanfennel/Library/Developer/Xcode/DerivedData/CardOnCue-fafaiynmhqufqpbfjacxswbpzioe/Build/Intermediates.noindex/Clerk.build/Debug-iphonesimulator/Clerk_Clerk.build/it.lproj/Localizable.strings:1:1: note: detected encoding of input file as Unicode (UTF-8) (in target 'Clerk_Clerk' from project 'Clerk')

CopyStringsFile /Users/nathanfennel/Library/Developer/Xcode/DerivedData/CardOnCue-fafaiynmhqufqpbfjacxswbpzioe/Build/Products/Debug-iphonesimulator/Clerk_Clerk.bundle/el.lproj/Localizable.strings /Users/nathanfennel/Library/Developer/Xcode/DerivedData/CardOnCue-fafaiynmhqufqpbfjacxswbpzioe/Build/Intermediates.noindex/Clerk.build/Debug-iphonesimulator/Clerk_Clerk.build/el.lproj/Localizable.strings (in target 'Clerk_Clerk' from project 'Clerk')
    cd /Users/nathanfennel/Library/Developer/Xcode/DerivedData/CardOnCue-fafaiynmhqufqpbfjacxswbpzioe/SourcePackages/checkouts/clerk-ios
    builtin-copyStrings --validate --outputencoding binary --outfilename Localizable.strings --outdir /Users/nathanfennel/Library/Developer/Xcode/DerivedData/CardOnCue-fafaiynmhqufqpbfjacxswbpzioe/Build/Products/Debug-iphonesimulator/Clerk_Clerk.bundle/el.lproj -- /Users/nathanfennel/Library/Developer/Xcode/DerivedData/CardOnCue-fafaiynmhqufqpbfjacxswbpzioe/Build/Intermediates.noindex/Clerk.build/Debug-iphonesimulator/Clerk_Clerk.build/el.lproj/Localizable.strings
/Users/nathanfennel/Library/Developer/Xcode/DerivedData/CardOnCue-fafaiynmhqufqpbfjacxswbpzioe/Build/Intermediates.noindex/Clerk.build/Debug-iphonesimulator/Clerk_Clerk.build/el.lproj/Localizable.strings:1:1: note: detected encoding of input file as Unicode (UTF-8) (in target 'Clerk_Clerk' from project 'Clerk')

CopyStringsFile /Users/nathanfennel/Library/Developer/Xcode/DerivedData/CardOnCue-fafaiynmhqufqpbfjacxswbpzioe/Build/Products/Debug-iphonesimulator/Clerk_Clerk.bundle/ja.lproj/Localizable.strings /Users/nathanfennel/Library/Developer/Xcode/DerivedData/CardOnCue-fafaiynmhqufqpbfjacxswbpzioe/Build/Intermediates.noindex/Clerk.build/Debug-iphonesimulator/Clerk_Clerk.build/ja.lproj/Localizable.strings (in target 'Clerk_Clerk' from project 'Clerk')
    cd /Users/nathanfennel/Library/Developer/Xcode/DerivedData/CardOnCue-fafaiynmhqufqpbfjacxswbpzioe/SourcePackages/checkouts/clerk-ios
    builtin-copyStrings --validate --outputencoding binary --outfilename Localizable.strings --outdir /Users/nathanfennel/Library/Developer/Xcode/DerivedData/CardOnCue-fafaiynmhqufqpbfjacxswbpzioe/Build/Products/Debug-iphonesimulator/Clerk_Clerk.bundle/ja.lproj -- /Users/nathanfennel/Library/Developer/Xcode/DerivedData/CardOnCue-fafaiynmhqufqpbfjacxswbpzioe/Build/Intermediates.noindex/Clerk.build/Debug-iphonesimulator/Clerk_Clerk.build/ja.lproj/Localizable.strings
/Users/nathanfennel/Library/Developer/Xcode/DerivedData/CardOnCue-fafaiynmhqufqpbfjacxswbpzioe/Build/Intermediates.noindex/Clerk.build/Debug-iphonesimulator/Clerk_Clerk.build/ja.lproj/Localizable.strings:1:1: note: detected encoding of input file as Unicode (UTF-8) (in target 'Clerk_Clerk' from project 'Clerk')

CopyStringsFile /Users/nathanfennel/Library/Developer/Xcode/DerivedData/CardOnCue-fafaiynmhqufqpbfjacxswbpzioe/Build/Products/Debug-iphonesimulator/Clerk_Clerk.bundle/hi.lproj/Localizable.strings /Users/nathanfennel/Library/Developer/Xcode/DerivedData/CardOnCue-fafaiynmhqufqpbfjacxswbpzioe/Build/Intermediates.noindex/Clerk.build/Debug-iphonesimulator/Clerk_Clerk.build/hi.lproj/Localizable.strings (in target 'Clerk_Clerk' from project 'Clerk')
    cd /Users/nathanfennel/Library/Developer/Xcode/DerivedData/CardOnCue-fafaiynmhqufqpbfjacxswbpzioe/SourcePackages/checkouts/clerk-ios
    builtin-copyStrings --validate --outputencoding binary --outfilename Localizable.strings --outdir /Users/nathanfennel/Library/Developer/Xcode/DerivedData/CardOnCue-fafaiynmhqufqpbfjacxswbpzioe/Build/Products/Debug-iphonesimulator/Clerk_Clerk.bundle/hi.lproj -- /Users/nathanfennel/Library/Developer/Xcode/DerivedData/CardOnCue-fafaiynmhqufqpbfjacxswbpzioe/Build/Intermediates.noindex/Clerk.build/Debug-iphonesimulator/Clerk_Clerk.build/hi.lproj/Localizable.strings
/Users/nathanfennel/Library/Developer/Xcode/DerivedData/CardOnCue-fafaiynmhqufqpbfjacxswbpzioe/Build/Intermediates.noindex/Clerk.build/Debug-iphonesimulator/Clerk_Clerk.build/hi.lproj/Localizable.strings:1:1: note: detected encoding of input file as Unicode (UTF-8) (in target 'Clerk_Clerk' from project 'Clerk')

CopyStringsFile /Users/nathanfennel/Library/Developer/Xcode/DerivedData/CardOnCue-fafaiynmhqufqpbfjacxswbpzioe/Build/Products/Debug-iphonesimulator/Clerk_Clerk.bundle/ko.lproj/Localizable.strings /Users/nathanfennel/Library/Developer/Xcode/DerivedData/CardOnCue-fafaiynmhqufqpbfjacxswbpzioe/Build/Intermediates.noindex/Clerk.build/Debug-iphonesimulator/Clerk_Clerk.build/ko.lproj/Localizable.strings (in target 'Clerk_Clerk' from project 'Clerk')
    cd /Users/nathanfennel/Library/Developer/Xcode/DerivedData/CardOnCue-fafaiynmhqufqpbfjacxswbpzioe/SourcePackages/checkouts/clerk-ios
    builtin-copyStrings --validate --outputencoding binary --outfilename Localizable.strings --outdir /Users/nathanfennel/Library/Developer/Xcode/DerivedData/CardOnCue-fafaiynmhqufqpbfjacxswbpzioe/Build/Products/Debug-iphonesimulator/Clerk_Clerk.bundle/ko.lproj -- /Users/nathanfennel/Library/Developer/Xcode/DerivedData/CardOnCue-fafaiynmhqufqpbfjacxswbpzioe/Build/Intermediates.noindex/Clerk.build/Debug-iphonesimulator/Clerk_Clerk.build/ko.lproj/Localizable.strings
/Users/nathanfennel/Library/Developer/Xcode/DerivedData/CardOnCue-fafaiynmhqufqpbfjacxswbpzioe/Build/Intermediates.noindex/Clerk.build/Debug-iphonesimulator/Clerk_Clerk.build/ko.lproj/Localizable.strings:1:1: note: detected encoding of input file as Unicode (UTF-8) (in target 'Clerk_Clerk' from project 'Clerk')

CopyStringsFile /Users/nathanfennel/Library/Developer/Xcode/DerivedData/CardOnCue-fafaiynmhqufqpbfjacxswbpzioe/Build/Products/Debug-iphonesimulator/Clerk_Clerk.bundle/es.lproj/Localizable.strings /Users/nathanfennel/Library/Developer/Xcode/DerivedData/CardOnCue-fafaiynmhqufqpbfjacxswbpzioe/Build/Intermediates.noindex/Clerk.build/Debug-iphonesimulator/Clerk_Clerk.build/es.lproj/Localizable.strings (in target 'Clerk_Clerk' from project 'Clerk')
    cd /Users/nathanfennel/Library/Developer/Xcode/DerivedData/CardOnCue-fafaiynmhqufqpbfjacxswbpzioe/SourcePackages/checkouts/clerk-ios
    builtin-copyStrings --validate --outputencoding binary --outfilename Localizable.strings --outdir /Users/nathanfennel/Library/Developer/Xcode/DerivedData/CardOnCue-fafaiynmhqufqpbfjacxswbpzioe/Build/Products/Debug-iphonesimulator/Clerk_Clerk.bundle/es.lproj -- /Users/nathanfennel/Library/Developer/Xcode/DerivedData/CardOnCue-fafaiynmhqufqpbfjacxswbpzioe/Build/Intermediates.noindex/Clerk.build/Debug-iphonesimulator/Clerk_Clerk.build/es.lproj/Localizable.strings
/Users/nathanfennel/Library/Developer/Xcode/DerivedData/CardOnCue-fafaiynmhqufqpbfjacxswbpzioe/Build/Intermediates.noindex/Clerk.build/Debug-iphonesimulator/Clerk_Clerk.build/es.lproj/Localizable.strings:1:1: note: detected encoding of input file as Unicode (UTF-8) (in target 'Clerk_Clerk' from project 'Clerk')

CopyStringsFile /Users/nathanfennel/Library/Developer/Xcode/DerivedData/CardOnCue-fafaiynmhqufqpbfjacxswbpzioe/Build/Products/Debug-iphonesimulator/Clerk_Clerk.bundle/en.lproj/Localizable.strings /Users/nathanfennel/Library/Developer/Xcode/DerivedData/CardOnCue-fafaiynmhqufqpbfjacxswbpzioe/Build/Intermediates.noindex/Clerk.build/Debug-iphonesimulator/Clerk_Clerk.build/en.lproj/Localizable.strings (in target 'Clerk_Clerk' from project 'Clerk')
    cd /Users/nathanfennel/Library/Developer/Xcode/DerivedData/CardOnCue-fafaiynmhqufqpbfjacxswbpzioe/SourcePackages/checkouts/clerk-ios
    builtin-copyStrings --validate --outputencoding binary --outfilename Localizable.strings --outdir /Users/nathanfennel/Library/Developer/Xcode/DerivedData/CardOnCue-fafaiynmhqufqpbfjacxswbpzioe/Build/Products/Debug-iphonesimulator/Clerk_Clerk.bundle/en.lproj -- /Users/nathanfennel/Library/Developer/Xcode/DerivedData/CardOnCue-fafaiynmhqufqpbfjacxswbpzioe/Build/Intermediates.noindex/Clerk.build/Debug-iphonesimulator/Clerk_Clerk.build/en.lproj/Localizable.strings
/Users/nathanfennel/Library/Developer/Xcode/DerivedData/CardOnCue-fafaiynmhqufqpbfjacxswbpzioe/Build/Intermediates.noindex/Clerk.build/Debug-iphonesimulator/Clerk_Clerk.build/en.lproj/Localizable.strings:1:1: note: detected encoding of input file as Unicode (UTF-8) (in target 'Clerk_Clerk' from project 'Clerk')

CopyStringsFile /Users/nathanfennel/Library/Developer/Xcode/DerivedData/CardOnCue-fafaiynmhqufqpbfjacxswbpzioe/Build/Products/Debug-iphonesimulator/Clerk_Clerk.bundle/de.lproj/Localizable.strings /Users/nathanfennel/Library/Developer/Xcode/DerivedData/CardOnCue-fafaiynmhqufqpbfjacxswbpzioe/Build/Intermediates.noindex/Clerk.build/Debug-iphonesimulator/Clerk_Clerk.build/de.lproj/Localizable.strings (in target 'Clerk_Clerk' from project 'Clerk')
    cd /Users/nathanfennel/Library/Developer/Xcode/DerivedData/CardOnCue-fafaiynmhqufqpbfjacxswbpzioe/SourcePackages/checkouts/clerk-ios
    builtin-copyStrings --validate --outputencoding binary --outfilename Localizable.strings --outdir /Users/nathanfennel/Library/Developer/Xcode/DerivedData/CardOnCue-fafaiynmhqufqpbfjacxswbpzioe/Build/Products/Debug-iphonesimulator/Clerk_Clerk.bundle/de.lproj -- /Users/nathanfennel/Library/Developer/Xcode/DerivedData/CardOnCue-fafaiynmhqufqpbfjacxswbpzioe/Build/Intermediates.noindex/Clerk.build/Debug-iphonesimulator/Clerk_Clerk.build/de.lproj/Localizable.strings
/Users/nathanfennel/Library/Developer/Xcode/DerivedData/CardOnCue-fafaiynmhqufqpbfjacxswbpzioe/Build/Intermediates.noindex/Clerk.build/Debug-iphonesimulator/Clerk_Clerk.build/de.lproj/Localizable.strings:1:1: note: detected encoding of input file as Unicode (UTF-8) (in target 'Clerk_Clerk' from project 'Clerk')

CopyStringsFile /Users/nathanfennel/Library/Developer/Xcode/DerivedData/CardOnCue-fafaiynmhqufqpbfjacxswbpzioe/Build/Products/Debug-iphonesimulator/Clerk_Clerk.bundle/ar.lproj/Localizable.strings /Users/nathanfennel/Library/Developer/Xcode/DerivedData/CardOnCue-fafaiynmhqufqpbfjacxswbpzioe/Build/Intermediates.noindex/Clerk.build/Debug-iphonesimulator/Clerk_Clerk.build/ar.lproj/Localizable.strings (in target 'Clerk_Clerk' from project 'Clerk')
    cd /Users/nathanfennel/Library/Developer/Xcode/DerivedData/CardOnCue-fafaiynmhqufqpbfjacxswbpzioe/SourcePackages/checkouts/clerk-ios
    builtin-copyStrings --validate --outputencoding binary --outfilename Localizable.strings --outdir /Users/nathanfennel/Library/Developer/Xcode/DerivedData/CardOnCue-fafaiynmhqufqpbfjacxswbpzioe/Build/Products/Debug-iphonesimulator/Clerk_Clerk.bundle/ar.lproj -- /Users/nathanfennel/Library/Developer/Xcode/DerivedData/CardOnCue-fafaiynmhqufqpbfjacxswbpzioe/Build/Intermediates.noindex/Clerk.build/Debug-iphonesimulator/Clerk_Clerk.build/ar.lproj/Localizable.strings
/Users/nathanfennel/Library/Developer/Xcode/DerivedData/CardOnCue-fafaiynmhqufqpbfjacxswbpzioe/Build/Intermediates.noindex/Clerk.build/Debug-iphonesimulator/Clerk_Clerk.build/ar.lproj/Localizable.strings:1:1: note: detected encoding of input file as Unicode (UTF-8) (in target 'Clerk_Clerk' from project 'Clerk')

SwiftDriver SimpleKeychain normal arm64 com.apple.xcode.tools.swift.compiler (in target 'SimpleKeychain' from project 'SimpleKeychain')
    cd /Users/nathanfennel/Documents/GitHub/CardOnCue/CardOnCue.xcodeproj
    builtin-SwiftDriver -- /Applications/Xcode.app/Contents/Developer/Toolchains/XcodeDefault.xctoolchain/usr/bin/swiftc -module-name SimpleKeychain -Onone -enforce-exclusivity\=checked @/Users/nathanfennel/Library/Developer/Xcode/DerivedData/CardOnCue-fafaiynmhqufqpbfjacxswbpzioe/Build/Intermediates.noindex/SimpleKeychain.build/Debug-iphonesimulator/SimpleKeychain.build/Objects-normal/arm64/SimpleKeychain.SwiftFileList -DSWIFT_PACKAGE -DDEBUG -DSWIFT_MODULE_RESOURCE_BUNDLE_UNAVAILABLE -DXcode -plugin-path /Applications/Xcode.app/Contents/Developer/Toolchains/XcodeDefault.xctoolchain/usr/lib/swift/host/plugins/testing -enable-experimental-feature DebugDescriptionMacro -sdk /Applications/Xcode.app/Contents/Developer/Platforms/iPhoneSimulator.platform/Developer/SDKs/iPhoneSimulator26.2.sdk -target arm64-apple-ios14.0-simulator -g -module-cache-path /Users/nathanfennel/Library/Developer/Xcode/DerivedData/ModuleCache.noindex -Xfrontend -serialize-debugging-options -profile-coverage-mapping -profile-generate -enable-testing -suppress-warnings -index-store-path /Users/nathanfennel/Library/Developer/Xcode/DerivedData/CardOnCue-fafaiynmhqufqpbfjacxswbpzioe/Index.noindex/DataStore -Xcc -D_LIBCPP_HARDENING_MODE\=_LIBCPP_HARDENING_MODE_DEBUG -swift-version 5 -I /Users/nathanfennel/Library/Developer/Xcode/DerivedData/CardOnCue-fafaiynmhqufqpbfjacxswbpzioe/Build/Products/Debug-iphonesimulator -Isystem /Applications/Xcode.app/Contents/Developer/Platforms/iPhoneSimulator.platform/Developer/usr/lib -F /Users/nathanfennel/Library/Developer/Xcode/DerivedData/CardOnCue-fafaiynmhqufqpbfjacxswbpzioe/Build/Products/Debug-iphonesimulator -F /Applications/Xcode.app/Contents/Developer/Platforms/iPhoneSimulator.platform/Developer/Library/Frameworks -F /Applications/Xcode.app/Contents/Developer/Platforms/iPhoneSimulator.platform/Developer/SDKs/iPhoneSimulator26.2.sdk/Developer/Library/Frameworks -c -j8 -enable-batch-mode -incremental -Xcc -ivfsstatcache -Xcc /Users/nathanfennel/Library/Developer/Xcode/DerivedData/SDKStatCaches.noindex/iphonesimulator26.2-23C53-7d00a8b37fbd7999ea79df8ebc024bf0.sdkstatcache -output-file-map /Users/nathanfennel/Library/Developer/Xcode/DerivedData/CardOnCue-fafaiynmhqufqpbfjacxswbpzioe/Build/Intermediates.noindex/SimpleKeychain.build/Debug-iphonesimulator/SimpleKeychain.build/Objects-normal/arm64/SimpleKeychain-OutputFileMap.json -use-frontend-parseable-output -save-temps -no-color-diagnostics -explicit-module-build -module-cache-path /Users/nathanfennel/Library/Developer/Xcode/DerivedData/CardOnCue-fafaiynmhqufqpbfjacxswbpzioe/Build/Intermediates.noindex/SwiftExplicitPrecompiledModules -clang-scanner-module-cache-path /Users/nathanfennel/Library/Developer/Xcode/DerivedData/ModuleCache.noindex -sdk-module-cache-path /Users/nathanfennel/Library/Developer/Xcode/DerivedData/ModuleCache.noindex -serialize-diagnostics -emit-dependencies -emit-module -emit-module-path /Users/nathanfennel/Library/Developer/Xcode/DerivedData/CardOnCue-fafaiynmhqufqpbfjacxswbpzioe/Build/Intermediates.noindex/SimpleKeychain.build/Debug-iphonesimulator/SimpleKeychain.build/Objects-normal/arm64/SimpleKeychain.swiftmodule -validate-clang-modules-once -clang-build-session-file /Users/nathanfennel/Library/Developer/Xcode/DerivedData/ModuleCache.noindex/Session.modulevalidation -package-name simplekeychain -Xcc -I/Users/nathanfennel/Library/Developer/Xcode/DerivedData/CardOnCue-fafaiynmhqufqpbfjacxswbpzioe/Build/Intermediates.noindex/SimpleKeychain.build/Debug-iphonesimulator/SimpleKeychain.build/swift-overrides.hmap -emit-const-values -Xfrontend -const-gather-protocols-file -Xfrontend /Users/nathanfennel/Library/Developer/Xcode/DerivedData/CardOnCue-fafaiynmhqufqpbfjacxswbpzioe/Build/Intermediates.noindex/SimpleKeychain.build/Debug-iphonesimulator/SimpleKeychain.build/Objects-normal/arm64/SimpleKeychain_const_extract_protocols.json -Xcc -I/Users/nathanfennel/Library/Developer/Xcode/DerivedData/CardOnCue-fafaiynmhqufqpbfjacxswbpzioe/Build/Products/Debug-iphonesimulator/include -Xcc -I/Users/nathanfennel/Library/Developer/Xcode/DerivedData/CardOnCue-fafaiynmhqufqpbfjacxswbpzioe/Build/Intermediates.noindex/SimpleKeychain.build/Debug-iphonesimulator/SimpleKeychain.build/DerivedSources-normal/arm64 -Xcc -I/Users/nathanfennel/Library/Developer/Xcode/DerivedData/CardOnCue-fafaiynmhqufqpbfjacxswbpzioe/Build/Intermediates.noindex/SimpleKeychain.build/Debug-iphonesimulator/SimpleKeychain.build/DerivedSources/arm64 -Xcc -I/Users/nathanfennel/Library/Developer/Xcode/DerivedData/CardOnCue-fafaiynmhqufqpbfjacxswbpzioe/Build/Intermediates.noindex/SimpleKeychain.build/Debug-iphonesimulator/SimpleKeychain.build/DerivedSources -Xcc -DSWIFT_PACKAGE -Xcc -DDEBUG\=1 -emit-objc-header -emit-objc-header-path /Users/nathanfennel/Library/Developer/Xcode/DerivedData/CardOnCue-fafaiynmhqufqpbfjacxswbpzioe/Build/Intermediates.noindex/SimpleKeychain.build/Debug-iphonesimulator/SimpleKeychain.build/Objects-normal/arm64/SimpleKeychain-Swift.h -working-directory /Users/nathanfennel/Documents/GitHub/CardOnCue/CardOnCue.xcodeproj -experimental-emit-module-separately -disable-cmo

SwiftDriver FactoryKit normal arm64 com.apple.xcode.tools.swift.compiler (in target 'FactoryKit' from project 'Factory')
    cd /Users/nathanfennel/Documents/GitHub/CardOnCue/CardOnCue.xcodeproj
    builtin-SwiftDriver -- /Applications/Xcode.app/Contents/Developer/Toolchains/XcodeDefault.xctoolchain/usr/bin/swiftc -module-name FactoryKit -Onone -enforce-exclusivity\=checked @/Users/nathanfennel/Library/Developer/Xcode/DerivedData/CardOnCue-fafaiynmhqufqpbfjacxswbpzioe/Build/Intermediates.noindex/Factory.build/Debug-iphonesimulator/FactoryKit.build/Objects-normal/arm64/FactoryKit.SwiftFileList -DSWIFT_PACKAGE -DDEBUG -DSWIFT_MODULE_RESOURCE_BUNDLE_AVAILABLE -DXcode -enable-experimental-feature StrictConcurrency -plugin-path /Applications/Xcode.app/Contents/Developer/Toolchains/XcodeDefault.xctoolchain/usr/lib/swift/host/plugins/testing -enable-experimental-feature DebugDescriptionMacro -sdk /Applications/Xcode.app/Contents/Developer/Platforms/iPhoneSimulator.platform/Developer/SDKs/iPhoneSimulator26.2.sdk -target arm64-apple-ios13.0-simulator -g -module-cache-path /Users/nathanfennel/Library/Developer/Xcode/DerivedData/ModuleCache.noindex -Xfrontend -serialize-debugging-options -profile-coverage-mapping -profile-generate -enable-testing -suppress-warnings -index-store-path /Users/nathanfennel/Library/Developer/Xcode/DerivedData/CardOnCue-fafaiynmhqufqpbfjacxswbpzioe/Index.noindex/DataStore -Xcc -D_LIBCPP_HARDENING_MODE\=_LIBCPP_HARDENING_MODE_DEBUG -swift-version 6 -I /Users/nathanfennel/Library/Developer/Xcode/DerivedData/CardOnCue-fafaiynmhqufqpbfjacxswbpzioe/Build/Products/Debug-iphonesimulator -Isystem /Applications/Xcode.app/Contents/Developer/Platforms/iPhoneSimulator.platform/Developer/usr/lib -F /Users/nathanfennel/Library/Developer/Xcode/DerivedData/CardOnCue-fafaiynmhqufqpbfjacxswbpzioe/Build/Products/Debug-iphonesimulator -F /Applications/Xcode.app/Contents/Developer/Platforms/iPhoneSimulator.platform/Developer/Library/Frameworks -F /Applications/Xcode.app/Contents/Developer/Platforms/iPhoneSimulator.platform/Developer/SDKs/iPhoneSimulator26.2.sdk/Developer/Library/Frameworks -c -j8 -enable-batch-mode -incremental -Xcc -ivfsstatcache -Xcc /Users/nathanfennel/Library/Developer/Xcode/DerivedData/SDKStatCaches.noindex/iphonesimulator26.2-23C53-7d00a8b37fbd7999ea79df8ebc024bf0.sdkstatcache -output-file-map /Users/nathanfennel/Library/Developer/Xcode/DerivedData/CardOnCue-fafaiynmhqufqpbfjacxswbpzioe/Build/Intermediates.noindex/Factory.build/Debug-iphonesimulator/FactoryKit.build/Objects-normal/arm64/FactoryKit-OutputFileMap.json -use-frontend-parseable-output -save-temps -no-color-diagnostics -explicit-module-build -module-cache-path /Users/nathanfennel/Library/Developer/Xcode/DerivedData/CardOnCue-fafaiynmhqufqpbfjacxswbpzioe/Build/Intermediates.noindex/SwiftExplicitPrecompiledModules -clang-scanner-module-cache-path /Users/nathanfennel/Library/Developer/Xcode/DerivedData/ModuleCache.noindex -sdk-module-cache-path /Users/nathanfennel/Library/Developer/Xcode/DerivedData/ModuleCache.noindex -serialize-diagnostics -emit-dependencies -emit-module -emit-module-path /Users/nathanfennel/Library/Developer/Xcode/DerivedData/CardOnCue-fafaiynmhqufqpbfjacxswbpzioe/Build/Intermediates.noindex/Factory.build/Debug-iphonesimulator/FactoryKit.build/Objects-normal/arm64/FactoryKit.swiftmodule -validate-clang-modules-once -clang-build-session-file /Users/nathanfennel/Library/Developer/Xcode/DerivedData/ModuleCache.noindex/Session.modulevalidation -package-name factory -Xcc -I/Users/nathanfennel/Library/Developer/Xcode/DerivedData/CardOnCue-fafaiynmhqufqpbfjacxswbpzioe/Build/Intermediates.noindex/Factory.build/Debug-iphonesimulator/FactoryKit.build/swift-overrides.hmap -emit-const-values -Xfrontend -const-gather-protocols-file -Xfrontend /Users/nathanfennel/Library/Developer/Xcode/DerivedData/CardOnCue-fafaiynmhqufqpbfjacxswbpzioe/Build/Intermediates.noindex/Factory.build/Debug-iphonesimulator/FactoryKit.build/Objects-normal/arm64/FactoryKit_const_extract_protocols.json -Xcc -I/Users/nathanfennel/Library/Developer/Xcode/DerivedData/CardOnCue-fafaiynmhqufqpbfjacxswbpzioe/Build/Products/Debug-iphonesimulator/include -Xcc -I/Users/nathanfennel/Library/Developer/Xcode/DerivedData/CardOnCue-fafaiynmhqufqpbfjacxswbpzioe/Build/Intermediates.noindex/Factory.build/Debug-iphonesimulator/FactoryKit.build/DerivedSources-normal/arm64 -Xcc -I/Users/nathanfennel/Library/Developer/Xcode/DerivedData/CardOnCue-fafaiynmhqufqpbfjacxswbpzioe/Build/Intermediates.noindex/Factory.build/Debug-iphonesimulator/FactoryKit.build/DerivedSources/arm64 -Xcc -I/Users/nathanfennel/Library/Developer/Xcode/DerivedData/CardOnCue-fafaiynmhqufqpbfjacxswbpzioe/Build/Intermediates.noindex/Factory.build/Debug-iphonesimulator/FactoryKit.build/DerivedSources -Xcc -DSWIFT_PACKAGE -Xcc -DDEBUG\=1 -emit-objc-header -emit-objc-header-path /Users/nathanfennel/Library/Developer/Xcode/DerivedData/CardOnCue-fafaiynmhqufqpbfjacxswbpzioe/Build/Intermediates.noindex/Factory.build/Debug-iphonesimulator/FactoryKit.build/Objects-normal/arm64/FactoryKit-Swift.h -working-directory /Users/nathanfennel/Documents/GitHub/CardOnCue/CardOnCue.xcodeproj -experimental-emit-module-separately -disable-cmo

SwiftDriver Get normal arm64 com.apple.xcode.tools.swift.compiler (in target 'Get' from project 'Get')
    cd /Users/nathanfennel/Documents/GitHub/CardOnCue/CardOnCue.xcodeproj
    builtin-SwiftDriver -- /Applications/Xcode.app/Contents/Developer/Toolchains/XcodeDefault.xctoolchain/usr/bin/swiftc -module-name Get -Onone -enforce-exclusivity\=checked @/Users/nathanfennel/Library/Developer/Xcode/DerivedData/CardOnCue-fafaiynmhqufqpbfjacxswbpzioe/Build/Intermediates.noindex/Get.build/Debug-iphonesimulator/Get.build/Objects-normal/arm64/Get.SwiftFileList -DSWIFT_PACKAGE -DDEBUG -DSWIFT_MODULE_RESOURCE_BUNDLE_UNAVAILABLE -DXcode -plugin-path /Applications/Xcode.app/Contents/Developer/Toolchains/XcodeDefault.xctoolchain/usr/lib/swift/host/plugins/testing -enable-experimental-feature DebugDescriptionMacro -sdk /Applications/Xcode.app/Contents/Developer/Platforms/iPhoneSimulator.platform/Developer/SDKs/iPhoneSimulator26.2.sdk -target arm64-apple-ios13.0-simulator -g -module-cache-path /Users/nathanfennel/Library/Developer/Xcode/DerivedData/ModuleCache.noindex -Xfrontend -serialize-debugging-options -profile-coverage-mapping -profile-generate -enable-testing -suppress-warnings -index-store-path /Users/nathanfennel/Library/Developer/Xcode/DerivedData/CardOnCue-fafaiynmhqufqpbfjacxswbpzioe/Index.noindex/DataStore -Xcc -D_LIBCPP_HARDENING_MODE\=_LIBCPP_HARDENING_MODE_DEBUG -swift-version 5 -I /Users/nathanfennel/Library/Developer/Xcode/DerivedData/CardOnCue-fafaiynmhqufqpbfjacxswbpzioe/Build/Products/Debug-iphonesimulator -Isystem /Applications/Xcode.app/Contents/Developer/Platforms/iPhoneSimulator.platform/Developer/usr/lib -F /Users/nathanfennel/Library/Developer/Xcode/DerivedData/CardOnCue-fafaiynmhqufqpbfjacxswbpzioe/Build/Products/Debug-iphonesimulator -F /Applications/Xcode.app/Contents/Developer/Platforms/iPhoneSimulator.platform/Developer/Library/Frameworks -F /Applications/Xcode.app/Contents/Developer/Platforms/iPhoneSimulator.platform/Developer/SDKs/iPhoneSimulator26.2.sdk/Developer/Library/Frameworks -c -j8 -enable-batch-mode -incremental -Xcc -ivfsstatcache -Xcc /Users/nathanfennel/Library/Developer/Xcode/DerivedData/SDKStatCaches.noindex/iphonesimulator26.2-23C53-7d00a8b37fbd7999ea79df8ebc024bf0.sdkstatcache -output-file-map /Users/nathanfennel/Library/Developer/Xcode/DerivedData/CardOnCue-fafaiynmhqufqpbfjacxswbpzioe/Build/Intermediates.noindex/Get.build/Debug-iphonesimulator/Get.build/Objects-normal/arm64/Get-OutputFileMap.json -use-frontend-parseable-output -save-temps -no-color-diagnostics -explicit-module-build -module-cache-path /Users/nathanfennel/Library/Developer/Xcode/DerivedData/CardOnCue-fafaiynmhqufqpbfjacxswbpzioe/Build/Intermediates.noindex/SwiftExplicitPrecompiledModules -clang-scanner-module-cache-path /Users/nathanfennel/Library/Developer/Xcode/DerivedData/ModuleCache.noindex -sdk-module-cache-path /Users/nathanfennel/Library/Developer/Xcode/DerivedData/ModuleCache.noindex -serialize-diagnostics -emit-dependencies -emit-module -emit-module-path /Users/nathanfennel/Library/Developer/Xcode/DerivedData/CardOnCue-fafaiynmhqufqpbfjacxswbpzioe/Build/Intermediates.noindex/Get.build/Debug-iphonesimulator/Get.build/Objects-normal/arm64/Get.swiftmodule -validate-clang-modules-once -clang-build-session-file /Users/nathanfennel/Library/Developer/Xcode/DerivedData/ModuleCache.noindex/Session.modulevalidation -Xcc -I/Users/nathanfennel/Library/Developer/Xcode/DerivedData/CardOnCue-fafaiynmhqufqpbfjacxswbpzioe/Build/Intermediates.noindex/Get.build/Debug-iphonesimulator/Get.build/swift-overrides.hmap -emit-const-values -Xfrontend -const-gather-protocols-file -Xfrontend /Users/nathanfennel/Library/Developer/Xcode/DerivedData/CardOnCue-fafaiynmhqufqpbfjacxswbpzioe/Build/Intermediates.noindex/Get.build/Debug-iphonesimulator/Get.build/Objects-normal/arm64/Get_const_extract_protocols.json -Xcc -I/Users/nathanfennel/Library/Developer/Xcode/DerivedData/CardOnCue-fafaiynmhqufqpbfjacxswbpzioe/Build/Products/Debug-iphonesimulator/include -Xcc -I/Users/nathanfennel/Library/Developer/Xcode/DerivedData/CardOnCue-fafaiynmhqufqpbfjacxswbpzioe/Build/Intermediates.noindex/Get.build/Debug-iphonesimulator/Get.build/DerivedSources-normal/arm64 -Xcc -I/Users/nathanfennel/Library/Developer/Xcode/DerivedData/CardOnCue-fafaiynmhqufqpbfjacxswbpzioe/Build/Intermediates.noindex/Get.build/Debug-iphonesimulator/Get.build/DerivedSources/arm64 -Xcc -I/Users/nathanfennel/Library/Developer/Xcode/DerivedData/CardOnCue-fafaiynmhqufqpbfjacxswbpzioe/Build/Intermediates.noindex/Get.build/Debug-iphonesimulator/Get.build/DerivedSources -Xcc -DSWIFT_PACKAGE -Xcc -DDEBUG\=1 -emit-objc-header -emit-objc-header-path /Users/nathanfennel/Library/Developer/Xcode/DerivedData/CardOnCue-fafaiynmhqufqpbfjacxswbpzioe/Build/Intermediates.noindex/Get.build/Debug-iphonesimulator/Get.build/Objects-normal/arm64/Get-Swift.h -working-directory /Users/nathanfennel/Documents/GitHub/CardOnCue/CardOnCue.xcodeproj -experimental-emit-module-separately -disable-cmo

SwiftDriver Kingfisher normal arm64 com.apple.xcode.tools.swift.compiler (in target 'Kingfisher' from project 'Kingfisher')
    cd /Users/nathanfennel/Documents/GitHub/CardOnCue/CardOnCue.xcodeproj
    builtin-SwiftDriver -- /Applications/Xcode.app/Contents/Developer/Toolchains/XcodeDefault.xctoolchain/usr/bin/swiftc -module-name Kingfisher -Onone -enforce-exclusivity\=checked @/Users/nathanfennel/Library/Developer/Xcode/DerivedData/CardOnCue-fafaiynmhqufqpbfjacxswbpzioe/Build/Intermediates.noindex/Kingfisher.build/Debug-iphonesimulator/Kingfisher.build/Objects-normal/arm64/Kingfisher.SwiftFileList -DSWIFT_PACKAGE -DDEBUG -DSWIFT_MODULE_RESOURCE_BUNDLE_AVAILABLE -DXcode -plugin-path /Applications/Xcode.app/Contents/Developer/Toolchains/XcodeDefault.xctoolchain/usr/lib/swift/host/plugins/testing -enable-experimental-feature DebugDescriptionMacro -sdk /Applications/Xcode.app/Contents/Developer/Platforms/iPhoneSimulator.platform/Developer/SDKs/iPhoneSimulator26.2.sdk -target arm64-apple-ios13.0-simulator -g -module-cache-path /Users/nathanfennel/Library/Developer/Xcode/DerivedData/ModuleCache.noindex -Xfrontend -serialize-debugging-options -profile-coverage-mapping -profile-generate -enable-testing -suppress-warnings -index-store-path /Users/nathanfennel/Library/Developer/Xcode/DerivedData/CardOnCue-fafaiynmhqufqpbfjacxswbpzioe/Index.noindex/DataStore -Xcc -D_LIBCPP_HARDENING_MODE\=_LIBCPP_HARDENING_MODE_DEBUG -swift-version 5 -I /Users/nathanfennel/Library/Developer/Xcode/DerivedData/CardOnCue-fafaiynmhqufqpbfjacxswbpzioe/Build/Products/Debug-iphonesimulator -Isystem /Applications/Xcode.app/Contents/Developer/Platforms/iPhoneSimulator.platform/Developer/usr/lib -F /Users/nathanfennel/Library/Developer/Xcode/DerivedData/CardOnCue-fafaiynmhqufqpbfjacxswbpzioe/Build/Products/Debug-iphonesimulator -F /Applications/Xcode.app/Contents/Developer/Platforms/iPhoneSimulator.platform/Developer/Library/Frameworks -F /Applications/Xcode.app/Contents/Developer/Platforms/iPhoneSimulator.platform/Developer/SDKs/iPhoneSimulator26.2.sdk/Developer/Library/Frameworks -c -j8 -enable-batch-mode -incremental -Xcc -ivfsstatcache -Xcc /Users/nathanfennel/Library/Developer/Xcode/DerivedData/SDKStatCaches.noindex/iphonesimulator26.2-23C53-7d00a8b37fbd7999ea79df8ebc024bf0.sdkstatcache -output-file-map /Users/nathanfennel/Library/Developer/Xcode/DerivedData/CardOnCue-fafaiynmhqufqpbfjacxswbpzioe/Build/Intermediates.noindex/Kingfisher.build/Debug-iphonesimulator/Kingfisher.build/Objects-normal/arm64/Kingfisher-OutputFileMap.json -use-frontend-parseable-output -save-temps -no-color-diagnostics -explicit-module-build -module-cache-path /Users/nathanfennel/Library/Developer/Xcode/DerivedData/CardOnCue-fafaiynmhqufqpbfjacxswbpzioe/Build/Intermediates.noindex/SwiftExplicitPrecompiledModules -clang-scanner-module-cache-path /Users/nathanfennel/Library/Developer/Xcode/DerivedData/ModuleCache.noindex -sdk-module-cache-path /Users/nathanfennel/Library/Developer/Xcode/DerivedData/ModuleCache.noindex -serialize-diagnostics -emit-dependencies -emit-module -emit-module-path /Users/nathanfennel/Library/Developer/Xcode/DerivedData/CardOnCue-fafaiynmhqufqpbfjacxswbpzioe/Build/Intermediates.noindex/Kingfisher.build/Debug-iphonesimulator/Kingfisher.build/Objects-normal/arm64/Kingfisher.swiftmodule -validate-clang-modules-once -clang-build-session-file /Users/nathanfennel/Library/Developer/Xcode/DerivedData/ModuleCache.noindex/Session.modulevalidation -package-name kingfisher -Xcc -I/Users/nathanfennel/Library/Developer/Xcode/DerivedData/CardOnCue-fafaiynmhqufqpbfjacxswbpzioe/Build/Intermediates.noindex/Kingfisher.build/Debug-iphonesimulator/Kingfisher.build/swift-overrides.hmap -emit-const-values -Xfrontend -const-gather-protocols-file -Xfrontend /Users/nathanfennel/Library/Developer/Xcode/DerivedData/CardOnCue-fafaiynmhqufqpbfjacxswbpzioe/Build/Intermediates.noindex/Kingfisher.build/Debug-iphonesimulator/Kingfisher.build/Objects-normal/arm64/Kingfisher_const_extract_protocols.json -Xcc -I/Users/nathanfennel/Library/Developer/Xcode/DerivedData/CardOnCue-fafaiynmhqufqpbfjacxswbpzioe/Build/Products/Debug-iphonesimulator/include -Xcc -I/Users/nathanfennel/Library/Developer/Xcode/DerivedData/CardOnCue-fafaiynmhqufqpbfjacxswbpzioe/Build/Intermediates.noindex/Kingfisher.build/Debug-iphonesimulator/Kingfisher.build/DerivedSources-normal/arm64 -Xcc -I/Users/nathanfennel/Library/Developer/Xcode/DerivedData/CardOnCue-fafaiynmhqufqpbfjacxswbpzioe/Build/Intermediates.noindex/Kingfisher.build/Debug-iphonesimulator/Kingfisher.build/DerivedSources/arm64 -Xcc -I/Users/nathanfennel/Library/Developer/Xcode/DerivedData/CardOnCue-fafaiynmhqufqpbfjacxswbpzioe/Build/Intermediates.noindex/Kingfisher.build/Debug-iphonesimulator/Kingfisher.build/DerivedSources -Xcc -DSWIFT_PACKAGE -Xcc -DDEBUG\=1 -emit-objc-header -emit-objc-header-path /Users/nathanfennel/Library/Developer/Xcode/DerivedData/CardOnCue-fafaiynmhqufqpbfjacxswbpzioe/Build/Intermediates.noindex/Kingfisher.build/Debug-iphonesimulator/Kingfisher.build/Objects-normal/arm64/Kingfisher-Swift.h -working-directory /Users/nathanfennel/Documents/GitHub/CardOnCue/CardOnCue.xcodeproj -experimental-emit-module-separately -disable-cmo

SwiftDriver PhoneNumberKit normal arm64 com.apple.xcode.tools.swift.compiler (in target 'PhoneNumberKit' from project 'PhoneNumberKit')
    cd /Users/nathanfennel/Documents/GitHub/CardOnCue/CardOnCue.xcodeproj
    builtin-SwiftDriver -- /Applications/Xcode.app/Contents/Developer/Toolchains/XcodeDefault.xctoolchain/usr/bin/swiftc -module-name PhoneNumberKit -Onone -enforce-exclusivity\=checked @/Users/nathanfennel/Library/Developer/Xcode/DerivedData/CardOnCue-fafaiynmhqufqpbfjacxswbpzioe/Build/Intermediates.noindex/PhoneNumberKit.build/Debug-iphonesimulator/PhoneNumberKit.build/Objects-normal/arm64/PhoneNumberKit.SwiftFileList -DSWIFT_PACKAGE -DDEBUG -DSWIFT_MODULE_RESOURCE_BUNDLE_AVAILABLE -DXcode -plugin-path /Applications/Xcode.app/Contents/Developer/Toolchains/XcodeDefault.xctoolchain/usr/lib/swift/host/plugins/testing -enable-experimental-feature DebugDescriptionMacro -sdk /Applications/Xcode.app/Contents/Developer/Platforms/iPhoneSimulator.platform/Developer/SDKs/iPhoneSimulator26.2.sdk -target arm64-apple-ios12.0-simulator -g -module-cache-path /Users/nathanfennel/Library/Developer/Xcode/DerivedData/ModuleCache.noindex -Xfrontend -serialize-debugging-options -profile-coverage-mapping -profile-generate -enable-testing -suppress-warnings -index-store-path /Users/nathanfennel/Library/Developer/Xcode/DerivedData/CardOnCue-fafaiynmhqufqpbfjacxswbpzioe/Index.noindex/DataStore -Xcc -D_LIBCPP_HARDENING_MODE\=_LIBCPP_HARDENING_MODE_DEBUG -swift-version 5 -I /Users/nathanfennel/Library/Developer/Xcode/DerivedData/CardOnCue-fafaiynmhqufqpbfjacxswbpzioe/Build/Products/Debug-iphonesimulator -Isystem /Applications/Xcode.app/Contents/Developer/Platforms/iPhoneSimulator.platform/Developer/usr/lib -F /Users/nathanfennel/Library/Developer/Xcode/DerivedData/CardOnCue-fafaiynmhqufqpbfjacxswbpzioe/Build/Products/Debug-iphonesimulator -F /Applications/Xcode.app/Contents/Developer/Platforms/iPhoneSimulator.platform/Developer/Library/Frameworks -F /Applications/Xcode.app/Contents/Developer/Platforms/iPhoneSimulator.platform/Developer/SDKs/iPhoneSimulator26.2.sdk/Developer/Library/Frameworks -c -j8 -enable-batch-mode -incremental -Xcc -ivfsstatcache -Xcc /Users/nathanfennel/Library/Developer/Xcode/DerivedData/SDKStatCaches.noindex/iphonesimulator26.2-23C53-7d00a8b37fbd7999ea79df8ebc024bf0.sdkstatcache -output-file-map /Users/nathanfennel/Library/Developer/Xcode/DerivedData/CardOnCue-fafaiynmhqufqpbfjacxswbpzioe/Build/Intermediates.noindex/PhoneNumberKit.build/Debug-iphonesimulator/PhoneNumberKit.build/Objects-normal/arm64/PhoneNumberKit-OutputFileMap.json -use-frontend-parseable-output -save-temps -no-color-diagnostics -explicit-module-build -module-cache-path /Users/nathanfennel/Library/Developer/Xcode/DerivedData/CardOnCue-fafaiynmhqufqpbfjacxswbpzioe/Build/Intermediates.noindex/SwiftExplicitPrecompiledModules -clang-scanner-module-cache-path /Users/nathanfennel/Library/Developer/Xcode/DerivedData/ModuleCache.noindex -sdk-module-cache-path /Users/nathanfennel/Library/Developer/Xcode/DerivedData/ModuleCache.noindex -serialize-diagnostics -emit-dependencies -emit-module -emit-module-path /Users/nathanfennel/Library/Developer/Xcode/DerivedData/CardOnCue-fafaiynmhqufqpbfjacxswbpzioe/Build/Intermediates.noindex/PhoneNumberKit.build/Debug-iphonesimulator/PhoneNumberKit.build/Objects-normal/arm64/PhoneNumberKit.swiftmodule -validate-clang-modules-once -clang-build-session-file /Users/nathanfennel/Library/Developer/Xcode/DerivedData/ModuleCache.noindex/Session.modulevalidation -Xcc -I/Users/nathanfennel/Library/Developer/Xcode/DerivedData/CardOnCue-fafaiynmhqufqpbfjacxswbpzioe/Build/Intermediates.noindex/PhoneNumberKit.build/Debug-iphonesimulator/PhoneNumberKit.build/swift-overrides.hmap -emit-const-values -Xfrontend -const-gather-protocols-file -Xfrontend /Users/nathanfennel/Library/Developer/Xcode/DerivedData/CardOnCue-fafaiynmhqufqpbfjacxswbpzioe/Build/Intermediates.noindex/PhoneNumberKit.build/Debug-iphonesimulator/PhoneNumberKit.build/Objects-normal/arm64/PhoneNumberKit_const_extract_protocols.json -Xcc -I/Users/nathanfennel/Library/Developer/Xcode/DerivedData/CardOnCue-fafaiynmhqufqpbfjacxswbpzioe/Build/Products/Debug-iphonesimulator/include -Xcc -I/Users/nathanfennel/Library/Developer/Xcode/DerivedData/CardOnCue-fafaiynmhqufqpbfjacxswbpzioe/Build/Intermediates.noindex/PhoneNumberKit.build/Debug-iphonesimulator/PhoneNumberKit.build/DerivedSources-normal/arm64 -Xcc -I/Users/nathanfennel/Library/Developer/Xcode/DerivedData/CardOnCue-fafaiynmhqufqpbfjacxswbpzioe/Build/Intermediates.noindex/PhoneNumberKit.build/Debug-iphonesimulator/PhoneNumberKit.build/DerivedSources/arm64 -Xcc -I/Users/nathanfennel/Library/Developer/Xcode/DerivedData/CardOnCue-fafaiynmhqufqpbfjacxswbpzioe/Build/Intermediates.noindex/PhoneNumberKit.build/Debug-iphonesimulator/PhoneNumberKit.build/DerivedSources -Xcc -DSWIFT_PACKAGE -Xcc -DDEBUG\=1 -emit-objc-header -emit-objc-header-path /Users/nathanfennel/Library/Developer/Xcode/DerivedData/CardOnCue-fafaiynmhqufqpbfjacxswbpzioe/Build/Intermediates.noindex/PhoneNumberKit.build/Debug-iphonesimulator/PhoneNumberKit.build/Objects-normal/arm64/PhoneNumberKit-Swift.h -working-directory /Users/nathanfennel/Documents/GitHub/CardOnCue/CardOnCue.xcodeproj -experimental-emit-module-separately -disable-cmo

SwiftEmitModule normal arm64 Emitting\ module\ for\ Get (in target 'Get' from project 'Get')

EmitSwiftModule normal arm64 (in target 'Get' from project 'Get')
    cd /Users/nathanfennel/Documents/GitHub/CardOnCue/CardOnCue.xcodeproj
    

SwiftCompile normal arm64 Compiling\ DataLoader.swift /Users/nathanfennel/Library/Developer/Xcode/DerivedData/CardOnCue-fafaiynmhqufqpbfjacxswbpzioe/SourcePackages/checkouts/Get/Sources/Get/DataLoader.swift (in target 'Get' from project 'Get')

SwiftCompile normal arm64 /Users/nathanfennel/Library/Developer/Xcode/DerivedData/CardOnCue-fafaiynmhqufqpbfjacxswbpzioe/SourcePackages/checkouts/Get/Sources/Get/DataLoader.swift (in target 'Get' from project 'Get')
    cd /Users/nathanfennel/Documents/GitHub/CardOnCue/CardOnCue.xcodeproj
    

SwiftEmitModule normal arm64 Emitting\ module\ for\ SimpleKeychain (in target 'SimpleKeychain' from project 'SimpleKeychain')

EmitSwiftModule normal arm64 (in target 'SimpleKeychain' from project 'SimpleKeychain')
    cd /Users/nathanfennel/Documents/GitHub/CardOnCue/CardOnCue.xcodeproj
    

SwiftCompile normal arm64 Compiling\ SimpleKeychain.swift /Users/nathanfennel/Library/Developer/Xcode/DerivedData/CardOnCue-fafaiynmhqufqpbfjacxswbpzioe/SourcePackages/checkouts/SimpleKeychain/SimpleKeychain/SimpleKeychain.swift (in target 'SimpleKeychain' from project 'SimpleKeychain')

SwiftCompile normal arm64 /Users/nathanfennel/Library/Developer/Xcode/DerivedData/CardOnCue-fafaiynmhqufqpbfjacxswbpzioe/SourcePackages/checkouts/SimpleKeychain/SimpleKeychain/SimpleKeychain.swift (in target 'SimpleKeychain' from project 'SimpleKeychain')
    cd /Users/nathanfennel/Documents/GitHub/CardOnCue/CardOnCue.xcodeproj
    

SwiftCompile normal arm64 Compiling\ Accessibility.swift /Users/nathanfennel/Library/Developer/Xcode/DerivedData/CardOnCue-fafaiynmhqufqpbfjacxswbpzioe/SourcePackages/checkouts/SimpleKeychain/SimpleKeychain/Accessibility.swift (in target 'SimpleKeychain' from project 'SimpleKeychain')

SwiftCompile normal arm64 /Users/nathanfennel/Library/Developer/Xcode/DerivedData/CardOnCue-fafaiynmhqufqpbfjacxswbpzioe/SourcePackages/checkouts/SimpleKeychain/SimpleKeychain/Accessibility.swift (in target 'SimpleKeychain' from project 'SimpleKeychain')
    cd /Users/nathanfennel/Documents/GitHub/CardOnCue/CardOnCue.xcodeproj
    

SwiftDriverJobDiscovery normal arm64 Emitting module for SimpleKeychain (in target 'SimpleKeychain' from project 'SimpleKeychain')

SwiftDriver\ Compilation\ Requirements SimpleKeychain normal arm64 com.apple.xcode.tools.swift.compiler (in target 'SimpleKeychain' from project 'SimpleKeychain')
    cd /Users/nathanfennel/Documents/GitHub/CardOnCue/CardOnCue.xcodeproj
    builtin-Swift-Compilation-Requirements -- /Applications/Xcode.app/Contents/Developer/Toolchains/XcodeDefault.xctoolchain/usr/bin/swiftc -module-name SimpleKeychain -Onone -enforce-exclusivity\=checked @/Users/nathanfennel/Library/Developer/Xcode/DerivedData/CardOnCue-fafaiynmhqufqpbfjacxswbpzioe/Build/Intermediates.noindex/SimpleKeychain.build/Debug-iphonesimulator/SimpleKeychain.build/Objects-normal/arm64/SimpleKeychain.SwiftFileList -DSWIFT_PACKAGE -DDEBUG -DSWIFT_MODULE_RESOURCE_BUNDLE_UNAVAILABLE -DXcode -plugin-path /Applications/Xcode.app/Contents/Developer/Toolchains/XcodeDefault.xctoolchain/usr/lib/swift/host/plugins/testing -enable-experimental-feature DebugDescriptionMacro -sdk /Applications/Xcode.app/Contents/Developer/Platforms/iPhoneSimulator.platform/Developer/SDKs/iPhoneSimulator26.2.sdk -target arm64-apple-ios14.0-simulator -g -module-cache-path /Users/nathanfennel/Library/Developer/Xcode/DerivedData/ModuleCache.noindex -Xfrontend -serialize-debugging-options -profile-coverage-mapping -profile-generate -enable-testing -suppress-warnings -index-store-path /Users/nathanfennel/Library/Developer/Xcode/DerivedData/CardOnCue-fafaiynmhqufqpbfjacxswbpzioe/Index.noindex/DataStore -Xcc -D_LIBCPP_HARDENING_MODE\=_LIBCPP_HARDENING_MODE_DEBUG -swift-version 5 -I /Users/nathanfennel/Library/Developer/Xcode/DerivedData/CardOnCue-fafaiynmhqufqpbfjacxswbpzioe/Build/Products/Debug-iphonesimulator -Isystem /Applications/Xcode.app/Contents/Developer/Platforms/iPhoneSimulator.platform/Developer/usr/lib -F /Users/nathanfennel/Library/Developer/Xcode/DerivedData/CardOnCue-fafaiynmhqufqpbfjacxswbpzioe/Build/Products/Debug-iphonesimulator -F /Applications/Xcode.app/Contents/Developer/Platforms/iPhoneSimulator.platform/Developer/Library/Frameworks -F /Applications/Xcode.app/Contents/Developer/Platforms/iPhoneSimulator.platform/Developer/SDKs/iPhoneSimulator26.2.sdk/Developer/Library/Frameworks -c -j8 -enable-batch-mode -incremental -Xcc -ivfsstatcache -Xcc /Users/nathanfennel/Library/Developer/Xcode/DerivedData/SDKStatCaches.noindex/iphonesimulator26.2-23C53-7d00a8b37fbd7999ea79df8ebc024bf0.sdkstatcache -output-file-map /Users/nathanfennel/Library/Developer/Xcode/DerivedData/CardOnCue-fafaiynmhqufqpbfjacxswbpzioe/Build/Intermediates.noindex/SimpleKeychain.build/Debug-iphonesimulator/SimpleKeychain.build/Objects-normal/arm64/SimpleKeychain-OutputFileMap.json -use-frontend-parseable-output -save-temps -no-color-diagnostics -explicit-module-build -module-cache-path /Users/nathanfennel/Library/Developer/Xcode/DerivedData/CardOnCue-fafaiynmhqufqpbfjacxswbpzioe/Build/Intermediates.noindex/SwiftExplicitPrecompiledModules -clang-scanner-module-cache-path /Users/nathanfennel/Library/Developer/Xcode/DerivedData/ModuleCache.noindex -sdk-module-cache-path /Users/nathanfennel/Library/Developer/Xcode/DerivedData/ModuleCache.noindex -serialize-diagnostics -emit-dependencies -emit-module -emit-module-path /Users/nathanfennel/Library/Developer/Xcode/DerivedData/CardOnCue-fafaiynmhqufqpbfjacxswbpzioe/Build/Intermediates.noindex/SimpleKeychain.build/Debug-iphonesimulator/SimpleKeychain.build/Objects-normal/arm64/SimpleKeychain.swiftmodule -validate-clang-modules-once -clang-build-session-file /Users/nathanfennel/Library/Developer/Xcode/DerivedData/ModuleCache.noindex/Session.modulevalidation -package-name simplekeychain -Xcc -I/Users/nathanfennel/Library/Developer/Xcode/DerivedData/CardOnCue-fafaiynmhqufqpbfjacxswbpzioe/Build/Intermediates.noindex/SimpleKeychain.build/Debug-iphonesimulator/SimpleKeychain.build/swift-overrides.hmap -emit-const-values -Xfrontend -const-gather-protocols-file -Xfrontend /Users/nathanfennel/Library/Developer/Xcode/DerivedData/CardOnCue-fafaiynmhqufqpbfjacxswbpzioe/Build/Intermediates.noindex/SimpleKeychain.build/Debug-iphonesimulator/SimpleKeychain.build/Objects-normal/arm64/SimpleKeychain_const_extract_protocols.json -Xcc -I/Users/nathanfennel/Library/Developer/Xcode/DerivedData/CardOnCue-fafaiynmhqufqpbfjacxswbpzioe/Build/Products/Debug-iphonesimulator/include -Xcc -I/Users/nathanfennel/Library/Developer/Xcode/DerivedData/CardOnCue-fafaiynmhqufqpbfjacxswbpzioe/Build/Intermediates.noindex/SimpleKeychain.build/Debug-iphonesimulator/SimpleKeychain.build/DerivedSources-normal/arm64 -Xcc -I/Users/nathanfennel/Library/Developer/Xcode/DerivedData/CardOnCue-fafaiynmhqufqpbfjacxswbpzioe/Build/Intermediates.noindex/SimpleKeychain.build/Debug-iphonesimulator/SimpleKeychain.build/DerivedSources/arm64 -Xcc -I/Users/nathanfennel/Library/Developer/Xcode/DerivedData/CardOnCue-fafaiynmhqufqpbfjacxswbpzioe/Build/Intermediates.noindex/SimpleKeychain.build/Debug-iphonesimulator/SimpleKeychain.build/DerivedSources -Xcc -DSWIFT_PACKAGE -Xcc -DDEBUG\=1 -emit-objc-header -emit-objc-header-path /Users/nathanfennel/Library/Developer/Xcode/DerivedData/CardOnCue-fafaiynmhqufqpbfjacxswbpzioe/Build/Intermediates.noindex/SimpleKeychain.build/Debug-iphonesimulator/SimpleKeychain.build/Objects-normal/arm64/SimpleKeychain-Swift.h -working-directory /Users/nathanfennel/Documents/GitHub/CardOnCue/CardOnCue.xcodeproj -experimental-emit-module-separately -disable-cmo

SwiftDriverJobDiscovery normal arm64 Emitting module for Get (in target 'Get' from project 'Get')

SwiftDriver\ Compilation\ Requirements Get normal arm64 com.apple.xcode.tools.swift.compiler (in target 'Get' from project 'Get')
    cd /Users/nathanfennel/Documents/GitHub/CardOnCue/CardOnCue.xcodeproj
    builtin-Swift-Compilation-Requirements -- /Applications/Xcode.app/Contents/Developer/Toolchains/XcodeDefault.xctoolchain/usr/bin/swiftc -module-name Get -Onone -enforce-exclusivity\=checked @/Users/nathanfennel/Library/Developer/Xcode/DerivedData/CardOnCue-fafaiynmhqufqpbfjacxswbpzioe/Build/Intermediates.noindex/Get.build/Debug-iphonesimulator/Get.build/Objects-normal/arm64/Get.SwiftFileList -DSWIFT_PACKAGE -DDEBUG -DSWIFT_MODULE_RESOURCE_BUNDLE_UNAVAILABLE -DXcode -plugin-path /Applications/Xcode.app/Contents/Developer/Toolchains/XcodeDefault.xctoolchain/usr/lib/swift/host/plugins/testing -enable-experimental-feature DebugDescriptionMacro -sdk /Applications/Xcode.app/Contents/Developer/Platforms/iPhoneSimulator.platform/Developer/SDKs/iPhoneSimulator26.2.sdk -target arm64-apple-ios13.0-simulator -g -module-cache-path /Users/nathanfennel/Library/Developer/Xcode/DerivedData/ModuleCache.noindex -Xfrontend -serialize-debugging-options -profile-coverage-mapping -profile-generate -enable-testing -suppress-warnings -index-store-path /Users/nathanfennel/Library/Developer/Xcode/DerivedData/CardOnCue-fafaiynmhqufqpbfjacxswbpzioe/Index.noindex/DataStore -Xcc -D_LIBCPP_HARDENING_MODE\=_LIBCPP_HARDENING_MODE_DEBUG -swift-version 5 -I /Users/nathanfennel/Library/Developer/Xcode/DerivedData/CardOnCue-fafaiynmhqufqpbfjacxswbpzioe/Build/Products/Debug-iphonesimulator -Isystem /Applications/Xcode.app/Contents/Developer/Platforms/iPhoneSimulator.platform/Developer/usr/lib -F /Users/nathanfennel/Library/Developer/Xcode/DerivedData/CardOnCue-fafaiynmhqufqpbfjacxswbpzioe/Build/Products/Debug-iphonesimulator -F /Applications/Xcode.app/Contents/Developer/Platforms/iPhoneSimulator.platform/Developer/Library/Frameworks -F /Applications/Xcode.app/Contents/Developer/Platforms/iPhoneSimulator.platform/Developer/SDKs/iPhoneSimulator26.2.sdk/Developer/Library/Frameworks -c -j8 -enable-batch-mode -incremental -Xcc -ivfsstatcache -Xcc /Users/nathanfennel/Library/Developer/Xcode/DerivedData/SDKStatCaches.noindex/iphonesimulator26.2-23C53-7d00a8b37fbd7999ea79df8ebc024bf0.sdkstatcache -output-file-map /Users/nathanfennel/Library/Developer/Xcode/DerivedData/CardOnCue-fafaiynmhqufqpbfjacxswbpzioe/Build/Intermediates.noindex/Get.build/Debug-iphonesimulator/Get.build/Objects-normal/arm64/Get-OutputFileMap.json -use-frontend-parseable-output -save-temps -no-color-diagnostics -explicit-module-build -module-cache-path /Users/nathanfennel/Library/Developer/Xcode/DerivedData/CardOnCue-fafaiynmhqufqpbfjacxswbpzioe/Build/Intermediates.noindex/SwiftExplicitPrecompiledModules -clang-scanner-module-cache-path /Users/nathanfennel/Library/Developer/Xcode/DerivedData/ModuleCache.noindex -sdk-module-cache-path /Users/nathanfennel/Library/Developer/Xcode/DerivedData/ModuleCache.noindex -serialize-diagnostics -emit-dependencies -emit-module -emit-module-path /Users/nathanfennel/Library/Developer/Xcode/DerivedData/CardOnCue-fafaiynmhqufqpbfjacxswbpzioe/Build/Intermediates.noindex/Get.build/Debug-iphonesimulator/Get.build/Objects-normal/arm64/Get.swiftmodule -validate-clang-modules-once -clang-build-session-file /Users/nathanfennel/Library/Developer/Xcode/DerivedData/ModuleCache.noindex/Session.modulevalidation -Xcc -I/Users/nathanfennel/Library/Developer/Xcode/DerivedData/CardOnCue-fafaiynmhqufqpbfjacxswbpzioe/Build/Intermediates.noindex/Get.build/Debug-iphonesimulator/Get.build/swift-overrides.hmap -emit-const-values -Xfrontend -const-gather-protocols-file -Xfrontend /Users/nathanfennel/Library/Developer/Xcode/DerivedData/CardOnCue-fafaiynmhqufqpbfjacxswbpzioe/Build/Intermediates.noindex/Get.build/Debug-iphonesimulator/Get.build/Objects-normal/arm64/Get_const_extract_protocols.json -Xcc -I/Users/nathanfennel/Library/Developer/Xcode/DerivedData/CardOnCue-fafaiynmhqufqpbfjacxswbpzioe/Build/Products/Debug-iphonesimulator/include -Xcc -I/Users/nathanfennel/Library/Developer/Xcode/DerivedData/CardOnCue-fafaiynmhqufqpbfjacxswbpzioe/Build/Intermediates.noindex/Get.build/Debug-iphonesimulator/Get.build/DerivedSources-normal/arm64 -Xcc -I/Users/nathanfennel/Library/Developer/Xcode/DerivedData/CardOnCue-fafaiynmhqufqpbfjacxswbpzioe/Build/Intermediates.noindex/Get.build/Debug-iphonesimulator/Get.build/DerivedSources/arm64 -Xcc -I/Users/nathanfennel/Library/Developer/Xcode/DerivedData/CardOnCue-fafaiynmhqufqpbfjacxswbpzioe/Build/Intermediates.noindex/Get.build/Debug-iphonesimulator/Get.build/DerivedSources -Xcc -DSWIFT_PACKAGE -Xcc -DDEBUG\=1 -emit-objc-header -emit-objc-header-path /Users/nathanfennel/Library/Developer/Xcode/DerivedData/CardOnCue-fafaiynmhqufqpbfjacxswbpzioe/Build/Intermediates.noindex/Get.build/Debug-iphonesimulator/Get.build/Objects-normal/arm64/Get-Swift.h -working-directory /Users/nathanfennel/Documents/GitHub/CardOnCue/CardOnCue.xcodeproj -experimental-emit-module-separately -disable-cmo

SwiftMergeGeneratedHeaders /Users/nathanfennel/Library/Developer/Xcode/DerivedData/CardOnCue-fafaiynmhqufqpbfjacxswbpzioe/Build/Intermediates.noindex/GeneratedModuleMaps-iphonesimulator/SimpleKeychain-Swift.h /Users/nathanfennel/Library/Developer/Xcode/DerivedData/CardOnCue-fafaiynmhqufqpbfjacxswbpzioe/Build/Intermediates.noindex/SimpleKeychain.build/Debug-iphonesimulator/SimpleKeychain.build/Objects-normal/arm64/SimpleKeychain-Swift.h (in target 'SimpleKeychain' from project 'SimpleKeychain')
    cd /Users/nathanfennel/Library/Developer/Xcode/DerivedData/CardOnCue-fafaiynmhqufqpbfjacxswbpzioe/SourcePackages/checkouts/SimpleKeychain
    builtin-swiftHeaderTool -arch arm64 /Users/nathanfennel/Library/Developer/Xcode/DerivedData/CardOnCue-fafaiynmhqufqpbfjacxswbpzioe/Build/Intermediates.noindex/SimpleKeychain.build/Debug-iphonesimulator/SimpleKeychain.build/Objects-normal/arm64/SimpleKeychain-Swift.h -o /Users/nathanfennel/Library/Developer/Xcode/DerivedData/CardOnCue-fafaiynmhqufqpbfjacxswbpzioe/Build/Intermediates.noindex/GeneratedModuleMaps-iphonesimulator/SimpleKeychain-Swift.h

Copy /Users/nathanfennel/Library/Developer/Xcode/DerivedData/CardOnCue-fafaiynmhqufqpbfjacxswbpzioe/Build/Products/Debug-iphonesimulator/SimpleKeychain.swiftmodule/arm64-apple-ios-simulator.swiftmodule /Users/nathanfennel/Library/Developer/Xcode/DerivedData/CardOnCue-fafaiynmhqufqpbfjacxswbpzioe/Build/Intermediates.noindex/SimpleKeychain.build/Debug-iphonesimulator/SimpleKeychain.build/Objects-normal/arm64/SimpleKeychain.swiftmodule (in target 'SimpleKeychain' from project 'SimpleKeychain')
    cd /Users/nathanfennel/Library/Developer/Xcode/DerivedData/CardOnCue-fafaiynmhqufqpbfjacxswbpzioe/SourcePackages/checkouts/SimpleKeychain
    builtin-copy -exclude .DS_Store -exclude CVS -exclude .svn -exclude .git -exclude .hg -resolve-src-symlinks -rename /Users/nathanfennel/Library/Developer/Xcode/DerivedData/CardOnCue-fafaiynmhqufqpbfjacxswbpzioe/Build/Intermediates.noindex/SimpleKeychain.build/Debug-iphonesimulator/SimpleKeychain.build/Objects-normal/arm64/SimpleKeychain.swiftmodule /Users/nathanfennel/Library/Developer/Xcode/DerivedData/CardOnCue-fafaiynmhqufqpbfjacxswbpzioe/Build/Products/Debug-iphonesimulator/SimpleKeychain.swiftmodule/arm64-apple-ios-simulator.swiftmodule

Copy /Users/nathanfennel/Library/Developer/Xcode/DerivedData/CardOnCue-fafaiynmhqufqpbfjacxswbpzioe/Build/Products/Debug-iphonesimulator/SimpleKeychain.swiftmodule/arm64-apple-ios-simulator.swiftdoc /Users/nathanfennel/Library/Developer/Xcode/DerivedData/CardOnCue-fafaiynmhqufqpbfjacxswbpzioe/Build/Intermediates.noindex/SimpleKeychain.build/Debug-iphonesimulator/SimpleKeychain.build/Objects-normal/arm64/SimpleKeychain.swiftdoc (in target 'SimpleKeychain' from project 'SimpleKeychain')
    cd /Users/nathanfennel/Library/Developer/Xcode/DerivedData/CardOnCue-fafaiynmhqufqpbfjacxswbpzioe/SourcePackages/checkouts/SimpleKeychain
    builtin-copy -exclude .DS_Store -exclude CVS -exclude .svn -exclude .git -exclude .hg -resolve-src-symlinks -rename /Users/nathanfennel/Library/Developer/Xcode/DerivedData/CardOnCue-fafaiynmhqufqpbfjacxswbpzioe/Build/Intermediates.noindex/SimpleKeychain.build/Debug-iphonesimulator/SimpleKeychain.build/Objects-normal/arm64/SimpleKeychain.swiftdoc /Users/nathanfennel/Library/Developer/Xcode/DerivedData/CardOnCue-fafaiynmhqufqpbfjacxswbpzioe/Build/Products/Debug-iphonesimulator/SimpleKeychain.swiftmodule/arm64-apple-ios-simulator.swiftdoc

Copy /Users/nathanfennel/Library/Developer/Xcode/DerivedData/CardOnCue-fafaiynmhqufqpbfjacxswbpzioe/Build/Products/Debug-iphonesimulator/SimpleKeychain.swiftmodule/arm64-apple-ios-simulator.abi.json /Users/nathanfennel/Library/Developer/Xcode/DerivedData/CardOnCue-fafaiynmhqufqpbfjacxswbpzioe/Build/Intermediates.noindex/SimpleKeychain.build/Debug-iphonesimulator/SimpleKeychain.build/Objects-normal/arm64/SimpleKeychain.abi.json (in target 'SimpleKeychain' from project 'SimpleKeychain')
    cd /Users/nathanfennel/Library/Developer/Xcode/DerivedData/CardOnCue-fafaiynmhqufqpbfjacxswbpzioe/SourcePackages/checkouts/SimpleKeychain
    builtin-copy -exclude .DS_Store -exclude CVS -exclude .svn -exclude .git -exclude .hg -resolve-src-symlinks -rename /Users/nathanfennel/Library/Developer/Xcode/DerivedData/CardOnCue-fafaiynmhqufqpbfjacxswbpzioe/Build/Intermediates.noindex/SimpleKeychain.build/Debug-iphonesimulator/SimpleKeychain.build/Objects-normal/arm64/SimpleKeychain.abi.json /Users/nathanfennel/Library/Developer/Xcode/DerivedData/CardOnCue-fafaiynmhqufqpbfjacxswbpzioe/Build/Products/Debug-iphonesimulator/SimpleKeychain.swiftmodule/arm64-apple-ios-simulator.abi.json

Copy /Users/nathanfennel/Library/Developer/Xcode/DerivedData/CardOnCue-fafaiynmhqufqpbfjacxswbpzioe/Build/Products/Debug-iphonesimulator/SimpleKeychain.swiftmodule/Project/arm64-apple-ios-simulator.swiftsourceinfo /Users/nathanfennel/Library/Developer/Xcode/DerivedData/CardOnCue-fafaiynmhqufqpbfjacxswbpzioe/Build/Intermediates.noindex/SimpleKeychain.build/Debug-iphonesimulator/SimpleKeychain.build/Objects-normal/arm64/SimpleKeychain.swiftsourceinfo (in target 'SimpleKeychain' from project 'SimpleKeychain')
    cd /Users/nathanfennel/Library/Developer/Xcode/DerivedData/CardOnCue-fafaiynmhqufqpbfjacxswbpzioe/SourcePackages/checkouts/SimpleKeychain
    builtin-copy -exclude .DS_Store -exclude CVS -exclude .svn -exclude .git -exclude .hg -resolve-src-symlinks -rename /Users/nathanfennel/Library/Developer/Xcode/DerivedData/CardOnCue-fafaiynmhqufqpbfjacxswbpzioe/Build/Intermediates.noindex/SimpleKeychain.build/Debug-iphonesimulator/SimpleKeychain.build/Objects-normal/arm64/SimpleKeychain.swiftsourceinfo /Users/nathanfennel/Library/Developer/Xcode/DerivedData/CardOnCue-fafaiynmhqufqpbfjacxswbpzioe/Build/Products/Debug-iphonesimulator/SimpleKeychain.swiftmodule/Project/arm64-apple-ios-simulator.swiftsourceinfo

SwiftMergeGeneratedHeaders /Users/nathanfennel/Library/Developer/Xcode/DerivedData/CardOnCue-fafaiynmhqufqpbfjacxswbpzioe/Build/Intermediates.noindex/GeneratedModuleMaps-iphonesimulator/Get-Swift.h /Users/nathanfennel/Library/Developer/Xcode/DerivedData/CardOnCue-fafaiynmhqufqpbfjacxswbpzioe/Build/Intermediates.noindex/Get.build/Debug-iphonesimulator/Get.build/Objects-normal/arm64/Get-Swift.h (in target 'Get' from project 'Get')
    cd /Users/nathanfennel/Library/Developer/Xcode/DerivedData/CardOnCue-fafaiynmhqufqpbfjacxswbpzioe/SourcePackages/checkouts/Get
    builtin-swiftHeaderTool -arch arm64 /Users/nathanfennel/Library/Developer/Xcode/DerivedData/CardOnCue-fafaiynmhqufqpbfjacxswbpzioe/Build/Intermediates.noindex/Get.build/Debug-iphonesimulator/Get.build/Objects-normal/arm64/Get-Swift.h -o /Users/nathanfennel/Library/Developer/Xcode/DerivedData/CardOnCue-fafaiynmhqufqpbfjacxswbpzioe/Build/Intermediates.noindex/GeneratedModuleMaps-iphonesimulator/Get-Swift.h

Copy /Users/nathanfennel/Library/Developer/Xcode/DerivedData/CardOnCue-fafaiynmhqufqpbfjacxswbpzioe/Build/Products/Debug-iphonesimulator/Get.swiftmodule/arm64-apple-ios-simulator.swiftmodule /Users/nathanfennel/Library/Developer/Xcode/DerivedData/CardOnCue-fafaiynmhqufqpbfjacxswbpzioe/Build/Intermediates.noindex/Get.build/Debug-iphonesimulator/Get.build/Objects-normal/arm64/Get.swiftmodule (in target 'Get' from project 'Get')
    cd /Users/nathanfennel/Library/Developer/Xcode/DerivedData/CardOnCue-fafaiynmhqufqpbfjacxswbpzioe/SourcePackages/checkouts/Get
    builtin-copy -exclude .DS_Store -exclude CVS -exclude .svn -exclude .git -exclude .hg -resolve-src-symlinks -rename /Users/nathanfennel/Library/Developer/Xcode/DerivedData/CardOnCue-fafaiynmhqufqpbfjacxswbpzioe/Build/Intermediates.noindex/Get.build/Debug-iphonesimulator/Get.build/Objects-normal/arm64/Get.swiftmodule /Users/nathanfennel/Library/Developer/Xcode/DerivedData/CardOnCue-fafaiynmhqufqpbfjacxswbpzioe/Build/Products/Debug-iphonesimulator/Get.swiftmodule/arm64-apple-ios-simulator.swiftmodule

Copy /Users/nathanfennel/Library/Developer/Xcode/DerivedData/CardOnCue-fafaiynmhqufqpbfjacxswbpzioe/Build/Products/Debug-iphonesimulator/Get.swiftmodule/arm64-apple-ios-simulator.swiftdoc /Users/nathanfennel/Library/Developer/Xcode/DerivedData/CardOnCue-fafaiynmhqufqpbfjacxswbpzioe/Build/Intermediates.noindex/Get.build/Debug-iphonesimulator/Get.build/Objects-normal/arm64/Get.swiftdoc (in target 'Get' from project 'Get')
    cd /Users/nathanfennel/Library/Developer/Xcode/DerivedData/CardOnCue-fafaiynmhqufqpbfjacxswbpzioe/SourcePackages/checkouts/Get
    builtin-copy -exclude .DS_Store -exclude CVS -exclude .svn -exclude .git -exclude .hg -resolve-src-symlinks -rename /Users/nathanfennel/Library/Developer/Xcode/DerivedData/CardOnCue-fafaiynmhqufqpbfjacxswbpzioe/Build/Intermediates.noindex/Get.build/Debug-iphonesimulator/Get.build/Objects-normal/arm64/Get.swiftdoc /Users/nathanfennel/Library/Developer/Xcode/DerivedData/CardOnCue-fafaiynmhqufqpbfjacxswbpzioe/Build/Products/Debug-iphonesimulator/Get.swiftmodule/arm64-apple-ios-simulator.swiftdoc

Copy /Users/nathanfennel/Library/Developer/Xcode/DerivedData/CardOnCue-fafaiynmhqufqpbfjacxswbpzioe/Build/Products/Debug-iphonesimulator/Get.swiftmodule/arm64-apple-ios-simulator.abi.json /Users/nathanfennel/Library/Developer/Xcode/DerivedData/CardOnCue-fafaiynmhqufqpbfjacxswbpzioe/Build/Intermediates.noindex/Get.build/Debug-iphonesimulator/Get.build/Objects-normal/arm64/Get.abi.json (in target 'Get' from project 'Get')
    cd /Users/nathanfennel/Library/Developer/Xcode/DerivedData/CardOnCue-fafaiynmhqufqpbfjacxswbpzioe/SourcePackages/checkouts/Get
    builtin-copy -exclude .DS_Store -exclude CVS -exclude .svn -exclude .git -exclude .hg -resolve-src-symlinks -rename /Users/nathanfennel/Library/Developer/Xcode/DerivedData/CardOnCue-fafaiynmhqufqpbfjacxswbpzioe/Build/Intermediates.noindex/Get.build/Debug-iphonesimulator/Get.build/Objects-normal/arm64/Get.abi.json /Users/nathanfennel/Library/Developer/Xcode/DerivedData/CardOnCue-fafaiynmhqufqpbfjacxswbpzioe/Build/Products/Debug-iphonesimulator/Get.swiftmodule/arm64-apple-ios-simulator.abi.json

Copy /Users/nathanfennel/Library/Developer/Xcode/DerivedData/CardOnCue-fafaiynmhqufqpbfjacxswbpzioe/Build/Products/Debug-iphonesimulator/Get.swiftmodule/Project/arm64-apple-ios-simulator.swiftsourceinfo /Users/nathanfennel/Library/Developer/Xcode/DerivedData/CardOnCue-fafaiynmhqufqpbfjacxswbpzioe/Build/Intermediates.noindex/Get.build/Debug-iphonesimulator/Get.build/Objects-normal/arm64/Get.swiftsourceinfo (in target 'Get' from project 'Get')
    cd /Users/nathanfennel/Library/Developer/Xcode/DerivedData/CardOnCue-fafaiynmhqufqpbfjacxswbpzioe/SourcePackages/checkouts/Get
    builtin-copy -exclude .DS_Store -exclude CVS -exclude .svn -exclude .git -exclude .hg -resolve-src-symlinks -rename /Users/nathanfennel/Library/Developer/Xcode/DerivedData/CardOnCue-fafaiynmhqufqpbfjacxswbpzioe/Build/Intermediates.noindex/Get.build/Debug-iphonesimulator/Get.build/Objects-normal/arm64/Get.swiftsourceinfo /Users/nathanfennel/Library/Developer/Xcode/DerivedData/CardOnCue-fafaiynmhqufqpbfjacxswbpzioe/Build/Products/Debug-iphonesimulator/Get.swiftmodule/Project/arm64-apple-ios-simulator.swiftsourceinfo

SwiftCompile normal arm64 Compiling\ SimpleKeychainError.swift /Users/nathanfennel/Library/Developer/Xcode/DerivedData/CardOnCue-fafaiynmhqufqpbfjacxswbpzioe/SourcePackages/checkouts/SimpleKeychain/SimpleKeychain/SimpleKeychainError.swift (in target 'SimpleKeychain' from project 'SimpleKeychain')

SwiftCompile normal arm64 /Users/nathanfennel/Library/Developer/Xcode/DerivedData/CardOnCue-fafaiynmhqufqpbfjacxswbpzioe/SourcePackages/checkouts/SimpleKeychain/SimpleKeychain/SimpleKeychainError.swift (in target 'SimpleKeychain' from project 'SimpleKeychain')
    cd /Users/nathanfennel/Documents/GitHub/CardOnCue/CardOnCue.xcodeproj
    

SwiftCompile normal arm64 Compiling\ APIClient.swift /Users/nathanfennel/Library/Developer/Xcode/DerivedData/CardOnCue-fafaiynmhqufqpbfjacxswbpzioe/SourcePackages/checkouts/Get/Sources/Get/APIClient.swift (in target 'Get' from project 'Get')

SwiftCompile normal arm64 /Users/nathanfennel/Library/Developer/Xcode/DerivedData/CardOnCue-fafaiynmhqufqpbfjacxswbpzioe/SourcePackages/checkouts/Get/Sources/Get/APIClient.swift (in target 'Get' from project 'Get')
    cd /Users/nathanfennel/Documents/GitHub/CardOnCue/CardOnCue.xcodeproj
    

SwiftCompile normal arm64 Compiling\ Request.swift /Users/nathanfennel/Library/Developer/Xcode/DerivedData/CardOnCue-fafaiynmhqufqpbfjacxswbpzioe/SourcePackages/checkouts/Get/Sources/Get/Request.swift (in target 'Get' from project 'Get')

SwiftCompile normal arm64 /Users/nathanfennel/Library/Developer/Xcode/DerivedData/CardOnCue-fafaiynmhqufqpbfjacxswbpzioe/SourcePackages/checkouts/Get/Sources/Get/Request.swift (in target 'Get' from project 'Get')
    cd /Users/nathanfennel/Documents/GitHub/CardOnCue/CardOnCue.xcodeproj
    

SwiftEmitModule normal arm64 Emitting\ module\ for\ PhoneNumberKit (in target 'PhoneNumberKit' from project 'PhoneNumberKit')

EmitSwiftModule normal arm64 (in target 'PhoneNumberKit' from project 'PhoneNumberKit')
    cd /Users/nathanfennel/Documents/GitHub/CardOnCue/CardOnCue.xcodeproj
    

SwiftEmitModule normal arm64 Emitting\ module\ for\ Kingfisher (in target 'Kingfisher' from project 'Kingfisher')

EmitSwiftModule normal arm64 (in target 'Kingfisher' from project 'Kingfisher')
    cd /Users/nathanfennel/Documents/GitHub/CardOnCue/CardOnCue.xcodeproj
    

SwiftDriverJobDiscovery normal arm64 Emitting module for PhoneNumberKit (in target 'PhoneNumberKit' from project 'PhoneNumberKit')

SwiftDriver\ Compilation\ Requirements PhoneNumberKit normal arm64 com.apple.xcode.tools.swift.compiler (in target 'PhoneNumberKit' from project 'PhoneNumberKit')
    cd /Users/nathanfennel/Documents/GitHub/CardOnCue/CardOnCue.xcodeproj
    builtin-Swift-Compilation-Requirements -- /Applications/Xcode.app/Contents/Developer/Toolchains/XcodeDefault.xctoolchain/usr/bin/swiftc -module-name PhoneNumberKit -Onone -enforce-exclusivity\=checked @/Users/nathanfennel/Library/Developer/Xcode/DerivedData/CardOnCue-fafaiynmhqufqpbfjacxswbpzioe/Build/Intermediates.noindex/PhoneNumberKit.build/Debug-iphonesimulator/PhoneNumberKit.build/Objects-normal/arm64/PhoneNumberKit.SwiftFileList -DSWIFT_PACKAGE -DDEBUG -DSWIFT_MODULE_RESOURCE_BUNDLE_AVAILABLE -DXcode -plugin-path /Applications/Xcode.app/Contents/Developer/Toolchains/XcodeDefault.xctoolchain/usr/lib/swift/host/plugins/testing -enable-experimental-feature DebugDescriptionMacro -sdk /Applications/Xcode.app/Contents/Developer/Platforms/iPhoneSimulator.platform/Developer/SDKs/iPhoneSimulator26.2.sdk -target arm64-apple-ios12.0-simulator -g -module-cache-path /Users/nathanfennel/Library/Developer/Xcode/DerivedData/ModuleCache.noindex -Xfrontend -serialize-debugging-options -profile-coverage-mapping -profile-generate -enable-testing -suppress-warnings -index-store-path /Users/nathanfennel/Library/Developer/Xcode/DerivedData/CardOnCue-fafaiynmhqufqpbfjacxswbpzioe/Index.noindex/DataStore -Xcc -D_LIBCPP_HARDENING_MODE\=_LIBCPP_HARDENING_MODE_DEBUG -swift-version 5 -I /Users/nathanfennel/Library/Developer/Xcode/DerivedData/CardOnCue-fafaiynmhqufqpbfjacxswbpzioe/Build/Products/Debug-iphonesimulator -Isystem /Applications/Xcode.app/Contents/Developer/Platforms/iPhoneSimulator.platform/Developer/usr/lib -F /Users/nathanfennel/Library/Developer/Xcode/DerivedData/CardOnCue-fafaiynmhqufqpbfjacxswbpzioe/Build/Products/Debug-iphonesimulator -F /Applications/Xcode.app/Contents/Developer/Platforms/iPhoneSimulator.platform/Developer/Library/Frameworks -F /Applications/Xcode.app/Contents/Developer/Platforms/iPhoneSimulator.platform/Developer/SDKs/iPhoneSimulator26.2.sdk/Developer/Library/Frameworks -c -j8 -enable-batch-mode -incremental -Xcc -ivfsstatcache -Xcc /Users/nathanfennel/Library/Developer/Xcode/DerivedData/SDKStatCaches.noindex/iphonesimulator26.2-23C53-7d00a8b37fbd7999ea79df8ebc024bf0.sdkstatcache -output-file-map /Users/nathanfennel/Library/Developer/Xcode/DerivedData/CardOnCue-fafaiynmhqufqpbfjacxswbpzioe/Build/Intermediates.noindex/PhoneNumberKit.build/Debug-iphonesimulator/PhoneNumberKit.build/Objects-normal/arm64/PhoneNumberKit-OutputFileMap.json -use-frontend-parseable-output -save-temps -no-color-diagnostics -explicit-module-build -module-cache-path /Users/nathanfennel/Library/Developer/Xcode/DerivedData/CardOnCue-fafaiynmhqufqpbfjacxswbpzioe/Build/Intermediates.noindex/SwiftExplicitPrecompiledModules -clang-scanner-module-cache-path /Users/nathanfennel/Library/Developer/Xcode/DerivedData/ModuleCache.noindex -sdk-module-cache-path /Users/nathanfennel/Library/Developer/Xcode/DerivedData/ModuleCache.noindex -serialize-diagnostics -emit-dependencies -emit-module -emit-module-path /Users/nathanfennel/Library/Developer/Xcode/DerivedData/CardOnCue-fafaiynmhqufqpbfjacxswbpzioe/Build/Intermediates.noindex/PhoneNumberKit.build/Debug-iphonesimulator/PhoneNumberKit.build/Objects-normal/arm64/PhoneNumberKit.swiftmodule -validate-clang-modules-once -clang-build-session-file /Users/nathanfennel/Library/Developer/Xcode/DerivedData/ModuleCache.noindex/Session.modulevalidation -Xcc -I/Users/nathanfennel/Library/Developer/Xcode/DerivedData/CardOnCue-fafaiynmhqufqpbfjacxswbpzioe/Build/Intermediates.noindex/PhoneNumberKit.build/Debug-iphonesimulator/PhoneNumberKit.build/swift-overrides.hmap -emit-const-values -Xfrontend -const-gather-protocols-file -Xfrontend /Users/nathanfennel/Library/Developer/Xcode/DerivedData/CardOnCue-fafaiynmhqufqpbfjacxswbpzioe/Build/Intermediates.noindex/PhoneNumberKit.build/Debug-iphonesimulator/PhoneNumberKit.build/Objects-normal/arm64/PhoneNumberKit_const_extract_protocols.json -Xcc -I/Users/nathanfennel/Library/Developer/Xcode/DerivedData/CardOnCue-fafaiynmhqufqpbfjacxswbpzioe/Build/Products/Debug-iphonesimulator/include -Xcc -I/Users/nathanfennel/Library/Developer/Xcode/DerivedData/CardOnCue-fafaiynmhqufqpbfjacxswbpzioe/Build/Intermediates.noindex/PhoneNumberKit.build/Debug-iphonesimulator/PhoneNumberKit.build/DerivedSources-normal/arm64 -Xcc -I/Users/nathanfennel/Library/Developer/Xcode/DerivedData/CardOnCue-fafaiynmhqufqpbfjacxswbpzioe/Build/Intermediates.noindex/PhoneNumberKit.build/Debug-iphonesimulator/PhoneNumberKit.build/DerivedSources/arm64 -Xcc -I/Users/nathanfennel/Library/Developer/Xcode/DerivedData/CardOnCue-fafaiynmhqufqpbfjacxswbpzioe/Build/Intermediates.noindex/PhoneNumberKit.build/Debug-iphonesimulator/PhoneNumberKit.build/DerivedSources -Xcc -DSWIFT_PACKAGE -Xcc -DDEBUG\=1 -emit-objc-header -emit-objc-header-path /Users/nathanfennel/Library/Developer/Xcode/DerivedData/CardOnCue-fafaiynmhqufqpbfjacxswbpzioe/Build/Intermediates.noindex/PhoneNumberKit.build/Debug-iphonesimulator/PhoneNumberKit.build/Objects-normal/arm64/PhoneNumberKit-Swift.h -working-directory /Users/nathanfennel/Documents/GitHub/CardOnCue/CardOnCue.xcodeproj -experimental-emit-module-separately -disable-cmo

SwiftDriverJobDiscovery normal arm64 Compiling Accessibility.swift (in target 'SimpleKeychain' from project 'SimpleKeychain')

SwiftEmitModule normal arm64 Emitting\ module\ for\ FactoryKit (in target 'FactoryKit' from project 'Factory')

EmitSwiftModule normal arm64 (in target 'FactoryKit' from project 'Factory')
    cd /Users/nathanfennel/Documents/GitHub/CardOnCue/CardOnCue.xcodeproj
    

SwiftMergeGeneratedHeaders /Users/nathanfennel/Library/Developer/Xcode/DerivedData/CardOnCue-fafaiynmhqufqpbfjacxswbpzioe/Build/Intermediates.noindex/GeneratedModuleMaps-iphonesimulator/PhoneNumberKit-Swift.h /Users/nathanfennel/Library/Developer/Xcode/DerivedData/CardOnCue-fafaiynmhqufqpbfjacxswbpzioe/Build/Intermediates.noindex/PhoneNumberKit.build/Debug-iphonesimulator/PhoneNumberKit.build/Objects-normal/arm64/PhoneNumberKit-Swift.h (in target 'PhoneNumberKit' from project 'PhoneNumberKit')
    cd /Users/nathanfennel/Library/Developer/Xcode/DerivedData/CardOnCue-fafaiynmhqufqpbfjacxswbpzioe/SourcePackages/checkouts/PhoneNumberKit
    builtin-swiftHeaderTool -arch arm64 /Users/nathanfennel/Library/Developer/Xcode/DerivedData/CardOnCue-fafaiynmhqufqpbfjacxswbpzioe/Build/Intermediates.noindex/PhoneNumberKit.build/Debug-iphonesimulator/PhoneNumberKit.build/Objects-normal/arm64/PhoneNumberKit-Swift.h -o /Users/nathanfennel/Library/Developer/Xcode/DerivedData/CardOnCue-fafaiynmhqufqpbfjacxswbpzioe/Build/Intermediates.noindex/GeneratedModuleMaps-iphonesimulator/PhoneNumberKit-Swift.h

SwiftDriverJobDiscovery normal arm64 Compiling Request.swift (in target 'Get' from project 'Get')

Copy /Users/nathanfennel/Library/Developer/Xcode/DerivedData/CardOnCue-fafaiynmhqufqpbfjacxswbpzioe/Build/Products/Debug-iphonesimulator/PhoneNumberKit.swiftmodule/arm64-apple-ios-simulator.swiftmodule /Users/nathanfennel/Library/Developer/Xcode/DerivedData/CardOnCue-fafaiynmhqufqpbfjacxswbpzioe/Build/Intermediates.noindex/PhoneNumberKit.build/Debug-iphonesimulator/PhoneNumberKit.build/Objects-normal/arm64/PhoneNumberKit.swiftmodule (in target 'PhoneNumberKit' from project 'PhoneNumberKit')
    cd /Users/nathanfennel/Library/Developer/Xcode/DerivedData/CardOnCue-fafaiynmhqufqpbfjacxswbpzioe/SourcePackages/checkouts/PhoneNumberKit
    builtin-copy -exclude .DS_Store -exclude CVS -exclude .svn -exclude .git -exclude .hg -resolve-src-symlinks -rename /Users/nathanfennel/Library/Developer/Xcode/DerivedData/CardOnCue-fafaiynmhqufqpbfjacxswbpzioe/Build/Intermediates.noindex/PhoneNumberKit.build/Debug-iphonesimulator/PhoneNumberKit.build/Objects-normal/arm64/PhoneNumberKit.swiftmodule /Users/nathanfennel/Library/Developer/Xcode/DerivedData/CardOnCue-fafaiynmhqufqpbfjacxswbpzioe/Build/Products/Debug-iphonesimulator/PhoneNumberKit.swiftmodule/arm64-apple-ios-simulator.swiftmodule

Copy /Users/nathanfennel/Library/Developer/Xcode/DerivedData/CardOnCue-fafaiynmhqufqpbfjacxswbpzioe/Build/Products/Debug-iphonesimulator/PhoneNumberKit.swiftmodule/arm64-apple-ios-simulator.swiftdoc /Users/nathanfennel/Library/Developer/Xcode/DerivedData/CardOnCue-fafaiynmhqufqpbfjacxswbpzioe/Build/Intermediates.noindex/PhoneNumberKit.build/Debug-iphonesimulator/PhoneNumberKit.build/Objects-normal/arm64/PhoneNumberKit.swiftdoc (in target 'PhoneNumberKit' from project 'PhoneNumberKit')
    cd /Users/nathanfennel/Library/Developer/Xcode/DerivedData/CardOnCue-fafaiynmhqufqpbfjacxswbpzioe/SourcePackages/checkouts/PhoneNumberKit
    builtin-copy -exclude .DS_Store -exclude CVS -exclude .svn -exclude .git -exclude .hg -resolve-src-symlinks -rename /Users/nathanfennel/Library/Developer/Xcode/DerivedData/CardOnCue-fafaiynmhqufqpbfjacxswbpzioe/Build/Intermediates.noindex/PhoneNumberKit.build/Debug-iphonesimulator/PhoneNumberKit.build/Objects-normal/arm64/PhoneNumberKit.swiftdoc /Users/nathanfennel/Library/Developer/Xcode/DerivedData/CardOnCue-fafaiynmhqufqpbfjacxswbpzioe/Build/Products/Debug-iphonesimulator/PhoneNumberKit.swiftmodule/arm64-apple-ios-simulator.swiftdoc

SwiftDriverJobDiscovery normal arm64 Compiling SimpleKeychainError.swift (in target 'SimpleKeychain' from project 'SimpleKeychain')

Copy /Users/nathanfennel/Library/Developer/Xcode/DerivedData/CardOnCue-fafaiynmhqufqpbfjacxswbpzioe/Build/Products/Debug-iphonesimulator/PhoneNumberKit.swiftmodule/arm64-apple-ios-simulator.abi.json /Users/nathanfennel/Library/Developer/Xcode/DerivedData/CardOnCue-fafaiynmhqufqpbfjacxswbpzioe/Build/Intermediates.noindex/PhoneNumberKit.build/Debug-iphonesimulator/PhoneNumberKit.build/Objects-normal/arm64/PhoneNumberKit.abi.json (in target 'PhoneNumberKit' from project 'PhoneNumberKit')
    cd /Users/nathanfennel/Library/Developer/Xcode/DerivedData/CardOnCue-fafaiynmhqufqpbfjacxswbpzioe/SourcePackages/checkouts/PhoneNumberKit
    builtin-copy -exclude .DS_Store -exclude CVS -exclude .svn -exclude .git -exclude .hg -resolve-src-symlinks -rename /Users/nathanfennel/Library/Developer/Xcode/DerivedData/CardOnCue-fafaiynmhqufqpbfjacxswbpzioe/Build/Intermediates.noindex/PhoneNumberKit.build/Debug-iphonesimulator/PhoneNumberKit.build/Objects-normal/arm64/PhoneNumberKit.abi.json /Users/nathanfennel/Library/Developer/Xcode/DerivedData/CardOnCue-fafaiynmhqufqpbfjacxswbpzioe/Build/Products/Debug-iphonesimulator/PhoneNumberKit.swiftmodule/arm64-apple-ios-simulator.abi.json

Copy /Users/nathanfennel/Library/Developer/Xcode/DerivedData/CardOnCue-fafaiynmhqufqpbfjacxswbpzioe/Build/Products/Debug-iphonesimulator/PhoneNumberKit.swiftmodule/Project/arm64-apple-ios-simulator.swiftsourceinfo /Users/nathanfennel/Library/Developer/Xcode/DerivedData/CardOnCue-fafaiynmhqufqpbfjacxswbpzioe/Build/Intermediates.noindex/PhoneNumberKit.build/Debug-iphonesimulator/PhoneNumberKit.build/Objects-normal/arm64/PhoneNumberKit.swiftsourceinfo (in target 'PhoneNumberKit' from project 'PhoneNumberKit')
    cd /Users/nathanfennel/Library/Developer/Xcode/DerivedData/CardOnCue-fafaiynmhqufqpbfjacxswbpzioe/SourcePackages/checkouts/PhoneNumberKit
    builtin-copy -exclude .DS_Store -exclude CVS -exclude .svn -exclude .git -exclude .hg -resolve-src-symlinks -rename /Users/nathanfennel/Library/Developer/Xcode/DerivedData/CardOnCue-fafaiynmhqufqpbfjacxswbpzioe/Build/Intermediates.noindex/PhoneNumberKit.build/Debug-iphonesimulator/PhoneNumberKit.build/Objects-normal/arm64/PhoneNumberKit.swiftsourceinfo /Users/nathanfennel/Library/Developer/Xcode/DerivedData/CardOnCue-fafaiynmhqufqpbfjacxswbpzioe/Build/Products/Debug-iphonesimulator/PhoneNumberKit.swiftmodule/Project/arm64-apple-ios-simulator.swiftsourceinfo

SwiftCompile normal arm64 Compiling\ PhoneNumberFormatter.swift,\ PhoneNumberParser.swift,\ PhoneNumberUtility.swift /Users/nathanfennel/Library/Developer/Xcode/DerivedData/CardOnCue-fafaiynmhqufqpbfjacxswbpzioe/SourcePackages/checkouts/PhoneNumberKit/PhoneNumberKit/PhoneNumberFormatter.swift /Users/nathanfennel/Library/Developer/Xcode/DerivedData/CardOnCue-fafaiynmhqufqpbfjacxswbpzioe/SourcePackages/checkouts/PhoneNumberKit/PhoneNumberKit/PhoneNumberParser.swift /Users/nathanfennel/Library/Developer/Xcode/DerivedData/CardOnCue-fafaiynmhqufqpbfjacxswbpzioe/SourcePackages/checkouts/PhoneNumberKit/PhoneNumberKit/PhoneNumberUtility.swift (in target 'PhoneNumberKit' from project 'PhoneNumberKit')

SwiftCompile normal arm64 /Users/nathanfennel/Library/Developer/Xcode/DerivedData/CardOnCue-fafaiynmhqufqpbfjacxswbpzioe/SourcePackages/checkouts/PhoneNumberKit/PhoneNumberKit/PhoneNumberFormatter.swift (in target 'PhoneNumberKit' from project 'PhoneNumberKit')
    cd /Users/nathanfennel/Documents/GitHub/CardOnCue/CardOnCue.xcodeproj
    

SwiftCompile normal arm64 /Users/nathanfennel/Library/Developer/Xcode/DerivedData/CardOnCue-fafaiynmhqufqpbfjacxswbpzioe/SourcePackages/checkouts/PhoneNumberKit/PhoneNumberKit/PhoneNumberParser.swift (in target 'PhoneNumberKit' from project 'PhoneNumberKit')
    cd /Users/nathanfennel/Documents/GitHub/CardOnCue/CardOnCue.xcodeproj
    

SwiftCompile normal arm64 /Users/nathanfennel/Library/Developer/Xcode/DerivedData/CardOnCue-fafaiynmhqufqpbfjacxswbpzioe/SourcePackages/checkouts/PhoneNumberKit/PhoneNumberKit/PhoneNumberUtility.swift (in target 'PhoneNumberKit' from project 'PhoneNumberKit')
    cd /Users/nathanfennel/Documents/GitHub/CardOnCue/CardOnCue.xcodeproj
    

SwiftCompile normal arm64 Compiling\ Formatter.swift,\ MetadataManager.swift,\ MetadataParsing.swift /Users/nathanfennel/Library/Developer/Xcode/DerivedData/CardOnCue-fafaiynmhqufqpbfjacxswbpzioe/SourcePackages/checkouts/PhoneNumberKit/PhoneNumberKit/Formatter.swift /Users/nathanfennel/Library/Developer/Xcode/DerivedData/CardOnCue-fafaiynmhqufqpbfjacxswbpzioe/SourcePackages/checkouts/PhoneNumberKit/PhoneNumberKit/MetadataManager.swift /Users/nathanfennel/Library/Developer/Xcode/DerivedData/CardOnCue-fafaiynmhqufqpbfjacxswbpzioe/SourcePackages/checkouts/PhoneNumberKit/PhoneNumberKit/MetadataParsing.swift (in target 'PhoneNumberKit' from project 'PhoneNumberKit')

SwiftCompile normal arm64 /Users/nathanfennel/Library/Developer/Xcode/DerivedData/CardOnCue-fafaiynmhqufqpbfjacxswbpzioe/SourcePackages/checkouts/PhoneNumberKit/PhoneNumberKit/Formatter.swift (in target 'PhoneNumberKit' from project 'PhoneNumberKit')
    cd /Users/nathanfennel/Documents/GitHub/CardOnCue/CardOnCue.xcodeproj
    

SwiftCompile normal arm64 /Users/nathanfennel/Library/Developer/Xcode/DerivedData/CardOnCue-fafaiynmhqufqpbfjacxswbpzioe/SourcePackages/checkouts/PhoneNumberKit/PhoneNumberKit/MetadataManager.swift (in target 'PhoneNumberKit' from project 'PhoneNumberKit')
    cd /Users/nathanfennel/Documents/GitHub/CardOnCue/CardOnCue.xcodeproj
    

SwiftCompile normal arm64 /Users/nathanfennel/Library/Developer/Xcode/DerivedData/CardOnCue-fafaiynmhqufqpbfjacxswbpzioe/SourcePackages/checkouts/PhoneNumberKit/PhoneNumberKit/MetadataParsing.swift (in target 'PhoneNumberKit' from project 'PhoneNumberKit')
    cd /Users/nathanfennel/Documents/GitHub/CardOnCue/CardOnCue.xcodeproj
    

SwiftDriverJobDiscovery normal arm64 Compiling SimpleKeychain.swift (in target 'SimpleKeychain' from project 'SimpleKeychain')

SwiftCompile normal arm64 Compiling\ PartialFormatter.swift,\ PhoneNumber+Codable.swift,\ PhoneNumber.swift /Users/nathanfennel/Library/Developer/Xcode/DerivedData/CardOnCue-fafaiynmhqufqpbfjacxswbpzioe/SourcePackages/checkouts/PhoneNumberKit/PhoneNumberKit/PartialFormatter.swift /Users/nathanfennel/Library/Developer/Xcode/DerivedData/CardOnCue-fafaiynmhqufqpbfjacxswbpzioe/SourcePackages/checkouts/PhoneNumberKit/PhoneNumberKit/PhoneNumber+Codable.swift /Users/nathanfennel/Library/Developer/Xcode/DerivedData/CardOnCue-fafaiynmhqufqpbfjacxswbpzioe/SourcePackages/checkouts/PhoneNumberKit/PhoneNumberKit/PhoneNumber.swift (in target 'PhoneNumberKit' from project 'PhoneNumberKit')

SwiftCompile normal arm64 /Users/nathanfennel/Library/Developer/Xcode/DerivedData/CardOnCue-fafaiynmhqufqpbfjacxswbpzioe/SourcePackages/checkouts/PhoneNumberKit/PhoneNumberKit/PartialFormatter.swift (in target 'PhoneNumberKit' from project 'PhoneNumberKit')
    cd /Users/nathanfennel/Documents/GitHub/CardOnCue/CardOnCue.xcodeproj
    

SwiftCompile normal arm64 /Users/nathanfennel/Library/Developer/Xcode/DerivedData/CardOnCue-fafaiynmhqufqpbfjacxswbpzioe/SourcePackages/checkouts/PhoneNumberKit/PhoneNumberKit/PhoneNumber+Codable.swift (in target 'PhoneNumberKit' from project 'PhoneNumberKit')
    cd /Users/nathanfennel/Documents/GitHub/CardOnCue/CardOnCue.xcodeproj
    

SwiftCompile normal arm64 /Users/nathanfennel/Library/Developer/Xcode/DerivedData/CardOnCue-fafaiynmhqufqpbfjacxswbpzioe/SourcePackages/checkouts/PhoneNumberKit/PhoneNumberKit/PhoneNumber.swift (in target 'PhoneNumberKit' from project 'PhoneNumberKit')
    cd /Users/nathanfennel/Documents/GitHub/CardOnCue/CardOnCue.xcodeproj
    

SwiftDriver\ Compilation SimpleKeychain normal arm64 com.apple.xcode.tools.swift.compiler (in target 'SimpleKeychain' from project 'SimpleKeychain')
    cd /Users/nathanfennel/Documents/GitHub/CardOnCue/CardOnCue.xcodeproj
    builtin-Swift-Compilation -- /Applications/Xcode.app/Contents/Developer/Toolchains/XcodeDefault.xctoolchain/usr/bin/swiftc -module-name SimpleKeychain -Onone -enforce-exclusivity\=checked @/Users/nathanfennel/Library/Developer/Xcode/DerivedData/CardOnCue-fafaiynmhqufqpbfjacxswbpzioe/Build/Intermediates.noindex/SimpleKeychain.build/Debug-iphonesimulator/SimpleKeychain.build/Objects-normal/arm64/SimpleKeychain.SwiftFileList -DSWIFT_PACKAGE -DDEBUG -DSWIFT_MODULE_RESOURCE_BUNDLE_UNAVAILABLE -DXcode -plugin-path /Applications/Xcode.app/Contents/Developer/Toolchains/XcodeDefault.xctoolchain/usr/lib/swift/host/plugins/testing -enable-experimental-feature DebugDescriptionMacro -sdk /Applications/Xcode.app/Contents/Developer/Platforms/iPhoneSimulator.platform/Developer/SDKs/iPhoneSimulator26.2.sdk -target arm64-apple-ios14.0-simulator -g -module-cache-path /Users/nathanfennel/Library/Developer/Xcode/DerivedData/ModuleCache.noindex -Xfrontend -serialize-debugging-options -profile-coverage-mapping -profile-generate -enable-testing -suppress-warnings -index-store-path /Users/nathanfennel/Library/Developer/Xcode/DerivedData/CardOnCue-fafaiynmhqufqpbfjacxswbpzioe/Index.noindex/DataStore -Xcc -D_LIBCPP_HARDENING_MODE\=_LIBCPP_HARDENING_MODE_DEBUG -swift-version 5 -I /Users/nathanfennel/Library/Developer/Xcode/DerivedData/CardOnCue-fafaiynmhqufqpbfjacxswbpzioe/Build/Products/Debug-iphonesimulator -Isystem /Applications/Xcode.app/Contents/Developer/Platforms/iPhoneSimulator.platform/Developer/usr/lib -F /Users/nathanfennel/Library/Developer/Xcode/DerivedData/CardOnCue-fafaiynmhqufqpbfjacxswbpzioe/Build/Products/Debug-iphonesimulator -F /Applications/Xcode.app/Contents/Developer/Platforms/iPhoneSimulator.platform/Developer/Library/Frameworks -F /Applications/Xcode.app/Contents/Developer/Platforms/iPhoneSimulator.platform/Developer/SDKs/iPhoneSimulator26.2.sdk/Developer/Library/Frameworks -c -j8 -enable-batch-mode -incremental -Xcc -ivfsstatcache -Xcc /Users/nathanfennel/Library/Developer/Xcode/DerivedData/SDKStatCaches.noindex/iphonesimulator26.2-23C53-7d00a8b37fbd7999ea79df8ebc024bf0.sdkstatcache -output-file-map /Users/nathanfennel/Library/Developer/Xcode/DerivedData/CardOnCue-fafaiynmhqufqpbfjacxswbpzioe/Build/Intermediates.noindex/SimpleKeychain.build/Debug-iphonesimulator/SimpleKeychain.build/Objects-normal/arm64/SimpleKeychain-OutputFileMap.json -use-frontend-parseable-output -save-temps -no-color-diagnostics -explicit-module-build -module-cache-path /Users/nathanfennel/Library/Developer/Xcode/DerivedData/CardOnCue-fafaiynmhqufqpbfjacxswbpzioe/Build/Intermediates.noindex/SwiftExplicitPrecompiledModules -clang-scanner-module-cache-path /Users/nathanfennel/Library/Developer/Xcode/DerivedData/ModuleCache.noindex -sdk-module-cache-path /Users/nathanfennel/Library/Developer/Xcode/DerivedData/ModuleCache.noindex -serialize-diagnostics -emit-dependencies -emit-module -emit-module-path /Users/nathanfennel/Library/Developer/Xcode/DerivedData/CardOnCue-fafaiynmhqufqpbfjacxswbpzioe/Build/Intermediates.noindex/SimpleKeychain.build/Debug-iphonesimulator/SimpleKeychain.build/Objects-normal/arm64/SimpleKeychain.swiftmodule -validate-clang-modules-once -clang-build-session-file /Users/nathanfennel/Library/Developer/Xcode/DerivedData/ModuleCache.noindex/Session.modulevalidation -package-name simplekeychain -Xcc -I/Users/nathanfennel/Library/Developer/Xcode/DerivedData/CardOnCue-fafaiynmhqufqpbfjacxswbpzioe/Build/Intermediates.noindex/SimpleKeychain.build/Debug-iphonesimulator/SimpleKeychain.build/swift-overrides.hmap -emit-const-values -Xfrontend -const-gather-protocols-file -Xfrontend /Users/nathanfennel/Library/Developer/Xcode/DerivedData/CardOnCue-fafaiynmhqufqpbfjacxswbpzioe/Build/Intermediates.noindex/SimpleKeychain.build/Debug-iphonesimulator/SimpleKeychain.build/Objects-normal/arm64/SimpleKeychain_const_extract_protocols.json -Xcc -I/Users/nathanfennel/Library/Developer/Xcode/DerivedData/CardOnCue-fafaiynmhqufqpbfjacxswbpzioe/Build/Products/Debug-iphonesimulator/include -Xcc -I/Users/nathanfennel/Library/Developer/Xcode/DerivedData/CardOnCue-fafaiynmhqufqpbfjacxswbpzioe/Build/Intermediates.noindex/SimpleKeychain.build/Debug-iphonesimulator/SimpleKeychain.build/DerivedSources-normal/arm64 -Xcc -I/Users/nathanfennel/Library/Developer/Xcode/DerivedData/CardOnCue-fafaiynmhqufqpbfjacxswbpzioe/Build/Intermediates.noindex/SimpleKeychain.build/Debug-iphonesimulator/SimpleKeychain.build/DerivedSources/arm64 -Xcc -I/Users/nathanfennel/Library/Developer/Xcode/DerivedData/CardOnCue-fafaiynmhqufqpbfjacxswbpzioe/Build/Intermediates.noindex/SimpleKeychain.build/Debug-iphonesimulator/SimpleKeychain.build/DerivedSources -Xcc -DSWIFT_PACKAGE -Xcc -DDEBUG\=1 -emit-objc-header -emit-objc-header-path /Users/nathanfennel/Library/Developer/Xcode/DerivedData/CardOnCue-fafaiynmhqufqpbfjacxswbpzioe/Build/Intermediates.noindex/SimpleKeychain.build/Debug-iphonesimulator/SimpleKeychain.build/Objects-normal/arm64/SimpleKeychain-Swift.h -working-directory /Users/nathanfennel/Documents/GitHub/CardOnCue/CardOnCue.xcodeproj -experimental-emit-module-separately -disable-cmo

SwiftDriverJobDiscovery normal arm64 Compiling DataLoader.swift (in target 'Get' from project 'Get')

SwiftCompile normal arm64 Compiling\ CountryCodePickerTableViewCell.swift,\ CountryCodePickerViewController.swift /Users/nathanfennel/Library/Developer/Xcode/DerivedData/CardOnCue-fafaiynmhqufqpbfjacxswbpzioe/SourcePackages/checkouts/PhoneNumberKit/PhoneNumberKit/UI/CountryCodePickerTableViewCell.swift /Users/nathanfennel/Library/Developer/Xcode/DerivedData/CardOnCue-fafaiynmhqufqpbfjacxswbpzioe/SourcePackages/checkouts/PhoneNumberKit/PhoneNumberKit/UI/CountryCodePickerViewController.swift (in target 'PhoneNumberKit' from project 'PhoneNumberKit')

SwiftCompile normal arm64 /Users/nathanfennel/Library/Developer/Xcode/DerivedData/CardOnCue-fafaiynmhqufqpbfjacxswbpzioe/SourcePackages/checkouts/PhoneNumberKit/PhoneNumberKit/UI/CountryCodePickerTableViewCell.swift (in target 'PhoneNumberKit' from project 'PhoneNumberKit')
    cd /Users/nathanfennel/Documents/GitHub/CardOnCue/CardOnCue.xcodeproj
    

SwiftCompile normal arm64 /Users/nathanfennel/Library/Developer/Xcode/DerivedData/CardOnCue-fafaiynmhqufqpbfjacxswbpzioe/SourcePackages/checkouts/PhoneNumberKit/PhoneNumberKit/UI/CountryCodePickerViewController.swift (in target 'PhoneNumberKit' from project 'PhoneNumberKit')
    cd /Users/nathanfennel/Documents/GitHub/CardOnCue/CardOnCue.xcodeproj
    

SwiftCompile normal arm64 Compiling\ PhoneNumberTextField.swift,\ PhoneNumberTextFieldDelegate.swift /Users/nathanfennel/Library/Developer/Xcode/DerivedData/CardOnCue-fafaiynmhqufqpbfjacxswbpzioe/SourcePackages/checkouts/PhoneNumberKit/PhoneNumberKit/UI/PhoneNumberTextField.swift /Users/nathanfennel/Library/Developer/Xcode/DerivedData/CardOnCue-fafaiynmhqufqpbfjacxswbpzioe/SourcePackages/checkouts/PhoneNumberKit/PhoneNumberKit/UI/PhoneNumberTextFieldDelegate.swift (in target 'PhoneNumberKit' from project 'PhoneNumberKit')

SwiftCompile normal arm64 /Users/nathanfennel/Library/Developer/Xcode/DerivedData/CardOnCue-fafaiynmhqufqpbfjacxswbpzioe/SourcePackages/checkouts/PhoneNumberKit/PhoneNumberKit/UI/PhoneNumberTextField.swift (in target 'PhoneNumberKit' from project 'PhoneNumberKit')
    cd /Users/nathanfennel/Documents/GitHub/CardOnCue/CardOnCue.xcodeproj
    

SwiftCompile normal arm64 /Users/nathanfennel/Library/Developer/Xcode/DerivedData/CardOnCue-fafaiynmhqufqpbfjacxswbpzioe/SourcePackages/checkouts/PhoneNumberKit/PhoneNumberKit/UI/PhoneNumberTextFieldDelegate.swift (in target 'PhoneNumberKit' from project 'PhoneNumberKit')
    cd /Users/nathanfennel/Documents/GitHub/CardOnCue/CardOnCue.xcodeproj
    

SwiftDriverJobDiscovery normal arm64 Compiling APIClient.swift (in target 'Get' from project 'Get')

SwiftCompile normal arm64 Compiling\ RegexManager.swift,\ CountryCodePickerOptions.swift,\ CountryCodePickerSectionHeaderView.swift /Users/nathanfennel/Library/Developer/Xcode/DerivedData/CardOnCue-fafaiynmhqufqpbfjacxswbpzioe/SourcePackages/checkouts/PhoneNumberKit/PhoneNumberKit/RegexManager.swift /Users/nathanfennel/Library/Developer/Xcode/DerivedData/CardOnCue-fafaiynmhqufqpbfjacxswbpzioe/SourcePackages/checkouts/PhoneNumberKit/PhoneNumberKit/UI/CountryCodePickerOptions.swift /Users/nathanfennel/Library/Developer/Xcode/DerivedData/CardOnCue-fafaiynmhqufqpbfjacxswbpzioe/SourcePackages/checkouts/PhoneNumberKit/PhoneNumberKit/UI/CountryCodePickerSectionHeaderView.swift (in target 'PhoneNumberKit' from project 'PhoneNumberKit')

SwiftCompile normal arm64 /Users/nathanfennel/Library/Developer/Xcode/DerivedData/CardOnCue-fafaiynmhqufqpbfjacxswbpzioe/SourcePackages/checkouts/PhoneNumberKit/PhoneNumberKit/RegexManager.swift (in target 'PhoneNumberKit' from project 'PhoneNumberKit')
    cd /Users/nathanfennel/Documents/GitHub/CardOnCue/CardOnCue.xcodeproj
    

SwiftCompile normal arm64 /Users/nathanfennel/Library/Developer/Xcode/DerivedData/CardOnCue-fafaiynmhqufqpbfjacxswbpzioe/SourcePackages/checkouts/PhoneNumberKit/PhoneNumberKit/UI/CountryCodePickerOptions.swift (in target 'PhoneNumberKit' from project 'PhoneNumberKit')
    cd /Users/nathanfennel/Documents/GitHub/CardOnCue/CardOnCue.xcodeproj
    

SwiftCompile normal arm64 /Users/nathanfennel/Library/Developer/Xcode/DerivedData/CardOnCue-fafaiynmhqufqpbfjacxswbpzioe/SourcePackages/checkouts/PhoneNumberKit/PhoneNumberKit/UI/CountryCodePickerSectionHeaderView.swift (in target 'PhoneNumberKit' from project 'PhoneNumberKit')
    cd /Users/nathanfennel/Documents/GitHub/CardOnCue/CardOnCue.xcodeproj
    

SwiftDriverJobDiscovery normal arm64 Emitting module for FactoryKit (in target 'FactoryKit' from project 'Factory')

SwiftDriver\ Compilation\ Requirements FactoryKit normal arm64 com.apple.xcode.tools.swift.compiler (in target 'FactoryKit' from project 'Factory')
    cd /Users/nathanfennel/Documents/GitHub/CardOnCue/CardOnCue.xcodeproj
    builtin-Swift-Compilation-Requirements -- /Applications/Xcode.app/Contents/Developer/Toolchains/XcodeDefault.xctoolchain/usr/bin/swiftc -module-name FactoryKit -Onone -enforce-exclusivity\=checked @/Users/nathanfennel/Library/Developer/Xcode/DerivedData/CardOnCue-fafaiynmhqufqpbfjacxswbpzioe/Build/Intermediates.noindex/Factory.build/Debug-iphonesimulator/FactoryKit.build/Objects-normal/arm64/FactoryKit.SwiftFileList -DSWIFT_PACKAGE -DDEBUG -DSWIFT_MODULE_RESOURCE_BUNDLE_AVAILABLE -DXcode -enable-experimental-feature StrictConcurrency -plugin-path /Applications/Xcode.app/Contents/Developer/Toolchains/XcodeDefault.xctoolchain/usr/lib/swift/host/plugins/testing -enable-experimental-feature DebugDescriptionMacro -sdk /Applications/Xcode.app/Contents/Developer/Platforms/iPhoneSimulator.platform/Developer/SDKs/iPhoneSimulator26.2.sdk -target arm64-apple-ios13.0-simulator -g -module-cache-path /Users/nathanfennel/Library/Developer/Xcode/DerivedData/ModuleCache.noindex -Xfrontend -serialize-debugging-options -profile-coverage-mapping -profile-generate -enable-testing -suppress-warnings -index-store-path /Users/nathanfennel/Library/Developer/Xcode/DerivedData/CardOnCue-fafaiynmhqufqpbfjacxswbpzioe/Index.noindex/DataStore -Xcc -D_LIBCPP_HARDENING_MODE\=_LIBCPP_HARDENING_MODE_DEBUG -swift-version 6 -I /Users/nathanfennel/Library/Developer/Xcode/DerivedData/CardOnCue-fafaiynmhqufqpbfjacxswbpzioe/Build/Products/Debug-iphonesimulator -Isystem /Applications/Xcode.app/Contents/Developer/Platforms/iPhoneSimulator.platform/Developer/usr/lib -F /Users/nathanfennel/Library/Developer/Xcode/DerivedData/CardOnCue-fafaiynmhqufqpbfjacxswbpzioe/Build/Products/Debug-iphonesimulator -F /Applications/Xcode.app/Contents/Developer/Platforms/iPhoneSimulator.platform/Developer/Library/Frameworks -F /Applications/Xcode.app/Contents/Developer/Platforms/iPhoneSimulator.platform/Developer/SDKs/iPhoneSimulator26.2.sdk/Developer/Library/Frameworks -c -j8 -enable-batch-mode -incremental -Xcc -ivfsstatcache -Xcc /Users/nathanfennel/Library/Developer/Xcode/DerivedData/SDKStatCaches.noindex/iphonesimulator26.2-23C53-7d00a8b37fbd7999ea79df8ebc024bf0.sdkstatcache -output-file-map /Users/nathanfennel/Library/Developer/Xcode/DerivedData/CardOnCue-fafaiynmhqufqpbfjacxswbpzioe/Build/Intermediates.noindex/Factory.build/Debug-iphonesimulator/FactoryKit.build/Objects-normal/arm64/FactoryKit-OutputFileMap.json -use-frontend-parseable-output -save-temps -no-color-diagnostics -explicit-module-build -module-cache-path /Users/nathanfennel/Library/Developer/Xcode/DerivedData/CardOnCue-fafaiynmhqufqpbfjacxswbpzioe/Build/Intermediates.noindex/SwiftExplicitPrecompiledModules -clang-scanner-module-cache-path /Users/nathanfennel/Library/Developer/Xcode/DerivedData/ModuleCache.noindex -sdk-module-cache-path /Users/nathanfennel/Library/Developer/Xcode/DerivedData/ModuleCache.noindex -serialize-diagnostics -emit-dependencies -emit-module -emit-module-path /Users/nathanfennel/Library/Developer/Xcode/DerivedData/CardOnCue-fafaiynmhqufqpbfjacxswbpzioe/Build/Intermediates.noindex/Factory.build/Debug-iphonesimulator/FactoryKit.build/Objects-normal/arm64/FactoryKit.swiftmodule -validate-clang-modules-once -clang-build-session-file /Users/nathanfennel/Library/Developer/Xcode/DerivedData/ModuleCache.noindex/Session.modulevalidation -package-name factory -Xcc -I/Users/nathanfennel/Library/Developer/Xcode/DerivedData/CardOnCue-fafaiynmhqufqpbfjacxswbpzioe/Build/Intermediates.noindex/Factory.build/Debug-iphonesimulator/FactoryKit.build/swift-overrides.hmap -emit-const-values -Xfrontend -const-gather-protocols-file -Xfrontend /Users/nathanfennel/Library/Developer/Xcode/DerivedData/CardOnCue-fafaiynmhqufqpbfjacxswbpzioe/Build/Intermediates.noindex/Factory.build/Debug-iphonesimulator/FactoryKit.build/Objects-normal/arm64/FactoryKit_const_extract_protocols.json -Xcc -I/Users/nathanfennel/Library/Developer/Xcode/DerivedData/CardOnCue-fafaiynmhqufqpbfjacxswbpzioe/Build/Products/Debug-iphonesimulator/include -Xcc -I/Users/nathanfennel/Library/Developer/Xcode/DerivedData/CardOnCue-fafaiynmhqufqpbfjacxswbpzioe/Build/Intermediates.noindex/Factory.build/Debug-iphonesimulator/FactoryKit.build/DerivedSources-normal/arm64 -Xcc -I/Users/nathanfennel/Library/Developer/Xcode/DerivedData/CardOnCue-fafaiynmhqufqpbfjacxswbpzioe/Build/Intermediates.noindex/Factory.build/Debug-iphonesimulator/FactoryKit.build/DerivedSources/arm64 -Xcc -I/Users/nathanfennel/Library/Developer/Xcode/DerivedData/CardOnCue-fafaiynmhqufqpbfjacxswbpzioe/Build/Intermediates.noindex/Factory.build/Debug-iphonesimulator/FactoryKit.build/DerivedSources -Xcc -DSWIFT_PACKAGE -Xcc -DDEBUG\=1 -emit-objc-header -emit-objc-header-path /Users/nathanfennel/Library/Developer/Xcode/DerivedData/CardOnCue-fafaiynmhqufqpbfjacxswbpzioe/Build/Intermediates.noindex/Factory.build/Debug-iphonesimulator/FactoryKit.build/Objects-normal/arm64/FactoryKit-Swift.h -working-directory /Users/nathanfennel/Documents/GitHub/CardOnCue/CardOnCue.xcodeproj -experimental-emit-module-separately -disable-cmo

SwiftDriverJobDiscovery normal arm64 Compiling Formatter.swift, MetadataManager.swift, MetadataParsing.swift (in target 'PhoneNumberKit' from project 'PhoneNumberKit')

SwiftCompile normal arm64 Compiling\ MetadataTypes.swift,\ NSRegularExpression+Swift.swift,\ ParseManager.swift /Users/nathanfennel/Library/Developer/Xcode/DerivedData/CardOnCue-fafaiynmhqufqpbfjacxswbpzioe/SourcePackages/checkouts/PhoneNumberKit/PhoneNumberKit/MetadataTypes.swift /Users/nathanfennel/Library/Developer/Xcode/DerivedData/CardOnCue-fafaiynmhqufqpbfjacxswbpzioe/SourcePackages/checkouts/PhoneNumberKit/PhoneNumberKit/NSRegularExpression+Swift.swift /Users/nathanfennel/Library/Developer/Xcode/DerivedData/CardOnCue-fafaiynmhqufqpbfjacxswbpzioe/SourcePackages/checkouts/PhoneNumberKit/PhoneNumberKit/ParseManager.swift (in target 'PhoneNumberKit' from project 'PhoneNumberKit')

SwiftCompile normal arm64 /Users/nathanfennel/Library/Developer/Xcode/DerivedData/CardOnCue-fafaiynmhqufqpbfjacxswbpzioe/SourcePackages/checkouts/PhoneNumberKit/PhoneNumberKit/MetadataTypes.swift (in target 'PhoneNumberKit' from project 'PhoneNumberKit')
    cd /Users/nathanfennel/Documents/GitHub/CardOnCue/CardOnCue.xcodeproj
    

SwiftCompile normal arm64 /Users/nathanfennel/Library/Developer/Xcode/DerivedData/CardOnCue-fafaiynmhqufqpbfjacxswbpzioe/SourcePackages/checkouts/PhoneNumberKit/PhoneNumberKit/NSRegularExpression+Swift.swift (in target 'PhoneNumberKit' from project 'PhoneNumberKit')
    cd /Users/nathanfennel/Documents/GitHub/CardOnCue/CardOnCue.xcodeproj
    

SwiftCompile normal arm64 /Users/nathanfennel/Library/Developer/Xcode/DerivedData/CardOnCue-fafaiynmhqufqpbfjacxswbpzioe/SourcePackages/checkouts/PhoneNumberKit/PhoneNumberKit/ParseManager.swift (in target 'PhoneNumberKit' from project 'PhoneNumberKit')
    cd /Users/nathanfennel/Documents/GitHub/CardOnCue/CardOnCue.xcodeproj
    

SwiftMergeGeneratedHeaders /Users/nathanfennel/Library/Developer/Xcode/DerivedData/CardOnCue-fafaiynmhqufqpbfjacxswbpzioe/Build/Intermediates.noindex/GeneratedModuleMaps-iphonesimulator/FactoryKit-Swift.h /Users/nathanfennel/Library/Developer/Xcode/DerivedData/CardOnCue-fafaiynmhqufqpbfjacxswbpzioe/Build/Intermediates.noindex/Factory.build/Debug-iphonesimulator/FactoryKit.build/Objects-normal/arm64/FactoryKit-Swift.h (in target 'FactoryKit' from project 'Factory')
    cd /Users/nathanfennel/Library/Developer/Xcode/DerivedData/CardOnCue-fafaiynmhqufqpbfjacxswbpzioe/SourcePackages/checkouts/Factory
    builtin-swiftHeaderTool -arch arm64 /Users/nathanfennel/Library/Developer/Xcode/DerivedData/CardOnCue-fafaiynmhqufqpbfjacxswbpzioe/Build/Intermediates.noindex/Factory.build/Debug-iphonesimulator/FactoryKit.build/Objects-normal/arm64/FactoryKit-Swift.h -o /Users/nathanfennel/Library/Developer/Xcode/DerivedData/CardOnCue-fafaiynmhqufqpbfjacxswbpzioe/Build/Intermediates.noindex/GeneratedModuleMaps-iphonesimulator/FactoryKit-Swift.h

SwiftDriverJobDiscovery normal arm64 Emitting module for Kingfisher (in target 'Kingfisher' from project 'Kingfisher')

SwiftDriver\ Compilation\ Requirements Kingfisher normal arm64 com.apple.xcode.tools.swift.compiler (in target 'Kingfisher' from project 'Kingfisher')
    cd /Users/nathanfennel/Documents/GitHub/CardOnCue/CardOnCue.xcodeproj
    builtin-Swift-Compilation-Requirements -- /Applications/Xcode.app/Contents/Developer/Toolchains/XcodeDefault.xctoolchain/usr/bin/swiftc -module-name Kingfisher -Onone -enforce-exclusivity\=checked @/Users/nathanfennel/Library/Developer/Xcode/DerivedData/CardOnCue-fafaiynmhqufqpbfjacxswbpzioe/Build/Intermediates.noindex/Kingfisher.build/Debug-iphonesimulator/Kingfisher.build/Objects-normal/arm64/Kingfisher.SwiftFileList -DSWIFT_PACKAGE -DDEBUG -DSWIFT_MODULE_RESOURCE_BUNDLE_AVAILABLE -DXcode -plugin-path /Applications/Xcode.app/Contents/Developer/Toolchains/XcodeDefault.xctoolchain/usr/lib/swift/host/plugins/testing -enable-experimental-feature DebugDescriptionMacro -sdk /Applications/Xcode.app/Contents/Developer/Platforms/iPhoneSimulator.platform/Developer/SDKs/iPhoneSimulator26.2.sdk -target arm64-apple-ios13.0-simulator -g -module-cache-path /Users/nathanfennel/Library/Developer/Xcode/DerivedData/ModuleCache.noindex -Xfrontend -serialize-debugging-options -profile-coverage-mapping -profile-generate -enable-testing -suppress-warnings -index-store-path /Users/nathanfennel/Library/Developer/Xcode/DerivedData/CardOnCue-fafaiynmhqufqpbfjacxswbpzioe/Index.noindex/DataStore -Xcc -D_LIBCPP_HARDENING_MODE\=_LIBCPP_HARDENING_MODE_DEBUG -swift-version 5 -I /Users/nathanfennel/Library/Developer/Xcode/DerivedData/CardOnCue-fafaiynmhqufqpbfjacxswbpzioe/Build/Products/Debug-iphonesimulator -Isystem /Applications/Xcode.app/Contents/Developer/Platforms/iPhoneSimulator.platform/Developer/usr/lib -F /Users/nathanfennel/Library/Developer/Xcode/DerivedData/CardOnCue-fafaiynmhqufqpbfjacxswbpzioe/Build/Products/Debug-iphonesimulator -F /Applications/Xcode.app/Contents/Developer/Platforms/iPhoneSimulator.platform/Developer/Library/Frameworks -F /Applications/Xcode.app/Contents/Developer/Platforms/iPhoneSimulator.platform/Developer/SDKs/iPhoneSimulator26.2.sdk/Developer/Library/Frameworks -c -j8 -enable-batch-mode -incremental -Xcc -ivfsstatcache -Xcc /Users/nathanfennel/Library/Developer/Xcode/DerivedData/SDKStatCaches.noindex/iphonesimulator26.2-23C53-7d00a8b37fbd7999ea79df8ebc024bf0.sdkstatcache -output-file-map /Users/nathanfennel/Library/Developer/Xcode/DerivedData/CardOnCue-fafaiynmhqufqpbfjacxswbpzioe/Build/Intermediates.noindex/Kingfisher.build/Debug-iphonesimulator/Kingfisher.build/Objects-normal/arm64/Kingfisher-OutputFileMap.json -use-frontend-parseable-output -save-temps -no-color-diagnostics -explicit-module-build -module-cache-path /Users/nathanfennel/Library/Developer/Xcode/DerivedData/CardOnCue-fafaiynmhqufqpbfjacxswbpzioe/Build/Intermediates.noindex/SwiftExplicitPrecompiledModules -clang-scanner-module-cache-path /Users/nathanfennel/Library/Developer/Xcode/DerivedData/ModuleCache.noindex -sdk-module-cache-path /Users/nathanfennel/Library/Developer/Xcode/DerivedData/ModuleCache.noindex -serialize-diagnostics -emit-dependencies -emit-module -emit-module-path /Users/nathanfennel/Library/Developer/Xcode/DerivedData/CardOnCue-fafaiynmhqufqpbfjacxswbpzioe/Build/Intermediates.noindex/Kingfisher.build/Debug-iphonesimulator/Kingfisher.build/Objects-normal/arm64/Kingfisher.swiftmodule -validate-clang-modules-once -clang-build-session-file /Users/nathanfennel/Library/Developer/Xcode/DerivedData/ModuleCache.noindex/Session.modulevalidation -package-name kingfisher -Xcc -I/Users/nathanfennel/Library/Developer/Xcode/DerivedData/CardOnCue-fafaiynmhqufqpbfjacxswbpzioe/Build/Intermediates.noindex/Kingfisher.build/Debug-iphonesimulator/Kingfisher.build/swift-overrides.hmap -emit-const-values -Xfrontend -const-gather-protocols-file -Xfrontend /Users/nathanfennel/Library/Developer/Xcode/DerivedData/CardOnCue-fafaiynmhqufqpbfjacxswbpzioe/Build/Intermediates.noindex/Kingfisher.build/Debug-iphonesimulator/Kingfisher.build/Objects-normal/arm64/Kingfisher_const_extract_protocols.json -Xcc -I/Users/nathanfennel/Library/Developer/Xcode/DerivedData/CardOnCue-fafaiynmhqufqpbfjacxswbpzioe/Build/Products/Debug-iphonesimulator/include -Xcc -I/Users/nathanfennel/Library/Developer/Xcode/DerivedData/CardOnCue-fafaiynmhqufqpbfjacxswbpzioe/Build/Intermediates.noindex/Kingfisher.build/Debug-iphonesimulator/Kingfisher.build/DerivedSources-normal/arm64 -Xcc -I/Users/nathanfennel/Library/Developer/Xcode/DerivedData/CardOnCue-fafaiynmhqufqpbfjacxswbpzioe/Build/Intermediates.noindex/Kingfisher.build/Debug-iphonesimulator/Kingfisher.build/DerivedSources/arm64 -Xcc -I/Users/nathanfennel/Library/Developer/Xcode/DerivedData/CardOnCue-fafaiynmhqufqpbfjacxswbpzioe/Build/Intermediates.noindex/Kingfisher.build/Debug-iphonesimulator/Kingfisher.build/DerivedSources -Xcc -DSWIFT_PACKAGE -Xcc -DDEBUG\=1 -emit-objc-header -emit-objc-header-path /Users/nathanfennel/Library/Developer/Xcode/DerivedData/CardOnCue-fafaiynmhqufqpbfjacxswbpzioe/Build/Intermediates.noindex/Kingfisher.build/Debug-iphonesimulator/Kingfisher.build/Objects-normal/arm64/Kingfisher-Swift.h -working-directory /Users/nathanfennel/Documents/GitHub/CardOnCue/CardOnCue.xcodeproj -experimental-emit-module-separately -disable-cmo

Copy /Users/nathanfennel/Library/Developer/Xcode/DerivedData/CardOnCue-fafaiynmhqufqpbfjacxswbpzioe/Build/Products/Debug-iphonesimulator/FactoryKit.swiftmodule/arm64-apple-ios-simulator.swiftmodule /Users/nathanfennel/Library/Developer/Xcode/DerivedData/CardOnCue-fafaiynmhqufqpbfjacxswbpzioe/Build/Intermediates.noindex/Factory.build/Debug-iphonesimulator/FactoryKit.build/Objects-normal/arm64/FactoryKit.swiftmodule (in target 'FactoryKit' from project 'Factory')
    cd /Users/nathanfennel/Library/Developer/Xcode/DerivedData/CardOnCue-fafaiynmhqufqpbfjacxswbpzioe/SourcePackages/checkouts/Factory
    builtin-copy -exclude .DS_Store -exclude CVS -exclude .svn -exclude .git -exclude .hg -resolve-src-symlinks -rename /Users/nathanfennel/Library/Developer/Xcode/DerivedData/CardOnCue-fafaiynmhqufqpbfjacxswbpzioe/Build/Intermediates.noindex/Factory.build/Debug-iphonesimulator/FactoryKit.build/Objects-normal/arm64/FactoryKit.swiftmodule /Users/nathanfennel/Library/Developer/Xcode/DerivedData/CardOnCue-fafaiynmhqufqpbfjacxswbpzioe/Build/Products/Debug-iphonesimulator/FactoryKit.swiftmodule/arm64-apple-ios-simulator.swiftmodule

SwiftMergeGeneratedHeaders /Users/nathanfennel/Library/Developer/Xcode/DerivedData/CardOnCue-fafaiynmhqufqpbfjacxswbpzioe/Build/Intermediates.noindex/GeneratedModuleMaps-iphonesimulator/Kingfisher-Swift.h /Users/nathanfennel/Library/Developer/Xcode/DerivedData/CardOnCue-fafaiynmhqufqpbfjacxswbpzioe/Build/Intermediates.noindex/Kingfisher.build/Debug-iphonesimulator/Kingfisher.build/Objects-normal/arm64/Kingfisher-Swift.h (in target 'Kingfisher' from project 'Kingfisher')
    cd /Users/nathanfennel/Library/Developer/Xcode/DerivedData/CardOnCue-fafaiynmhqufqpbfjacxswbpzioe/SourcePackages/checkouts/Kingfisher
    builtin-swiftHeaderTool -arch arm64 /Users/nathanfennel/Library/Developer/Xcode/DerivedData/CardOnCue-fafaiynmhqufqpbfjacxswbpzioe/Build/Intermediates.noindex/Kingfisher.build/Debug-iphonesimulator/Kingfisher.build/Objects-normal/arm64/Kingfisher-Swift.h -o /Users/nathanfennel/Library/Developer/Xcode/DerivedData/CardOnCue-fafaiynmhqufqpbfjacxswbpzioe/Build/Intermediates.noindex/GeneratedModuleMaps-iphonesimulator/Kingfisher-Swift.h

Copy /Users/nathanfennel/Library/Developer/Xcode/DerivedData/CardOnCue-fafaiynmhqufqpbfjacxswbpzioe/Build/Products/Debug-iphonesimulator/Kingfisher.swiftmodule/arm64-apple-ios-simulator.swiftmodule /Users/nathanfennel/Library/Developer/Xcode/DerivedData/CardOnCue-fafaiynmhqufqpbfjacxswbpzioe/Build/Intermediates.noindex/Kingfisher.build/Debug-iphonesimulator/Kingfisher.build/Objects-normal/arm64/Kingfisher.swiftmodule (in target 'Kingfisher' from project 'Kingfisher')
    cd /Users/nathanfennel/Library/Developer/Xcode/DerivedData/CardOnCue-fafaiynmhqufqpbfjacxswbpzioe/SourcePackages/checkouts/Kingfisher
    builtin-copy -exclude .DS_Store -exclude CVS -exclude .svn -exclude .git -exclude .hg -resolve-src-symlinks -rename /Users/nathanfennel/Library/Developer/Xcode/DerivedData/CardOnCue-fafaiynmhqufqpbfjacxswbpzioe/Build/Intermediates.noindex/Kingfisher.build/Debug-iphonesimulator/Kingfisher.build/Objects-normal/arm64/Kingfisher.swiftmodule /Users/nathanfennel/Library/Developer/Xcode/DerivedData/CardOnCue-fafaiynmhqufqpbfjacxswbpzioe/Build/Products/Debug-iphonesimulator/Kingfisher.swiftmodule/arm64-apple-ios-simulator.swiftmodule

Copy /Users/nathanfennel/Library/Developer/Xcode/DerivedData/CardOnCue-fafaiynmhqufqpbfjacxswbpzioe/Build/Products/Debug-iphonesimulator/Kingfisher.swiftmodule/arm64-apple-ios-simulator.swiftdoc /Users/nathanfennel/Library/Developer/Xcode/DerivedData/CardOnCue-fafaiynmhqufqpbfjacxswbpzioe/Build/Intermediates.noindex/Kingfisher.build/Debug-iphonesimulator/Kingfisher.build/Objects-normal/arm64/Kingfisher.swiftdoc (in target 'Kingfisher' from project 'Kingfisher')
    cd /Users/nathanfennel/Library/Developer/Xcode/DerivedData/CardOnCue-fafaiynmhqufqpbfjacxswbpzioe/SourcePackages/checkouts/Kingfisher
    builtin-copy -exclude .DS_Store -exclude CVS -exclude .svn -exclude .git -exclude .hg -resolve-src-symlinks -rename /Users/nathanfennel/Library/Developer/Xcode/DerivedData/CardOnCue-fafaiynmhqufqpbfjacxswbpzioe/Build/Intermediates.noindex/Kingfisher.build/Debug-iphonesimulator/Kingfisher.build/Objects-normal/arm64/Kingfisher.swiftdoc /Users/nathanfennel/Library/Developer/Xcode/DerivedData/CardOnCue-fafaiynmhqufqpbfjacxswbpzioe/Build/Products/Debug-iphonesimulator/Kingfisher.swiftmodule/arm64-apple-ios-simulator.swiftdoc

Copy /Users/nathanfennel/Library/Developer/Xcode/DerivedData/CardOnCue-fafaiynmhqufqpbfjacxswbpzioe/Build/Products/Debug-iphonesimulator/Kingfisher.swiftmodule/arm64-apple-ios-simulator.abi.json /Users/nathanfennel/Library/Developer/Xcode/DerivedData/CardOnCue-fafaiynmhqufqpbfjacxswbpzioe/Build/Intermediates.noindex/Kingfisher.build/Debug-iphonesimulator/Kingfisher.build/Objects-normal/arm64/Kingfisher.abi.json (in target 'Kingfisher' from project 'Kingfisher')
    cd /Users/nathanfennel/Library/Developer/Xcode/DerivedData/CardOnCue-fafaiynmhqufqpbfjacxswbpzioe/SourcePackages/checkouts/Kingfisher
    builtin-copy -exclude .DS_Store -exclude CVS -exclude .svn -exclude .git -exclude .hg -resolve-src-symlinks -rename /Users/nathanfennel/Library/Developer/Xcode/DerivedData/CardOnCue-fafaiynmhqufqpbfjacxswbpzioe/Build/Intermediates.noindex/Kingfisher.build/Debug-iphonesimulator/Kingfisher.build/Objects-normal/arm64/Kingfisher.abi.json /Users/nathanfennel/Library/Developer/Xcode/DerivedData/CardOnCue-fafaiynmhqufqpbfjacxswbpzioe/Build/Products/Debug-iphonesimulator/Kingfisher.swiftmodule/arm64-apple-ios-simulator.abi.json

Copy /Users/nathanfennel/Library/Developer/Xcode/DerivedData/CardOnCue-fafaiynmhqufqpbfjacxswbpzioe/Build/Products/Debug-iphonesimulator/Kingfisher.swiftmodule/Project/arm64-apple-ios-simulator.swiftsourceinfo /Users/nathanfennel/Library/Developer/Xcode/DerivedData/CardOnCue-fafaiynmhqufqpbfjacxswbpzioe/Build/Intermediates.noindex/Kingfisher.build/Debug-iphonesimulator/Kingfisher.build/Objects-normal/arm64/Kingfisher.swiftsourceinfo (in target 'Kingfisher' from project 'Kingfisher')
    cd /Users/nathanfennel/Library/Developer/Xcode/DerivedData/CardOnCue-fafaiynmhqufqpbfjacxswbpzioe/SourcePackages/checkouts/Kingfisher
    builtin-copy -exclude .DS_Store -exclude CVS -exclude .svn -exclude .git -exclude .hg -resolve-src-symlinks -rename /Users/nathanfennel/Library/Developer/Xcode/DerivedData/CardOnCue-fafaiynmhqufqpbfjacxswbpzioe/Build/Intermediates.noindex/Kingfisher.build/Debug-iphonesimulator/Kingfisher.build/Objects-normal/arm64/Kingfisher.swiftsourceinfo /Users/nathanfennel/Library/Developer/Xcode/DerivedData/CardOnCue-fafaiynmhqufqpbfjacxswbpzioe/Build/Products/Debug-iphonesimulator/Kingfisher.swiftmodule/Project/arm64-apple-ios-simulator.swiftsourceinfo

Copy /Users/nathanfennel/Library/Developer/Xcode/DerivedData/CardOnCue-fafaiynmhqufqpbfjacxswbpzioe/Build/Products/Debug-iphonesimulator/FactoryKit.swiftmodule/arm64-apple-ios-simulator.swiftdoc /Users/nathanfennel/Library/Developer/Xcode/DerivedData/CardOnCue-fafaiynmhqufqpbfjacxswbpzioe/Build/Intermediates.noindex/Factory.build/Debug-iphonesimulator/FactoryKit.build/Objects-normal/arm64/FactoryKit.swiftdoc (in target 'FactoryKit' from project 'Factory')
    cd /Users/nathanfennel/Library/Developer/Xcode/DerivedData/CardOnCue-fafaiynmhqufqpbfjacxswbpzioe/SourcePackages/checkouts/Factory
    builtin-copy -exclude .DS_Store -exclude CVS -exclude .svn -exclude .git -exclude .hg -resolve-src-symlinks -rename /Users/nathanfennel/Library/Developer/Xcode/DerivedData/CardOnCue-fafaiynmhqufqpbfjacxswbpzioe/Build/Intermediates.noindex/Factory.build/Debug-iphonesimulator/FactoryKit.build/Objects-normal/arm64/FactoryKit.swiftdoc /Users/nathanfennel/Library/Developer/Xcode/DerivedData/CardOnCue-fafaiynmhqufqpbfjacxswbpzioe/Build/Products/Debug-iphonesimulator/FactoryKit.swiftmodule/arm64-apple-ios-simulator.swiftdoc

Copy /Users/nathanfennel/Library/Developer/Xcode/DerivedData/CardOnCue-fafaiynmhqufqpbfjacxswbpzioe/Build/Products/Debug-iphonesimulator/FactoryKit.swiftmodule/arm64-apple-ios-simulator.abi.json /Users/nathanfennel/Library/Developer/Xcode/DerivedData/CardOnCue-fafaiynmhqufqpbfjacxswbpzioe/Build/Intermediates.noindex/Factory.build/Debug-iphonesimulator/FactoryKit.build/Objects-normal/arm64/FactoryKit.abi.json (in target 'FactoryKit' from project 'Factory')
    cd /Users/nathanfennel/Library/Developer/Xcode/DerivedData/CardOnCue-fafaiynmhqufqpbfjacxswbpzioe/SourcePackages/checkouts/Factory
    builtin-copy -exclude .DS_Store -exclude CVS -exclude .svn -exclude .git -exclude .hg -resolve-src-symlinks -rename /Users/nathanfennel/Library/Developer/Xcode/DerivedData/CardOnCue-fafaiynmhqufqpbfjacxswbpzioe/Build/Intermediates.noindex/Factory.build/Debug-iphonesimulator/FactoryKit.build/Objects-normal/arm64/FactoryKit.abi.json /Users/nathanfennel/Library/Developer/Xcode/DerivedData/CardOnCue-fafaiynmhqufqpbfjacxswbpzioe/Build/Products/Debug-iphonesimulator/FactoryKit.swiftmodule/arm64-apple-ios-simulator.abi.json

Copy /Users/nathanfennel/Library/Developer/Xcode/DerivedData/CardOnCue-fafaiynmhqufqpbfjacxswbpzioe/Build/Products/Debug-iphonesimulator/FactoryKit.swiftmodule/Project/arm64-apple-ios-simulator.swiftsourceinfo /Users/nathanfennel/Library/Developer/Xcode/DerivedData/CardOnCue-fafaiynmhqufqpbfjacxswbpzioe/Build/Intermediates.noindex/Factory.build/Debug-iphonesimulator/FactoryKit.build/Objects-normal/arm64/FactoryKit.swiftsourceinfo (in target 'FactoryKit' from project 'Factory')
    cd /Users/nathanfennel/Library/Developer/Xcode/DerivedData/CardOnCue-fafaiynmhqufqpbfjacxswbpzioe/SourcePackages/checkouts/Factory
    builtin-copy -exclude .DS_Store -exclude CVS -exclude .svn -exclude .git -exclude .hg -resolve-src-symlinks -rename /Users/nathanfennel/Library/Developer/Xcode/DerivedData/CardOnCue-fafaiynmhqufqpbfjacxswbpzioe/Build/Intermediates.noindex/Factory.build/Debug-iphonesimulator/FactoryKit.build/Objects-normal/arm64/FactoryKit.swiftsourceinfo /Users/nathanfennel/Library/Developer/Xcode/DerivedData/CardOnCue-fafaiynmhqufqpbfjacxswbpzioe/Build/Products/Debug-iphonesimulator/FactoryKit.swiftmodule/Project/arm64-apple-ios-simulator.swiftsourceinfo

SwiftCompile normal arm64 Compiling\ resource_bundle_accessor.swift,\ Bundle+Resources.swift,\ Constants.swift /Users/nathanfennel/Library/Developer/Xcode/DerivedData/CardOnCue-fafaiynmhqufqpbfjacxswbpzioe/Build/Intermediates.noindex/PhoneNumberKit.build/Debug-iphonesimulator/PhoneNumberKit.build/DerivedSources/resource_bundle_accessor.swift /Users/nathanfennel/Library/Developer/Xcode/DerivedData/CardOnCue-fafaiynmhqufqpbfjacxswbpzioe/SourcePackages/checkouts/PhoneNumberKit/PhoneNumberKit/Bundle+Resources.swift /Users/nathanfennel/Library/Developer/Xcode/DerivedData/CardOnCue-fafaiynmhqufqpbfjacxswbpzioe/SourcePackages/checkouts/PhoneNumberKit/PhoneNumberKit/Constants.swift (in target 'PhoneNumberKit' from project 'PhoneNumberKit')

SwiftCompile normal arm64 /Users/nathanfennel/Library/Developer/Xcode/DerivedData/CardOnCue-fafaiynmhqufqpbfjacxswbpzioe/Build/Intermediates.noindex/PhoneNumberKit.build/Debug-iphonesimulator/PhoneNumberKit.build/DerivedSources/resource_bundle_accessor.swift (in target 'PhoneNumberKit' from project 'PhoneNumberKit')
    cd /Users/nathanfennel/Documents/GitHub/CardOnCue/CardOnCue.xcodeproj
    

SwiftCompile normal arm64 /Users/nathanfennel/Library/Developer/Xcode/DerivedData/CardOnCue-fafaiynmhqufqpbfjacxswbpzioe/SourcePackages/checkouts/PhoneNumberKit/PhoneNumberKit/Bundle+Resources.swift (in target 'PhoneNumberKit' from project 'PhoneNumberKit')
    cd /Users/nathanfennel/Documents/GitHub/CardOnCue/CardOnCue.xcodeproj
    

SwiftCompile normal arm64 /Users/nathanfennel/Library/Developer/Xcode/DerivedData/CardOnCue-fafaiynmhqufqpbfjacxswbpzioe/SourcePackages/checkouts/PhoneNumberKit/PhoneNumberKit/Constants.swift (in target 'PhoneNumberKit' from project 'PhoneNumberKit')
    cd /Users/nathanfennel/Documents/GitHub/CardOnCue/CardOnCue.xcodeproj
    

SwiftDriverJobDiscovery normal arm64 Compiling PartialFormatter.swift, PhoneNumber+Codable.swift, PhoneNumber.swift (in target 'PhoneNumberKit' from project 'PhoneNumberKit')

SwiftCompile normal arm64 Compiling\ ImageView+Kingfisher.swift,\ NSButton+Kingfisher.swift,\ NSTextAttachment+Kingfisher.swift,\ PHLivePhotoView+Kingfisher.swift,\ UIButton+Kingfisher.swift,\ AVAssetImageDataProvider.swift,\ ImageDataProvider.swift,\ LivePhotoSource.swift,\ PHPickerResultImageDataProvider.swift /Users/nathanfennel/Library/Developer/Xcode/DerivedData/CardOnCue-fafaiynmhqufqpbfjacxswbpzioe/SourcePackages/checkouts/Kingfisher/Sources/Extensions/ImageView+Kingfisher.swift /Users/nathanfennel/Library/Developer/Xcode/DerivedData/CardOnCue-fafaiynmhqufqpbfjacxswbpzioe/SourcePackages/checkouts/Kingfisher/Sources/Extensions/NSButton+Kingfisher.swift /Users/nathanfennel/Library/Developer/Xcode/DerivedData/CardOnCue-fafaiynmhqufqpbfjacxswbpzioe/SourcePackages/checkouts/Kingfisher/Sources/Extensions/NSTextAttachment+Kingfisher.swift /Users/nathanfennel/Library/Developer/Xcode/DerivedData/CardOnCue-fafaiynmhqufqpbfjacxswbpzioe/SourcePackages/checkouts/Kingfisher/Sources/Extensions/PHLivePhotoView+Kingfisher.swift /Users/nathanfennel/Library/Developer/Xcode/DerivedData/CardOnCue-fafaiynmhqufqpbfjacxswbpzioe/SourcePackages/checkouts/Kingfisher/Sources/Extensions/UIButton+Kingfisher.swift /Users/nathanfennel/Library/Developer/Xcode/DerivedData/CardOnCue-fafaiynmhqufqpbfjacxswbpzioe/SourcePackages/checkouts/Kingfisher/Sources/General/ImageSource/AVAssetImageDataProvider.swift /Users/nathanfennel/Library/Developer/Xcode/DerivedData/CardOnCue-fafaiynmhqufqpbfjacxswbpzioe/SourcePackages/checkouts/Kingfisher/Sources/General/ImageSource/ImageDataProvider.swift /Users/nathanfennel/Library/Developer/Xcode/DerivedData/CardOnCue-fafaiynmhqufqpbfjacxswbpzioe/SourcePackages/checkouts/Kingfisher/Sources/General/ImageSource/LivePhotoSource.swift /Users/nathanfennel/Library/Developer/Xcode/DerivedData/CardOnCue-fafaiynmhqufqpbfjacxswbpzioe/SourcePackages/checkouts/Kingfisher/Sources/General/ImageSource/PHPickerResultImageDataProvider.swift (in target 'Kingfisher' from project 'Kingfisher')

SwiftCompile normal arm64 /Users/nathanfennel/Library/Developer/Xcode/DerivedData/CardOnCue-fafaiynmhqufqpbfjacxswbpzioe/SourcePackages/checkouts/Kingfisher/Sources/Extensions/ImageView+Kingfisher.swift (in target 'Kingfisher' from project 'Kingfisher')
    cd /Users/nathanfennel/Documents/GitHub/CardOnCue/CardOnCue.xcodeproj
    

SwiftCompile normal arm64 /Users/nathanfennel/Library/Developer/Xcode/DerivedData/CardOnCue-fafaiynmhqufqpbfjacxswbpzioe/SourcePackages/checkouts/Kingfisher/Sources/Extensions/NSButton+Kingfisher.swift (in target 'Kingfisher' from project 'Kingfisher')
    cd /Users/nathanfennel/Documents/GitHub/CardOnCue/CardOnCue.xcodeproj
    

SwiftCompile normal arm64 /Users/nathanfennel/Library/Developer/Xcode/DerivedData/CardOnCue-fafaiynmhqufqpbfjacxswbpzioe/SourcePackages/checkouts/Kingfisher/Sources/Extensions/NSTextAttachment+Kingfisher.swift (in target 'Kingfisher' from project 'Kingfisher')
    cd /Users/nathanfennel/Documents/GitHub/CardOnCue/CardOnCue.xcodeproj
    

SwiftCompile normal arm64 /Users/nathanfennel/Library/Developer/Xcode/DerivedData/CardOnCue-fafaiynmhqufqpbfjacxswbpzioe/SourcePackages/checkouts/Kingfisher/Sources/Extensions/PHLivePhotoView+Kingfisher.swift (in target 'Kingfisher' from project 'Kingfisher')
    cd /Users/nathanfennel/Documents/GitHub/CardOnCue/CardOnCue.xcodeproj
    

SwiftCompile normal arm64 /Users/nathanfennel/Library/Developer/Xcode/DerivedData/CardOnCue-fafaiynmhqufqpbfjacxswbpzioe/SourcePackages/checkouts/Kingfisher/Sources/Extensions/UIButton+Kingfisher.swift (in target 'Kingfisher' from project 'Kingfisher')
    cd /Users/nathanfennel/Documents/GitHub/CardOnCue/CardOnCue.xcodeproj
    

SwiftCompile normal arm64 /Users/nathanfennel/Library/Developer/Xcode/DerivedData/CardOnCue-fafaiynmhqufqpbfjacxswbpzioe/SourcePackages/checkouts/Kingfisher/Sources/General/ImageSource/AVAssetImageDataProvider.swift (in target 'Kingfisher' from project 'Kingfisher')
    cd /Users/nathanfennel/Documents/GitHub/CardOnCue/CardOnCue.xcodeproj
    

SwiftCompile normal arm64 /Users/nathanfennel/Library/Developer/Xcode/DerivedData/CardOnCue-fafaiynmhqufqpbfjacxswbpzioe/SourcePackages/checkouts/Kingfisher/Sources/General/ImageSource/ImageDataProvider.swift (in target 'Kingfisher' from project 'Kingfisher')
    cd /Users/nathanfennel/Documents/GitHub/CardOnCue/CardOnCue.xcodeproj
    

SwiftCompile normal arm64 /Users/nathanfennel/Library/Developer/Xcode/DerivedData/CardOnCue-fafaiynmhqufqpbfjacxswbpzioe/SourcePackages/checkouts/Kingfisher/Sources/General/ImageSource/LivePhotoSource.swift (in target 'Kingfisher' from project 'Kingfisher')
    cd /Users/nathanfennel/Documents/GitHub/CardOnCue/CardOnCue.xcodeproj
    

SwiftCompile normal arm64 /Users/nathanfennel/Library/Developer/Xcode/DerivedData/CardOnCue-fafaiynmhqufqpbfjacxswbpzioe/SourcePackages/checkouts/Kingfisher/Sources/General/ImageSource/PHPickerResultImageDataProvider.swift (in target 'Kingfisher' from project 'Kingfisher')
    cd /Users/nathanfennel/Documents/GitHub/CardOnCue/CardOnCue.xcodeproj
    

SwiftDriverJobDiscovery normal arm64 Compiling PhoneNumberFormatter.swift, PhoneNumberParser.swift, PhoneNumberUtility.swift (in target 'PhoneNumberKit' from project 'PhoneNumberKit')

SwiftCompile normal arm64 Compiling\ NetworkMonitor.swift,\ RedirectHandler.swift,\ RequestModifier.swift,\ RetryStrategy.swift,\ SessionDataTask.swift,\ SessionDelegate.swift,\ ImageBinder.swift,\ ImageContext.swift /Users/nathanfennel/Library/Developer/Xcode/DerivedData/CardOnCue-fafaiynmhqufqpbfjacxswbpzioe/SourcePackages/checkouts/Kingfisher/Sources/Networking/NetworkMonitor.swift /Users/nathanfennel/Library/Developer/Xcode/DerivedData/CardOnCue-fafaiynmhqufqpbfjacxswbpzioe/SourcePackages/checkouts/Kingfisher/Sources/Networking/RedirectHandler.swift /Users/nathanfennel/Library/Developer/Xcode/DerivedData/CardOnCue-fafaiynmhqufqpbfjacxswbpzioe/SourcePackages/checkouts/Kingfisher/Sources/Networking/RequestModifier.swift /Users/nathanfennel/Library/Developer/Xcode/DerivedData/CardOnCue-fafaiynmhqufqpbfjacxswbpzioe/SourcePackages/checkouts/Kingfisher/Sources/Networking/RetryStrategy.swift /Users/nathanfennel/Library/Developer/Xcode/DerivedData/CardOnCue-fafaiynmhqufqpbfjacxswbpzioe/SourcePackages/checkouts/Kingfisher/Sources/Networking/SessionDataTask.swift /Users/nathanfennel/Library/Developer/Xcode/DerivedData/CardOnCue-fafaiynmhqufqpbfjacxswbpzioe/SourcePackages/checkouts/Kingfisher/Sources/Networking/SessionDelegate.swift /Users/nathanfennel/Library/Developer/Xcode/DerivedData/CardOnCue-fafaiynmhqufqpbfjacxswbpzioe/SourcePackages/checkouts/Kingfisher/Sources/SwiftUI/ImageBinder.swift /Users/nathanfennel/Library/Developer/Xcode/DerivedData/CardOnCue-fafaiynmhqufqpbfjacxswbpzioe/SourcePackages/checkouts/Kingfisher/Sources/SwiftUI/ImageContext.swift (in target 'Kingfisher' from project 'Kingfisher')

SwiftCompile normal arm64 /Users/nathanfennel/Library/Developer/Xcode/DerivedData/CardOnCue-fafaiynmhqufqpbfjacxswbpzioe/SourcePackages/checkouts/Kingfisher/Sources/Networking/NetworkMonitor.swift (in target 'Kingfisher' from project 'Kingfisher')
    cd /Users/nathanfennel/Documents/GitHub/CardOnCue/CardOnCue.xcodeproj
    

SwiftCompile normal arm64 /Users/nathanfennel/Library/Developer/Xcode/DerivedData/CardOnCue-fafaiynmhqufqpbfjacxswbpzioe/SourcePackages/checkouts/Kingfisher/Sources/Networking/RedirectHandler.swift (in target 'Kingfisher' from project 'Kingfisher')
    cd /Users/nathanfennel/Documents/GitHub/CardOnCue/CardOnCue.xcodeproj
    

SwiftCompile normal arm64 /Users/nathanfennel/Library/Developer/Xcode/DerivedData/CardOnCue-fafaiynmhqufqpbfjacxswbpzioe/SourcePackages/checkouts/Kingfisher/Sources/Networking/RequestModifier.swift (in target 'Kingfisher' from project 'Kingfisher')
    cd /Users/nathanfennel/Documents/GitHub/CardOnCue/CardOnCue.xcodeproj
    

SwiftCompile normal arm64 /Users/nathanfennel/Library/Developer/Xcode/DerivedData/CardOnCue-fafaiynmhqufqpbfjacxswbpzioe/SourcePackages/checkouts/Kingfisher/Sources/Networking/RetryStrategy.swift (in target 'Kingfisher' from project 'Kingfisher')
    cd /Users/nathanfennel/Documents/GitHub/CardOnCue/CardOnCue.xcodeproj
    

SwiftCompile normal arm64 /Users/nathanfennel/Library/Developer/Xcode/DerivedData/CardOnCue-fafaiynmhqufqpbfjacxswbpzioe/SourcePackages/checkouts/Kingfisher/Sources/Networking/SessionDataTask.swift (in target 'Kingfisher' from project 'Kingfisher')
    cd /Users/nathanfennel/Documents/GitHub/CardOnCue/CardOnCue.xcodeproj
    

SwiftCompile normal arm64 /Users/nathanfennel/Library/Developer/Xcode/DerivedData/CardOnCue-fafaiynmhqufqpbfjacxswbpzioe/SourcePackages/checkouts/Kingfisher/Sources/Networking/SessionDelegate.swift (in target 'Kingfisher' from project 'Kingfisher')
    cd /Users/nathanfennel/Documents/GitHub/CardOnCue/CardOnCue.xcodeproj
    

SwiftCompile normal arm64 /Users/nathanfennel/Library/Developer/Xcode/DerivedData/CardOnCue-fafaiynmhqufqpbfjacxswbpzioe/SourcePackages/checkouts/Kingfisher/Sources/SwiftUI/ImageBinder.swift (in target 'Kingfisher' from project 'Kingfisher')
    cd /Users/nathanfennel/Documents/GitHub/CardOnCue/CardOnCue.xcodeproj
    

SwiftCompile normal arm64 /Users/nathanfennel/Library/Developer/Xcode/DerivedData/CardOnCue-fafaiynmhqufqpbfjacxswbpzioe/SourcePackages/checkouts/Kingfisher/Sources/SwiftUI/ImageContext.swift (in target 'Kingfisher' from project 'Kingfisher')
    cd /Users/nathanfennel/Documents/GitHub/CardOnCue/CardOnCue.xcodeproj
    

SwiftCompile normal arm64 Compiling\ Filter.swift,\ GIFAnimatedImage.swift,\ GraphicsContext.swift,\ Image.swift,\ ImageDrawing.swift,\ ImageFormat.swift,\ ImageProcessor.swift,\ ImageProgressive.swift,\ ImageTransition.swift /Users/nathanfennel/Library/Developer/Xcode/DerivedData/CardOnCue-fafaiynmhqufqpbfjacxswbpzioe/SourcePackages/checkouts/Kingfisher/Sources/Image/Filter.swift /Users/nathanfennel/Library/Developer/Xcode/DerivedData/CardOnCue-fafaiynmhqufqpbfjacxswbpzioe/SourcePackages/checkouts/Kingfisher/Sources/Image/GIFAnimatedImage.swift /Users/nathanfennel/Library/Developer/Xcode/DerivedData/CardOnCue-fafaiynmhqufqpbfjacxswbpzioe/SourcePackages/checkouts/Kingfisher/Sources/Image/GraphicsContext.swift /Users/nathanfennel/Library/Developer/Xcode/DerivedData/CardOnCue-fafaiynmhqufqpbfjacxswbpzioe/SourcePackages/checkouts/Kingfisher/Sources/Image/Image.swift /Users/nathanfennel/Library/Developer/Xcode/DerivedData/CardOnCue-fafaiynmhqufqpbfjacxswbpzioe/SourcePackages/checkouts/Kingfisher/Sources/Image/ImageDrawing.swift /Users/nathanfennel/Library/Developer/Xcode/DerivedData/CardOnCue-fafaiynmhqufqpbfjacxswbpzioe/SourcePackages/checkouts/Kingfisher/Sources/Image/ImageFormat.swift /Users/nathanfennel/Library/Developer/Xcode/DerivedData/CardOnCue-fafaiynmhqufqpbfjacxswbpzioe/SourcePackages/checkouts/Kingfisher/Sources/Image/ImageProcessor.swift /Users/nathanfennel/Library/Developer/Xcode/DerivedData/CardOnCue-fafaiynmhqufqpbfjacxswbpzioe/SourcePackages/checkouts/Kingfisher/Sources/Image/ImageProgressive.swift /Users/nathanfennel/Library/Developer/Xcode/DerivedData/CardOnCue-fafaiynmhqufqpbfjacxswbpzioe/SourcePackages/checkouts/Kingfisher/Sources/Image/ImageTransition.swift (in target 'Kingfisher' from project 'Kingfisher')

SwiftCompile normal arm64 /Users/nathanfennel/Library/Developer/Xcode/DerivedData/CardOnCue-fafaiynmhqufqpbfjacxswbpzioe/SourcePackages/checkouts/Kingfisher/Sources/Image/Filter.swift (in target 'Kingfisher' from project 'Kingfisher')
    cd /Users/nathanfennel/Documents/GitHub/CardOnCue/CardOnCue.xcodeproj
    

SwiftCompile normal arm64 /Users/nathanfennel/Library/Developer/Xcode/DerivedData/CardOnCue-fafaiynmhqufqpbfjacxswbpzioe/SourcePackages/checkouts/Kingfisher/Sources/Image/GIFAnimatedImage.swift (in target 'Kingfisher' from project 'Kingfisher')
    cd /Users/nathanfennel/Documents/GitHub/CardOnCue/CardOnCue.xcodeproj
    

SwiftCompile normal arm64 /Users/nathanfennel/Library/Developer/Xcode/DerivedData/CardOnCue-fafaiynmhqufqpbfjacxswbpzioe/SourcePackages/checkouts/Kingfisher/Sources/Image/GraphicsContext.swift (in target 'Kingfisher' from project 'Kingfisher')
    cd /Users/nathanfennel/Documents/GitHub/CardOnCue/CardOnCue.xcodeproj
    

SwiftCompile normal arm64 /Users/nathanfennel/Library/Developer/Xcode/DerivedData/CardOnCue-fafaiynmhqufqpbfjacxswbpzioe/SourcePackages/checkouts/Kingfisher/Sources/Image/Image.swift (in target 'Kingfisher' from project 'Kingfisher')
    cd /Users/nathanfennel/Documents/GitHub/CardOnCue/CardOnCue.xcodeproj
    

SwiftCompile normal arm64 /Users/nathanfennel/Library/Developer/Xcode/DerivedData/CardOnCue-fafaiynmhqufqpbfjacxswbpzioe/SourcePackages/checkouts/Kingfisher/Sources/Image/ImageDrawing.swift (in target 'Kingfisher' from project 'Kingfisher')
    cd /Users/nathanfennel/Documents/GitHub/CardOnCue/CardOnCue.xcodeproj
    

SwiftCompile normal arm64 /Users/nathanfennel/Library/Developer/Xcode/DerivedData/CardOnCue-fafaiynmhqufqpbfjacxswbpzioe/SourcePackages/checkouts/Kingfisher/Sources/Image/ImageFormat.swift (in target 'Kingfisher' from project 'Kingfisher')
    cd /Users/nathanfennel/Documents/GitHub/CardOnCue/CardOnCue.xcodeproj
    

SwiftCompile normal arm64 /Users/nathanfennel/Library/Developer/Xcode/DerivedData/CardOnCue-fafaiynmhqufqpbfjacxswbpzioe/SourcePackages/checkouts/Kingfisher/Sources/Image/ImageProcessor.swift (in target 'Kingfisher' from project 'Kingfisher')
    cd /Users/nathanfennel/Documents/GitHub/CardOnCue/CardOnCue.xcodeproj
    

SwiftCompile normal arm64 /Users/nathanfennel/Library/Developer/Xcode/DerivedData/CardOnCue-fafaiynmhqufqpbfjacxswbpzioe/SourcePackages/checkouts/Kingfisher/Sources/Image/ImageProgressive.swift (in target 'Kingfisher' from project 'Kingfisher')
    cd /Users/nathanfennel/Documents/GitHub/CardOnCue/CardOnCue.xcodeproj
    

SwiftCompile normal arm64 /Users/nathanfennel/Library/Developer/Xcode/DerivedData/CardOnCue-fafaiynmhqufqpbfjacxswbpzioe/SourcePackages/checkouts/Kingfisher/Sources/Image/ImageTransition.swift (in target 'Kingfisher' from project 'Kingfisher')
    cd /Users/nathanfennel/Documents/GitHub/CardOnCue/CardOnCue.xcodeproj
    

SwiftDriverJobDiscovery normal arm64 Compiling resource_bundle_accessor.swift, Bundle+Resources.swift, Constants.swift (in target 'PhoneNumberKit' from project 'PhoneNumberKit')

SwiftCompile normal arm64 Compiling\ DisplayLink.swift,\ ExtensionHelpers.swift,\ Result.swift,\ Runtime.swift,\ SizeExtensions.swift,\ String+SHA256.swift,\ AnimatedImageView.swift,\ Indicator.swift /Users/nathanfennel/Library/Developer/Xcode/DerivedData/CardOnCue-fafaiynmhqufqpbfjacxswbpzioe/SourcePackages/checkouts/Kingfisher/Sources/Utility/DisplayLink.swift /Users/nathanfennel/Library/Developer/Xcode/DerivedData/CardOnCue-fafaiynmhqufqpbfjacxswbpzioe/SourcePackages/checkouts/Kingfisher/Sources/Utility/ExtensionHelpers.swift /Users/nathanfennel/Library/Developer/Xcode/DerivedData/CardOnCue-fafaiynmhqufqpbfjacxswbpzioe/SourcePackages/checkouts/Kingfisher/Sources/Utility/Result.swift /Users/nathanfennel/Library/Developer/Xcode/DerivedData/CardOnCue-fafaiynmhqufqpbfjacxswbpzioe/SourcePackages/checkouts/Kingfisher/Sources/Utility/Runtime.swift /Users/nathanfennel/Library/Developer/Xcode/DerivedData/CardOnCue-fafaiynmhqufqpbfjacxswbpzioe/SourcePackages/checkouts/Kingfisher/Sources/Utility/SizeExtensions.swift /Users/nathanfennel/Library/Developer/Xcode/DerivedData/CardOnCue-fafaiynmhqufqpbfjacxswbpzioe/SourcePackages/checkouts/Kingfisher/Sources/Utility/String+SHA256.swift /Users/nathanfennel/Library/Developer/Xcode/DerivedData/CardOnCue-fafaiynmhqufqpbfjacxswbpzioe/SourcePackages/checkouts/Kingfisher/Sources/Views/AnimatedImageView.swift /Users/nathanfennel/Library/Developer/Xcode/DerivedData/CardOnCue-fafaiynmhqufqpbfjacxswbpzioe/SourcePackages/checkouts/Kingfisher/Sources/Views/Indicator.swift (in target 'Kingfisher' from project 'Kingfisher')

SwiftCompile normal arm64 /Users/nathanfennel/Library/Developer/Xcode/DerivedData/CardOnCue-fafaiynmhqufqpbfjacxswbpzioe/SourcePackages/checkouts/Kingfisher/Sources/Utility/DisplayLink.swift (in target 'Kingfisher' from project 'Kingfisher')
    cd /Users/nathanfennel/Documents/GitHub/CardOnCue/CardOnCue.xcodeproj
    

SwiftCompile normal arm64 /Users/nathanfennel/Library/Developer/Xcode/DerivedData/CardOnCue-fafaiynmhqufqpbfjacxswbpzioe/SourcePackages/checkouts/Kingfisher/Sources/Utility/ExtensionHelpers.swift (in target 'Kingfisher' from project 'Kingfisher')
    cd /Users/nathanfennel/Documents/GitHub/CardOnCue/CardOnCue.xcodeproj
    

SwiftCompile normal arm64 /Users/nathanfennel/Library/Developer/Xcode/DerivedData/CardOnCue-fafaiynmhqufqpbfjacxswbpzioe/SourcePackages/checkouts/Kingfisher/Sources/Utility/Result.swift (in target 'Kingfisher' from project 'Kingfisher')
    cd /Users/nathanfennel/Documents/GitHub/CardOnCue/CardOnCue.xcodeproj
    

SwiftCompile normal arm64 /Users/nathanfennel/Library/Developer/Xcode/DerivedData/CardOnCue-fafaiynmhqufqpbfjacxswbpzioe/SourcePackages/checkouts/Kingfisher/Sources/Utility/Runtime.swift (in target 'Kingfisher' from project 'Kingfisher')
    cd /Users/nathanfennel/Documents/GitHub/CardOnCue/CardOnCue.xcodeproj
    

SwiftCompile normal arm64 /Users/nathanfennel/Library/Developer/Xcode/DerivedData/CardOnCue-fafaiynmhqufqpbfjacxswbpzioe/SourcePackages/checkouts/Kingfisher/Sources/Utility/SizeExtensions.swift (in target 'Kingfisher' from project 'Kingfisher')
    cd /Users/nathanfennel/Documents/GitHub/CardOnCue/CardOnCue.xcodeproj
    

SwiftCompile normal arm64 /Users/nathanfennel/Library/Developer/Xcode/DerivedData/CardOnCue-fafaiynmhqufqpbfjacxswbpzioe/SourcePackages/checkouts/Kingfisher/Sources/Utility/String+SHA256.swift (in target 'Kingfisher' from project 'Kingfisher')
    cd /Users/nathanfennel/Documents/GitHub/CardOnCue/CardOnCue.xcodeproj
    

SwiftCompile normal arm64 /Users/nathanfennel/Library/Developer/Xcode/DerivedData/CardOnCue-fafaiynmhqufqpbfjacxswbpzioe/SourcePackages/checkouts/Kingfisher/Sources/Views/AnimatedImageView.swift (in target 'Kingfisher' from project 'Kingfisher')
    cd /Users/nathanfennel/Documents/GitHub/CardOnCue/CardOnCue.xcodeproj
    

SwiftCompile normal arm64 /Users/nathanfennel/Library/Developer/Xcode/DerivedData/CardOnCue-fafaiynmhqufqpbfjacxswbpzioe/SourcePackages/checkouts/Kingfisher/Sources/Views/Indicator.swift (in target 'Kingfisher' from project 'Kingfisher')
    cd /Users/nathanfennel/Documents/GitHub/CardOnCue/CardOnCue.xcodeproj
    

SwiftDriverJobDiscovery normal arm64 Compiling MetadataTypes.swift, NSRegularExpression+Swift.swift, ParseManager.swift (in target 'PhoneNumberKit' from project 'PhoneNumberKit')

SwiftCompile normal arm64 Compiling\ Resource.swift,\ Source.swift,\ KF.swift,\ KFOptionsSetter.swift,\ Kingfisher.swift,\ KingfisherError.swift,\ KingfisherManager+LivePhoto.swift,\ KingfisherManager.swift,\ KingfisherOptionsInfo.swift /Users/nathanfennel/Library/Developer/Xcode/DerivedData/CardOnCue-fafaiynmhqufqpbfjacxswbpzioe/SourcePackages/checkouts/Kingfisher/Sources/General/ImageSource/Resource.swift /Users/nathanfennel/Library/Developer/Xcode/DerivedData/CardOnCue-fafaiynmhqufqpbfjacxswbpzioe/SourcePackages/checkouts/Kingfisher/Sources/General/ImageSource/Source.swift /Users/nathanfennel/Library/Developer/Xcode/DerivedData/CardOnCue-fafaiynmhqufqpbfjacxswbpzioe/SourcePackages/checkouts/Kingfisher/Sources/General/KF.swift /Users/nathanfennel/Library/Developer/Xcode/DerivedData/CardOnCue-fafaiynmhqufqpbfjacxswbpzioe/SourcePackages/checkouts/Kingfisher/Sources/General/KFOptionsSetter.swift /Users/nathanfennel/Library/Developer/Xcode/DerivedData/CardOnCue-fafaiynmhqufqpbfjacxswbpzioe/SourcePackages/checkouts/Kingfisher/Sources/General/Kingfisher.swift /Users/nathanfennel/Library/Developer/Xcode/DerivedData/CardOnCue-fafaiynmhqufqpbfjacxswbpzioe/SourcePackages/checkouts/Kingfisher/Sources/General/KingfisherError.swift /Users/nathanfennel/Library/Developer/Xcode/DerivedData/CardOnCue-fafaiynmhqufqpbfjacxswbpzioe/SourcePackages/checkouts/Kingfisher/Sources/General/KingfisherManager+LivePhoto.swift /Users/nathanfennel/Library/Developer/Xcode/DerivedData/CardOnCue-fafaiynmhqufqpbfjacxswbpzioe/SourcePackages/checkouts/Kingfisher/Sources/General/KingfisherManager.swift /Users/nathanfennel/Library/Developer/Xcode/DerivedData/CardOnCue-fafaiynmhqufqpbfjacxswbpzioe/SourcePackages/checkouts/Kingfisher/Sources/General/KingfisherOptionsInfo.swift (in target 'Kingfisher' from project 'Kingfisher')
SwiftCompile normal arm64 /Users/nathanfennel/Library/Developer/Xcode/DerivedData/CardOnCue-fafaiynmhqufqpbfjacxswbpzioe/SourcePackages/checkouts/Kingfisher/Sources/General/ImageSource/Resource.swift (in target 'Kingfisher' from project 'Kingfisher')
    cd /Users/nathanfennel/Documents/GitHub/CardOnCue/CardOnCue.xcodeproj
    

SwiftCompile normal arm64 /Users/nathanfennel/Library/Developer/Xcode/DerivedData/CardOnCue-fafaiynmhqufqpbfjacxswbpzioe/SourcePackages/checkouts/Kingfisher/Sources/General/ImageSource/Source.swift (in target 'Kingfisher' from project 'Kingfisher')
    cd /Users/nathanfennel/Documents/GitHub/CardOnCue/CardOnCue.xcodeproj
    

SwiftCompile normal arm64 /Users/nathanfennel/Library/Developer/Xcode/DerivedData/CardOnCue-fafaiynmhqufqpbfjacxswbpzioe/SourcePackages/checkouts/Kingfisher/Sources/General/KF.swift (in target 'Kingfisher' from project 'Kingfisher')
    cd /Users/nathanfennel/Documents/GitHub/CardOnCue/CardOnCue.xcodeproj
    

SwiftCompile normal arm64 /Users/nathanfennel/Library/Developer/Xcode/DerivedData/CardOnCue-fafaiynmhqufqpbfjacxswbpzioe/SourcePackages/checkouts/Kingfisher/Sources/General/KFOptionsSetter.swift (in target 'Kingfisher' from project 'Kingfisher')
    cd /Users/nathanfennel/Documents/GitHub/CardOnCue/CardOnCue.xcodeproj
    

SwiftCompile normal arm64 /Users/nathanfennel/Library/Developer/Xcode/DerivedData/CardOnCue-fafaiynmhqufqpbfjacxswbpzioe/SourcePackages/checkouts/Kingfisher/Sources/General/Kingfisher.swift (in target 'Kingfisher' from project 'Kingfisher')
    cd /Users/nathanfennel/Documents/GitHub/CardOnCue/CardOnCue.xcodeproj
    

SwiftCompile normal arm64 /Users/nathanfennel/Library/Developer/Xcode/DerivedData/CardOnCue-fafaiynmhqufqpbfjacxswbpzioe/SourcePackages/checkouts/Kingfisher/Sources/General/KingfisherError.swift (in target 'Kingfisher' from project 'Kingfisher')
    cd /Users/nathanfennel/Documents/GitHub/CardOnCue/CardOnCue.xcodeproj
    

SwiftCompile normal arm64 /Users/nathanfennel/Library/Developer/Xcode/DerivedData/CardOnCue-fafaiynmhqufqpbfjacxswbpzioe/SourcePackages/checkouts/Kingfisher/Sources/General/KingfisherManager+LivePhoto.swift (in target 'Kingfisher' from project 'Kingfisher')
    cd /Users/nathanfennel/Documents/GitHub/CardOnCue/CardOnCue.xcodeproj
    

SwiftCompile normal arm64 /Users/nathanfennel/Library/Developer/Xcode/DerivedData/CardOnCue-fafaiynmhqufqpbfjacxswbpzioe/SourcePackages/checkouts/Kingfisher/Sources/General/KingfisherManager.swift (in target 'Kingfisher' from project 'Kingfisher')
    cd /Users/nathanfennel/Documents/GitHub/CardOnCue/CardOnCue.xcodeproj
    

SwiftCompile normal arm64 /Users/nathanfennel/Library/Developer/Xcode/DerivedData/CardOnCue-fafaiynmhqufqpbfjacxswbpzioe/SourcePackages/checkouts/Kingfisher/Sources/General/KingfisherOptionsInfo.swift (in target 'Kingfisher' from project 'Kingfisher')
    cd /Users/nathanfennel/Documents/GitHub/CardOnCue/CardOnCue.xcodeproj
    

SwiftDriverJobDiscovery normal arm64 Compiling RegexManager.swift, CountryCodePickerOptions.swift, CountryCodePickerSectionHeaderView.swift (in target 'PhoneNumberKit' from project 'PhoneNumberKit')

SwiftCompile normal arm64 Compiling\ Placeholder.swift,\ AuthenticationChallengeResponsable.swift,\ ImageDataProcessor.swift,\ ImageDownloader+LivePhoto.swift,\ ImageDownloader.swift,\ ImageDownloaderDelegate.swift,\ ImageModifier.swift,\ ImagePrefetcher.swift,\ NetworkMetrics.swift /Users/nathanfennel/Library/Developer/Xcode/DerivedData/CardOnCue-fafaiynmhqufqpbfjacxswbpzioe/SourcePackages/checkouts/Kingfisher/Sources/Image/Placeholder.swift /Users/nathanfennel/Library/Developer/Xcode/DerivedData/CardOnCue-fafaiynmhqufqpbfjacxswbpzioe/SourcePackages/checkouts/Kingfisher/Sources/Networking/AuthenticationChallengeResponsable.swift /Users/nathanfennel/Library/Developer/Xcode/DerivedData/CardOnCue-fafaiynmhqufqpbfjacxswbpzioe/SourcePackages/checkouts/Kingfisher/Sources/Networking/ImageDataProcessor.swift /Users/nathanfennel/Library/Developer/Xcode/DerivedData/CardOnCue-fafaiynmhqufqpbfjacxswbpzioe/SourcePackages/checkouts/Kingfisher/Sources/Networking/ImageDownloader+LivePhoto.swift /Users/nathanfennel/Library/Developer/Xcode/DerivedData/CardOnCue-fafaiynmhqufqpbfjacxswbpzioe/SourcePackages/checkouts/Kingfisher/Sources/Networking/ImageDownloader.swift /Users/nathanfennel/Library/Developer/Xcode/DerivedData/CardOnCue-fafaiynmhqufqpbfjacxswbpzioe/SourcePackages/checkouts/Kingfisher/Sources/Networking/ImageDownloaderDelegate.swift /Users/nathanfennel/Library/Developer/Xcode/DerivedData/CardOnCue-fafaiynmhqufqpbfjacxswbpzioe/SourcePackages/checkouts/Kingfisher/Sources/Networking/ImageModifier.swift /Users/nathanfennel/Library/Developer/Xcode/DerivedData/CardOnCue-fafaiynmhqufqpbfjacxswbpzioe/SourcePackages/checkouts/Kingfisher/Sources/Networking/ImagePrefetcher.swift /Users/nathanfennel/Library/Developer/Xcode/DerivedData/CardOnCue-fafaiynmhqufqpbfjacxswbpzioe/SourcePackages/checkouts/Kingfisher/Sources/Networking/NetworkMetrics.swift (in target 'Kingfisher' from project 'Kingfisher')

SwiftCompile normal arm64 /Users/nathanfennel/Library/Developer/Xcode/DerivedData/CardOnCue-fafaiynmhqufqpbfjacxswbpzioe/SourcePackages/checkouts/Kingfisher/Sources/Image/Placeholder.swift (in target 'Kingfisher' from project 'Kingfisher')
    cd /Users/nathanfennel/Documents/GitHub/CardOnCue/CardOnCue.xcodeproj
    

SwiftCompile normal arm64 /Users/nathanfennel/Library/Developer/Xcode/DerivedData/CardOnCue-fafaiynmhqufqpbfjacxswbpzioe/SourcePackages/checkouts/Kingfisher/Sources/Networking/AuthenticationChallengeResponsable.swift (in target 'Kingfisher' from project 'Kingfisher')
    cd /Users/nathanfennel/Documents/GitHub/CardOnCue/CardOnCue.xcodeproj
    

SwiftCompile normal arm64 /Users/nathanfennel/Library/Developer/Xcode/DerivedData/CardOnCue-fafaiynmhqufqpbfjacxswbpzioe/SourcePackages/checkouts/Kingfisher/Sources/Networking/ImageDataProcessor.swift (in target 'Kingfisher' from project 'Kingfisher')
    cd /Users/nathanfennel/Documents/GitHub/CardOnCue/CardOnCue.xcodeproj
    

SwiftCompile normal arm64 /Users/nathanfennel/Library/Developer/Xcode/DerivedData/CardOnCue-fafaiynmhqufqpbfjacxswbpzioe/SourcePackages/checkouts/Kingfisher/Sources/Networking/ImageDownloader+LivePhoto.swift (in target 'Kingfisher' from project 'Kingfisher')
    cd /Users/nathanfennel/Documents/GitHub/CardOnCue/CardOnCue.xcodeproj
    

SwiftCompile normal arm64 /Users/nathanfennel/Library/Developer/Xcode/DerivedData/CardOnCue-fafaiynmhqufqpbfjacxswbpzioe/SourcePackages/checkouts/Kingfisher/Sources/Networking/ImageDownloader.swift (in target 'Kingfisher' from project 'Kingfisher')
    cd /Users/nathanfennel/Documents/GitHub/CardOnCue/CardOnCue.xcodeproj
    

SwiftCompile normal arm64 /Users/nathanfennel/Library/Developer/Xcode/DerivedData/CardOnCue-fafaiynmhqufqpbfjacxswbpzioe/SourcePackages/checkouts/Kingfisher/Sources/Networking/ImageDownloaderDelegate.swift (in target 'Kingfisher' from project 'Kingfisher')
    cd /Users/nathanfennel/Documents/GitHub/CardOnCue/CardOnCue.xcodeproj
    

SwiftCompile normal arm64 /Users/nathanfennel/Library/Developer/Xcode/DerivedData/CardOnCue-fafaiynmhqufqpbfjacxswbpzioe/SourcePackages/checkouts/Kingfisher/Sources/Networking/ImageModifier.swift (in target 'Kingfisher' from project 'Kingfisher')
    cd /Users/nathanfennel/Documents/GitHub/CardOnCue/CardOnCue.xcodeproj
    

SwiftCompile normal arm64 /Users/nathanfennel/Library/Developer/Xcode/DerivedData/CardOnCue-fafaiynmhqufqpbfjacxswbpzioe/SourcePackages/checkouts/Kingfisher/Sources/Networking/ImagePrefetcher.swift (in target 'Kingfisher' from project 'Kingfisher')
    cd /Users/nathanfennel/Documents/GitHub/CardOnCue/CardOnCue.xcodeproj
    

SwiftCompile normal arm64 /Users/nathanfennel/Library/Developer/Xcode/DerivedData/CardOnCue-fafaiynmhqufqpbfjacxswbpzioe/SourcePackages/checkouts/Kingfisher/Sources/Networking/NetworkMetrics.swift (in target 'Kingfisher' from project 'Kingfisher')
    cd /Users/nathanfennel/Documents/GitHub/CardOnCue/CardOnCue.xcodeproj
    

SwiftDriverJobDiscovery normal arm64 Compiling CountryCodePickerTableViewCell.swift, CountryCodePickerViewController.swift (in target 'PhoneNumberKit' from project 'PhoneNumberKit')

SwiftCompile normal arm64 Compiling\ resource_bundle_accessor.swift,\ CacheSerializer.swift,\ DiskStorage.swift,\ FormatIndicatedCacheSerializer.swift,\ ImageCache.swift,\ MemoryStorage.swift,\ Storage.swift,\ CPListItem+Kingfisher.swift,\ HasImageComponent+Kingfisher.swift /Users/nathanfennel/Library/Developer/Xcode/DerivedData/CardOnCue-fafaiynmhqufqpbfjacxswbpzioe/Build/Intermediates.noindex/Kingfisher.build/Debug-iphonesimulator/Kingfisher.build/DerivedSources/resource_bundle_accessor.swift /Users/nathanfennel/Library/Developer/Xcode/DerivedData/CardOnCue-fafaiynmhqufqpbfjacxswbpzioe/SourcePackages/checkouts/Kingfisher/Sources/Cache/CacheSerializer.swift /Users/nathanfennel/Library/Developer/Xcode/DerivedData/CardOnCue-fafaiynmhqufqpbfjacxswbpzioe/SourcePackages/checkouts/Kingfisher/Sources/Cache/DiskStorage.swift /Users/nathanfennel/Library/Developer/Xcode/DerivedData/CardOnCue-fafaiynmhqufqpbfjacxswbpzioe/SourcePackages/checkouts/Kingfisher/Sources/Cache/FormatIndicatedCacheSerializer.swift /Users/nathanfennel/Library/Developer/Xcode/DerivedData/CardOnCue-fafaiynmhqufqpbfjacxswbpzioe/SourcePackages/checkouts/Kingfisher/Sources/Cache/ImageCache.swift /Users/nathanfennel/Library/Developer/Xcode/DerivedData/CardOnCue-fafaiynmhqufqpbfjacxswbpzioe/SourcePackages/checkouts/Kingfisher/Sources/Cache/MemoryStorage.swift /Users/nathanfennel/Library/Developer/Xcode/DerivedData/CardOnCue-fafaiynmhqufqpbfjacxswbpzioe/SourcePackages/checkouts/Kingfisher/Sources/Cache/Storage.swift /Users/nathanfennel/Library/Developer/Xcode/DerivedData/CardOnCue-fafaiynmhqufqpbfjacxswbpzioe/SourcePackages/checkouts/Kingfisher/Sources/Extensions/CPListItem+Kingfisher.swift /Users/nathanfennel/Library/Developer/Xcode/DerivedData/CardOnCue-fafaiynmhqufqpbfjacxswbpzioe/SourcePackages/checkouts/Kingfisher/Sources/Extensions/HasImageComponent+Kingfisher.swift (in target 'Kingfisher' from project 'Kingfisher')

SwiftCompile normal arm64 /Users/nathanfennel/Library/Developer/Xcode/DerivedData/CardOnCue-fafaiynmhqufqpbfjacxswbpzioe/Build/Intermediates.noindex/Kingfisher.build/Debug-iphonesimulator/Kingfisher.build/DerivedSources/resource_bundle_accessor.swift (in target 'Kingfisher' from project 'Kingfisher')
    cd /Users/nathanfennel/Documents/GitHub/CardOnCue/CardOnCue.xcodeproj
    

SwiftCompile normal arm64 /Users/nathanfennel/Library/Developer/Xcode/DerivedData/CardOnCue-fafaiynmhqufqpbfjacxswbpzioe/SourcePackages/checkouts/Kingfisher/Sources/Cache/CacheSerializer.swift (in target 'Kingfisher' from project 'Kingfisher')
    cd /Users/nathanfennel/Documents/GitHub/CardOnCue/CardOnCue.xcodeproj
    

SwiftCompile normal arm64 /Users/nathanfennel/Library/Developer/Xcode/DerivedData/CardOnCue-fafaiynmhqufqpbfjacxswbpzioe/SourcePackages/checkouts/Kingfisher/Sources/Cache/DiskStorage.swift (in target 'Kingfisher' from project 'Kingfisher')
    cd /Users/nathanfennel/Documents/GitHub/CardOnCue/CardOnCue.xcodeproj
    

SwiftCompile normal arm64 /Users/nathanfennel/Library/Developer/Xcode/DerivedData/CardOnCue-fafaiynmhqufqpbfjacxswbpzioe/SourcePackages/checkouts/Kingfisher/Sources/Cache/FormatIndicatedCacheSerializer.swift (in target 'Kingfisher' from project 'Kingfisher')
    cd /Users/nathanfennel/Documents/GitHub/CardOnCue/CardOnCue.xcodeproj
    

SwiftCompile normal arm64 /Users/nathanfennel/Library/Developer/Xcode/DerivedData/CardOnCue-fafaiynmhqufqpbfjacxswbpzioe/SourcePackages/checkouts/Kingfisher/Sources/Cache/ImageCache.swift (in target 'Kingfisher' from project 'Kingfisher')
    cd /Users/nathanfennel/Documents/GitHub/CardOnCue/CardOnCue.xcodeproj
    

SwiftCompile normal arm64 /Users/nathanfennel/Library/Developer/Xcode/DerivedData/CardOnCue-fafaiynmhqufqpbfjacxswbpzioe/SourcePackages/checkouts/Kingfisher/Sources/Cache/MemoryStorage.swift (in target 'Kingfisher' from project 'Kingfisher')
    cd /Users/nathanfennel/Documents/GitHub/CardOnCue/CardOnCue.xcodeproj
    

SwiftCompile normal arm64 /Users/nathanfennel/Library/Developer/Xcode/DerivedData/CardOnCue-fafaiynmhqufqpbfjacxswbpzioe/SourcePackages/checkouts/Kingfisher/Sources/Cache/Storage.swift (in target 'Kingfisher' from project 'Kingfisher')
    cd /Users/nathanfennel/Documents/GitHub/CardOnCue/CardOnCue.xcodeproj
    

SwiftCompile normal arm64 /Users/nathanfennel/Library/Developer/Xcode/DerivedData/CardOnCue-fafaiynmhqufqpbfjacxswbpzioe/SourcePackages/checkouts/Kingfisher/Sources/Extensions/CPListItem+Kingfisher.swift (in target 'Kingfisher' from project 'Kingfisher')
    cd /Users/nathanfennel/Documents/GitHub/CardOnCue/CardOnCue.xcodeproj
    

SwiftCompile normal arm64 /Users/nathanfennel/Library/Developer/Xcode/DerivedData/CardOnCue-fafaiynmhqufqpbfjacxswbpzioe/SourcePackages/checkouts/Kingfisher/Sources/Extensions/HasImageComponent+Kingfisher.swift (in target 'Kingfisher' from project 'Kingfisher')
    cd /Users/nathanfennel/Documents/GitHub/CardOnCue/CardOnCue.xcodeproj
    

SwiftDriverJobDiscovery normal arm64 Compiling PhoneNumberTextField.swift, PhoneNumberTextFieldDelegate.swift (in target 'PhoneNumberKit' from project 'PhoneNumberKit')

SwiftDriverJobDiscovery normal arm64 Compiling DisplayLink.swift, ExtensionHelpers.swift, Result.swift, Runtime.swift, SizeExtensions.swift, String+SHA256.swift, AnimatedImageView.swift, Indicator.swift (in target 'Kingfisher' from project 'Kingfisher')

SwiftDriver\ Compilation PhoneNumberKit normal arm64 com.apple.xcode.tools.swift.compiler (in target 'PhoneNumberKit' from project 'PhoneNumberKit')
    cd /Users/nathanfennel/Documents/GitHub/CardOnCue/CardOnCue.xcodeproj
    builtin-Swift-Compilation -- /Applications/Xcode.app/Contents/Developer/Toolchains/XcodeDefault.xctoolchain/usr/bin/swiftc -module-name PhoneNumberKit -Onone -enforce-exclusivity\=checked @/Users/nathanfennel/Library/Developer/Xcode/DerivedData/CardOnCue-fafaiynmhqufqpbfjacxswbpzioe/Build/Intermediates.noindex/PhoneNumberKit.build/Debug-iphonesimulator/PhoneNumberKit.build/Objects-normal/arm64/PhoneNumberKit.SwiftFileList -DSWIFT_PACKAGE -DDEBUG -DSWIFT_MODULE_RESOURCE_BUNDLE_AVAILABLE -DXcode -plugin-path /Applications/Xcode.app/Contents/Developer/Toolchains/XcodeDefault.xctoolchain/usr/lib/swift/host/plugins/testing -enable-experimental-feature DebugDescriptionMacro -sdk /Applications/Xcode.app/Contents/Developer/Platforms/iPhoneSimulator.platform/Developer/SDKs/iPhoneSimulator26.2.sdk -target arm64-apple-ios12.0-simulator -g -module-cache-path /Users/nathanfennel/Library/Developer/Xcode/DerivedData/ModuleCache.noindex -Xfrontend -serialize-debugging-options -profile-coverage-mapping -profile-generate -enable-testing -suppress-warnings -index-store-path /Users/nathanfennel/Library/Developer/Xcode/DerivedData/CardOnCue-fafaiynmhqufqpbfjacxswbpzioe/Index.noindex/DataStore -Xcc -D_LIBCPP_HARDENING_MODE\=_LIBCPP_HARDENING_MODE_DEBUG -swift-version 5 -I /Users/nathanfennel/Library/Developer/Xcode/DerivedData/CardOnCue-fafaiynmhqufqpbfjacxswbpzioe/Build/Products/Debug-iphonesimulator -Isystem /Applications/Xcode.app/Contents/Developer/Platforms/iPhoneSimulator.platform/Developer/usr/lib -F /Users/nathanfennel/Library/Developer/Xcode/DerivedData/CardOnCue-fafaiynmhqufqpbfjacxswbpzioe/Build/Products/Debug-iphonesimulator -F /Applications/Xcode.app/Contents/Developer/Platforms/iPhoneSimulator.platform/Developer/Library/Frameworks -F /Applications/Xcode.app/Contents/Developer/Platforms/iPhoneSimulator.platform/Developer/SDKs/iPhoneSimulator26.2.sdk/Developer/Library/Frameworks -c -j8 -enable-batch-mode -incremental -Xcc -ivfsstatcache -Xcc /Users/nathanfennel/Library/Developer/Xcode/DerivedData/SDKStatCaches.noindex/iphonesimulator26.2-23C53-7d00a8b37fbd7999ea79df8ebc024bf0.sdkstatcache -output-file-map /Users/nathanfennel/Library/Developer/Xcode/DerivedData/CardOnCue-fafaiynmhqufqpbfjacxswbpzioe/Build/Intermediates.noindex/PhoneNumberKit.build/Debug-iphonesimulator/PhoneNumberKit.build/Objects-normal/arm64/PhoneNumberKit-OutputFileMap.json -use-frontend-parseable-output -save-temps -no-color-diagnostics -explicit-module-build -module-cache-path /Users/nathanfennel/Library/Developer/Xcode/DerivedData/CardOnCue-fafaiynmhqufqpbfjacxswbpzioe/Build/Intermediates.noindex/SwiftExplicitPrecompiledModules -clang-scanner-module-cache-path /Users/nathanfennel/Library/Developer/Xcode/DerivedData/ModuleCache.noindex -sdk-module-cache-path /Users/nathanfennel/Library/Developer/Xcode/DerivedData/ModuleCache.noindex -serialize-diagnostics -emit-dependencies -emit-module -emit-module-path /Users/nathanfennel/Library/Developer/Xcode/DerivedData/CardOnCue-fafaiynmhqufqpbfjacxswbpzioe/Build/Intermediates.noindex/PhoneNumberKit.build/Debug-iphonesimulator/PhoneNumberKit.build/Objects-normal/arm64/PhoneNumberKit.swiftmodule -validate-clang-modules-once -clang-build-session-file /Users/nathanfennel/Library/Developer/Xcode/DerivedData/ModuleCache.noindex/Session.modulevalidation -Xcc -I/Users/nathanfennel/Library/Developer/Xcode/DerivedData/CardOnCue-fafaiynmhqufqpbfjacxswbpzioe/Build/Intermediates.noindex/PhoneNumberKit.build/Debug-iphonesimulator/PhoneNumberKit.build/swift-overrides.hmap -emit-const-values -Xfrontend -const-gather-protocols-file -Xfrontend /Users/nathanfennel/Library/Developer/Xcode/DerivedData/CardOnCue-fafaiynmhqufqpbfjacxswbpzioe/Build/Intermediates.noindex/PhoneNumberKit.build/Debug-iphonesimulator/PhoneNumberKit.build/Objects-normal/arm64/PhoneNumberKit_const_extract_protocols.json -Xcc -I/Users/nathanfennel/Library/Developer/Xcode/DerivedData/CardOnCue-fafaiynmhqufqpbfjacxswbpzioe/Build/Products/Debug-iphonesimulator/include -Xcc -I/Users/nathanfennel/Library/Developer/Xcode/DerivedData/CardOnCue-fafaiynmhqufqpbfjacxswbpzioe/Build/Intermediates.noindex/PhoneNumberKit.build/Debug-iphonesimulator/PhoneNumberKit.build/DerivedSources-normal/arm64 -Xcc -I/Users/nathanfennel/Library/Developer/Xcode/DerivedData/CardOnCue-fafaiynmhqufqpbfjacxswbpzioe/Build/Intermediates.noindex/PhoneNumberKit.build/Debug-iphonesimulator/PhoneNumberKit.build/DerivedSources/arm64 -Xcc -I/Users/nathanfennel/Library/Developer/Xcode/DerivedData/CardOnCue-fafaiynmhqufqpbfjacxswbpzioe/Build/Intermediates.noindex/PhoneNumberKit.build/Debug-iphonesimulator/PhoneNumberKit.build/DerivedSources -Xcc -DSWIFT_PACKAGE -Xcc -DDEBUG\=1 -emit-objc-header -emit-objc-header-path /Users/nathanfennel/Library/Developer/Xcode/DerivedData/CardOnCue-fafaiynmhqufqpbfjacxswbpzioe/Build/Intermediates.noindex/PhoneNumberKit.build/Debug-iphonesimulator/PhoneNumberKit.build/Objects-normal/arm64/PhoneNumberKit-Swift.h -working-directory /Users/nathanfennel/Documents/GitHub/CardOnCue/CardOnCue.xcodeproj -experimental-emit-module-separately -disable-cmo

SwiftCompile normal arm64 Compiling\ KFAnimatedImage.swift,\ KFImage.swift,\ KFImageOptions.swift,\ KFImageProtocol.swift,\ KFImageRenderer.swift,\ Box.swift,\ CallbackQueue.swift,\ Delegate.swift /Users/nathanfennel/Library/Developer/Xcode/DerivedData/CardOnCue-fafaiynmhqufqpbfjacxswbpzioe/SourcePackages/checkouts/Kingfisher/Sources/SwiftUI/KFAnimatedImage.swift /Users/nathanfennel/Library/Developer/Xcode/DerivedData/CardOnCue-fafaiynmhqufqpbfjacxswbpzioe/SourcePackages/checkouts/Kingfisher/Sources/SwiftUI/KFImage.swift /Users/nathanfennel/Library/Developer/Xcode/DerivedData/CardOnCue-fafaiynmhqufqpbfjacxswbpzioe/SourcePackages/checkouts/Kingfisher/Sources/SwiftUI/KFImageOptions.swift /Users/nathanfennel/Library/Developer/Xcode/DerivedData/CardOnCue-fafaiynmhqufqpbfjacxswbpzioe/SourcePackages/checkouts/Kingfisher/Sources/SwiftUI/KFImageProtocol.swift /Users/nathanfennel/Library/Developer/Xcode/DerivedData/CardOnCue-fafaiynmhqufqpbfjacxswbpzioe/SourcePackages/checkouts/Kingfisher/Sources/SwiftUI/KFImageRenderer.swift /Users/nathanfennel/Library/Developer/Xcode/DerivedData/CardOnCue-fafaiynmhqufqpbfjacxswbpzioe/SourcePackages/checkouts/Kingfisher/Sources/Utility/Box.swift /Users/nathanfennel/Library/Developer/Xcode/DerivedData/CardOnCue-fafaiynmhqufqpbfjacxswbpzioe/SourcePackages/checkouts/Kingfisher/Sources/Utility/CallbackQueue.swift /Users/nathanfennel/Library/Developer/Xcode/DerivedData/CardOnCue-fafaiynmhqufqpbfjacxswbpzioe/SourcePackages/checkouts/Kingfisher/Sources/Utility/Delegate.swift (in target 'Kingfisher' from project 'Kingfisher')

SwiftCompile normal arm64 /Users/nathanfennel/Library/Developer/Xcode/DerivedData/CardOnCue-fafaiynmhqufqpbfjacxswbpzioe/SourcePackages/checkouts/Kingfisher/Sources/SwiftUI/KFAnimatedImage.swift (in target 'Kingfisher' from project 'Kingfisher')
    cd /Users/nathanfennel/Documents/GitHub/CardOnCue/CardOnCue.xcodeproj
    

SwiftCompile normal arm64 /Users/nathanfennel/Library/Developer/Xcode/DerivedData/CardOnCue-fafaiynmhqufqpbfjacxswbpzioe/SourcePackages/checkouts/Kingfisher/Sources/SwiftUI/KFImage.swift (in target 'Kingfisher' from project 'Kingfisher')
    cd /Users/nathanfennel/Documents/GitHub/CardOnCue/CardOnCue.xcodeproj
    

SwiftCompile normal arm64 /Users/nathanfennel/Library/Developer/Xcode/DerivedData/CardOnCue-fafaiynmhqufqpbfjacxswbpzioe/SourcePackages/checkouts/Kingfisher/Sources/SwiftUI/KFImageOptions.swift (in target 'Kingfisher' from project 'Kingfisher')
    cd /Users/nathanfennel/Documents/GitHub/CardOnCue/CardOnCue.xcodeproj
    

SwiftCompile normal arm64 /Users/nathanfennel/Library/Developer/Xcode/DerivedData/CardOnCue-fafaiynmhqufqpbfjacxswbpzioe/SourcePackages/checkouts/Kingfisher/Sources/SwiftUI/KFImageProtocol.swift (in target 'Kingfisher' from project 'Kingfisher')
    cd /Users/nathanfennel/Documents/GitHub/CardOnCue/CardOnCue.xcodeproj
    

SwiftCompile normal arm64 /Users/nathanfennel/Library/Developer/Xcode/DerivedData/CardOnCue-fafaiynmhqufqpbfjacxswbpzioe/SourcePackages/checkouts/Kingfisher/Sources/SwiftUI/KFImageRenderer.swift (in target 'Kingfisher' from project 'Kingfisher')
    cd /Users/nathanfennel/Documents/GitHub/CardOnCue/CardOnCue.xcodeproj
    

SwiftCompile normal arm64 /Users/nathanfennel/Library/Developer/Xcode/DerivedData/CardOnCue-fafaiynmhqufqpbfjacxswbpzioe/SourcePackages/checkouts/Kingfisher/Sources/Utility/Box.swift (in target 'Kingfisher' from project 'Kingfisher')
    cd /Users/nathanfennel/Documents/GitHub/CardOnCue/CardOnCue.xcodeproj
    

SwiftCompile normal arm64 /Users/nathanfennel/Library/Developer/Xcode/DerivedData/CardOnCue-fafaiynmhqufqpbfjacxswbpzioe/SourcePackages/checkouts/Kingfisher/Sources/Utility/CallbackQueue.swift (in target 'Kingfisher' from project 'Kingfisher')
    cd /Users/nathanfennel/Documents/GitHub/CardOnCue/CardOnCue.xcodeproj
    

SwiftCompile normal arm64 /Users/nathanfennel/Library/Developer/Xcode/DerivedData/CardOnCue-fafaiynmhqufqpbfjacxswbpzioe/SourcePackages/checkouts/Kingfisher/Sources/Utility/Delegate.swift (in target 'Kingfisher' from project 'Kingfisher')
    cd /Users/nathanfennel/Documents/GitHub/CardOnCue/CardOnCue.xcodeproj
    

SwiftDriverJobDiscovery normal arm64 Compiling Filter.swift, GIFAnimatedImage.swift, GraphicsContext.swift, Image.swift, ImageDrawing.swift, ImageFormat.swift, ImageProcessor.swift, ImageProgressive.swift, ImageTransition.swift (in target 'Kingfisher' from project 'Kingfisher')

SwiftCompile normal arm64 Compiling\ APIClientDelegate.swift /Users/nathanfennel/Library/Developer/Xcode/DerivedData/CardOnCue-fafaiynmhqufqpbfjacxswbpzioe/SourcePackages/checkouts/Get/Sources/Get/APIClientDelegate.swift (in target 'Get' from project 'Get')

SwiftCompile normal arm64 /Users/nathanfennel/Library/Developer/Xcode/DerivedData/CardOnCue-fafaiynmhqufqpbfjacxswbpzioe/SourcePackages/checkouts/Get/Sources/Get/APIClientDelegate.swift (in target 'Get' from project 'Get')
    cd /Users/nathanfennel/Documents/GitHub/CardOnCue/CardOnCue.xcodeproj
    

SwiftDriverJobDiscovery normal arm64 Compiling NetworkMonitor.swift, RedirectHandler.swift, RequestModifier.swift, RetryStrategy.swift, SessionDataTask.swift, SessionDelegate.swift, ImageBinder.swift, ImageContext.swift (in target 'Kingfisher' from project 'Kingfisher')

SwiftCompile normal arm64 Compiling\ Response.swift /Users/nathanfennel/Library/Developer/Xcode/DerivedData/CardOnCue-fafaiynmhqufqpbfjacxswbpzioe/SourcePackages/checkouts/Get/Sources/Get/Response.swift (in target 'Get' from project 'Get')

SwiftCompile normal arm64 /Users/nathanfennel/Library/Developer/Xcode/DerivedData/CardOnCue-fafaiynmhqufqpbfjacxswbpzioe/SourcePackages/checkouts/Get/Sources/Get/Response.swift (in target 'Get' from project 'Get')
    cd /Users/nathanfennel/Documents/GitHub/CardOnCue/CardOnCue.xcodeproj
    

SwiftDriverJobDiscovery normal arm64 Compiling Placeholder.swift, AuthenticationChallengeResponsable.swift, ImageDataProcessor.swift, ImageDownloader+LivePhoto.swift, ImageDownloader.swift, ImageDownloaderDelegate.swift, ImageModifier.swift, ImagePrefetcher.swift, NetworkMetrics.swift (in target 'Kingfisher' from project 'Kingfisher')

SwiftCompile normal arm64 Compiling\ Globals.swift,\ Injections.swift /Users/nathanfennel/Library/Developer/Xcode/DerivedData/CardOnCue-fafaiynmhqufqpbfjacxswbpzioe/SourcePackages/checkouts/Factory/Sources/FactoryKit/FactoryKit/Globals.swift /Users/nathanfennel/Library/Developer/Xcode/DerivedData/CardOnCue-fafaiynmhqufqpbfjacxswbpzioe/SourcePackages/checkouts/Factory/Sources/FactoryKit/FactoryKit/Injections.swift (in target 'FactoryKit' from project 'Factory')

SwiftCompile normal arm64 /Users/nathanfennel/Library/Developer/Xcode/DerivedData/CardOnCue-fafaiynmhqufqpbfjacxswbpzioe/SourcePackages/checkouts/Factory/Sources/FactoryKit/FactoryKit/Globals.swift (in target 'FactoryKit' from project 'Factory')
    cd /Users/nathanfennel/Documents/GitHub/CardOnCue/CardOnCue.xcodeproj
    

SwiftCompile normal arm64 /Users/nathanfennel/Library/Developer/Xcode/DerivedData/CardOnCue-fafaiynmhqufqpbfjacxswbpzioe/SourcePackages/checkouts/Factory/Sources/FactoryKit/FactoryKit/Injections.swift (in target 'FactoryKit' from project 'Factory')
    cd /Users/nathanfennel/Documents/GitHub/CardOnCue/CardOnCue.xcodeproj
    

SwiftDriverJobDiscovery normal arm64 Compiling ImageView+Kingfisher.swift, NSButton+Kingfisher.swift, NSTextAttachment+Kingfisher.swift, PHLivePhotoView+Kingfisher.swift, UIButton+Kingfisher.swift, AVAssetImageDataProvider.swift, ImageDataProvider.swift, LivePhotoSource.swift, PHPickerResultImageDataProvider.swift (in target 'Kingfisher' from project 'Kingfisher')

SwiftCompile normal arm64 Compiling\ Contexts.swift,\ Factory.swift /Users/nathanfennel/Library/Developer/Xcode/DerivedData/CardOnCue-fafaiynmhqufqpbfjacxswbpzioe/SourcePackages/checkouts/Factory/Sources/FactoryKit/FactoryKit/Contexts.swift /Users/nathanfennel/Library/Developer/Xcode/DerivedData/CardOnCue-fafaiynmhqufqpbfjacxswbpzioe/SourcePackages/checkouts/Factory/Sources/FactoryKit/FactoryKit/Factory.swift (in target 'FactoryKit' from project 'Factory')

SwiftCompile normal arm64 /Users/nathanfennel/Library/Developer/Xcode/DerivedData/CardOnCue-fafaiynmhqufqpbfjacxswbpzioe/SourcePackages/checkouts/Factory/Sources/FactoryKit/FactoryKit/Contexts.swift (in target 'FactoryKit' from project 'Factory')
    cd /Users/nathanfennel/Documents/GitHub/CardOnCue/CardOnCue.xcodeproj
    

SwiftCompile normal arm64 /Users/nathanfennel/Library/Developer/Xcode/DerivedData/CardOnCue-fafaiynmhqufqpbfjacxswbpzioe/SourcePackages/checkouts/Factory/Sources/FactoryKit/FactoryKit/Factory.swift (in target 'FactoryKit' from project 'Factory')
    cd /Users/nathanfennel/Documents/GitHub/CardOnCue/CardOnCue.xcodeproj
    

SwiftCompile normal arm64 Compiling\ Modifiers.swift,\ Registrations.swift /Users/nathanfennel/Library/Developer/Xcode/DerivedData/CardOnCue-fafaiynmhqufqpbfjacxswbpzioe/SourcePackages/checkouts/Factory/Sources/FactoryKit/FactoryKit/Modifiers.swift /Users/nathanfennel/Library/Developer/Xcode/DerivedData/CardOnCue-fafaiynmhqufqpbfjacxswbpzioe/SourcePackages/checkouts/Factory/Sources/FactoryKit/FactoryKit/Registrations.swift (in target 'FactoryKit' from project 'Factory')

SwiftCompile normal arm64 /Users/nathanfennel/Library/Developer/Xcode/DerivedData/CardOnCue-fafaiynmhqufqpbfjacxswbpzioe/SourcePackages/checkouts/Factory/Sources/FactoryKit/FactoryKit/Modifiers.swift (in target 'FactoryKit' from project 'Factory')
    cd /Users/nathanfennel/Documents/GitHub/CardOnCue/CardOnCue.xcodeproj
    

SwiftCompile normal arm64 /Users/nathanfennel/Library/Developer/Xcode/DerivedData/CardOnCue-fafaiynmhqufqpbfjacxswbpzioe/SourcePackages/checkouts/Factory/Sources/FactoryKit/FactoryKit/Registrations.swift (in target 'FactoryKit' from project 'Factory')
    cd /Users/nathanfennel/Documents/GitHub/CardOnCue/CardOnCue.xcodeproj
    

SwiftDriverJobDiscovery normal arm64 Compiling APIClientDelegate.swift (in target 'Get' from project 'Get')

SwiftCompile normal arm64 Compiling\ Key.swift,\ Locking.swift /Users/nathanfennel/Library/Developer/Xcode/DerivedData/CardOnCue-fafaiynmhqufqpbfjacxswbpzioe/SourcePackages/checkouts/Factory/Sources/FactoryKit/FactoryKit/Key.swift /Users/nathanfennel/Library/Developer/Xcode/DerivedData/CardOnCue-fafaiynmhqufqpbfjacxswbpzioe/SourcePackages/checkouts/Factory/Sources/FactoryKit/FactoryKit/Locking.swift (in target 'FactoryKit' from project 'Factory')

SwiftCompile normal arm64 /Users/nathanfennel/Library/Developer/Xcode/DerivedData/CardOnCue-fafaiynmhqufqpbfjacxswbpzioe/SourcePackages/checkouts/Factory/Sources/FactoryKit/FactoryKit/Key.swift (in target 'FactoryKit' from project 'Factory')
    cd /Users/nathanfennel/Documents/GitHub/CardOnCue/CardOnCue.xcodeproj
    

SwiftCompile normal arm64 /Users/nathanfennel/Library/Developer/Xcode/DerivedData/CardOnCue-fafaiynmhqufqpbfjacxswbpzioe/SourcePackages/checkouts/Factory/Sources/FactoryKit/FactoryKit/Locking.swift (in target 'FactoryKit' from project 'Factory')
    cd /Users/nathanfennel/Documents/GitHub/CardOnCue/CardOnCue.xcodeproj
    

SwiftDriverJobDiscovery normal arm64 Compiling Response.swift (in target 'Get' from project 'Get')

SwiftDriver\ Compilation Get normal arm64 com.apple.xcode.tools.swift.compiler (in target 'Get' from project 'Get')
    cd /Users/nathanfennel/Documents/GitHub/CardOnCue/CardOnCue.xcodeproj
    builtin-Swift-Compilation -- /Applications/Xcode.app/Contents/Developer/Toolchains/XcodeDefault.xctoolchain/usr/bin/swiftc -module-name Get -Onone -enforce-exclusivity\=checked @/Users/nathanfennel/Library/Developer/Xcode/DerivedData/CardOnCue-fafaiynmhqufqpbfjacxswbpzioe/Build/Intermediates.noindex/Get.build/Debug-iphonesimulator/Get.build/Objects-normal/arm64/Get.SwiftFileList -DSWIFT_PACKAGE -DDEBUG -DSWIFT_MODULE_RESOURCE_BUNDLE_UNAVAILABLE -DXcode -plugin-path /Applications/Xcode.app/Contents/Developer/Toolchains/XcodeDefault.xctoolchain/usr/lib/swift/host/plugins/testing -enable-experimental-feature DebugDescriptionMacro -sdk /Applications/Xcode.app/Contents/Developer/Platforms/iPhoneSimulator.platform/Developer/SDKs/iPhoneSimulator26.2.sdk -target arm64-apple-ios13.0-simulator -g -module-cache-path /Users/nathanfennel/Library/Developer/Xcode/DerivedData/ModuleCache.noindex -Xfrontend -serialize-debugging-options -profile-coverage-mapping -profile-generate -enable-testing -suppress-warnings -index-store-path /Users/nathanfennel/Library/Developer/Xcode/DerivedData/CardOnCue-fafaiynmhqufqpbfjacxswbpzioe/Index.noindex/DataStore -Xcc -D_LIBCPP_HARDENING_MODE\=_LIBCPP_HARDENING_MODE_DEBUG -swift-version 5 -I /Users/nathanfennel/Library/Developer/Xcode/DerivedData/CardOnCue-fafaiynmhqufqpbfjacxswbpzioe/Build/Products/Debug-iphonesimulator -Isystem /Applications/Xcode.app/Contents/Developer/Platforms/iPhoneSimulator.platform/Developer/usr/lib -F /Users/nathanfennel/Library/Developer/Xcode/DerivedData/CardOnCue-fafaiynmhqufqpbfjacxswbpzioe/Build/Products/Debug-iphonesimulator -F /Applications/Xcode.app/Contents/Developer/Platforms/iPhoneSimulator.platform/Developer/Library/Frameworks -F /Applications/Xcode.app/Contents/Developer/Platforms/iPhoneSimulator.platform/Developer/SDKs/iPhoneSimulator26.2.sdk/Developer/Library/Frameworks -c -j8 -enable-batch-mode -incremental -Xcc -ivfsstatcache -Xcc /Users/nathanfennel/Library/Developer/Xcode/DerivedData/SDKStatCaches.noindex/iphonesimulator26.2-23C53-7d00a8b37fbd7999ea79df8ebc024bf0.sdkstatcache -output-file-map /Users/nathanfennel/Library/Developer/Xcode/DerivedData/CardOnCue-fafaiynmhqufqpbfjacxswbpzioe/Build/Intermediates.noindex/Get.build/Debug-iphonesimulator/Get.build/Objects-normal/arm64/Get-OutputFileMap.json -use-frontend-parseable-output -save-temps -no-color-diagnostics -explicit-module-build -module-cache-path /Users/nathanfennel/Library/Developer/Xcode/DerivedData/CardOnCue-fafaiynmhqufqpbfjacxswbpzioe/Build/Intermediates.noindex/SwiftExplicitPrecompiledModules -clang-scanner-module-cache-path /Users/nathanfennel/Library/Developer/Xcode/DerivedData/ModuleCache.noindex -sdk-module-cache-path /Users/nathanfennel/Library/Developer/Xcode/DerivedData/ModuleCache.noindex -serialize-diagnostics -emit-dependencies -emit-module -emit-module-path /Users/nathanfennel/Library/Developer/Xcode/DerivedData/CardOnCue-fafaiynmhqufqpbfjacxswbpzioe/Build/Intermediates.noindex/Get.build/Debug-iphonesimulator/Get.build/Objects-normal/arm64/Get.swiftmodule -validate-clang-modules-once -clang-build-session-file /Users/nathanfennel/Library/Developer/Xcode/DerivedData/ModuleCache.noindex/Session.modulevalidation -Xcc -I/Users/nathanfennel/Library/Developer/Xcode/DerivedData/CardOnCue-fafaiynmhqufqpbfjacxswbpzioe/Build/Intermediates.noindex/Get.build/Debug-iphonesimulator/Get.build/swift-overrides.hmap -emit-const-values -Xfrontend -const-gather-protocols-file -Xfrontend /Users/nathanfennel/Library/Developer/Xcode/DerivedData/CardOnCue-fafaiynmhqufqpbfjacxswbpzioe/Build/Intermediates.noindex/Get.build/Debug-iphonesimulator/Get.build/Objects-normal/arm64/Get_const_extract_protocols.json -Xcc -I/Users/nathanfennel/Library/Developer/Xcode/DerivedData/CardOnCue-fafaiynmhqufqpbfjacxswbpzioe/Build/Products/Debug-iphonesimulator/include -Xcc -I/Users/nathanfennel/Library/Developer/Xcode/DerivedData/CardOnCue-fafaiynmhqufqpbfjacxswbpzioe/Build/Intermediates.noindex/Get.build/Debug-iphonesimulator/Get.build/DerivedSources-normal/arm64 -Xcc -I/Users/nathanfennel/Library/Developer/Xcode/DerivedData/CardOnCue-fafaiynmhqufqpbfjacxswbpzioe/Build/Intermediates.noindex/Get.build/Debug-iphonesimulator/Get.build/DerivedSources/arm64 -Xcc -I/Users/nathanfennel/Library/Developer/Xcode/DerivedData/CardOnCue-fafaiynmhqufqpbfjacxswbpzioe/Build/Intermediates.noindex/Get.build/Debug-iphonesimulator/Get.build/DerivedSources -Xcc -DSWIFT_PACKAGE -Xcc -DDEBUG\=1 -emit-objc-header -emit-objc-header-path /Users/nathanfennel/Library/Developer/Xcode/DerivedData/CardOnCue-fafaiynmhqufqpbfjacxswbpzioe/Build/Intermediates.noindex/Get.build/Debug-iphonesimulator/Get.build/Objects-normal/arm64/Get-Swift.h -working-directory /Users/nathanfennel/Documents/GitHub/CardOnCue/CardOnCue.xcodeproj -experimental-emit-module-separately -disable-cmo

SwiftDriverJobDiscovery normal arm64 Compiling KFAnimatedImage.swift, KFImage.swift, KFImageOptions.swift, KFImageProtocol.swift, KFImageRenderer.swift, Box.swift, CallbackQueue.swift, Delegate.swift (in target 'Kingfisher' from project 'Kingfisher')

SwiftCompile normal arm64 Compiling\ Scopes.swift /Users/nathanfennel/Library/Developer/Xcode/DerivedData/CardOnCue-fafaiynmhqufqpbfjacxswbpzioe/SourcePackages/checkouts/Factory/Sources/FactoryKit/FactoryKit/Scopes.swift (in target 'FactoryKit' from project 'Factory')

SwiftCompile normal arm64 /Users/nathanfennel/Library/Developer/Xcode/DerivedData/CardOnCue-fafaiynmhqufqpbfjacxswbpzioe/SourcePackages/checkouts/Factory/Sources/FactoryKit/FactoryKit/Scopes.swift (in target 'FactoryKit' from project 'Factory')
    cd /Users/nathanfennel/Documents/GitHub/CardOnCue/CardOnCue.xcodeproj
    

SwiftCompile normal arm64 Compiling\ resource_bundle_accessor.swift,\ Containers.swift /Users/nathanfennel/Library/Developer/Xcode/DerivedData/CardOnCue-fafaiynmhqufqpbfjacxswbpzioe/Build/Intermediates.noindex/Factory.build/Debug-iphonesimulator/FactoryKit.build/DerivedSources/resource_bundle_accessor.swift /Users/nathanfennel/Library/Developer/Xcode/DerivedData/CardOnCue-fafaiynmhqufqpbfjacxswbpzioe/SourcePackages/checkouts/Factory/Sources/FactoryKit/FactoryKit/Containers.swift (in target 'FactoryKit' from project 'Factory')

SwiftCompile normal arm64 /Users/nathanfennel/Library/Developer/Xcode/DerivedData/CardOnCue-fafaiynmhqufqpbfjacxswbpzioe/Build/Intermediates.noindex/Factory.build/Debug-iphonesimulator/FactoryKit.build/DerivedSources/resource_bundle_accessor.swift (in target 'FactoryKit' from project 'Factory')
    cd /Users/nathanfennel/Documents/GitHub/CardOnCue/CardOnCue.xcodeproj
    

SwiftCompile normal arm64 /Users/nathanfennel/Library/Developer/Xcode/DerivedData/CardOnCue-fafaiynmhqufqpbfjacxswbpzioe/SourcePackages/checkouts/Factory/Sources/FactoryKit/FactoryKit/Containers.swift (in target 'FactoryKit' from project 'Factory')
    cd /Users/nathanfennel/Documents/GitHub/CardOnCue/CardOnCue.xcodeproj
    

SwiftDriverJobDiscovery normal arm64 Compiling Contexts.swift, Factory.swift (in target 'FactoryKit' from project 'Factory')

SwiftCompile normal arm64 Compiling\ Resolver.swift /Users/nathanfennel/Library/Developer/Xcode/DerivedData/CardOnCue-fafaiynmhqufqpbfjacxswbpzioe/SourcePackages/checkouts/Factory/Sources/FactoryKit/FactoryKit/Resolver.swift (in target 'FactoryKit' from project 'Factory')

SwiftCompile normal arm64 /Users/nathanfennel/Library/Developer/Xcode/DerivedData/CardOnCue-fafaiynmhqufqpbfjacxswbpzioe/SourcePackages/checkouts/Factory/Sources/FactoryKit/FactoryKit/Resolver.swift (in target 'FactoryKit' from project 'Factory')
    cd /Users/nathanfennel/Documents/GitHub/CardOnCue/CardOnCue.xcodeproj
    

SwiftDriverJobDiscovery normal arm64 Compiling Key.swift, Locking.swift (in target 'FactoryKit' from project 'Factory')

SwiftCompile normal arm64 Compiling\ Resolutions.swift /Users/nathanfennel/Library/Developer/Xcode/DerivedData/CardOnCue-fafaiynmhqufqpbfjacxswbpzioe/SourcePackages/checkouts/Factory/Sources/FactoryKit/FactoryKit/Resolutions.swift (in target 'FactoryKit' from project 'Factory')

SwiftCompile normal arm64 /Users/nathanfennel/Library/Developer/Xcode/DerivedData/CardOnCue-fafaiynmhqufqpbfjacxswbpzioe/SourcePackages/checkouts/Factory/Sources/FactoryKit/FactoryKit/Resolutions.swift (in target 'FactoryKit' from project 'Factory')
    cd /Users/nathanfennel/Documents/GitHub/CardOnCue/CardOnCue.xcodeproj
    

SwiftDriverJobDiscovery normal arm64 Compiling Globals.swift, Injections.swift (in target 'FactoryKit' from project 'Factory')

SwiftDriverJobDiscovery normal arm64 Compiling Resolver.swift (in target 'FactoryKit' from project 'Factory')

Ld /Users/nathanfennel/Library/Developer/Xcode/DerivedData/CardOnCue-fafaiynmhqufqpbfjacxswbpzioe/Build/Products/Debug-iphonesimulator/SimpleKeychain.o normal (in target 'SimpleKeychain' from project 'SimpleKeychain')
    cd /Users/nathanfennel/Library/Developer/Xcode/DerivedData/CardOnCue-fafaiynmhqufqpbfjacxswbpzioe/SourcePackages/checkouts/SimpleKeychain
    /Applications/Xcode.app/Contents/Developer/Toolchains/XcodeDefault.xctoolchain/usr/bin/clang -Xlinker -reproducible -target arm64-apple-ios14.0-simulator -r -isysroot /Applications/Xcode.app/Contents/Developer/Platforms/iPhoneSimulator.platform/Developer/SDKs/iPhoneSimulator26.2.sdk -O0 -w -L/Users/nathanfennel/Library/Developer/Xcode/DerivedData/CardOnCue-fafaiynmhqufqpbfjacxswbpzioe/Build/Intermediates.noindex/EagerLinkingTBDs/Debug-iphonesimulator -L/Users/nathanfennel/Library/Developer/Xcode/DerivedData/CardOnCue-fafaiynmhqufqpbfjacxswbpzioe/Build/Products/Debug-iphonesimulator -L/Applications/Xcode.app/Contents/Developer/Platforms/iPhoneSimulator.platform/Developer/usr/lib -F/Users/nathanfennel/Library/Developer/Xcode/DerivedData/CardOnCue-fafaiynmhqufqpbfjacxswbpzioe/Build/Intermediates.noindex/EagerLinkingTBDs/Debug-iphonesimulator -F/Users/nathanfennel/Library/Developer/Xcode/DerivedData/CardOnCue-fafaiynmhqufqpbfjacxswbpzioe/Build/Products/Debug-iphonesimulator -iframework /Applications/Xcode.app/Contents/Developer/Platforms/iPhoneSimulator.platform/Developer/Library/Frameworks -iframework /Applications/Xcode.app/Contents/Developer/Platforms/iPhoneSimulator.platform/Developer/SDKs/iPhoneSimulator26.2.sdk/Developer/Library/Frameworks -filelist /Users/nathanfennel/Library/Developer/Xcode/DerivedData/CardOnCue-fafaiynmhqufqpbfjacxswbpzioe/Build/Intermediates.noindex/SimpleKeychain.build/Debug-iphonesimulator/SimpleKeychain.build/Objects-normal/arm64/SimpleKeychain.LinkFileList -nostdlib -Xlinker -object_path_lto -Xlinker /Users/nathanfennel/Library/Developer/Xcode/DerivedData/CardOnCue-fafaiynmhqufqpbfjacxswbpzioe/Build/Intermediates.noindex/SimpleKeychain.build/Debug-iphonesimulator/SimpleKeychain.build/Objects-normal/arm64/SimpleKeychain_lto.o -rdynamic -Xlinker -no_deduplicate -Xlinker -objc_abi_version -Xlinker 2 -Xlinker -debug_variant -Xlinker -dependency_info -Xlinker /Users/nathanfennel/Library/Developer/Xcode/DerivedData/CardOnCue-fafaiynmhqufqpbfjacxswbpzioe/Build/Intermediates.noindex/SimpleKeychain.build/Debug-iphonesimulator/SimpleKeychain.build/Objects-normal/arm64/SimpleKeychain_dependency_info.dat -fobjc-link-runtime -L/Applications/Xcode.app/Contents/Developer/Toolchains/XcodeDefault.xctoolchain/usr/lib/swift/iphonesimulator -L/usr/lib/swift -Xlinker -add_ast_path -Xlinker /Users/nathanfennel/Library/Developer/Xcode/DerivedData/CardOnCue-fafaiynmhqufqpbfjacxswbpzioe/Build/Intermediates.noindex/SimpleKeychain.build/Debug-iphonesimulator/SimpleKeychain.build/Objects-normal/arm64/SimpleKeychain.swiftmodule @/Users/nathanfennel/Library/Developer/Xcode/DerivedData/CardOnCue-fafaiynmhqufqpbfjacxswbpzioe/Build/Intermediates.noindex/SimpleKeychain.build/Debug-iphonesimulator/SimpleKeychain.build/Objects-normal/arm64/SimpleKeychain-linker-args.resp -o /Users/nathanfennel/Library/Developer/Xcode/DerivedData/CardOnCue-fafaiynmhqufqpbfjacxswbpzioe/Build/Products/Debug-iphonesimulator/SimpleKeychain.o

Ld /Users/nathanfennel/Library/Developer/Xcode/DerivedData/CardOnCue-fafaiynmhqufqpbfjacxswbpzioe/Build/Products/Debug-iphonesimulator/PhoneNumberKit.o normal (in target 'PhoneNumberKit' from project 'PhoneNumberKit')
    cd /Users/nathanfennel/Library/Developer/Xcode/DerivedData/CardOnCue-fafaiynmhqufqpbfjacxswbpzioe/SourcePackages/checkouts/PhoneNumberKit
    /Applications/Xcode.app/Contents/Developer/Toolchains/XcodeDefault.xctoolchain/usr/bin/clang -Xlinker -reproducible -target arm64-apple-ios12.0-simulator -r -isysroot /Applications/Xcode.app/Contents/Developer/Platforms/iPhoneSimulator.platform/Developer/SDKs/iPhoneSimulator26.2.sdk -O0 -w -L/Users/nathanfennel/Library/Developer/Xcode/DerivedData/CardOnCue-fafaiynmhqufqpbfjacxswbpzioe/Build/Intermediates.noindex/EagerLinkingTBDs/Debug-iphonesimulator -L/Users/nathanfennel/Library/Developer/Xcode/DerivedData/CardOnCue-fafaiynmhqufqpbfjacxswbpzioe/Build/Products/Debug-iphonesimulator -L/Applications/Xcode.app/Contents/Developer/Platforms/iPhoneSimulator.platform/Developer/usr/lib -F/Users/nathanfennel/Library/Developer/Xcode/DerivedData/CardOnCue-fafaiynmhqufqpbfjacxswbpzioe/Build/Intermediates.noindex/EagerLinkingTBDs/Debug-iphonesimulator -F/Users/nathanfennel/Library/Developer/Xcode/DerivedData/CardOnCue-fafaiynmhqufqpbfjacxswbpzioe/Build/Products/Debug-iphonesimulator -iframework /Applications/Xcode.app/Contents/Developer/Platforms/iPhoneSimulator.platform/Developer/Library/Frameworks -iframework /Applications/Xcode.app/Contents/Developer/Platforms/iPhoneSimulator.platform/Developer/SDKs/iPhoneSimulator26.2.sdk/Developer/Library/Frameworks -filelist /Users/nathanfennel/Library/Developer/Xcode/DerivedData/CardOnCue-fafaiynmhqufqpbfjacxswbpzioe/Build/Intermediates.noindex/PhoneNumberKit.build/Debug-iphonesimulator/PhoneNumberKit.build/Objects-normal/arm64/PhoneNumberKit.LinkFileList -nostdlib -Xlinker -object_path_lto -Xlinker /Users/nathanfennel/Library/Developer/Xcode/DerivedData/CardOnCue-fafaiynmhqufqpbfjacxswbpzioe/Build/Intermediates.noindex/PhoneNumberKit.build/Debug-iphonesimulator/PhoneNumberKit.build/Objects-normal/arm64/PhoneNumberKit_lto.o -rdynamic -Xlinker -no_deduplicate -Xlinker -objc_abi_version -Xlinker 2 -Xlinker -debug_variant -Xlinker -dependency_info -Xlinker /Users/nathanfennel/Library/Developer/Xcode/DerivedData/CardOnCue-fafaiynmhqufqpbfjacxswbpzioe/Build/Intermediates.noindex/PhoneNumberKit.build/Debug-iphonesimulator/PhoneNumberKit.build/Objects-normal/arm64/PhoneNumberKit_dependency_info.dat -fobjc-link-runtime -L/Applications/Xcode.app/Contents/Developer/Toolchains/XcodeDefault.xctoolchain/usr/lib/swift/iphonesimulator -L/usr/lib/swift -Xlinker -add_ast_path -Xlinker /Users/nathanfennel/Library/Developer/Xcode/DerivedData/CardOnCue-fafaiynmhqufqpbfjacxswbpzioe/Build/Intermediates.noindex/PhoneNumberKit.build/Debug-iphonesimulator/PhoneNumberKit.build/Objects-normal/arm64/PhoneNumberKit.swiftmodule @/Users/nathanfennel/Library/Developer/Xcode/DerivedData/CardOnCue-fafaiynmhqufqpbfjacxswbpzioe/Build/Intermediates.noindex/PhoneNumberKit.build/Debug-iphonesimulator/PhoneNumberKit.build/Objects-normal/arm64/PhoneNumberKit-linker-args.resp -o /Users/nathanfennel/Library/Developer/Xcode/DerivedData/CardOnCue-fafaiynmhqufqpbfjacxswbpzioe/Build/Products/Debug-iphonesimulator/PhoneNumberKit.o

Ld /Users/nathanfennel/Library/Developer/Xcode/DerivedData/CardOnCue-fafaiynmhqufqpbfjacxswbpzioe/Build/Products/Debug-iphonesimulator/Get.o normal (in target 'Get' from project 'Get')
    cd /Users/nathanfennel/Library/Developer/Xcode/DerivedData/CardOnCue-fafaiynmhqufqpbfjacxswbpzioe/SourcePackages/checkouts/Get
    /Applications/Xcode.app/Contents/Developer/Toolchains/XcodeDefault.xctoolchain/usr/bin/clang -Xlinker -reproducible -target arm64-apple-ios13.0-simulator -r -isysroot /Applications/Xcode.app/Contents/Developer/Platforms/iPhoneSimulator.platform/Developer/SDKs/iPhoneSimulator26.2.sdk -O0 -w -L/Users/nathanfennel/Library/Developer/Xcode/DerivedData/CardOnCue-fafaiynmhqufqpbfjacxswbpzioe/Build/Intermediates.noindex/EagerLinkingTBDs/Debug-iphonesimulator -L/Users/nathanfennel/Library/Developer/Xcode/DerivedData/CardOnCue-fafaiynmhqufqpbfjacxswbpzioe/Build/Products/Debug-iphonesimulator -L/Applications/Xcode.app/Contents/Developer/Platforms/iPhoneSimulator.platform/Developer/usr/lib -F/Users/nathanfennel/Library/Developer/Xcode/DerivedData/CardOnCue-fafaiynmhqufqpbfjacxswbpzioe/Build/Intermediates.noindex/EagerLinkingTBDs/Debug-iphonesimulator -F/Users/nathanfennel/Library/Developer/Xcode/DerivedData/CardOnCue-fafaiynmhqufqpbfjacxswbpzioe/Build/Products/Debug-iphonesimulator -iframework /Applications/Xcode.app/Contents/Developer/Platforms/iPhoneSimulator.platform/Developer/Library/Frameworks -iframework /Applications/Xcode.app/Contents/Developer/Platforms/iPhoneSimulator.platform/Developer/SDKs/iPhoneSimulator26.2.sdk/Developer/Library/Frameworks -filelist /Users/nathanfennel/Library/Developer/Xcode/DerivedData/CardOnCue-fafaiynmhqufqpbfjacxswbpzioe/Build/Intermediates.noindex/Get.build/Debug-iphonesimulator/Get.build/Objects-normal/arm64/Get.LinkFileList -nostdlib -Xlinker -object_path_lto -Xlinker /Users/nathanfennel/Library/Developer/Xcode/DerivedData/CardOnCue-fafaiynmhqufqpbfjacxswbpzioe/Build/Intermediates.noindex/Get.build/Debug-iphonesimulator/Get.build/Objects-normal/arm64/Get_lto.o -rdynamic -Xlinker -no_deduplicate -Xlinker -objc_abi_version -Xlinker 2 -Xlinker -debug_variant -Xlinker -dependency_info -Xlinker /Users/nathanfennel/Library/Developer/Xcode/DerivedData/CardOnCue-fafaiynmhqufqpbfjacxswbpzioe/Build/Intermediates.noindex/Get.build/Debug-iphonesimulator/Get.build/Objects-normal/arm64/Get_dependency_info.dat -fobjc-link-runtime -L/Applications/Xcode.app/Contents/Developer/Toolchains/XcodeDefault.xctoolchain/usr/lib/swift/iphonesimulator -L/usr/lib/swift -Xlinker -add_ast_path -Xlinker /Users/nathanfennel/Library/Developer/Xcode/DerivedData/CardOnCue-fafaiynmhqufqpbfjacxswbpzioe/Build/Intermediates.noindex/Get.build/Debug-iphonesimulator/Get.build/Objects-normal/arm64/Get.swiftmodule @/Users/nathanfennel/Library/Developer/Xcode/DerivedData/CardOnCue-fafaiynmhqufqpbfjacxswbpzioe/Build/Intermediates.noindex/Get.build/Debug-iphonesimulator/Get.build/Objects-normal/arm64/Get-linker-args.resp -o /Users/nathanfennel/Library/Developer/Xcode/DerivedData/CardOnCue-fafaiynmhqufqpbfjacxswbpzioe/Build/Products/Debug-iphonesimulator/Get.o

SwiftDriverJobDiscovery normal arm64 Compiling Modifiers.swift, Registrations.swift (in target 'FactoryKit' from project 'Factory')

ExtractAppIntentsMetadata (in target 'SimpleKeychain' from project 'SimpleKeychain')
    cd /Users/nathanfennel/Library/Developer/Xcode/DerivedData/CardOnCue-fafaiynmhqufqpbfjacxswbpzioe/SourcePackages/checkouts/SimpleKeychain
    /Applications/Xcode.app/Contents/Developer/Toolchains/XcodeDefault.xctoolchain/usr/bin/appintentsmetadataprocessor --toolchain-dir /Applications/Xcode.app/Contents/Developer/Toolchains/XcodeDefault.xctoolchain --module-name SimpleKeychain --sdk-root /Applications/Xcode.app/Contents/Developer/Platforms/iPhoneSimulator.platform/Developer/SDKs/iPhoneSimulator26.2.sdk --xcode-version 17C52 --platform-family iOS --deployment-target 14.0 --bundle-identifier simplekeychain.SimpleKeychain --output /Users/nathanfennel/Library/Developer/Xcode/DerivedData/CardOnCue-fafaiynmhqufqpbfjacxswbpzioe/Build/Products/Debug-iphonesimulator/SimpleKeychain.appintents --target-triple arm64-apple-ios14.0-simulator --binary-file /Users/nathanfennel/Library/Developer/Xcode/DerivedData/CardOnCue-fafaiynmhqufqpbfjacxswbpzioe/Build/Products/Debug-iphonesimulator/SimpleKeychain.o --dependency-file /Users/nathanfennel/Library/Developer/Xcode/DerivedData/CardOnCue-fafaiynmhqufqpbfjacxswbpzioe/Build/Intermediates.noindex/SimpleKeychain.build/Debug-iphonesimulator/SimpleKeychain.build/Objects-normal/arm64/SimpleKeychain_dependency_info.dat --stringsdata-file /Users/nathanfennel/Library/Developer/Xcode/DerivedData/CardOnCue-fafaiynmhqufqpbfjacxswbpzioe/Build/Intermediates.noindex/SimpleKeychain.build/Debug-iphonesimulator/SimpleKeychain.build/Objects-normal/arm64/ExtractedAppShortcutsMetadata.stringsdata --source-file-list /Users/nathanfennel/Library/Developer/Xcode/DerivedData/CardOnCue-fafaiynmhqufqpbfjacxswbpzioe/Build/Intermediates.noindex/SimpleKeychain.build/Debug-iphonesimulator/SimpleKeychain.build/Objects-normal/arm64/SimpleKeychain.SwiftFileList --metadata-file-list /Users/nathanfennel/Library/Developer/Xcode/DerivedData/CardOnCue-fafaiynmhqufqpbfjacxswbpzioe/Build/Intermediates.noindex/SimpleKeychain.build/Debug-iphonesimulator/SimpleKeychain.build/SimpleKeychain.DependencyMetadataFileList --static-metadata-file-list /Users/nathanfennel/Library/Developer/Xcode/DerivedData/CardOnCue-fafaiynmhqufqpbfjacxswbpzioe/Build/Intermediates.noindex/SimpleKeychain.build/Debug-iphonesimulator/SimpleKeychain.build/SimpleKeychain.DependencyStaticMetadataFileList --swift-const-vals-list /Users/nathanfennel/Library/Developer/Xcode/DerivedData/CardOnCue-fafaiynmhqufqpbfjacxswbpzioe/Build/Intermediates.noindex/SimpleKeychain.build/Debug-iphonesimulator/SimpleKeychain.build/Objects-normal/arm64/SimpleKeychain.SwiftConstValuesFileList --force --compile-time-extraction --deployment-aware-processing --validate-assistant-intents --no-app-shortcuts-localization
2025-12-28 10:00:58.919 appintentsmetadataprocessor[64826:3783939] Starting appintentsmetadataprocessor export
2025-12-28 10:00:59.034 appintentsmetadataprocessor[64826:3783939] Extracted no relevant App Intents symbols, skipping writing output

ExtractAppIntentsMetadata (in target 'PhoneNumberKit' from project 'PhoneNumberKit')
    cd /Users/nathanfennel/Library/Developer/Xcode/DerivedData/CardOnCue-fafaiynmhqufqpbfjacxswbpzioe/SourcePackages/checkouts/PhoneNumberKit
    /Applications/Xcode.app/Contents/Developer/Toolchains/XcodeDefault.xctoolchain/usr/bin/appintentsmetadataprocessor --toolchain-dir /Applications/Xcode.app/Contents/Developer/Toolchains/XcodeDefault.xctoolchain --module-name PhoneNumberKit --sdk-root /Applications/Xcode.app/Contents/Developer/Platforms/iPhoneSimulator.platform/Developer/SDKs/iPhoneSimulator26.2.sdk --xcode-version 17C52 --platform-family iOS --deployment-target 12.0 --bundle-identifier phonenumberkit.PhoneNumberKit --output /Users/nathanfennel/Library/Developer/Xcode/DerivedData/CardOnCue-fafaiynmhqufqpbfjacxswbpzioe/Build/Products/Debug-iphonesimulator/PhoneNumberKit.appintents --target-triple arm64-apple-ios12.0-simulator --binary-file /Users/nathanfennel/Library/Developer/Xcode/DerivedData/CardOnCue-fafaiynmhqufqpbfjacxswbpzioe/Build/Products/Debug-iphonesimulator/PhoneNumberKit.o --dependency-file /Users/nathanfennel/Library/Developer/Xcode/DerivedData/CardOnCue-fafaiynmhqufqpbfjacxswbpzioe/Build/Intermediates.noindex/PhoneNumberKit.build/Debug-iphonesimulator/PhoneNumberKit.build/Objects-normal/arm64/PhoneNumberKit_dependency_info.dat --stringsdata-file /Users/nathanfennel/Library/Developer/Xcode/DerivedData/CardOnCue-fafaiynmhqufqpbfjacxswbpzioe/Build/Intermediates.noindex/PhoneNumberKit.build/Debug-iphonesimulator/PhoneNumberKit.build/Objects-normal/arm64/ExtractedAppShortcutsMetadata.stringsdata --source-file-list /Users/nathanfennel/Library/Developer/Xcode/DerivedData/CardOnCue-fafaiynmhqufqpbfjacxswbpzioe/Build/Intermediates.noindex/PhoneNumberKit.build/Debug-iphonesimulator/PhoneNumberKit.build/Objects-normal/arm64/PhoneNumberKit.SwiftFileList --metadata-file-list /Users/nathanfennel/Library/Developer/Xcode/DerivedData/CardOnCue-fafaiynmhqufqpbfjacxswbpzioe/Build/Intermediates.noindex/PhoneNumberKit.build/Debug-iphonesimulator/PhoneNumberKit.build/PhoneNumberKit.DependencyMetadataFileList --static-metadata-file-list /Users/nathanfennel/Library/Developer/Xcode/DerivedData/CardOnCue-fafaiynmhqufqpbfjacxswbpzioe/Build/Intermediates.noindex/PhoneNumberKit.build/Debug-iphonesimulator/PhoneNumberKit.build/PhoneNumberKit.DependencyStaticMetadataFileList --swift-const-vals-list /Users/nathanfennel/Library/Developer/Xcode/DerivedData/CardOnCue-fafaiynmhqufqpbfjacxswbpzioe/Build/Intermediates.noindex/PhoneNumberKit.build/Debug-iphonesimulator/PhoneNumberKit.build/Objects-normal/arm64/PhoneNumberKit.SwiftConstValuesFileList --force --compile-time-extraction --deployment-aware-processing --validate-assistant-intents --no-app-shortcuts-localization
2025-12-28 10:00:58.919 appintentsmetadataprocessor[64827:3783940] Starting appintentsmetadataprocessor export
2025-12-28 10:00:59.062 appintentsmetadataprocessor[64827:3783940] Extracted no relevant App Intents symbols, skipping writing output

SwiftDriverJobDiscovery normal arm64 Compiling Scopes.swift (in target 'FactoryKit' from project 'Factory')

SwiftDriverJobDiscovery normal arm64 Compiling Resolutions.swift (in target 'FactoryKit' from project 'Factory')

GenerateStringSymbols /Users/nathanfennel/Library/Developer/Xcode/DerivedData/CardOnCue-fafaiynmhqufqpbfjacxswbpzioe/Build/Intermediates.noindex/Clerk.build/Debug-iphonesimulator/Clerk.build/DerivedSources/GeneratedStringSymbols_Localizable.swift /Users/nathanfennel/Library/Developer/Xcode/DerivedData/CardOnCue-fafaiynmhqufqpbfjacxswbpzioe/SourcePackages/checkouts/clerk-ios/Sources/Clerk/ClerkUI/Resources/Localizable.xcstrings (in target 'Clerk' from project 'Clerk')
    cd /Users/nathanfennel/Library/Developer/Xcode/DerivedData/CardOnCue-fafaiynmhqufqpbfjacxswbpzioe/SourcePackages/checkouts/clerk-ios
    /Applications/Xcode.app/Contents/Developer/usr/bin/xcstringstool generate-symbols --language swift --output-directory /Users/nathanfennel/Library/Developer/Xcode/DerivedData/CardOnCue-fafaiynmhqufqpbfjacxswbpzioe/Build/Intermediates.noindex/Clerk.build/Debug-iphonesimulator/Clerk.build/DerivedSources /Users/nathanfennel/Library/Developer/Xcode/DerivedData/CardOnCue-fafaiynmhqufqpbfjacxswbpzioe/SourcePackages/checkouts/clerk-ios/Sources/Clerk/ClerkUI/Resources/Localizable.xcstrings

GenerateAssetSymbols /Users/nathanfennel/Library/Developer/Xcode/DerivedData/CardOnCue-fafaiynmhqufqpbfjacxswbpzioe/SourcePackages/checkouts/clerk-ios/Sources/Clerk/ClerkUI/Resources/Colors.xcassets /Users/nathanfennel/Library/Developer/Xcode/DerivedData/CardOnCue-fafaiynmhqufqpbfjacxswbpzioe/SourcePackages/checkouts/clerk-ios/Sources/Clerk/ClerkUI/Resources/Images.xcassets (in target 'Clerk' from project 'Clerk')
    cd /Users/nathanfennel/Library/Developer/Xcode/DerivedData/CardOnCue-fafaiynmhqufqpbfjacxswbpzioe/SourcePackages/checkouts/clerk-ios
    /Applications/Xcode.app/Contents/Developer/usr/bin/actool /Users/nathanfennel/Library/Developer/Xcode/DerivedData/CardOnCue-fafaiynmhqufqpbfjacxswbpzioe/SourcePackages/checkouts/clerk-ios/Sources/Clerk/ClerkUI/Resources/Colors.xcassets /Users/nathanfennel/Library/Developer/Xcode/DerivedData/CardOnCue-fafaiynmhqufqpbfjacxswbpzioe/SourcePackages/checkouts/clerk-ios/Sources/Clerk/ClerkUI/Resources/Images.xcassets --compile /Users/nathanfennel/Library/Developer/Xcode/DerivedData/CardOnCue-fafaiynmhqufqpbfjacxswbpzioe/Build/Products/Debug-iphonesimulator --output-format human-readable-text --notices --warnings --export-dependency-info /Users/nathanfennel/Library/Developer/Xcode/DerivedData/CardOnCue-fafaiynmhqufqpbfjacxswbpzioe/Build/Intermediates.noindex/Clerk.build/Debug-iphonesimulator/Clerk.build/assetcatalog_dependencies --output-partial-info-plist /Users/nathanfennel/Library/Developer/Xcode/DerivedData/CardOnCue-fafaiynmhqufqpbfjacxswbpzioe/Build/Intermediates.noindex/Clerk.build/Debug-iphonesimulator/Clerk.build/assetcatalog_generated_info.plist --compress-pngs --enable-on-demand-resources NO --development-region en --target-device iphone --target-device ipad --minimum-deployment-target 17.0 --platform iphonesimulator --bundle-identifier clerk-ios.Clerk --generate-swift-asset-symbol-extensions NO --generate-swift-asset-symbols /Users/nathanfennel/Library/Developer/Xcode/DerivedData/CardOnCue-fafaiynmhqufqpbfjacxswbpzioe/Build/Intermediates.noindex/Clerk.build/Debug-iphonesimulator/Clerk.build/DerivedSources/GeneratedAssetSymbols.swift --generate-objc-asset-symbols /Users/nathanfennel/Library/Developer/Xcode/DerivedData/CardOnCue-fafaiynmhqufqpbfjacxswbpzioe/Build/Intermediates.noindex/Clerk.build/Debug-iphonesimulator/Clerk.build/DerivedSources/GeneratedAssetSymbols.h --generate-asset-symbol-index /Users/nathanfennel/Library/Developer/Xcode/DerivedData/CardOnCue-fafaiynmhqufqpbfjacxswbpzioe/Build/Intermediates.noindex/Clerk.build/Debug-iphonesimulator/Clerk.build/DerivedSources/GeneratedAssetSymbols-Index.plist
/* com.apple.actool.compilation-results */
/Users/nathanfennel/Library/Developer/Xcode/DerivedData/CardOnCue-fafaiynmhqufqpbfjacxswbpzioe/Build/Intermediates.noindex/Clerk.build/Debug-iphonesimulator/Clerk.build/DerivedSources/GeneratedAssetSymbols-Index.plist
/Users/nathanfennel/Library/Developer/Xcode/DerivedData/CardOnCue-fafaiynmhqufqpbfjacxswbpzioe/Build/Intermediates.noindex/Clerk.build/Debug-iphonesimulator/Clerk.build/DerivedSources/GeneratedAssetSymbols.h
/Users/nathanfennel/Library/Developer/Xcode/DerivedData/CardOnCue-fafaiynmhqufqpbfjacxswbpzioe/Build/Intermediates.noindex/Clerk.build/Debug-iphonesimulator/Clerk.build/DerivedSources/GeneratedAssetSymbols.swift


SwiftDriverJobDiscovery normal arm64 Compiling resource_bundle_accessor.swift, CacheSerializer.swift, DiskStorage.swift, FormatIndicatedCacheSerializer.swift, ImageCache.swift, MemoryStorage.swift, Storage.swift, CPListItem+Kingfisher.swift, HasImageComponent+Kingfisher.swift (in target 'Kingfisher' from project 'Kingfisher')

ExtractAppIntentsMetadata (in target 'Get' from project 'Get')
    cd /Users/nathanfennel/Library/Developer/Xcode/DerivedData/CardOnCue-fafaiynmhqufqpbfjacxswbpzioe/SourcePackages/checkouts/Get
    /Applications/Xcode.app/Contents/Developer/Toolchains/XcodeDefault.xctoolchain/usr/bin/appintentsmetadataprocessor --toolchain-dir /Applications/Xcode.app/Contents/Developer/Toolchains/XcodeDefault.xctoolchain --module-name Get --sdk-root /Applications/Xcode.app/Contents/Developer/Platforms/iPhoneSimulator.platform/Developer/SDKs/iPhoneSimulator26.2.sdk --xcode-version 17C52 --platform-family iOS --deployment-target 13.0 --bundle-identifier get.Get --output /Users/nathanfennel/Library/Developer/Xcode/DerivedData/CardOnCue-fafaiynmhqufqpbfjacxswbpzioe/Build/Products/Debug-iphonesimulator/Get.appintents --target-triple arm64-apple-ios13.0-simulator --binary-file /Users/nathanfennel/Library/Developer/Xcode/DerivedData/CardOnCue-fafaiynmhqufqpbfjacxswbpzioe/Build/Products/Debug-iphonesimulator/Get.o --dependency-file /Users/nathanfennel/Library/Developer/Xcode/DerivedData/CardOnCue-fafaiynmhqufqpbfjacxswbpzioe/Build/Intermediates.noindex/Get.build/Debug-iphonesimulator/Get.build/Objects-normal/arm64/Get_dependency_info.dat --stringsdata-file /Users/nathanfennel/Library/Developer/Xcode/DerivedData/CardOnCue-fafaiynmhqufqpbfjacxswbpzioe/Build/Intermediates.noindex/Get.build/Debug-iphonesimulator/Get.build/Objects-normal/arm64/ExtractedAppShortcutsMetadata.stringsdata --source-file-list /Users/nathanfennel/Library/Developer/Xcode/DerivedData/CardOnCue-fafaiynmhqufqpbfjacxswbpzioe/Build/Intermediates.noindex/Get.build/Debug-iphonesimulator/Get.build/Objects-normal/arm64/Get.SwiftFileList --metadata-file-list /Users/nathanfennel/Library/Developer/Xcode/DerivedData/CardOnCue-fafaiynmhqufqpbfjacxswbpzioe/Build/Intermediates.noindex/Get.build/Debug-iphonesimulator/Get.build/Get.DependencyMetadataFileList --static-metadata-file-list /Users/nathanfennel/Library/Developer/Xcode/DerivedData/CardOnCue-fafaiynmhqufqpbfjacxswbpzioe/Build/Intermediates.noindex/Get.build/Debug-iphonesimulator/Get.build/Get.DependencyStaticMetadataFileList --swift-const-vals-list /Users/nathanfennel/Library/Developer/Xcode/DerivedData/CardOnCue-fafaiynmhqufqpbfjacxswbpzioe/Build/Intermediates.noindex/Get.build/Debug-iphonesimulator/Get.build/Objects-normal/arm64/Get.SwiftConstValuesFileList --force --compile-time-extraction --deployment-aware-processing --validate-assistant-intents --no-app-shortcuts-localization
2025-12-28 10:00:59.003 appintentsmetadataprocessor[64831:3783963] Starting appintentsmetadataprocessor export
2025-12-28 10:00:59.112 appintentsmetadataprocessor[64831:3783963] Extracted no relevant App Intents symbols, skipping writing output

LinkAssetCatalog /Users/nathanfennel/Library/Developer/Xcode/DerivedData/CardOnCue-fafaiynmhqufqpbfjacxswbpzioe/SourcePackages/checkouts/clerk-ios/Sources/Clerk/ClerkUI/Resources/Colors.xcassets /Users/nathanfennel/Library/Developer/Xcode/DerivedData/CardOnCue-fafaiynmhqufqpbfjacxswbpzioe/SourcePackages/checkouts/clerk-ios/Sources/Clerk/ClerkUI/Resources/Images.xcassets (in target 'Clerk_Clerk' from project 'Clerk')
    cd /Users/nathanfennel/Library/Developer/Xcode/DerivedData/CardOnCue-fafaiynmhqufqpbfjacxswbpzioe/SourcePackages/checkouts/clerk-ios
    builtin-linkAssetCatalog --thinned /Users/nathanfennel/Library/Developer/Xcode/DerivedData/CardOnCue-fafaiynmhqufqpbfjacxswbpzioe/Build/Intermediates.noindex/Clerk.build/Debug-iphonesimulator/Clerk_Clerk.build/assetcatalog_output/thinned --thinned-dependencies /Users/nathanfennel/Library/Developer/Xcode/DerivedData/CardOnCue-fafaiynmhqufqpbfjacxswbpzioe/Build/Intermediates.noindex/Clerk.build/Debug-iphonesimulator/Clerk_Clerk.build/assetcatalog_dependencies_thinned --thinned-info-plist-content /Users/nathanfennel/Library/Developer/Xcode/DerivedData/CardOnCue-fafaiynmhqufqpbfjacxswbpzioe/Build/Intermediates.noindex/Clerk.build/Debug-iphonesimulator/Clerk_Clerk.build/assetcatalog_generated_info.plist_thinned --unthinned /Users/nathanfennel/Library/Developer/Xcode/DerivedData/CardOnCue-fafaiynmhqufqpbfjacxswbpzioe/Build/Intermediates.noindex/Clerk.build/Debug-iphonesimulator/Clerk_Clerk.build/assetcatalog_output/unthinned --unthinned-dependencies /Users/nathanfennel/Library/Developer/Xcode/DerivedData/CardOnCue-fafaiynmhqufqpbfjacxswbpzioe/Build/Intermediates.noindex/Clerk.build/Debug-iphonesimulator/Clerk_Clerk.build/assetcatalog_dependencies_unthinned --unthinned-info-plist-content /Users/nathanfennel/Library/Developer/Xcode/DerivedData/CardOnCue-fafaiynmhqufqpbfjacxswbpzioe/Build/Intermediates.noindex/Clerk.build/Debug-iphonesimulator/Clerk_Clerk.build/assetcatalog_generated_info.plist_unthinned --output /Users/nathanfennel/Library/Developer/Xcode/DerivedData/CardOnCue-fafaiynmhqufqpbfjacxswbpzioe/Build/Products/Debug-iphonesimulator/Clerk_Clerk.bundle --plist-output /Users/nathanfennel/Library/Developer/Xcode/DerivedData/CardOnCue-fafaiynmhqufqpbfjacxswbpzioe/Build/Intermediates.noindex/Clerk.build/Debug-iphonesimulator/Clerk_Clerk.build/assetcatalog_generated_info.plist
note: Emplaced /Users/nathanfennel/Library/Developer/Xcode/DerivedData/CardOnCue-fafaiynmhqufqpbfjacxswbpzioe/Build/Products/Debug-iphonesimulator/Clerk_Clerk.bundle/Assets.car (in target 'Clerk_Clerk' from project 'Clerk')

ProcessInfoPlistFile /Users/nathanfennel/Library/Developer/Xcode/DerivedData/CardOnCue-fafaiynmhqufqpbfjacxswbpzioe/Build/Products/Debug-iphonesimulator/Clerk_Clerk.bundle/Info.plist /Users/nathanfennel/Library/Developer/Xcode/DerivedData/CardOnCue-fafaiynmhqufqpbfjacxswbpzioe/Build/Intermediates.noindex/Clerk.build/Debug-iphonesimulator/Clerk_Clerk.build/empty-Clerk_Clerk.plist (in target 'Clerk_Clerk' from project 'Clerk')
    cd /Users/nathanfennel/Library/Developer/Xcode/DerivedData/CardOnCue-fafaiynmhqufqpbfjacxswbpzioe/SourcePackages/checkouts/clerk-ios
    builtin-infoPlistUtility /Users/nathanfennel/Library/Developer/Xcode/DerivedData/CardOnCue-fafaiynmhqufqpbfjacxswbpzioe/Build/Intermediates.noindex/Clerk.build/Debug-iphonesimulator/Clerk_Clerk.build/empty-Clerk_Clerk.plist -producttype com.apple.product-type.bundle -expandbuildsettings -format binary -platform iphonesimulator -additionalcontentfile /Users/nathanfennel/Library/Developer/Xcode/DerivedData/CardOnCue-fafaiynmhqufqpbfjacxswbpzioe/Build/Intermediates.noindex/Clerk.build/Debug-iphonesimulator/Clerk_Clerk.build/assetcatalog_generated_info.plist -o /Users/nathanfennel/Library/Developer/Xcode/DerivedData/CardOnCue-fafaiynmhqufqpbfjacxswbpzioe/Build/Products/Debug-iphonesimulator/Clerk_Clerk.bundle/Info.plist

CodeSign /Users/nathanfennel/Library/Developer/Xcode/DerivedData/CardOnCue-fafaiynmhqufqpbfjacxswbpzioe/Build/Products/Debug-iphonesimulator/Clerk_Clerk.bundle (in target 'Clerk_Clerk' from project 'Clerk')
    cd /Users/nathanfennel/Library/Developer/Xcode/DerivedData/CardOnCue-fafaiynmhqufqpbfjacxswbpzioe/SourcePackages/checkouts/clerk-ios
    
    Signing Identity:     "Sign to Run Locally"
    
    /usr/bin/codesign --force --sign - --timestamp\=none --generate-entitlement-der /Users/nathanfennel/Library/Developer/Xcode/DerivedData/CardOnCue-fafaiynmhqufqpbfjacxswbpzioe/Build/Products/Debug-iphonesimulator/Clerk_Clerk.bundle

RegisterExecutionPolicyException /Users/nathanfennel/Library/Developer/Xcode/DerivedData/CardOnCue-fafaiynmhqufqpbfjacxswbpzioe/Build/Products/Debug-iphonesimulator/SimpleKeychain.o (in target 'SimpleKeychain' from project 'SimpleKeychain')
    cd /Users/nathanfennel/Library/Developer/Xcode/DerivedData/CardOnCue-fafaiynmhqufqpbfjacxswbpzioe/SourcePackages/checkouts/SimpleKeychain
    builtin-RegisterExecutionPolicyException /Users/nathanfennel/Library/Developer/Xcode/DerivedData/CardOnCue-fafaiynmhqufqpbfjacxswbpzioe/Build/Products/Debug-iphonesimulator/SimpleKeychain.o

RegisterExecutionPolicyException /Users/nathanfennel/Library/Developer/Xcode/DerivedData/CardOnCue-fafaiynmhqufqpbfjacxswbpzioe/Build/Products/Debug-iphonesimulator/Clerk_Clerk.bundle (in target 'Clerk_Clerk' from project 'Clerk')
    cd /Users/nathanfennel/Library/Developer/Xcode/DerivedData/CardOnCue-fafaiynmhqufqpbfjacxswbpzioe/SourcePackages/checkouts/clerk-ios
    builtin-RegisterExecutionPolicyException /Users/nathanfennel/Library/Developer/Xcode/DerivedData/CardOnCue-fafaiynmhqufqpbfjacxswbpzioe/Build/Products/Debug-iphonesimulator/Clerk_Clerk.bundle

Touch /Users/nathanfennel/Library/Developer/Xcode/DerivedData/CardOnCue-fafaiynmhqufqpbfjacxswbpzioe/Build/Products/Debug-iphonesimulator/Clerk_Clerk.bundle (in target 'Clerk_Clerk' from project 'Clerk')
    cd /Users/nathanfennel/Library/Developer/Xcode/DerivedData/CardOnCue-fafaiynmhqufqpbfjacxswbpzioe/SourcePackages/checkouts/clerk-ios
    /usr/bin/touch -c /Users/nathanfennel/Library/Developer/Xcode/DerivedData/CardOnCue-fafaiynmhqufqpbfjacxswbpzioe/Build/Products/Debug-iphonesimulator/Clerk_Clerk.bundle

RegisterExecutionPolicyException /Users/nathanfennel/Library/Developer/Xcode/DerivedData/CardOnCue-fafaiynmhqufqpbfjacxswbpzioe/Build/Products/Debug-iphonesimulator/PhoneNumberKit.o (in target 'PhoneNumberKit' from project 'PhoneNumberKit')
    cd /Users/nathanfennel/Library/Developer/Xcode/DerivedData/CardOnCue-fafaiynmhqufqpbfjacxswbpzioe/SourcePackages/checkouts/PhoneNumberKit
    builtin-RegisterExecutionPolicyException /Users/nathanfennel/Library/Developer/Xcode/DerivedData/CardOnCue-fafaiynmhqufqpbfjacxswbpzioe/Build/Products/Debug-iphonesimulator/PhoneNumberKit.o

SwiftDriverJobDiscovery normal arm64 Compiling resource_bundle_accessor.swift, Containers.swift (in target 'FactoryKit' from project 'Factory')

SwiftDriverJobDiscovery normal arm64 Compiling Resource.swift, Source.swift, KF.swift, KFOptionsSetter.swift, Kingfisher.swift, KingfisherError.swift, KingfisherManager+LivePhoto.swift, KingfisherManager.swift, KingfisherOptionsInfo.swift (in target 'Kingfisher' from project 'Kingfisher')

SwiftDriver\ Compilation FactoryKit normal arm64 com.apple.xcode.tools.swift.compiler (in target 'FactoryKit' from project 'Factory')
    cd /Users/nathanfennel/Documents/GitHub/CardOnCue/CardOnCue.xcodeproj
    builtin-Swift-Compilation -- /Applications/Xcode.app/Contents/Developer/Toolchains/XcodeDefault.xctoolchain/usr/bin/swiftc -module-name FactoryKit -Onone -enforce-exclusivity\=checked @/Users/nathanfennel/Library/Developer/Xcode/DerivedData/CardOnCue-fafaiynmhqufqpbfjacxswbpzioe/Build/Intermediates.noindex/Factory.build/Debug-iphonesimulator/FactoryKit.build/Objects-normal/arm64/FactoryKit.SwiftFileList -DSWIFT_PACKAGE -DDEBUG -DSWIFT_MODULE_RESOURCE_BUNDLE_AVAILABLE -DXcode -enable-experimental-feature StrictConcurrency -plugin-path /Applications/Xcode.app/Contents/Developer/Toolchains/XcodeDefault.xctoolchain/usr/lib/swift/host/plugins/testing -enable-experimental-feature DebugDescriptionMacro -sdk /Applications/Xcode.app/Contents/Developer/Platforms/iPhoneSimulator.platform/Developer/SDKs/iPhoneSimulator26.2.sdk -target arm64-apple-ios13.0-simulator -g -module-cache-path /Users/nathanfennel/Library/Developer/Xcode/DerivedData/ModuleCache.noindex -Xfrontend -serialize-debugging-options -profile-coverage-mapping -profile-generate -enable-testing -suppress-warnings -index-store-path /Users/nathanfennel/Library/Developer/Xcode/DerivedData/CardOnCue-fafaiynmhqufqpbfjacxswbpzioe/Index.noindex/DataStore -Xcc -D_LIBCPP_HARDENING_MODE\=_LIBCPP_HARDENING_MODE_DEBUG -swift-version 6 -I /Users/nathanfennel/Library/Developer/Xcode/DerivedData/CardOnCue-fafaiynmhqufqpbfjacxswbpzioe/Build/Products/Debug-iphonesimulator -Isystem /Applications/Xcode.app/Contents/Developer/Platforms/iPhoneSimulator.platform/Developer/usr/lib -F /Users/nathanfennel/Library/Developer/Xcode/DerivedData/CardOnCue-fafaiynmhqufqpbfjacxswbpzioe/Build/Products/Debug-iphonesimulator -F /Applications/Xcode.app/Contents/Developer/Platforms/iPhoneSimulator.platform/Developer/Library/Frameworks -F /Applications/Xcode.app/Contents/Developer/Platforms/iPhoneSimulator.platform/Developer/SDKs/iPhoneSimulator26.2.sdk/Developer/Library/Frameworks -c -j8 -enable-batch-mode -incremental -Xcc -ivfsstatcache -Xcc /Users/nathanfennel/Library/Developer/Xcode/DerivedData/SDKStatCaches.noindex/iphonesimulator26.2-23C53-7d00a8b37fbd7999ea79df8ebc024bf0.sdkstatcache -output-file-map /Users/nathanfennel/Library/Developer/Xcode/DerivedData/CardOnCue-fafaiynmhqufqpbfjacxswbpzioe/Build/Intermediates.noindex/Factory.build/Debug-iphonesimulator/FactoryKit.build/Objects-normal/arm64/FactoryKit-OutputFileMap.json -use-frontend-parseable-output -save-temps -no-color-diagnostics -explicit-module-build -module-cache-path /Users/nathanfennel/Library/Developer/Xcode/DerivedData/CardOnCue-fafaiynmhqufqpbfjacxswbpzioe/Build/Intermediates.noindex/SwiftExplicitPrecompiledModules -clang-scanner-module-cache-path /Users/nathanfennel/Library/Developer/Xcode/DerivedData/ModuleCache.noindex -sdk-module-cache-path /Users/nathanfennel/Library/Developer/Xcode/DerivedData/ModuleCache.noindex -serialize-diagnostics -emit-dependencies -emit-module -emit-module-path /Users/nathanfennel/Library/Developer/Xcode/DerivedData/CardOnCue-fafaiynmhqufqpbfjacxswbpzioe/Build/Intermediates.noindex/Factory.build/Debug-iphonesimulator/FactoryKit.build/Objects-normal/arm64/FactoryKit.swiftmodule -validate-clang-modules-once -clang-build-session-file /Users/nathanfennel/Library/Developer/Xcode/DerivedData/ModuleCache.noindex/Session.modulevalidation -package-name factory -Xcc -I/Users/nathanfennel/Library/Developer/Xcode/DerivedData/CardOnCue-fafaiynmhqufqpbfjacxswbpzioe/Build/Intermediates.noindex/Factory.build/Debug-iphonesimulator/FactoryKit.build/swift-overrides.hmap -emit-const-values -Xfrontend -const-gather-protocols-file -Xfrontend /Users/nathanfennel/Library/Developer/Xcode/DerivedData/CardOnCue-fafaiynmhqufqpbfjacxswbpzioe/Build/Intermediates.noindex/Factory.build/Debug-iphonesimulator/FactoryKit.build/Objects-normal/arm64/FactoryKit_const_extract_protocols.json -Xcc -I/Users/nathanfennel/Library/Developer/Xcode/DerivedData/CardOnCue-fafaiynmhqufqpbfjacxswbpzioe/Build/Products/Debug-iphonesimulator/include -Xcc -I/Users/nathanfennel/Library/Developer/Xcode/DerivedData/CardOnCue-fafaiynmhqufqpbfjacxswbpzioe/Build/Intermediates.noindex/Factory.build/Debug-iphonesimulator/FactoryKit.build/DerivedSources-normal/arm64 -Xcc -I/Users/nathanfennel/Library/Developer/Xcode/DerivedData/CardOnCue-fafaiynmhqufqpbfjacxswbpzioe/Build/Intermediates.noindex/Factory.build/Debug-iphonesimulator/FactoryKit.build/DerivedSources/arm64 -Xcc -I/Users/nathanfennel/Library/Developer/Xcode/DerivedData/CardOnCue-fafaiynmhqufqpbfjacxswbpzioe/Build/Intermediates.noindex/Factory.build/Debug-iphonesimulator/FactoryKit.build/DerivedSources -Xcc -DSWIFT_PACKAGE -Xcc -DDEBUG\=1 -emit-objc-header -emit-objc-header-path /Users/nathanfennel/Library/Developer/Xcode/DerivedData/CardOnCue-fafaiynmhqufqpbfjacxswbpzioe/Build/Intermediates.noindex/Factory.build/Debug-iphonesimulator/FactoryKit.build/Objects-normal/arm64/FactoryKit-Swift.h -working-directory /Users/nathanfennel/Documents/GitHub/CardOnCue/CardOnCue.xcodeproj -experimental-emit-module-separately -disable-cmo

Ld /Users/nathanfennel/Library/Developer/Xcode/DerivedData/CardOnCue-fafaiynmhqufqpbfjacxswbpzioe/Build/Products/Debug-iphonesimulator/FactoryKit.o normal (in target 'FactoryKit' from project 'Factory')
    cd /Users/nathanfennel/Library/Developer/Xcode/DerivedData/CardOnCue-fafaiynmhqufqpbfjacxswbpzioe/SourcePackages/checkouts/Factory
    /Applications/Xcode.app/Contents/Developer/Toolchains/XcodeDefault.xctoolchain/usr/bin/clang -Xlinker -reproducible -target arm64-apple-ios13.0-simulator -r -isysroot /Applications/Xcode.app/Contents/Developer/Platforms/iPhoneSimulator.platform/Developer/SDKs/iPhoneSimulator26.2.sdk -O0 -w -L/Users/nathanfennel/Library/Developer/Xcode/DerivedData/CardOnCue-fafaiynmhqufqpbfjacxswbpzioe/Build/Intermediates.noindex/EagerLinkingTBDs/Debug-iphonesimulator -L/Users/nathanfennel/Library/Developer/Xcode/DerivedData/CardOnCue-fafaiynmhqufqpbfjacxswbpzioe/Build/Products/Debug-iphonesimulator -L/Applications/Xcode.app/Contents/Developer/Platforms/iPhoneSimulator.platform/Developer/usr/lib -F/Users/nathanfennel/Library/Developer/Xcode/DerivedData/CardOnCue-fafaiynmhqufqpbfjacxswbpzioe/Build/Intermediates.noindex/EagerLinkingTBDs/Debug-iphonesimulator -F/Users/nathanfennel/Library/Developer/Xcode/DerivedData/CardOnCue-fafaiynmhqufqpbfjacxswbpzioe/Build/Products/Debug-iphonesimulator -iframework /Applications/Xcode.app/Contents/Developer/Platforms/iPhoneSimulator.platform/Developer/Library/Frameworks -iframework /Applications/Xcode.app/Contents/Developer/Platforms/iPhoneSimulator.platform/Developer/SDKs/iPhoneSimulator26.2.sdk/Developer/Library/Frameworks -filelist /Users/nathanfennel/Library/Developer/Xcode/DerivedData/CardOnCue-fafaiynmhqufqpbfjacxswbpzioe/Build/Intermediates.noindex/Factory.build/Debug-iphonesimulator/FactoryKit.build/Objects-normal/arm64/FactoryKit.LinkFileList -nostdlib -Xlinker -object_path_lto -Xlinker /Users/nathanfennel/Library/Developer/Xcode/DerivedData/CardOnCue-fafaiynmhqufqpbfjacxswbpzioe/Build/Intermediates.noindex/Factory.build/Debug-iphonesimulator/FactoryKit.build/Objects-normal/arm64/FactoryKit_lto.o -rdynamic -Xlinker -no_deduplicate -Xlinker -objc_abi_version -Xlinker 2 -Xlinker -debug_variant -Xlinker -dependency_info -Xlinker /Users/nathanfennel/Library/Developer/Xcode/DerivedData/CardOnCue-fafaiynmhqufqpbfjacxswbpzioe/Build/Intermediates.noindex/Factory.build/Debug-iphonesimulator/FactoryKit.build/Objects-normal/arm64/FactoryKit_dependency_info.dat -fobjc-link-runtime -L/Applications/Xcode.app/Contents/Developer/Toolchains/XcodeDefault.xctoolchain/usr/lib/swift/iphonesimulator -L/usr/lib/swift -Xlinker -add_ast_path -Xlinker /Users/nathanfennel/Library/Developer/Xcode/DerivedData/CardOnCue-fafaiynmhqufqpbfjacxswbpzioe/Build/Intermediates.noindex/Factory.build/Debug-iphonesimulator/FactoryKit.build/Objects-normal/arm64/FactoryKit.swiftmodule @/Users/nathanfennel/Library/Developer/Xcode/DerivedData/CardOnCue-fafaiynmhqufqpbfjacxswbpzioe/Build/Intermediates.noindex/Factory.build/Debug-iphonesimulator/FactoryKit.build/Objects-normal/arm64/FactoryKit-linker-args.resp -o /Users/nathanfennel/Library/Developer/Xcode/DerivedData/CardOnCue-fafaiynmhqufqpbfjacxswbpzioe/Build/Products/Debug-iphonesimulator/FactoryKit.o

SwiftDriver\ Compilation Kingfisher normal arm64 com.apple.xcode.tools.swift.compiler (in target 'Kingfisher' from project 'Kingfisher')
    cd /Users/nathanfennel/Documents/GitHub/CardOnCue/CardOnCue.xcodeproj
    builtin-Swift-Compilation -- /Applications/Xcode.app/Contents/Developer/Toolchains/XcodeDefault.xctoolchain/usr/bin/swiftc -module-name Kingfisher -Onone -enforce-exclusivity\=checked @/Users/nathanfennel/Library/Developer/Xcode/DerivedData/CardOnCue-fafaiynmhqufqpbfjacxswbpzioe/Build/Intermediates.noindex/Kingfisher.build/Debug-iphonesimulator/Kingfisher.build/Objects-normal/arm64/Kingfisher.SwiftFileList -DSWIFT_PACKAGE -DDEBUG -DSWIFT_MODULE_RESOURCE_BUNDLE_AVAILABLE -DXcode -plugin-path /Applications/Xcode.app/Contents/Developer/Toolchains/XcodeDefault.xctoolchain/usr/lib/swift/host/plugins/testing -enable-experimental-feature DebugDescriptionMacro -sdk /Applications/Xcode.app/Contents/Developer/Platforms/iPhoneSimulator.platform/Developer/SDKs/iPhoneSimulator26.2.sdk -target arm64-apple-ios13.0-simulator -g -module-cache-path /Users/nathanfennel/Library/Developer/Xcode/DerivedData/ModuleCache.noindex -Xfrontend -serialize-debugging-options -profile-coverage-mapping -profile-generate -enable-testing -suppress-warnings -index-store-path /Users/nathanfennel/Library/Developer/Xcode/DerivedData/CardOnCue-fafaiynmhqufqpbfjacxswbpzioe/Index.noindex/DataStore -Xcc -D_LIBCPP_HARDENING_MODE\=_LIBCPP_HARDENING_MODE_DEBUG -swift-version 5 -I /Users/nathanfennel/Library/Developer/Xcode/DerivedData/CardOnCue-fafaiynmhqufqpbfjacxswbpzioe/Build/Products/Debug-iphonesimulator -Isystem /Applications/Xcode.app/Contents/Developer/Platforms/iPhoneSimulator.platform/Developer/usr/lib -F /Users/nathanfennel/Library/Developer/Xcode/DerivedData/CardOnCue-fafaiynmhqufqpbfjacxswbpzioe/Build/Products/Debug-iphonesimulator -F /Applications/Xcode.app/Contents/Developer/Platforms/iPhoneSimulator.platform/Developer/Library/Frameworks -F /Applications/Xcode.app/Contents/Developer/Platforms/iPhoneSimulator.platform/Developer/SDKs/iPhoneSimulator26.2.sdk/Developer/Library/Frameworks -c -j8 -enable-batch-mode -incremental -Xcc -ivfsstatcache -Xcc /Users/nathanfennel/Library/Developer/Xcode/DerivedData/SDKStatCaches.noindex/iphonesimulator26.2-23C53-7d00a8b37fbd7999ea79df8ebc024bf0.sdkstatcache -output-file-map /Users/nathanfennel/Library/Developer/Xcode/DerivedData/CardOnCue-fafaiynmhqufqpbfjacxswbpzioe/Build/Intermediates.noindex/Kingfisher.build/Debug-iphonesimulator/Kingfisher.build/Objects-normal/arm64/Kingfisher-OutputFileMap.json -use-frontend-parseable-output -save-temps -no-color-diagnostics -explicit-module-build -module-cache-path /Users/nathanfennel/Library/Developer/Xcode/DerivedData/CardOnCue-fafaiynmhqufqpbfjacxswbpzioe/Build/Intermediates.noindex/SwiftExplicitPrecompiledModules -clang-scanner-module-cache-path /Users/nathanfennel/Library/Developer/Xcode/DerivedData/ModuleCache.noindex -sdk-module-cache-path /Users/nathanfennel/Library/Developer/Xcode/DerivedData/ModuleCache.noindex -serialize-diagnostics -emit-dependencies -emit-module -emit-module-path /Users/nathanfennel/Library/Developer/Xcode/DerivedData/CardOnCue-fafaiynmhqufqpbfjacxswbpzioe/Build/Intermediates.noindex/Kingfisher.build/Debug-iphonesimulator/Kingfisher.build/Objects-normal/arm64/Kingfisher.swiftmodule -validate-clang-modules-once -clang-build-session-file /Users/nathanfennel/Library/Developer/Xcode/DerivedData/ModuleCache.noindex/Session.modulevalidation -package-name kingfisher -Xcc -I/Users/nathanfennel/Library/Developer/Xcode/DerivedData/CardOnCue-fafaiynmhqufqpbfjacxswbpzioe/Build/Intermediates.noindex/Kingfisher.build/Debug-iphonesimulator/Kingfisher.build/swift-overrides.hmap -emit-const-values -Xfrontend -const-gather-protocols-file -Xfrontend /Users/nathanfennel/Library/Developer/Xcode/DerivedData/CardOnCue-fafaiynmhqufqpbfjacxswbpzioe/Build/Intermediates.noindex/Kingfisher.build/Debug-iphonesimulator/Kingfisher.build/Objects-normal/arm64/Kingfisher_const_extract_protocols.json -Xcc -I/Users/nathanfennel/Library/Developer/Xcode/DerivedData/CardOnCue-fafaiynmhqufqpbfjacxswbpzioe/Build/Products/Debug-iphonesimulator/include -Xcc -I/Users/nathanfennel/Library/Developer/Xcode/DerivedData/CardOnCue-fafaiynmhqufqpbfjacxswbpzioe/Build/Intermediates.noindex/Kingfisher.build/Debug-iphonesimulator/Kingfisher.build/DerivedSources-normal/arm64 -Xcc -I/Users/nathanfennel/Library/Developer/Xcode/DerivedData/CardOnCue-fafaiynmhqufqpbfjacxswbpzioe/Build/Intermediates.noindex/Kingfisher.build/Debug-iphonesimulator/Kingfisher.build/DerivedSources/arm64 -Xcc -I/Users/nathanfennel/Library/Developer/Xcode/DerivedData/CardOnCue-fafaiynmhqufqpbfjacxswbpzioe/Build/Intermediates.noindex/Kingfisher.build/Debug-iphonesimulator/Kingfisher.build/DerivedSources -Xcc -DSWIFT_PACKAGE -Xcc -DDEBUG\=1 -emit-objc-header -emit-objc-header-path /Users/nathanfennel/Library/Developer/Xcode/DerivedData/CardOnCue-fafaiynmhqufqpbfjacxswbpzioe/Build/Intermediates.noindex/Kingfisher.build/Debug-iphonesimulator/Kingfisher.build/Objects-normal/arm64/Kingfisher-Swift.h -working-directory /Users/nathanfennel/Documents/GitHub/CardOnCue/CardOnCue.xcodeproj -experimental-emit-module-separately -disable-cmo

Ld /Users/nathanfennel/Library/Developer/Xcode/DerivedData/CardOnCue-fafaiynmhqufqpbfjacxswbpzioe/Build/Products/Debug-iphonesimulator/Kingfisher.o normal (in target 'Kingfisher' from project 'Kingfisher')
    cd /Users/nathanfennel/Library/Developer/Xcode/DerivedData/CardOnCue-fafaiynmhqufqpbfjacxswbpzioe/SourcePackages/checkouts/Kingfisher
    /Applications/Xcode.app/Contents/Developer/Toolchains/XcodeDefault.xctoolchain/usr/bin/clang -Xlinker -reproducible -target arm64-apple-ios13.0-simulator -r -isysroot /Applications/Xcode.app/Contents/Developer/Platforms/iPhoneSimulator.platform/Developer/SDKs/iPhoneSimulator26.2.sdk -O0 -w -L/Users/nathanfennel/Library/Developer/Xcode/DerivedData/CardOnCue-fafaiynmhqufqpbfjacxswbpzioe/Build/Intermediates.noindex/EagerLinkingTBDs/Debug-iphonesimulator -L/Users/nathanfennel/Library/Developer/Xcode/DerivedData/CardOnCue-fafaiynmhqufqpbfjacxswbpzioe/Build/Products/Debug-iphonesimulator -L/Applications/Xcode.app/Contents/Developer/Platforms/iPhoneSimulator.platform/Developer/usr/lib -F/Users/nathanfennel/Library/Developer/Xcode/DerivedData/CardOnCue-fafaiynmhqufqpbfjacxswbpzioe/Build/Intermediates.noindex/EagerLinkingTBDs/Debug-iphonesimulator -F/Users/nathanfennel/Library/Developer/Xcode/DerivedData/CardOnCue-fafaiynmhqufqpbfjacxswbpzioe/Build/Products/Debug-iphonesimulator -iframework /Applications/Xcode.app/Contents/Developer/Platforms/iPhoneSimulator.platform/Developer/Library/Frameworks -iframework /Applications/Xcode.app/Contents/Developer/Platforms/iPhoneSimulator.platform/Developer/SDKs/iPhoneSimulator26.2.sdk/Developer/Library/Frameworks -filelist /Users/nathanfennel/Library/Developer/Xcode/DerivedData/CardOnCue-fafaiynmhqufqpbfjacxswbpzioe/Build/Intermediates.noindex/Kingfisher.build/Debug-iphonesimulator/Kingfisher.build/Objects-normal/arm64/Kingfisher.LinkFileList -nostdlib -Xlinker -object_path_lto -Xlinker /Users/nathanfennel/Library/Developer/Xcode/DerivedData/CardOnCue-fafaiynmhqufqpbfjacxswbpzioe/Build/Intermediates.noindex/Kingfisher.build/Debug-iphonesimulator/Kingfisher.build/Objects-normal/arm64/Kingfisher_lto.o -rdynamic -Xlinker -no_deduplicate -Xlinker -objc_abi_version -Xlinker 2 -Xlinker -debug_variant -Xlinker -dependency_info -Xlinker /Users/nathanfennel/Library/Developer/Xcode/DerivedData/CardOnCue-fafaiynmhqufqpbfjacxswbpzioe/Build/Intermediates.noindex/Kingfisher.build/Debug-iphonesimulator/Kingfisher.build/Objects-normal/arm64/Kingfisher_dependency_info.dat -fobjc-link-runtime -L/Applications/Xcode.app/Contents/Developer/Toolchains/XcodeDefault.xctoolchain/usr/lib/swift/iphonesimulator -L/usr/lib/swift -Xlinker -add_ast_path -Xlinker /Users/nathanfennel/Library/Developer/Xcode/DerivedData/CardOnCue-fafaiynmhqufqpbfjacxswbpzioe/Build/Intermediates.noindex/Kingfisher.build/Debug-iphonesimulator/Kingfisher.build/Objects-normal/arm64/Kingfisher.swiftmodule @/Users/nathanfennel/Library/Developer/Xcode/DerivedData/CardOnCue-fafaiynmhqufqpbfjacxswbpzioe/Build/Intermediates.noindex/Kingfisher.build/Debug-iphonesimulator/Kingfisher.build/Objects-normal/arm64/Kingfisher-linker-args.resp -o /Users/nathanfennel/Library/Developer/Xcode/DerivedData/CardOnCue-fafaiynmhqufqpbfjacxswbpzioe/Build/Products/Debug-iphonesimulator/Kingfisher.o

RegisterExecutionPolicyException /Users/nathanfennel/Library/Developer/Xcode/DerivedData/CardOnCue-fafaiynmhqufqpbfjacxswbpzioe/Build/Products/Debug-iphonesimulator/Get.o (in target 'Get' from project 'Get')
    cd /Users/nathanfennel/Library/Developer/Xcode/DerivedData/CardOnCue-fafaiynmhqufqpbfjacxswbpzioe/SourcePackages/checkouts/Get
    builtin-RegisterExecutionPolicyException /Users/nathanfennel/Library/Developer/Xcode/DerivedData/CardOnCue-fafaiynmhqufqpbfjacxswbpzioe/Build/Products/Debug-iphonesimulator/Get.o

ExtractAppIntentsMetadata (in target 'FactoryKit' from project 'Factory')
    cd /Users/nathanfennel/Library/Developer/Xcode/DerivedData/CardOnCue-fafaiynmhqufqpbfjacxswbpzioe/SourcePackages/checkouts/Factory
    /Applications/Xcode.app/Contents/Developer/Toolchains/XcodeDefault.xctoolchain/usr/bin/appintentsmetadataprocessor --toolchain-dir /Applications/Xcode.app/Contents/Developer/Toolchains/XcodeDefault.xctoolchain --module-name FactoryKit --sdk-root /Applications/Xcode.app/Contents/Developer/Platforms/iPhoneSimulator.platform/Developer/SDKs/iPhoneSimulator26.2.sdk --xcode-version 17C52 --platform-family iOS --deployment-target 13.0 --bundle-identifier factory.FactoryKit --output /Users/nathanfennel/Library/Developer/Xcode/DerivedData/CardOnCue-fafaiynmhqufqpbfjacxswbpzioe/Build/Products/Debug-iphonesimulator/FactoryKit.appintents --target-triple arm64-apple-ios13.0-simulator --binary-file /Users/nathanfennel/Library/Developer/Xcode/DerivedData/CardOnCue-fafaiynmhqufqpbfjacxswbpzioe/Build/Products/Debug-iphonesimulator/FactoryKit.o --dependency-file /Users/nathanfennel/Library/Developer/Xcode/DerivedData/CardOnCue-fafaiynmhqufqpbfjacxswbpzioe/Build/Intermediates.noindex/Factory.build/Debug-iphonesimulator/FactoryKit.build/Objects-normal/arm64/FactoryKit_dependency_info.dat --stringsdata-file /Users/nathanfennel/Library/Developer/Xcode/DerivedData/CardOnCue-fafaiynmhqufqpbfjacxswbpzioe/Build/Intermediates.noindex/Factory.build/Debug-iphonesimulator/FactoryKit.build/Objects-normal/arm64/ExtractedAppShortcutsMetadata.stringsdata --source-file-list /Users/nathanfennel/Library/Developer/Xcode/DerivedData/CardOnCue-fafaiynmhqufqpbfjacxswbpzioe/Build/Intermediates.noindex/Factory.build/Debug-iphonesimulator/FactoryKit.build/Objects-normal/arm64/FactoryKit.SwiftFileList --metadata-file-list /Users/nathanfennel/Library/Developer/Xcode/DerivedData/CardOnCue-fafaiynmhqufqpbfjacxswbpzioe/Build/Intermediates.noindex/Factory.build/Debug-iphonesimulator/FactoryKit.build/FactoryKit.DependencyMetadataFileList --static-metadata-file-list /Users/nathanfennel/Library/Developer/Xcode/DerivedData/CardOnCue-fafaiynmhqufqpbfjacxswbpzioe/Build/Intermediates.noindex/Factory.build/Debug-iphonesimulator/FactoryKit.build/FactoryKit.DependencyStaticMetadataFileList --swift-const-vals-list /Users/nathanfennel/Library/Developer/Xcode/DerivedData/CardOnCue-fafaiynmhqufqpbfjacxswbpzioe/Build/Intermediates.noindex/Factory.build/Debug-iphonesimulator/FactoryKit.build/Objects-normal/arm64/FactoryKit.SwiftConstValuesFileList --force --compile-time-extraction --deployment-aware-processing --validate-assistant-intents --no-app-shortcuts-localization
2025-12-28 10:00:59.138 appintentsmetadataprocessor[64838:3784015] Starting appintentsmetadataprocessor export
2025-12-28 10:00:59.294 appintentsmetadataprocessor[64838:3784015] Extracted no relevant App Intents symbols, skipping writing output

ExtractAppIntentsMetadata (in target 'Kingfisher' from project 'Kingfisher')
    cd /Users/nathanfennel/Library/Developer/Xcode/DerivedData/CardOnCue-fafaiynmhqufqpbfjacxswbpzioe/SourcePackages/checkouts/Kingfisher
    /Applications/Xcode.app/Contents/Developer/Toolchains/XcodeDefault.xctoolchain/usr/bin/appintentsmetadataprocessor --toolchain-dir /Applications/Xcode.app/Contents/Developer/Toolchains/XcodeDefault.xctoolchain --module-name Kingfisher --sdk-root /Applications/Xcode.app/Contents/Developer/Platforms/iPhoneSimulator.platform/Developer/SDKs/iPhoneSimulator26.2.sdk --xcode-version 17C52 --platform-family iOS --deployment-target 13.0 --bundle-identifier kingfisher.Kingfisher --output /Users/nathanfennel/Library/Developer/Xcode/DerivedData/CardOnCue-fafaiynmhqufqpbfjacxswbpzioe/Build/Products/Debug-iphonesimulator/Kingfisher.appintents --target-triple arm64-apple-ios13.0-simulator --binary-file /Users/nathanfennel/Library/Developer/Xcode/DerivedData/CardOnCue-fafaiynmhqufqpbfjacxswbpzioe/Build/Products/Debug-iphonesimulator/Kingfisher.o --dependency-file /Users/nathanfennel/Library/Developer/Xcode/DerivedData/CardOnCue-fafaiynmhqufqpbfjacxswbpzioe/Build/Intermediates.noindex/Kingfisher.build/Debug-iphonesimulator/Kingfisher.build/Objects-normal/arm64/Kingfisher_dependency_info.dat --stringsdata-file /Users/nathanfennel/Library/Developer/Xcode/DerivedData/CardOnCue-fafaiynmhqufqpbfjacxswbpzioe/Build/Intermediates.noindex/Kingfisher.build/Debug-iphonesimulator/Kingfisher.build/Objects-normal/arm64/ExtractedAppShortcutsMetadata.stringsdata --source-file-list /Users/nathanfennel/Library/Developer/Xcode/DerivedData/CardOnCue-fafaiynmhqufqpbfjacxswbpzioe/Build/Intermediates.noindex/Kingfisher.build/Debug-iphonesimulator/Kingfisher.build/Objects-normal/arm64/Kingfisher.SwiftFileList --metadata-file-list /Users/nathanfennel/Library/Developer/Xcode/DerivedData/CardOnCue-fafaiynmhqufqpbfjacxswbpzioe/Build/Intermediates.noindex/Kingfisher.build/Debug-iphonesimulator/Kingfisher.build/Kingfisher.DependencyMetadataFileList --static-metadata-file-list /Users/nathanfennel/Library/Developer/Xcode/DerivedData/CardOnCue-fafaiynmhqufqpbfjacxswbpzioe/Build/Intermediates.noindex/Kingfisher.build/Debug-iphonesimulator/Kingfisher.build/Kingfisher.DependencyStaticMetadataFileList --swift-const-vals-list /Users/nathanfennel/Library/Developer/Xcode/DerivedData/CardOnCue-fafaiynmhqufqpbfjacxswbpzioe/Build/Intermediates.noindex/Kingfisher.build/Debug-iphonesimulator/Kingfisher.build/Objects-normal/arm64/Kingfisher.SwiftConstValuesFileList --force --compile-time-extraction --deployment-aware-processing --validate-assistant-intents --no-app-shortcuts-localization
2025-12-28 10:00:59.160 appintentsmetadataprocessor[64839:3784018] Starting appintentsmetadataprocessor export
2025-12-28 10:00:59.313 appintentsmetadataprocessor[64839:3784018] Extracted no relevant App Intents symbols, skipping writing output

RegisterExecutionPolicyException /Users/nathanfennel/Library/Developer/Xcode/DerivedData/CardOnCue-fafaiynmhqufqpbfjacxswbpzioe/Build/Products/Debug-iphonesimulator/FactoryKit.o (in target 'FactoryKit' from project 'Factory')
    cd /Users/nathanfennel/Library/Developer/Xcode/DerivedData/CardOnCue-fafaiynmhqufqpbfjacxswbpzioe/SourcePackages/checkouts/Factory
    builtin-RegisterExecutionPolicyException /Users/nathanfennel/Library/Developer/Xcode/DerivedData/CardOnCue-fafaiynmhqufqpbfjacxswbpzioe/Build/Products/Debug-iphonesimulator/FactoryKit.o

RegisterExecutionPolicyException /Users/nathanfennel/Library/Developer/Xcode/DerivedData/CardOnCue-fafaiynmhqufqpbfjacxswbpzioe/Build/Products/Debug-iphonesimulator/Kingfisher.o (in target 'Kingfisher' from project 'Kingfisher')
    cd /Users/nathanfennel/Library/Developer/Xcode/DerivedData/CardOnCue-fafaiynmhqufqpbfjacxswbpzioe/SourcePackages/checkouts/Kingfisher
    builtin-RegisterExecutionPolicyException /Users/nathanfennel/Library/Developer/Xcode/DerivedData/CardOnCue-fafaiynmhqufqpbfjacxswbpzioe/Build/Products/Debug-iphonesimulator/Kingfisher.o

SwiftDriver Clerk normal arm64 com.apple.xcode.tools.swift.compiler (in target 'Clerk' from project 'Clerk')
    cd /Users/nathanfennel/Documents/GitHub/CardOnCue/CardOnCue.xcodeproj
    builtin-SwiftDriver -- /Applications/Xcode.app/Contents/Developer/Toolchains/XcodeDefault.xctoolchain/usr/bin/swiftc -module-name Clerk -Onone -enforce-exclusivity\=checked @/Users/nathanfennel/Library/Developer/Xcode/DerivedData/CardOnCue-fafaiynmhqufqpbfjacxswbpzioe/Build/Intermediates.noindex/Clerk.build/Debug-iphonesimulator/Clerk.build/Objects-normal/arm64/Clerk.SwiftFileList -DSWIFT_PACKAGE -DDEBUG -DSWIFT_MODULE_RESOURCE_BUNDLE_AVAILABLE -DXcode -enable-experimental-feature StrictConcurrency -plugin-path /Applications/Xcode.app/Contents/Developer/Toolchains/XcodeDefault.xctoolchain/usr/lib/swift/host/plugins/testing -enable-experimental-feature DebugDescriptionMacro -sdk /Applications/Xcode.app/Contents/Developer/Platforms/iPhoneSimulator.platform/Developer/SDKs/iPhoneSimulator26.2.sdk -target arm64-apple-ios17.0-simulator -g -module-cache-path /Users/nathanfennel/Library/Developer/Xcode/DerivedData/ModuleCache.noindex -Xfrontend -serialize-debugging-options -profile-coverage-mapping -profile-generate -enable-testing -suppress-warnings -index-store-path /Users/nathanfennel/Library/Developer/Xcode/DerivedData/CardOnCue-fafaiynmhqufqpbfjacxswbpzioe/Index.noindex/DataStore -Xcc -D_LIBCPP_HARDENING_MODE\=_LIBCPP_HARDENING_MODE_DEBUG -swift-version 5 -I /Users/nathanfennel/Library/Developer/Xcode/DerivedData/CardOnCue-fafaiynmhqufqpbfjacxswbpzioe/Build/Products/Debug-iphonesimulator -Isystem /Applications/Xcode.app/Contents/Developer/Platforms/iPhoneSimulator.platform/Developer/usr/lib -F /Users/nathanfennel/Library/Developer/Xcode/DerivedData/CardOnCue-fafaiynmhqufqpbfjacxswbpzioe/Build/Products/Debug-iphonesimulator/PackageFrameworks -F /Users/nathanfennel/Library/Developer/Xcode/DerivedData/CardOnCue-fafaiynmhqufqpbfjacxswbpzioe/Build/Products/Debug-iphonesimulator/PackageFrameworks -F /Users/nathanfennel/Library/Developer/Xcode/DerivedData/CardOnCue-fafaiynmhqufqpbfjacxswbpzioe/Build/Products/Debug-iphonesimulator/PackageFrameworks -F /Users/nathanfennel/Library/Developer/Xcode/DerivedData/CardOnCue-fafaiynmhqufqpbfjacxswbpzioe/Build/Products/Debug-iphonesimulator/PackageFrameworks -F /Users/nathanfennel/Library/Developer/Xcode/DerivedData/CardOnCue-fafaiynmhqufqpbfjacxswbpzioe/Build/Products/Debug-iphonesimulator/PackageFrameworks -F /Users/nathanfennel/Library/Developer/Xcode/DerivedData/CardOnCue-fafaiynmhqufqpbfjacxswbpzioe/Build/Products/Debug-iphonesimulator -F /Applications/Xcode.app/Contents/Developer/Platforms/iPhoneSimulator.platform/Developer/Library/Frameworks -F /Applications/Xcode.app/Contents/Developer/Platforms/iPhoneSimulator.platform/Developer/SDKs/iPhoneSimulator26.2.sdk/Developer/Library/Frameworks -emit-localized-strings -emit-localized-strings-path /Users/nathanfennel/Library/Developer/Xcode/DerivedData/CardOnCue-fafaiynmhqufqpbfjacxswbpzioe/Build/Intermediates.noindex/Clerk.build/Debug-iphonesimulator/Clerk.build/Objects-normal/arm64 -c -j8 -enable-batch-mode -incremental -Xcc -ivfsstatcache -Xcc /Users/nathanfennel/Library/Developer/Xcode/DerivedData/SDKStatCaches.noindex/iphonesimulator26.2-23C53-7d00a8b37fbd7999ea79df8ebc024bf0.sdkstatcache -output-file-map /Users/nathanfennel/Library/Developer/Xcode/DerivedData/CardOnCue-fafaiynmhqufqpbfjacxswbpzioe/Build/Intermediates.noindex/Clerk.build/Debug-iphonesimulator/Clerk.build/Objects-normal/arm64/Clerk-OutputFileMap.json -use-frontend-parseable-output -save-temps -no-color-diagnostics -explicit-module-build -module-cache-path /Users/nathanfennel/Library/Developer/Xcode/DerivedData/CardOnCue-fafaiynmhqufqpbfjacxswbpzioe/Build/Intermediates.noindex/SwiftExplicitPrecompiledModules -clang-scanner-module-cache-path /Users/nathanfennel/Library/Developer/Xcode/DerivedData/ModuleCache.noindex -sdk-module-cache-path /Users/nathanfennel/Library/Developer/Xcode/DerivedData/ModuleCache.noindex -serialize-diagnostics -emit-dependencies -emit-module -emit-module-path /Users/nathanfennel/Library/Developer/Xcode/DerivedData/CardOnCue-fafaiynmhqufqpbfjacxswbpzioe/Build/Intermediates.noindex/Clerk.build/Debug-iphonesimulator/Clerk.build/Objects-normal/arm64/Clerk.swiftmodule -validate-clang-modules-once -clang-build-session-file /Users/nathanfennel/Library/Developer/Xcode/DerivedData/ModuleCache.noindex/Session.modulevalidation -package-name clerk_ios -Xcc -I/Users/nathanfennel/Library/Developer/Xcode/DerivedData/CardOnCue-fafaiynmhqufqpbfjacxswbpzioe/Build/Intermediates.noindex/Clerk.build/Debug-iphonesimulator/Clerk.build/swift-overrides.hmap -emit-const-values -Xfrontend -const-gather-protocols-file -Xfrontend /Users/nathanfennel/Library/Developer/Xcode/DerivedData/CardOnCue-fafaiynmhqufqpbfjacxswbpzioe/Build/Intermediates.noindex/Clerk.build/Debug-iphonesimulator/Clerk.build/Objects-normal/arm64/Clerk_const_extract_protocols.json -Xcc -I/Users/nathanfennel/Library/Developer/Xcode/DerivedData/CardOnCue-fafaiynmhqufqpbfjacxswbpzioe/Build/Products/Debug-iphonesimulator/include -Xcc -I/Users/nathanfennel/Library/Developer/Xcode/DerivedData/CardOnCue-fafaiynmhqufqpbfjacxswbpzioe/Build/Intermediates.noindex/Clerk.build/Debug-iphonesimulator/Clerk.build/DerivedSources-normal/arm64 -Xcc -I/Users/nathanfennel/Library/Developer/Xcode/DerivedData/CardOnCue-fafaiynmhqufqpbfjacxswbpzioe/Build/Intermediates.noindex/Clerk.build/Debug-iphonesimulator/Clerk.build/DerivedSources/arm64 -Xcc -I/Users/nathanfennel/Library/Developer/Xcode/DerivedData/CardOnCue-fafaiynmhqufqpbfjacxswbpzioe/Build/Intermediates.noindex/Clerk.build/Debug-iphonesimulator/Clerk.build/DerivedSources -Xcc -DSWIFT_PACKAGE -Xcc -DDEBUG\=1 -emit-objc-header -emit-objc-header-path /Users/nathanfennel/Library/Developer/Xcode/DerivedData/CardOnCue-fafaiynmhqufqpbfjacxswbpzioe/Build/Intermediates.noindex/Clerk.build/Debug-iphonesimulator/Clerk.build/Objects-normal/arm64/Clerk-Swift.h -working-directory /Users/nathanfennel/Documents/GitHub/CardOnCue/CardOnCue.xcodeproj -experimental-emit-module-separately -disable-cmo

SwiftCompile normal arm64 Compiling\ UserProfilePasskeySection.swift,\ UserProfilePasswordSection.swift,\ UserProfilePhoneRow.swift,\ UserProfileSectionHeader.swift,\ UserProfileSecurityView.swift,\ UserProfileUpdateProfileView.swift,\ UserProfileVerifyView.swift,\ UserProfileView.swift,\ Array+Ext.swift,\ Color+Ext.swift,\ Date+Ext.swift,\ Environment+Ext.swift,\ Error+Ext.swift,\ ExternalAccount+Ext.swift,\ Factor+Ext.swift,\ Factor+Sorting.swift,\ PhoneNumber+Ext.swift,\ Session+Ext.swift,\ SignIn+Ext.swift,\ SignUp+Ext.swift,\ String+UIExt.swift,\ UIImage+Ext.swift,\ User+Ext.swift,\ View+DismissKeyboard.swift,\ View+ErrorPresenting.swift /Users/nathanfennel/Library/Developer/Xcode/DerivedData/CardOnCue-fafaiynmhqufqpbfjacxswbpzioe/SourcePackages/checkouts/clerk-ios/Sources/Clerk/ClerkUI/Components/UserProfile/UserProfilePasskeySection.swift /Users/nathanfennel/Library/Developer/Xcode/DerivedData/CardOnCue-fafaiynmhqufqpbfjacxswbpzioe/SourcePackages/checkouts/clerk-ios/Sources/Clerk/ClerkUI/Components/UserProfile/UserProfilePasswordSection.swift /Users/nathanfennel/Library/Developer/Xcode/DerivedData/CardOnCue-fafaiynmhqufqpbfjacxswbpzioe/SourcePackages/checkouts/clerk-ios/Sources/Clerk/ClerkUI/Components/UserProfile/UserProfilePhoneRow.swift /Users/nathanfennel/Library/Developer/Xcode/DerivedData/CardOnCue-fafaiynmhqufqpbfjacxswbpzioe/SourcePackages/checkouts/clerk-ios/Sources/Clerk/ClerkUI/Components/UserProfile/UserProfileSectionHeader.swift /Users/nathanfennel/Library/Developer/Xcode/DerivedData/CardOnCue-fafaiynmhqufqpbfjacxswbpzioe/SourcePackages/checkouts/clerk-ios/Sources/Clerk/ClerkUI/Components/UserProfile/UserProfileSecurityView.swift /Users/nathanfennel/Library/Developer/Xcode/DerivedData/CardOnCue-fafaiynmhqufqpbfjacxswbpzioe/SourcePackages/checkouts/clerk-ios/Sources/Clerk/ClerkUI/Components/UserProfile/UserProfileUpdateProfileView.swift /Users/nathanfennel/Library/Developer/Xcode/DerivedData/CardOnCue-fafaiynmhqufqpbfjacxswbpzioe/SourcePackages/checkouts/clerk-ios/Sources/Clerk/ClerkUI/Components/UserProfile/UserProfileVerifyView.swift /Users/nathanfennel/Library/Developer/Xcode/DerivedData/CardOnCue-fafaiynmhqufqpbfjacxswbpzioe/SourcePackages/checkouts/clerk-ios/Sources/Clerk/ClerkUI/Components/UserProfile/UserProfileView.swift /Users/nathanfennel/Library/Developer/Xcode/DerivedData/CardOnCue-fafaiynmhqufqpbfjacxswbpzioe/SourcePackages/checkouts/clerk-ios/Sources/Clerk/ClerkUI/Extensions/Array+Ext.swift /Users/nathanfennel/Library/Developer/Xcode/DerivedData/CardOnCue-fafaiynmhqufqpbfjacxswbpzioe/SourcePackages/checkouts/clerk-ios/Sources/Clerk/ClerkUI/Extensions/Color+Ext.swift /Users/nathanfennel/Library/Developer/Xcode/DerivedData/CardOnCue-fafaiynmhqufqpbfjacxswbpzioe/SourcePackages/checkouts/clerk-ios/Sources/Clerk/ClerkUI/Extensions/Date+Ext.swift /Users/nathanfennel/Library/Developer/Xcode/DerivedData/CardOnCue-fafaiynmhqufqpbfjacxswbpzioe/SourcePackages/checkouts/clerk-ios/Sources/Clerk/ClerkUI/Extensions/Environment+Ext.swift /Users/nathanfennel/Library/Developer/Xcode/DerivedData/CardOnCue-fafaiynmhqufqpbfjacxswbpzioe/SourcePackages/checkouts/clerk-ios/Sources/Clerk/ClerkUI/Extensions/Error+Ext.swift /Users/nathanfennel/Library/Developer/Xcode/DerivedData/CardOnCue-fafaiynmhqufqpbfjacxswbpzioe/SourcePackages/checkouts/clerk-ios/Sources/Clerk/ClerkUI/Extensions/ExternalAccount+Ext.swift /Users/nathanfennel/Library/Developer/Xcode/DerivedData/CardOnCue-fafaiynmhqufqpbfjacxswbpzioe/SourcePackages/checkouts/clerk-ios/Sources/Clerk/ClerkUI/Extensions/Factor+Ext.swift /Users/nathanfennel/Library/Developer/Xcode/DerivedData/CardOnCue-fafaiynmhqufqpbfjacxswbpzioe/SourcePackages/checkouts/clerk-ios/Sources/Clerk/ClerkUI/Extensions/Factor+Sorting.swift /Users/nathanfennel/Library/Developer/Xcode/DerivedData/CardOnCue-fafaiynmhqufqpbfjacxswbpzioe/SourcePackages/checkouts/clerk-ios/Sources/Clerk/ClerkUI/Extensions/PhoneNumber+Ext.swift /Users/nathanfennel/Library/Developer/Xcode/DerivedData/CardOnCue-fafaiynmhqufqpbfjacxswbpzioe/SourcePackages/checkouts/clerk-ios/Sources/Clerk/ClerkUI/Extensions/Session+Ext.swift /Users/nathanfennel/Library/Developer/Xcode/DerivedData/CardOnCue-fafaiynmhqufqpbfjacxswbpzioe/SourcePackages/checkouts/clerk-ios/Sources/Clerk/ClerkUI/Extensions/SignIn+Ext.swift /Users/nathanfennel/Library/Developer/Xcode/DerivedData/CardOnCue-fafaiynmhqufqpbfjacxswbpzioe/SourcePackages/checkouts/clerk-ios/Sources/Clerk/ClerkUI/Extensions/SignUp+Ext.swift /Users/nathanfennel/Library/Developer/Xcode/DerivedData/CardOnCue-fafaiynmhqufqpbfjacxswbpzioe/SourcePackages/checkouts/clerk-ios/Sources/Clerk/ClerkUI/Extensions/String+UIExt.swift /Users/nathanfennel/Library/Developer/Xcode/DerivedData/CardOnCue-fafaiynmhqufqpbfjacxswbpzioe/SourcePackages/checkouts/clerk-ios/Sources/Clerk/ClerkUI/Extensions/UIImage+Ext.swift /Users/nathanfennel/Library/Developer/Xcode/DerivedData/CardOnCue-fafaiynmhqufqpbfjacxswbpzioe/SourcePackages/checkouts/clerk-ios/Sources/Clerk/ClerkUI/Extensions/User+Ext.swift /Users/nathanfennel/Library/Developer/Xcode/DerivedData/CardOnCue-fafaiynmhqufqpbfjacxswbpzioe/SourcePackages/checkouts/clerk-ios/Sources/Clerk/ClerkUI/Extensions/View+DismissKeyboard.swift /Users/nathanfennel/Library/Developer/Xcode/DerivedData/CardOnCue-fafaiynmhqufqpbfjacxswbpzioe/SourcePackages/checkouts/clerk-ios/Sources/Clerk/ClerkUI/Extensions/View+ErrorPresenting.swift (in target 'Clerk' from project 'Clerk')

SwiftCompile normal arm64 /Users/nathanfennel/Library/Developer/Xcode/DerivedData/CardOnCue-fafaiynmhqufqpbfjacxswbpzioe/SourcePackages/checkouts/clerk-ios/Sources/Clerk/ClerkUI/Components/UserProfile/UserProfilePasskeySection.swift (in target 'Clerk' from project 'Clerk')
    cd /Users/nathanfennel/Documents/GitHub/CardOnCue/CardOnCue.xcodeproj
    

SwiftCompile normal arm64 /Users/nathanfennel/Library/Developer/Xcode/DerivedData/CardOnCue-fafaiynmhqufqpbfjacxswbpzioe/SourcePackages/checkouts/clerk-ios/Sources/Clerk/ClerkUI/Components/UserProfile/UserProfilePasswordSection.swift (in target 'Clerk' from project 'Clerk')
    cd /Users/nathanfennel/Documents/GitHub/CardOnCue/CardOnCue.xcodeproj
    

SwiftCompile normal arm64 /Users/nathanfennel/Library/Developer/Xcode/DerivedData/CardOnCue-fafaiynmhqufqpbfjacxswbpzioe/SourcePackages/checkouts/clerk-ios/Sources/Clerk/ClerkUI/Components/UserProfile/UserProfilePhoneRow.swift (in target 'Clerk' from project 'Clerk')
    cd /Users/nathanfennel/Documents/GitHub/CardOnCue/CardOnCue.xcodeproj
    

SwiftCompile normal arm64 /Users/nathanfennel/Library/Developer/Xcode/DerivedData/CardOnCue-fafaiynmhqufqpbfjacxswbpzioe/SourcePackages/checkouts/clerk-ios/Sources/Clerk/ClerkUI/Components/UserProfile/UserProfileSectionHeader.swift (in target 'Clerk' from project 'Clerk')
    cd /Users/nathanfennel/Documents/GitHub/CardOnCue/CardOnCue.xcodeproj
    

SwiftCompile normal arm64 /Users/nathanfennel/Library/Developer/Xcode/DerivedData/CardOnCue-fafaiynmhqufqpbfjacxswbpzioe/SourcePackages/checkouts/clerk-ios/Sources/Clerk/ClerkUI/Components/UserProfile/UserProfileSecurityView.swift (in target 'Clerk' from project 'Clerk')
    cd /Users/nathanfennel/Documents/GitHub/CardOnCue/CardOnCue.xcodeproj
    

SwiftCompile normal arm64 /Users/nathanfennel/Library/Developer/Xcode/DerivedData/CardOnCue-fafaiynmhqufqpbfjacxswbpzioe/SourcePackages/checkouts/clerk-ios/Sources/Clerk/ClerkUI/Components/UserProfile/UserProfileUpdateProfileView.swift (in target 'Clerk' from project 'Clerk')
    cd /Users/nathanfennel/Documents/GitHub/CardOnCue/CardOnCue.xcodeproj
    

SwiftCompile normal arm64 /Users/nathanfennel/Library/Developer/Xcode/DerivedData/CardOnCue-fafaiynmhqufqpbfjacxswbpzioe/SourcePackages/checkouts/clerk-ios/Sources/Clerk/ClerkUI/Components/UserProfile/UserProfileVerifyView.swift (in target 'Clerk' from project 'Clerk')
    cd /Users/nathanfennel/Documents/GitHub/CardOnCue/CardOnCue.xcodeproj
    

SwiftCompile normal arm64 /Users/nathanfennel/Library/Developer/Xcode/DerivedData/CardOnCue-fafaiynmhqufqpbfjacxswbpzioe/SourcePackages/checkouts/clerk-ios/Sources/Clerk/ClerkUI/Components/UserProfile/UserProfileView.swift (in target 'Clerk' from project 'Clerk')
    cd /Users/nathanfennel/Documents/GitHub/CardOnCue/CardOnCue.xcodeproj
    

SwiftCompile normal arm64 /Users/nathanfennel/Library/Developer/Xcode/DerivedData/CardOnCue-fafaiynmhqufqpbfjacxswbpzioe/SourcePackages/checkouts/clerk-ios/Sources/Clerk/ClerkUI/Extensions/Array+Ext.swift (in target 'Clerk' from project 'Clerk')
    cd /Users/nathanfennel/Documents/GitHub/CardOnCue/CardOnCue.xcodeproj
    

SwiftCompile normal arm64 /Users/nathanfennel/Library/Developer/Xcode/DerivedData/CardOnCue-fafaiynmhqufqpbfjacxswbpzioe/SourcePackages/checkouts/clerk-ios/Sources/Clerk/ClerkUI/Extensions/Color+Ext.swift (in target 'Clerk' from project 'Clerk')
    cd /Users/nathanfennel/Documents/GitHub/CardOnCue/CardOnCue.xcodeproj
    

SwiftCompile normal arm64 /Users/nathanfennel/Library/Developer/Xcode/DerivedData/CardOnCue-fafaiynmhqufqpbfjacxswbpzioe/SourcePackages/checkouts/clerk-ios/Sources/Clerk/ClerkUI/Extensions/Date+Ext.swift (in target 'Clerk' from project 'Clerk')
    cd /Users/nathanfennel/Documents/GitHub/CardOnCue/CardOnCue.xcodeproj
    

SwiftCompile normal arm64 /Users/nathanfennel/Library/Developer/Xcode/DerivedData/CardOnCue-fafaiynmhqufqpbfjacxswbpzioe/SourcePackages/checkouts/clerk-ios/Sources/Clerk/ClerkUI/Extensions/Environment+Ext.swift (in target 'Clerk' from project 'Clerk')
    cd /Users/nathanfennel/Documents/GitHub/CardOnCue/CardOnCue.xcodeproj
    

SwiftCompile normal arm64 /Users/nathanfennel/Library/Developer/Xcode/DerivedData/CardOnCue-fafaiynmhqufqpbfjacxswbpzioe/SourcePackages/checkouts/clerk-ios/Sources/Clerk/ClerkUI/Extensions/Error+Ext.swift (in target 'Clerk' from project 'Clerk')
    cd /Users/nathanfennel/Documents/GitHub/CardOnCue/CardOnCue.xcodeproj
    

SwiftCompile normal arm64 /Users/nathanfennel/Library/Developer/Xcode/DerivedData/CardOnCue-fafaiynmhqufqpbfjacxswbpzioe/SourcePackages/checkouts/clerk-ios/Sources/Clerk/ClerkUI/Extensions/ExternalAccount+Ext.swift (in target 'Clerk' from project 'Clerk')
    cd /Users/nathanfennel/Documents/GitHub/CardOnCue/CardOnCue.xcodeproj
    

SwiftCompile normal arm64 /Users/nathanfennel/Library/Developer/Xcode/DerivedData/CardOnCue-fafaiynmhqufqpbfjacxswbpzioe/SourcePackages/checkouts/clerk-ios/Sources/Clerk/ClerkUI/Extensions/Factor+Ext.swift (in target 'Clerk' from project 'Clerk')
    cd /Users/nathanfennel/Documents/GitHub/CardOnCue/CardOnCue.xcodeproj
    

SwiftCompile normal arm64 /Users/nathanfennel/Library/Developer/Xcode/DerivedData/CardOnCue-fafaiynmhqufqpbfjacxswbpzioe/SourcePackages/checkouts/clerk-ios/Sources/Clerk/ClerkUI/Extensions/Factor+Sorting.swift (in target 'Clerk' from project 'Clerk')
    cd /Users/nathanfennel/Documents/GitHub/CardOnCue/CardOnCue.xcodeproj
    

SwiftCompile normal arm64 /Users/nathanfennel/Library/Developer/Xcode/DerivedData/CardOnCue-fafaiynmhqufqpbfjacxswbpzioe/SourcePackages/checkouts/clerk-ios/Sources/Clerk/ClerkUI/Extensions/PhoneNumber+Ext.swift (in target 'Clerk' from project 'Clerk')
    cd /Users/nathanfennel/Documents/GitHub/CardOnCue/CardOnCue.xcodeproj
    

SwiftCompile normal arm64 /Users/nathanfennel/Library/Developer/Xcode/DerivedData/CardOnCue-fafaiynmhqufqpbfjacxswbpzioe/SourcePackages/checkouts/clerk-ios/Sources/Clerk/ClerkUI/Extensions/Session+Ext.swift (in target 'Clerk' from project 'Clerk')
    cd /Users/nathanfennel/Documents/GitHub/CardOnCue/CardOnCue.xcodeproj
    

SwiftCompile normal arm64 /Users/nathanfennel/Library/Developer/Xcode/DerivedData/CardOnCue-fafaiynmhqufqpbfjacxswbpzioe/SourcePackages/checkouts/clerk-ios/Sources/Clerk/ClerkUI/Extensions/SignIn+Ext.swift (in target 'Clerk' from project 'Clerk')
    cd /Users/nathanfennel/Documents/GitHub/CardOnCue/CardOnCue.xcodeproj
    

SwiftCompile normal arm64 /Users/nathanfennel/Library/Developer/Xcode/DerivedData/CardOnCue-fafaiynmhqufqpbfjacxswbpzioe/SourcePackages/checkouts/clerk-ios/Sources/Clerk/ClerkUI/Extensions/SignUp+Ext.swift (in target 'Clerk' from project 'Clerk')
    cd /Users/nathanfennel/Documents/GitHub/CardOnCue/CardOnCue.xcodeproj
    

SwiftCompile normal arm64 /Users/nathanfennel/Library/Developer/Xcode/DerivedData/CardOnCue-fafaiynmhqufqpbfjacxswbpzioe/SourcePackages/checkouts/clerk-ios/Sources/Clerk/ClerkUI/Extensions/String+UIExt.swift (in target 'Clerk' from project 'Clerk')
    cd /Users/nathanfennel/Documents/GitHub/CardOnCue/CardOnCue.xcodeproj
    

SwiftCompile normal arm64 /Users/nathanfennel/Library/Developer/Xcode/DerivedData/CardOnCue-fafaiynmhqufqpbfjacxswbpzioe/SourcePackages/checkouts/clerk-ios/Sources/Clerk/ClerkUI/Extensions/UIImage+Ext.swift (in target 'Clerk' from project 'Clerk')
    cd /Users/nathanfennel/Documents/GitHub/CardOnCue/CardOnCue.xcodeproj
    

SwiftCompile normal arm64 /Users/nathanfennel/Library/Developer/Xcode/DerivedData/CardOnCue-fafaiynmhqufqpbfjacxswbpzioe/SourcePackages/checkouts/clerk-ios/Sources/Clerk/ClerkUI/Extensions/User+Ext.swift (in target 'Clerk' from project 'Clerk')
    cd /Users/nathanfennel/Documents/GitHub/CardOnCue/CardOnCue.xcodeproj
    

SwiftCompile normal arm64 /Users/nathanfennel/Library/Developer/Xcode/DerivedData/CardOnCue-fafaiynmhqufqpbfjacxswbpzioe/SourcePackages/checkouts/clerk-ios/Sources/Clerk/ClerkUI/Extensions/View+DismissKeyboard.swift (in target 'Clerk' from project 'Clerk')
    cd /Users/nathanfennel/Documents/GitHub/CardOnCue/CardOnCue.xcodeproj
    

SwiftCompile normal arm64 /Users/nathanfennel/Library/Developer/Xcode/DerivedData/CardOnCue-fafaiynmhqufqpbfjacxswbpzioe/SourcePackages/checkouts/clerk-ios/Sources/Clerk/ClerkUI/Extensions/View+ErrorPresenting.swift (in target 'Clerk' from project 'Clerk')
    cd /Users/nathanfennel/Documents/GitHub/CardOnCue/CardOnCue.xcodeproj
    

SwiftCompile normal arm64 Compiling\ resource_bundle_accessor.swift,\ ClerkAPIClient.swift,\ ClerkClientSyncRequestProcessor.swift,\ ClerkDeviceAssertionRetrier.swift,\ ClerkDeviceTokenRequestProcessor.swift,\ ClerkErrorThrowingRequestProcessor.swift,\ ClerkEventEmitterRequestProcessor.swift,\ ClerkHeaderRequestProcessor.swift,\ ClerkInvalidAuthRequestProcessor.swift,\ ClerkProxyRequestProcessor.swift,\ ClerkQueryItemsRequestProcessor.swift,\ ClerkURLEncodedFormEncoderRequestProcessor.swift,\ AppLogoView.swift,\ AsyncButton.swift,\ Badge.swift,\ ClerkFocusedBorder.swift,\ ClerkPhoneNumberField.swift,\ ClerkTextField.swift,\ DismissButton.swift,\ ErrorText.swift,\ ErrorView.swift,\ HeaderView.swift,\ IdentityPreviewView.swift,\ OTPField.swift,\ OverlayProgressView.swift /Users/nathanfennel/Library/Developer/Xcode/DerivedData/CardOnCue-fafaiynmhqufqpbfjacxswbpzioe/Build/Intermediates.noindex/Clerk.build/Debug-iphonesimulator/Clerk.build/DerivedSources/resource_bundle_accessor.swift /Users/nathanfennel/Library/Developer/Xcode/DerivedData/CardOnCue-fafaiynmhqufqpbfjacxswbpzioe/SourcePackages/checkouts/clerk-ios/Sources/Clerk/APIClient/ClerkAPIClient.swift /Users/nathanfennel/Library/Developer/Xcode/DerivedData/CardOnCue-fafaiynmhqufqpbfjacxswbpzioe/SourcePackages/checkouts/clerk-ios/Sources/Clerk/APIClient/RequestProcessors/ClerkClientSyncRequestProcessor.swift /Users/nathanfennel/Library/Developer/Xcode/DerivedData/CardOnCue-fafaiynmhqufqpbfjacxswbpzioe/SourcePackages/checkouts/clerk-ios/Sources/Clerk/APIClient/RequestProcessors/ClerkDeviceAssertionRetrier.swift /Users/nathanfennel/Library/Developer/Xcode/DerivedData/CardOnCue-fafaiynmhqufqpbfjacxswbpzioe/SourcePackages/checkouts/clerk-ios/Sources/Clerk/APIClient/RequestProcessors/ClerkDeviceTokenRequestProcessor.swift /Users/nathanfennel/Library/Developer/Xcode/DerivedData/CardOnCue-fafaiynmhqufqpbfjacxswbpzioe/SourcePackages/checkouts/clerk-ios/Sources/Clerk/APIClient/RequestProcessors/ClerkErrorThrowingRequestProcessor.swift /Users/nathanfennel/Library/Developer/Xcode/DerivedData/CardOnCue-fafaiynmhqufqpbfjacxswbpzioe/SourcePackages/checkouts/clerk-ios/Sources/Clerk/APIClient/RequestProcessors/ClerkEventEmitterRequestProcessor.swift /Users/nathanfennel/Library/Developer/Xcode/DerivedData/CardOnCue-fafaiynmhqufqpbfjacxswbpzioe/SourcePackages/checkouts/clerk-ios/Sources/Clerk/APIClient/RequestProcessors/ClerkHeaderRequestProcessor.swift /Users/nathanfennel/Library/Developer/Xcode/DerivedData/CardOnCue-fafaiynmhqufqpbfjacxswbpzioe/SourcePackages/checkouts/clerk-ios/Sources/Clerk/APIClient/RequestProcessors/ClerkInvalidAuthRequestProcessor.swift /Users/nathanfennel/Library/Developer/Xcode/DerivedData/CardOnCue-fafaiynmhqufqpbfjacxswbpzioe/SourcePackages/checkouts/clerk-ios/Sources/Clerk/APIClient/RequestProcessors/ClerkProxyRequestProcessor.swift /Users/nathanfennel/Library/Developer/Xcode/DerivedData/CardOnCue-fafaiynmhqufqpbfjacxswbpzioe/SourcePackages/checkouts/clerk-ios/Sources/Clerk/APIClient/RequestProcessors/ClerkQueryItemsRequestProcessor.swift /Users/nathanfennel/Library/Developer/Xcode/DerivedData/CardOnCue-fafaiynmhqufqpbfjacxswbpzioe/SourcePackages/checkouts/clerk-ios/Sources/Clerk/APIClient/RequestProcessors/ClerkURLEncodedFormEncoderRequestProcessor.swift /Users/nathanfennel/Library/Developer/Xcode/DerivedData/CardOnCue-fafaiynmhqufqpbfjacxswbpzioe/SourcePackages/checkouts/clerk-ios/Sources/Clerk/ClerkUI/Common/AppLogoView.swift /Users/nathanfennel/Library/Developer/Xcode/DerivedData/CardOnCue-fafaiynmhqufqpbfjacxswbpzioe/SourcePackages/checkouts/clerk-ios/Sources/Clerk/ClerkUI/Common/AsyncButton.swift /Users/nathanfennel/Library/Developer/Xcode/DerivedData/CardOnCue-fafaiynmhqufqpbfjacxswbpzioe/SourcePackages/checkouts/clerk-ios/Sources/Clerk/ClerkUI/Common/Badge.swift /Users/nathanfennel/Library/Developer/Xcode/DerivedData/CardOnCue-fafaiynmhqufqpbfjacxswbpzioe/SourcePackages/checkouts/clerk-ios/Sources/Clerk/ClerkUI/Common/ClerkFocusedBorder.swift /Users/nathanfennel/Library/Developer/Xcode/DerivedData/CardOnCue-fafaiynmhqufqpbfjacxswbpzioe/SourcePackages/checkouts/clerk-ios/Sources/Clerk/ClerkUI/Common/ClerkPhoneNumberField.swift /Users/nathanfennel/Library/Developer/Xcode/DerivedData/CardOnCue-fafaiynmhqufqpbfjacxswbpzioe/SourcePackages/checkouts/clerk-ios/Sources/Clerk/ClerkUI/Common/ClerkTextField.swift /Users/nathanfennel/Library/Developer/Xcode/DerivedData/CardOnCue-fafaiynmhqufqpbfjacxswbpzioe/SourcePackages/checkouts/clerk-ios/Sources/Clerk/ClerkUI/Common/DismissButton.swift /Users/nathanfennel/Library/Developer/Xcode/DerivedData/CardOnCue-fafaiynmhqufqpbfjacxswbpzioe/SourcePackages/checkouts/clerk-ios/Sources/Clerk/ClerkUI/Common/ErrorText.swift /Users/nathanfennel/Library/Developer/Xcode/DerivedData/CardOnCue-fafaiynmhqufqpbfjacxswbpzioe/SourcePackages/checkouts/clerk-ios/Sources/Clerk/ClerkUI/Common/ErrorView.swift /Users/nathanfennel/Library/Developer/Xcode/DerivedData/CardOnCue-fafaiynmhqufqpbfjacxswbpzioe/SourcePackages/checkouts/clerk-ios/Sources/Clerk/ClerkUI/Common/HeaderView.swift /Users/nathanfennel/Library/Developer/Xcode/DerivedData/CardOnCue-fafaiynmhqufqpbfjacxswbpzioe/SourcePackages/checkouts/clerk-ios/Sources/Clerk/ClerkUI/Common/IdentityPreviewView.swift /Users/nathanfennel/Library/Developer/Xcode/DerivedData/CardOnCue-fafaiynmhqufqpbfjacxswbpzioe/SourcePackages/checkouts/clerk-ios/Sources/Clerk/ClerkUI/Common/OTPField.swift /Users/nathanfennel/Library/Developer/Xcode/DerivedData/CardOnCue-fafaiynmhqufqpbfjacxswbpzioe/SourcePackages/checkouts/clerk-ios/Sources/Clerk/ClerkUI/Common/OverlayProgressView.swift (in target 'Clerk' from project 'Clerk')

SwiftCompile normal arm64 /Users/nathanfennel/Library/Developer/Xcode/DerivedData/CardOnCue-fafaiynmhqufqpbfjacxswbpzioe/Build/Intermediates.noindex/Clerk.build/Debug-iphonesimulator/Clerk.build/DerivedSources/resource_bundle_accessor.swift (in target 'Clerk' from project 'Clerk')
    cd /Users/nathanfennel/Documents/GitHub/CardOnCue/CardOnCue.xcodeproj
    

SwiftCompile normal arm64 /Users/nathanfennel/Library/Developer/Xcode/DerivedData/CardOnCue-fafaiynmhqufqpbfjacxswbpzioe/SourcePackages/checkouts/clerk-ios/Sources/Clerk/APIClient/ClerkAPIClient.swift (in target 'Clerk' from project 'Clerk')
    cd /Users/nathanfennel/Documents/GitHub/CardOnCue/CardOnCue.xcodeproj
    

SwiftCompile normal arm64 /Users/nathanfennel/Library/Developer/Xcode/DerivedData/CardOnCue-fafaiynmhqufqpbfjacxswbpzioe/SourcePackages/checkouts/clerk-ios/Sources/Clerk/APIClient/RequestProcessors/ClerkClientSyncRequestProcessor.swift (in target 'Clerk' from project 'Clerk')
    cd /Users/nathanfennel/Documents/GitHub/CardOnCue/CardOnCue.xcodeproj
    

SwiftCompile normal arm64 /Users/nathanfennel/Library/Developer/Xcode/DerivedData/CardOnCue-fafaiynmhqufqpbfjacxswbpzioe/SourcePackages/checkouts/clerk-ios/Sources/Clerk/APIClient/RequestProcessors/ClerkDeviceAssertionRetrier.swift (in target 'Clerk' from project 'Clerk')
    cd /Users/nathanfennel/Documents/GitHub/CardOnCue/CardOnCue.xcodeproj
    

SwiftCompile normal arm64 /Users/nathanfennel/Library/Developer/Xcode/DerivedData/CardOnCue-fafaiynmhqufqpbfjacxswbpzioe/SourcePackages/checkouts/clerk-ios/Sources/Clerk/APIClient/RequestProcessors/ClerkDeviceTokenRequestProcessor.swift (in target 'Clerk' from project 'Clerk')
    cd /Users/nathanfennel/Documents/GitHub/CardOnCue/CardOnCue.xcodeproj
    

SwiftCompile normal arm64 /Users/nathanfennel/Library/Developer/Xcode/DerivedData/CardOnCue-fafaiynmhqufqpbfjacxswbpzioe/SourcePackages/checkouts/clerk-ios/Sources/Clerk/APIClient/RequestProcessors/ClerkErrorThrowingRequestProcessor.swift (in target 'Clerk' from project 'Clerk')
    cd /Users/nathanfennel/Documents/GitHub/CardOnCue/CardOnCue.xcodeproj
    

SwiftCompile normal arm64 /Users/nathanfennel/Library/Developer/Xcode/DerivedData/CardOnCue-fafaiynmhqufqpbfjacxswbpzioe/SourcePackages/checkouts/clerk-ios/Sources/Clerk/APIClient/RequestProcessors/ClerkEventEmitterRequestProcessor.swift (in target 'Clerk' from project 'Clerk')
    cd /Users/nathanfennel/Documents/GitHub/CardOnCue/CardOnCue.xcodeproj
    

SwiftCompile normal arm64 /Users/nathanfennel/Library/Developer/Xcode/DerivedData/CardOnCue-fafaiynmhqufqpbfjacxswbpzioe/SourcePackages/checkouts/clerk-ios/Sources/Clerk/APIClient/RequestProcessors/ClerkHeaderRequestProcessor.swift (in target 'Clerk' from project 'Clerk')
    cd /Users/nathanfennel/Documents/GitHub/CardOnCue/CardOnCue.xcodeproj
    

SwiftCompile normal arm64 /Users/nathanfennel/Library/Developer/Xcode/DerivedData/CardOnCue-fafaiynmhqufqpbfjacxswbpzioe/SourcePackages/checkouts/clerk-ios/Sources/Clerk/APIClient/RequestProcessors/ClerkInvalidAuthRequestProcessor.swift (in target 'Clerk' from project 'Clerk')
    cd /Users/nathanfennel/Documents/GitHub/CardOnCue/CardOnCue.xcodeproj
    

SwiftCompile normal arm64 /Users/nathanfennel/Library/Developer/Xcode/DerivedData/CardOnCue-fafaiynmhqufqpbfjacxswbpzioe/SourcePackages/checkouts/clerk-ios/Sources/Clerk/APIClient/RequestProcessors/ClerkProxyRequestProcessor.swift (in target 'Clerk' from project 'Clerk')
    cd /Users/nathanfennel/Documents/GitHub/CardOnCue/CardOnCue.xcodeproj
    

SwiftCompile normal arm64 /Users/nathanfennel/Library/Developer/Xcode/DerivedData/CardOnCue-fafaiynmhqufqpbfjacxswbpzioe/SourcePackages/checkouts/clerk-ios/Sources/Clerk/APIClient/RequestProcessors/ClerkQueryItemsRequestProcessor.swift (in target 'Clerk' from project 'Clerk')
    cd /Users/nathanfennel/Documents/GitHub/CardOnCue/CardOnCue.xcodeproj
    

SwiftCompile normal arm64 /Users/nathanfennel/Library/Developer/Xcode/DerivedData/CardOnCue-fafaiynmhqufqpbfjacxswbpzioe/SourcePackages/checkouts/clerk-ios/Sources/Clerk/APIClient/RequestProcessors/ClerkURLEncodedFormEncoderRequestProcessor.swift (in target 'Clerk' from project 'Clerk')
    cd /Users/nathanfennel/Documents/GitHub/CardOnCue/CardOnCue.xcodeproj
    

SwiftCompile normal arm64 /Users/nathanfennel/Library/Developer/Xcode/DerivedData/CardOnCue-fafaiynmhqufqpbfjacxswbpzioe/SourcePackages/checkouts/clerk-ios/Sources/Clerk/ClerkUI/Common/AppLogoView.swift (in target 'Clerk' from project 'Clerk')
    cd /Users/nathanfennel/Documents/GitHub/CardOnCue/CardOnCue.xcodeproj
    

SwiftCompile normal arm64 /Users/nathanfennel/Library/Developer/Xcode/DerivedData/CardOnCue-fafaiynmhqufqpbfjacxswbpzioe/SourcePackages/checkouts/clerk-ios/Sources/Clerk/ClerkUI/Common/AsyncButton.swift (in target 'Clerk' from project 'Clerk')
    cd /Users/nathanfennel/Documents/GitHub/CardOnCue/CardOnCue.xcodeproj
    

SwiftCompile normal arm64 /Users/nathanfennel/Library/Developer/Xcode/DerivedData/CardOnCue-fafaiynmhqufqpbfjacxswbpzioe/SourcePackages/checkouts/clerk-ios/Sources/Clerk/ClerkUI/Common/Badge.swift (in target 'Clerk' from project 'Clerk')
    cd /Users/nathanfennel/Documents/GitHub/CardOnCue/CardOnCue.xcodeproj
    

SwiftCompile normal arm64 /Users/nathanfennel/Library/Developer/Xcode/DerivedData/CardOnCue-fafaiynmhqufqpbfjacxswbpzioe/SourcePackages/checkouts/clerk-ios/Sources/Clerk/ClerkUI/Common/ClerkFocusedBorder.swift (in target 'Clerk' from project 'Clerk')
    cd /Users/nathanfennel/Documents/GitHub/CardOnCue/CardOnCue.xcodeproj
    

SwiftCompile normal arm64 /Users/nathanfennel/Library/Developer/Xcode/DerivedData/CardOnCue-fafaiynmhqufqpbfjacxswbpzioe/SourcePackages/checkouts/clerk-ios/Sources/Clerk/ClerkUI/Common/ClerkPhoneNumberField.swift (in target 'Clerk' from project 'Clerk')
    cd /Users/nathanfennel/Documents/GitHub/CardOnCue/CardOnCue.xcodeproj
    

SwiftCompile normal arm64 /Users/nathanfennel/Library/Developer/Xcode/DerivedData/CardOnCue-fafaiynmhqufqpbfjacxswbpzioe/SourcePackages/checkouts/clerk-ios/Sources/Clerk/ClerkUI/Common/ClerkTextField.swift (in target 'Clerk' from project 'Clerk')
    cd /Users/nathanfennel/Documents/GitHub/CardOnCue/CardOnCue.xcodeproj
    

SwiftCompile normal arm64 /Users/nathanfennel/Library/Developer/Xcode/DerivedData/CardOnCue-fafaiynmhqufqpbfjacxswbpzioe/SourcePackages/checkouts/clerk-ios/Sources/Clerk/ClerkUI/Common/DismissButton.swift (in target 'Clerk' from project 'Clerk')
    cd /Users/nathanfennel/Documents/GitHub/CardOnCue/CardOnCue.xcodeproj
    

SwiftCompile normal arm64 /Users/nathanfennel/Library/Developer/Xcode/DerivedData/CardOnCue-fafaiynmhqufqpbfjacxswbpzioe/SourcePackages/checkouts/clerk-ios/Sources/Clerk/ClerkUI/Common/ErrorText.swift (in target 'Clerk' from project 'Clerk')
    cd /Users/nathanfennel/Documents/GitHub/CardOnCue/CardOnCue.xcodeproj
    

SwiftCompile normal arm64 /Users/nathanfennel/Library/Developer/Xcode/DerivedData/CardOnCue-fafaiynmhqufqpbfjacxswbpzioe/SourcePackages/checkouts/clerk-ios/Sources/Clerk/ClerkUI/Common/ErrorView.swift (in target 'Clerk' from project 'Clerk')
    cd /Users/nathanfennel/Documents/GitHub/CardOnCue/CardOnCue.xcodeproj
    

SwiftCompile normal arm64 /Users/nathanfennel/Library/Developer/Xcode/DerivedData/CardOnCue-fafaiynmhqufqpbfjacxswbpzioe/SourcePackages/checkouts/clerk-ios/Sources/Clerk/ClerkUI/Common/HeaderView.swift (in target 'Clerk' from project 'Clerk')
    cd /Users/nathanfennel/Documents/GitHub/CardOnCue/CardOnCue.xcodeproj
    

SwiftCompile normal arm64 /Users/nathanfennel/Library/Developer/Xcode/DerivedData/CardOnCue-fafaiynmhqufqpbfjacxswbpzioe/SourcePackages/checkouts/clerk-ios/Sources/Clerk/ClerkUI/Common/IdentityPreviewView.swift (in target 'Clerk' from project 'Clerk')
    cd /Users/nathanfennel/Documents/GitHub/CardOnCue/CardOnCue.xcodeproj
    

SwiftCompile normal arm64 /Users/nathanfennel/Library/Developer/Xcode/DerivedData/CardOnCue-fafaiynmhqufqpbfjacxswbpzioe/SourcePackages/checkouts/clerk-ios/Sources/Clerk/ClerkUI/Common/OTPField.swift (in target 'Clerk' from project 'Clerk')
    cd /Users/nathanfennel/Documents/GitHub/CardOnCue/CardOnCue.xcodeproj
    

SwiftCompile normal arm64 /Users/nathanfennel/Library/Developer/Xcode/DerivedData/CardOnCue-fafaiynmhqufqpbfjacxswbpzioe/SourcePackages/checkouts/clerk-ios/Sources/Clerk/ClerkUI/Common/OverlayProgressView.swift (in target 'Clerk' from project 'Clerk')
    cd /Users/nathanfennel/Documents/GitHub/CardOnCue/CardOnCue.xcodeproj
    

SwiftCompile normal arm64 Compiling\ View+HiddenTextField.swift,\ View+OnFirstAppear.swift,\ View+PreGlass.swift,\ View+TaskOnce.swift,\ ClerkButtonConfig.swift,\ NegativeButtonStyle.swift,\ PressedBackgroundButtonStyle.swift,\ PrimaryButtonStyle.swift,\ SecondaryButtonStyle.swift,\ ClerkColors.swift,\ ClerkDesign.swift,\ ClerkFonts.swift,\ ClerkTheme.swift,\ ClerkThemes.swift,\ RemoveResource.swift,\ SignInWithAppleUtils.swift,\ AppAttestHelper.swift,\ PasskeyHelper.swift,\ SignInWithAppleHelper.swift,\ BackupCodeResource.swift,\ Clerk.swift,\ ClerkService.swift,\ ClerkSettings.swift,\ KeychainConfig.swift,\ RedirectConfig.swift /Users/nathanfennel/Library/Developer/Xcode/DerivedData/CardOnCue-fafaiynmhqufqpbfjacxswbpzioe/SourcePackages/checkouts/clerk-ios/Sources/Clerk/ClerkUI/Extensions/View+HiddenTextField.swift /Users/nathanfennel/Library/Developer/Xcode/DerivedData/CardOnCue-fafaiynmhqufqpbfjacxswbpzioe/SourcePackages/checkouts/clerk-ios/Sources/Clerk/ClerkUI/Extensions/View+OnFirstAppear.swift /Users/nathanfennel/Library/Developer/Xcode/DerivedData/CardOnCue-fafaiynmhqufqpbfjacxswbpzioe/SourcePackages/checkouts/clerk-ios/Sources/Clerk/ClerkUI/Extensions/View+PreGlass.swift /Users/nathanfennel/Library/Developer/Xcode/DerivedData/CardOnCue-fafaiynmhqufqpbfjacxswbpzioe/SourcePackages/checkouts/clerk-ios/Sources/Clerk/ClerkUI/Extensions/View+TaskOnce.swift /Users/nathanfennel/Library/Developer/Xcode/DerivedData/CardOnCue-fafaiynmhqufqpbfjacxswbpzioe/SourcePackages/checkouts/clerk-ios/Sources/Clerk/ClerkUI/Theme/Buttons/ClerkButtonConfig.swift /Users/nathanfennel/Library/Developer/Xcode/DerivedData/CardOnCue-fafaiynmhqufqpbfjacxswbpzioe/SourcePackages/checkouts/clerk-ios/Sources/Clerk/ClerkUI/Theme/Buttons/NegativeButtonStyle.swift /Users/nathanfennel/Library/Developer/Xcode/DerivedData/CardOnCue-fafaiynmhqufqpbfjacxswbpzioe/SourcePackages/checkouts/clerk-ios/Sources/Clerk/ClerkUI/Theme/Buttons/PressedBackgroundButtonStyle.swift /Users/nathanfennel/Library/Developer/Xcode/DerivedData/CardOnCue-fafaiynmhqufqpbfjacxswbpzioe/SourcePackages/checkouts/clerk-ios/Sources/Clerk/ClerkUI/Theme/Buttons/PrimaryButtonStyle.swift /Users/nathanfennel/Library/Developer/Xcode/DerivedData/CardOnCue-fafaiynmhqufqpbfjacxswbpzioe/SourcePackages/checkouts/clerk-ios/Sources/Clerk/ClerkUI/Theme/Buttons/SecondaryButtonStyle.swift /Users/nathanfennel/Library/Developer/Xcode/DerivedData/CardOnCue-fafaiynmhqufqpbfjacxswbpzioe/SourcePackages/checkouts/clerk-ios/Sources/Clerk/ClerkUI/Theme/ClerkColors.swift /Users/nathanfennel/Library/Developer/Xcode/DerivedData/CardOnCue-fafaiynmhqufqpbfjacxswbpzioe/SourcePackages/checkouts/clerk-ios/Sources/Clerk/ClerkUI/Theme/ClerkDesign.swift /Users/nathanfennel/Library/Developer/Xcode/DerivedData/CardOnCue-fafaiynmhqufqpbfjacxswbpzioe/SourcePackages/checkouts/clerk-ios/Sources/Clerk/ClerkUI/Theme/ClerkFonts.swift /Users/nathanfennel/Library/Developer/Xcode/DerivedData/CardOnCue-fafaiynmhqufqpbfjacxswbpzioe/SourcePackages/checkouts/clerk-ios/Sources/Clerk/ClerkUI/Theme/ClerkTheme.swift /Users/nathanfennel/Library/Developer/Xcode/DerivedData/CardOnCue-fafaiynmhqufqpbfjacxswbpzioe/SourcePackages/checkouts/clerk-ios/Sources/Clerk/ClerkUI/Theme/ClerkThemes.swift /Users/nathanfennel/Library/Developer/Xcode/DerivedData/CardOnCue-fafaiynmhqufqpbfjacxswbpzioe/SourcePackages/checkouts/clerk-ios/Sources/Clerk/ClerkUI/Utils/RemoveResource.swift /Users/nathanfennel/Library/Developer/Xcode/DerivedData/CardOnCue-fafaiynmhqufqpbfjacxswbpzioe/SourcePackages/checkouts/clerk-ios/Sources/Clerk/ClerkUI/Utils/SignInWithAppleUtils.swift /Users/nathanfennel/Library/Developer/Xcode/DerivedData/CardOnCue-fafaiynmhqufqpbfjacxswbpzioe/SourcePackages/checkouts/clerk-ios/Sources/Clerk/Helpers/AppAttestHelper.swift /Users/nathanfennel/Library/Developer/Xcode/DerivedData/CardOnCue-fafaiynmhqufqpbfjacxswbpzioe/SourcePackages/checkouts/clerk-ios/Sources/Clerk/Helpers/PasskeyHelper.swift /Users/nathanfennel/Library/Developer/Xcode/DerivedData/CardOnCue-fafaiynmhqufqpbfjacxswbpzioe/SourcePackages/checkouts/clerk-ios/Sources/Clerk/Helpers/SignInWithAppleHelper.swift /Users/nathanfennel/Library/Developer/Xcode/DerivedData/CardOnCue-fafaiynmhqufqpbfjacxswbpzioe/SourcePackages/checkouts/clerk-ios/Sources/Clerk/Models/BackupCodeResource.swift /Users/nathanfennel/Library/Developer/Xcode/DerivedData/CardOnCue-fafaiynmhqufqpbfjacxswbpzioe/SourcePackages/checkouts/clerk-ios/Sources/Clerk/Models/Clerk/Clerk.swift /Users/nathanfennel/Library/Developer/Xcode/DerivedData/CardOnCue-fafaiynmhqufqpbfjacxswbpzioe/SourcePackages/checkouts/clerk-ios/Sources/Clerk/Models/Clerk/ClerkService.swift /Users/nathanfennel/Library/Developer/Xcode/DerivedData/CardOnCue-fafaiynmhqufqpbfjacxswbpzioe/SourcePackages/checkouts/clerk-ios/Sources/Clerk/Models/Clerk/Settings/ClerkSettings.swift /Users/nathanfennel/Library/Developer/Xcode/DerivedData/CardOnCue-fafaiynmhqufqpbfjacxswbpzioe/SourcePackages/checkouts/clerk-ios/Sources/Clerk/Models/Clerk/Settings/KeychainConfig.swift /Users/nathanfennel/Library/Developer/Xcode/DerivedData/CardOnCue-fafaiynmhqufqpbfjacxswbpzioe/SourcePackages/checkouts/clerk-ios/Sources/Clerk/Models/Clerk/Settings/RedirectConfig.swift (in target 'Clerk' from project 'Clerk')

SwiftCompile normal arm64 /Users/nathanfennel/Library/Developer/Xcode/DerivedData/CardOnCue-fafaiynmhqufqpbfjacxswbpzioe/SourcePackages/checkouts/clerk-ios/Sources/Clerk/ClerkUI/Extensions/View+HiddenTextField.swift (in target 'Clerk' from project 'Clerk')
    cd /Users/nathanfennel/Documents/GitHub/CardOnCue/CardOnCue.xcodeproj
    

SwiftCompile normal arm64 /Users/nathanfennel/Library/Developer/Xcode/DerivedData/CardOnCue-fafaiynmhqufqpbfjacxswbpzioe/SourcePackages/checkouts/clerk-ios/Sources/Clerk/ClerkUI/Extensions/View+OnFirstAppear.swift (in target 'Clerk' from project 'Clerk')
    cd /Users/nathanfennel/Documents/GitHub/CardOnCue/CardOnCue.xcodeproj
    

SwiftCompile normal arm64 /Users/nathanfennel/Library/Developer/Xcode/DerivedData/CardOnCue-fafaiynmhqufqpbfjacxswbpzioe/SourcePackages/checkouts/clerk-ios/Sources/Clerk/ClerkUI/Extensions/View+PreGlass.swift (in target 'Clerk' from project 'Clerk')
    cd /Users/nathanfennel/Documents/GitHub/CardOnCue/CardOnCue.xcodeproj
    

SwiftCompile normal arm64 /Users/nathanfennel/Library/Developer/Xcode/DerivedData/CardOnCue-fafaiynmhqufqpbfjacxswbpzioe/SourcePackages/checkouts/clerk-ios/Sources/Clerk/ClerkUI/Extensions/View+TaskOnce.swift (in target 'Clerk' from project 'Clerk')
    cd /Users/nathanfennel/Documents/GitHub/CardOnCue/CardOnCue.xcodeproj
    

SwiftCompile normal arm64 /Users/nathanfennel/Library/Developer/Xcode/DerivedData/CardOnCue-fafaiynmhqufqpbfjacxswbpzioe/SourcePackages/checkouts/clerk-ios/Sources/Clerk/ClerkUI/Theme/Buttons/ClerkButtonConfig.swift (in target 'Clerk' from project 'Clerk')
    cd /Users/nathanfennel/Documents/GitHub/CardOnCue/CardOnCue.xcodeproj
    

SwiftCompile normal arm64 /Users/nathanfennel/Library/Developer/Xcode/DerivedData/CardOnCue-fafaiynmhqufqpbfjacxswbpzioe/SourcePackages/checkouts/clerk-ios/Sources/Clerk/ClerkUI/Theme/Buttons/NegativeButtonStyle.swift (in target 'Clerk' from project 'Clerk')
    cd /Users/nathanfennel/Documents/GitHub/CardOnCue/CardOnCue.xcodeproj
    

SwiftCompile normal arm64 /Users/nathanfennel/Library/Developer/Xcode/DerivedData/CardOnCue-fafaiynmhqufqpbfjacxswbpzioe/SourcePackages/checkouts/clerk-ios/Sources/Clerk/ClerkUI/Theme/Buttons/PressedBackgroundButtonStyle.swift (in target 'Clerk' from project 'Clerk')
    cd /Users/nathanfennel/Documents/GitHub/CardOnCue/CardOnCue.xcodeproj
    

SwiftCompile normal arm64 /Users/nathanfennel/Library/Developer/Xcode/DerivedData/CardOnCue-fafaiynmhqufqpbfjacxswbpzioe/SourcePackages/checkouts/clerk-ios/Sources/Clerk/ClerkUI/Theme/Buttons/PrimaryButtonStyle.swift (in target 'Clerk' from project 'Clerk')
    cd /Users/nathanfennel/Documents/GitHub/CardOnCue/CardOnCue.xcodeproj
    

SwiftCompile normal arm64 /Users/nathanfennel/Library/Developer/Xcode/DerivedData/CardOnCue-fafaiynmhqufqpbfjacxswbpzioe/SourcePackages/checkouts/clerk-ios/Sources/Clerk/ClerkUI/Theme/Buttons/SecondaryButtonStyle.swift (in target 'Clerk' from project 'Clerk')
    cd /Users/nathanfennel/Documents/GitHub/CardOnCue/CardOnCue.xcodeproj
    

SwiftCompile normal arm64 /Users/nathanfennel/Library/Developer/Xcode/DerivedData/CardOnCue-fafaiynmhqufqpbfjacxswbpzioe/SourcePackages/checkouts/clerk-ios/Sources/Clerk/ClerkUI/Theme/ClerkColors.swift (in target 'Clerk' from project 'Clerk')
    cd /Users/nathanfennel/Documents/GitHub/CardOnCue/CardOnCue.xcodeproj
    

SwiftCompile normal arm64 /Users/nathanfennel/Library/Developer/Xcode/DerivedData/CardOnCue-fafaiynmhqufqpbfjacxswbpzioe/SourcePackages/checkouts/clerk-ios/Sources/Clerk/ClerkUI/Theme/ClerkDesign.swift (in target 'Clerk' from project 'Clerk')
    cd /Users/nathanfennel/Documents/GitHub/CardOnCue/CardOnCue.xcodeproj
    

SwiftCompile normal arm64 /Users/nathanfennel/Library/Developer/Xcode/DerivedData/CardOnCue-fafaiynmhqufqpbfjacxswbpzioe/SourcePackages/checkouts/clerk-ios/Sources/Clerk/ClerkUI/Theme/ClerkFonts.swift (in target 'Clerk' from project 'Clerk')
    cd /Users/nathanfennel/Documents/GitHub/CardOnCue/CardOnCue.xcodeproj
    

SwiftCompile normal arm64 /Users/nathanfennel/Library/Developer/Xcode/DerivedData/CardOnCue-fafaiynmhqufqpbfjacxswbpzioe/SourcePackages/checkouts/clerk-ios/Sources/Clerk/ClerkUI/Theme/ClerkTheme.swift (in target 'Clerk' from project 'Clerk')
    cd /Users/nathanfennel/Documents/GitHub/CardOnCue/CardOnCue.xcodeproj
    

SwiftCompile normal arm64 /Users/nathanfennel/Library/Developer/Xcode/DerivedData/CardOnCue-fafaiynmhqufqpbfjacxswbpzioe/SourcePackages/checkouts/clerk-ios/Sources/Clerk/ClerkUI/Theme/ClerkThemes.swift (in target 'Clerk' from project 'Clerk')
    cd /Users/nathanfennel/Documents/GitHub/CardOnCue/CardOnCue.xcodeproj
    

SwiftCompile normal arm64 /Users/nathanfennel/Library/Developer/Xcode/DerivedData/CardOnCue-fafaiynmhqufqpbfjacxswbpzioe/SourcePackages/checkouts/clerk-ios/Sources/Clerk/ClerkUI/Utils/RemoveResource.swift (in target 'Clerk' from project 'Clerk')
    cd /Users/nathanfennel/Documents/GitHub/CardOnCue/CardOnCue.xcodeproj
    

SwiftCompile normal arm64 /Users/nathanfennel/Library/Developer/Xcode/DerivedData/CardOnCue-fafaiynmhqufqpbfjacxswbpzioe/SourcePackages/checkouts/clerk-ios/Sources/Clerk/ClerkUI/Utils/SignInWithAppleUtils.swift (in target 'Clerk' from project 'Clerk')
    cd /Users/nathanfennel/Documents/GitHub/CardOnCue/CardOnCue.xcodeproj
    

SwiftCompile normal arm64 /Users/nathanfennel/Library/Developer/Xcode/DerivedData/CardOnCue-fafaiynmhqufqpbfjacxswbpzioe/SourcePackages/checkouts/clerk-ios/Sources/Clerk/Helpers/AppAttestHelper.swift (in target 'Clerk' from project 'Clerk')
    cd /Users/nathanfennel/Documents/GitHub/CardOnCue/CardOnCue.xcodeproj
    

SwiftCompile normal arm64 /Users/nathanfennel/Library/Developer/Xcode/DerivedData/CardOnCue-fafaiynmhqufqpbfjacxswbpzioe/SourcePackages/checkouts/clerk-ios/Sources/Clerk/Helpers/PasskeyHelper.swift (in target 'Clerk' from project 'Clerk')
    cd /Users/nathanfennel/Documents/GitHub/CardOnCue/CardOnCue.xcodeproj
    

SwiftCompile normal arm64 /Users/nathanfennel/Library/Developer/Xcode/DerivedData/CardOnCue-fafaiynmhqufqpbfjacxswbpzioe/SourcePackages/checkouts/clerk-ios/Sources/Clerk/Helpers/SignInWithAppleHelper.swift (in target 'Clerk' from project 'Clerk')
    cd /Users/nathanfennel/Documents/GitHub/CardOnCue/CardOnCue.xcodeproj
    

SwiftCompile normal arm64 /Users/nathanfennel/Library/Developer/Xcode/DerivedData/CardOnCue-fafaiynmhqufqpbfjacxswbpzioe/SourcePackages/checkouts/clerk-ios/Sources/Clerk/Models/BackupCodeResource.swift (in target 'Clerk' from project 'Clerk')
    cd /Users/nathanfennel/Documents/GitHub/CardOnCue/CardOnCue.xcodeproj
    

SwiftCompile normal arm64 /Users/nathanfennel/Library/Developer/Xcode/DerivedData/CardOnCue-fafaiynmhqufqpbfjacxswbpzioe/SourcePackages/checkouts/clerk-ios/Sources/Clerk/Models/Clerk/Clerk.swift (in target 'Clerk' from project 'Clerk')
    cd /Users/nathanfennel/Documents/GitHub/CardOnCue/CardOnCue.xcodeproj
    

SwiftCompile normal arm64 /Users/nathanfennel/Library/Developer/Xcode/DerivedData/CardOnCue-fafaiynmhqufqpbfjacxswbpzioe/SourcePackages/checkouts/clerk-ios/Sources/Clerk/Models/Clerk/ClerkService.swift (in target 'Clerk' from project 'Clerk')
    cd /Users/nathanfennel/Documents/GitHub/CardOnCue/CardOnCue.xcodeproj
    

SwiftCompile normal arm64 /Users/nathanfennel/Library/Developer/Xcode/DerivedData/CardOnCue-fafaiynmhqufqpbfjacxswbpzioe/SourcePackages/checkouts/clerk-ios/Sources/Clerk/Models/Clerk/Settings/ClerkSettings.swift (in target 'Clerk' from project 'Clerk')
    cd /Users/nathanfennel/Documents/GitHub/CardOnCue/CardOnCue.xcodeproj
    

SwiftCompile normal arm64 /Users/nathanfennel/Library/Developer/Xcode/DerivedData/CardOnCue-fafaiynmhqufqpbfjacxswbpzioe/SourcePackages/checkouts/clerk-ios/Sources/Clerk/Models/Clerk/Settings/KeychainConfig.swift (in target 'Clerk' from project 'Clerk')
    cd /Users/nathanfennel/Documents/GitHub/CardOnCue/CardOnCue.xcodeproj
    

SwiftCompile normal arm64 /Users/nathanfennel/Library/Developer/Xcode/DerivedData/CardOnCue-fafaiynmhqufqpbfjacxswbpzioe/SourcePackages/checkouts/clerk-ios/Sources/Clerk/Models/Clerk/Settings/RedirectConfig.swift (in target 'Clerk' from project 'Clerk')
    cd /Users/nathanfennel/Documents/GitHub/CardOnCue/CardOnCue.xcodeproj
    

SwiftCompile normal arm64 Compiling\ UserButton.swift,\ UserButtonAccountSwitcher.swift,\ UserButtonPopover.swift,\ UserPreviewView.swift,\ UserProfileRowView.swift,\ BackupCodesView.swift,\ UserProfileAddConnectedAccountView.swift,\ UserProfileAddEmailView.swift,\ UserProfileAddMfaView.swift,\ UserProfileAddPhoneView.swift,\ UserProfileButtonRow.swift,\ UserProfileChangePasswordView.swift,\ UserProfileDeleteAccountConfirmationView.swift,\ UserProfileDeleteAccountSection.swift,\ UserProfileDetailView.swift,\ UserProfileDeviceRow.swift,\ UserProfileDevicesSection.swift,\ UserProfileEmailRow.swift,\ UserProfileExternalAccountRow.swift,\ UserProfileMfaAddSmsView.swift,\ UserProfileMfaAddTotpView.swift,\ UserProfileMfaRow.swift,\ UserProfileMfaSection.swift,\ UserProfilePasskeyRenameView.swift,\ UserProfilePasskeyRow.swift /Users/nathanfennel/Library/Developer/Xcode/DerivedData/CardOnCue-fafaiynmhqufqpbfjacxswbpzioe/SourcePackages/checkouts/clerk-ios/Sources/Clerk/ClerkUI/Components/UserButton/UserButton.swift /Users/nathanfennel/Library/Developer/Xcode/DerivedData/CardOnCue-fafaiynmhqufqpbfjacxswbpzioe/SourcePackages/checkouts/clerk-ios/Sources/Clerk/ClerkUI/Components/UserButton/UserButtonAccountSwitcher.swift /Users/nathanfennel/Library/Developer/Xcode/DerivedData/CardOnCue-fafaiynmhqufqpbfjacxswbpzioe/SourcePackages/checkouts/clerk-ios/Sources/Clerk/ClerkUI/Components/UserButton/UserButtonPopover.swift /Users/nathanfennel/Library/Developer/Xcode/DerivedData/CardOnCue-fafaiynmhqufqpbfjacxswbpzioe/SourcePackages/checkouts/clerk-ios/Sources/Clerk/ClerkUI/Components/UserButton/UserPreviewView.swift /Users/nathanfennel/Library/Developer/Xcode/DerivedData/CardOnCue-fafaiynmhqufqpbfjacxswbpzioe/SourcePackages/checkouts/clerk-ios/Sources/Clerk/ClerkUI/Components/UserButton/UserProfileRowView.swift /Users/nathanfennel/Library/Developer/Xcode/DerivedData/CardOnCue-fafaiynmhqufqpbfjacxswbpzioe/SourcePackages/checkouts/clerk-ios/Sources/Clerk/ClerkUI/Components/UserProfile/BackupCodesView.swift /Users/nathanfennel/Library/Developer/Xcode/DerivedData/CardOnCue-fafaiynmhqufqpbfjacxswbpzioe/SourcePackages/checkouts/clerk-ios/Sources/Clerk/ClerkUI/Components/UserProfile/UserProfileAddConnectedAccountView.swift /Users/nathanfennel/Library/Developer/Xcode/DerivedData/CardOnCue-fafaiynmhqufqpbfjacxswbpzioe/SourcePackages/checkouts/clerk-ios/Sources/Clerk/ClerkUI/Components/UserProfile/UserProfileAddEmailView.swift /Users/nathanfennel/Library/Developer/Xcode/DerivedData/CardOnCue-fafaiynmhqufqpbfjacxswbpzioe/SourcePackages/checkouts/clerk-ios/Sources/Clerk/ClerkUI/Components/UserProfile/UserProfileAddMfaView.swift /Users/nathanfennel/Library/Developer/Xcode/DerivedData/CardOnCue-fafaiynmhqufqpbfjacxswbpzioe/SourcePackages/checkouts/clerk-ios/Sources/Clerk/ClerkUI/Components/UserProfile/UserProfileAddPhoneView.swift /Users/nathanfennel/Library/Developer/Xcode/DerivedData/CardOnCue-fafaiynmhqufqpbfjacxswbpzioe/SourcePackages/checkouts/clerk-ios/Sources/Clerk/ClerkUI/Components/UserProfile/UserProfileButtonRow.swift /Users/nathanfennel/Library/Developer/Xcode/DerivedData/CardOnCue-fafaiynmhqufqpbfjacxswbpzioe/SourcePackages/checkouts/clerk-ios/Sources/Clerk/ClerkUI/Components/UserProfile/UserProfileChangePasswordView.swift /Users/nathanfennel/Library/Developer/Xcode/DerivedData/CardOnCue-fafaiynmhqufqpbfjacxswbpzioe/SourcePackages/checkouts/clerk-ios/Sources/Clerk/ClerkUI/Components/UserProfile/UserProfileDeleteAccountConfirmationView.swift /Users/nathanfennel/Library/Developer/Xcode/DerivedData/CardOnCue-fafaiynmhqufqpbfjacxswbpzioe/SourcePackages/checkouts/clerk-ios/Sources/Clerk/ClerkUI/Components/UserProfile/UserProfileDeleteAccountSection.swift /Users/nathanfennel/Library/Developer/Xcode/DerivedData/CardOnCue-fafaiynmhqufqpbfjacxswbpzioe/SourcePackages/checkouts/clerk-ios/Sources/Clerk/ClerkUI/Components/UserProfile/UserProfileDetailView.swift /Users/nathanfennel/Library/Developer/Xcode/DerivedData/CardOnCue-fafaiynmhqufqpbfjacxswbpzioe/SourcePackages/checkouts/clerk-ios/Sources/Clerk/ClerkUI/Components/UserProfile/UserProfileDeviceRow.swift /Users/nathanfennel/Library/Developer/Xcode/DerivedData/CardOnCue-fafaiynmhqufqpbfjacxswbpzioe/SourcePackages/checkouts/clerk-ios/Sources/Clerk/ClerkUI/Components/UserProfile/UserProfileDevicesSection.swift /Users/nathanfennel/Library/Developer/Xcode/DerivedData/CardOnCue-fafaiynmhqufqpbfjacxswbpzioe/SourcePackages/checkouts/clerk-ios/Sources/Clerk/ClerkUI/Components/UserProfile/UserProfileEmailRow.swift /Users/nathanfennel/Library/Developer/Xcode/DerivedData/CardOnCue-fafaiynmhqufqpbfjacxswbpzioe/SourcePackages/checkouts/clerk-ios/Sources/Clerk/ClerkUI/Components/UserProfile/UserProfileExternalAccountRow.swift /Users/nathanfennel/Library/Developer/Xcode/DerivedData/CardOnCue-fafaiynmhqufqpbfjacxswbpzioe/SourcePackages/checkouts/clerk-ios/Sources/Clerk/ClerkUI/Components/UserProfile/UserProfileMfaAddSmsView.swift /Users/nathanfennel/Library/Developer/Xcode/DerivedData/CardOnCue-fafaiynmhqufqpbfjacxswbpzioe/SourcePackages/checkouts/clerk-ios/Sources/Clerk/ClerkUI/Components/UserProfile/UserProfileMfaAddTotpView.swift /Users/nathanfennel/Library/Developer/Xcode/DerivedData/CardOnCue-fafaiynmhqufqpbfjacxswbpzioe/SourcePackages/checkouts/clerk-ios/Sources/Clerk/ClerkUI/Components/UserProfile/UserProfileMfaRow.swift /Users/nathanfennel/Library/Developer/Xcode/DerivedData/CardOnCue-fafaiynmhqufqpbfjacxswbpzioe/SourcePackages/checkouts/clerk-ios/Sources/Clerk/ClerkUI/Components/UserProfile/UserProfileMfaSection.swift /Users/nathanfennel/Library/Developer/Xcode/DerivedData/CardOnCue-fafaiynmhqufqpbfjacxswbpzioe/SourcePackages/checkouts/clerk-ios/Sources/Clerk/ClerkUI/Components/UserProfile/UserProfilePasskeyRenameView.swift /Users/nathanfennel/Library/Developer/Xcode/DerivedData/CardOnCue-fafaiynmhqufqpbfjacxswbpzioe/SourcePackages/checkouts/clerk-ios/Sources/Clerk/ClerkUI/Components/UserProfile/UserProfilePasskeyRow.swift (in target 'Clerk' from project 'Clerk')
SwiftCompile normal arm64 /Users/nathanfennel/Library/Developer/Xcode/DerivedData/CardOnCue-fafaiynmhqufqpbfjacxswbpzioe/SourcePackages/checkouts/clerk-ios/Sources/Clerk/ClerkUI/Components/UserButton/UserButton.swift (in target 'Clerk' from project 'Clerk')
    cd /Users/nathanfennel/Documents/GitHub/CardOnCue/CardOnCue.xcodeproj
    

SwiftCompile normal arm64 /Users/nathanfennel/Library/Developer/Xcode/DerivedData/CardOnCue-fafaiynmhqufqpbfjacxswbpzioe/SourcePackages/checkouts/clerk-ios/Sources/Clerk/ClerkUI/Components/UserButton/UserButtonAccountSwitcher.swift (in target 'Clerk' from project 'Clerk')
    cd /Users/nathanfennel/Documents/GitHub/CardOnCue/CardOnCue.xcodeproj
    

SwiftCompile normal arm64 /Users/nathanfennel/Library/Developer/Xcode/DerivedData/CardOnCue-fafaiynmhqufqpbfjacxswbpzioe/SourcePackages/checkouts/clerk-ios/Sources/Clerk/ClerkUI/Components/UserButton/UserButtonPopover.swift (in target 'Clerk' from project 'Clerk')
    cd /Users/nathanfennel/Documents/GitHub/CardOnCue/CardOnCue.xcodeproj
    

SwiftCompile normal arm64 /Users/nathanfennel/Library/Developer/Xcode/DerivedData/CardOnCue-fafaiynmhqufqpbfjacxswbpzioe/SourcePackages/checkouts/clerk-ios/Sources/Clerk/ClerkUI/Components/UserButton/UserPreviewView.swift (in target 'Clerk' from project 'Clerk')
    cd /Users/nathanfennel/Documents/GitHub/CardOnCue/CardOnCue.xcodeproj
    

SwiftCompile normal arm64 /Users/nathanfennel/Library/Developer/Xcode/DerivedData/CardOnCue-fafaiynmhqufqpbfjacxswbpzioe/SourcePackages/checkouts/clerk-ios/Sources/Clerk/ClerkUI/Components/UserButton/UserProfileRowView.swift (in target 'Clerk' from project 'Clerk')
    cd /Users/nathanfennel/Documents/GitHub/CardOnCue/CardOnCue.xcodeproj
    

SwiftCompile normal arm64 /Users/nathanfennel/Library/Developer/Xcode/DerivedData/CardOnCue-fafaiynmhqufqpbfjacxswbpzioe/SourcePackages/checkouts/clerk-ios/Sources/Clerk/ClerkUI/Components/UserProfile/BackupCodesView.swift (in target 'Clerk' from project 'Clerk')
    cd /Users/nathanfennel/Documents/GitHub/CardOnCue/CardOnCue.xcodeproj
    

SwiftCompile normal arm64 /Users/nathanfennel/Library/Developer/Xcode/DerivedData/CardOnCue-fafaiynmhqufqpbfjacxswbpzioe/SourcePackages/checkouts/clerk-ios/Sources/Clerk/ClerkUI/Components/UserProfile/UserProfileAddConnectedAccountView.swift (in target 'Clerk' from project 'Clerk')
    cd /Users/nathanfennel/Documents/GitHub/CardOnCue/CardOnCue.xcodeproj
    

SwiftCompile normal arm64 /Users/nathanfennel/Library/Developer/Xcode/DerivedData/CardOnCue-fafaiynmhqufqpbfjacxswbpzioe/SourcePackages/checkouts/clerk-ios/Sources/Clerk/ClerkUI/Components/UserProfile/UserProfileAddEmailView.swift (in target 'Clerk' from project 'Clerk')
    cd /Users/nathanfennel/Documents/GitHub/CardOnCue/CardOnCue.xcodeproj
    

SwiftCompile normal arm64 /Users/nathanfennel/Library/Developer/Xcode/DerivedData/CardOnCue-fafaiynmhqufqpbfjacxswbpzioe/SourcePackages/checkouts/clerk-ios/Sources/Clerk/ClerkUI/Components/UserProfile/UserProfileAddMfaView.swift (in target 'Clerk' from project 'Clerk')
    cd /Users/nathanfennel/Documents/GitHub/CardOnCue/CardOnCue.xcodeproj
    

SwiftCompile normal arm64 /Users/nathanfennel/Library/Developer/Xcode/DerivedData/CardOnCue-fafaiynmhqufqpbfjacxswbpzioe/SourcePackages/checkouts/clerk-ios/Sources/Clerk/ClerkUI/Components/UserProfile/UserProfileAddPhoneView.swift (in target 'Clerk' from project 'Clerk')
    cd /Users/nathanfennel/Documents/GitHub/CardOnCue/CardOnCue.xcodeproj
    

SwiftCompile normal arm64 /Users/nathanfennel/Library/Developer/Xcode/DerivedData/CardOnCue-fafaiynmhqufqpbfjacxswbpzioe/SourcePackages/checkouts/clerk-ios/Sources/Clerk/ClerkUI/Components/UserProfile/UserProfileButtonRow.swift (in target 'Clerk' from project 'Clerk')
    cd /Users/nathanfennel/Documents/GitHub/CardOnCue/CardOnCue.xcodeproj
    

SwiftCompile normal arm64 /Users/nathanfennel/Library/Developer/Xcode/DerivedData/CardOnCue-fafaiynmhqufqpbfjacxswbpzioe/SourcePackages/checkouts/clerk-ios/Sources/Clerk/ClerkUI/Components/UserProfile/UserProfileChangePasswordView.swift (in target 'Clerk' from project 'Clerk')
    cd /Users/nathanfennel/Documents/GitHub/CardOnCue/CardOnCue.xcodeproj
    

SwiftCompile normal arm64 /Users/nathanfennel/Library/Developer/Xcode/DerivedData/CardOnCue-fafaiynmhqufqpbfjacxswbpzioe/SourcePackages/checkouts/clerk-ios/Sources/Clerk/ClerkUI/Components/UserProfile/UserProfileDeleteAccountConfirmationView.swift (in target 'Clerk' from project 'Clerk')
    cd /Users/nathanfennel/Documents/GitHub/CardOnCue/CardOnCue.xcodeproj
    

SwiftCompile normal arm64 /Users/nathanfennel/Library/Developer/Xcode/DerivedData/CardOnCue-fafaiynmhqufqpbfjacxswbpzioe/SourcePackages/checkouts/clerk-ios/Sources/Clerk/ClerkUI/Components/UserProfile/UserProfileDeleteAccountSection.swift (in target 'Clerk' from project 'Clerk')
    cd /Users/nathanfennel/Documents/GitHub/CardOnCue/CardOnCue.xcodeproj
    

SwiftCompile normal arm64 /Users/nathanfennel/Library/Developer/Xcode/DerivedData/CardOnCue-fafaiynmhqufqpbfjacxswbpzioe/SourcePackages/checkouts/clerk-ios/Sources/Clerk/ClerkUI/Components/UserProfile/UserProfileDetailView.swift (in target 'Clerk' from project 'Clerk')
    cd /Users/nathanfennel/Documents/GitHub/CardOnCue/CardOnCue.xcodeproj
    

SwiftCompile normal arm64 /Users/nathanfennel/Library/Developer/Xcode/DerivedData/CardOnCue-fafaiynmhqufqpbfjacxswbpzioe/SourcePackages/checkouts/clerk-ios/Sources/Clerk/ClerkUI/Components/UserProfile/UserProfileDeviceRow.swift (in target 'Clerk' from project 'Clerk')
    cd /Users/nathanfennel/Documents/GitHub/CardOnCue/CardOnCue.xcodeproj
    

SwiftCompile normal arm64 /Users/nathanfennel/Library/Developer/Xcode/DerivedData/CardOnCue-fafaiynmhqufqpbfjacxswbpzioe/SourcePackages/checkouts/clerk-ios/Sources/Clerk/ClerkUI/Components/UserProfile/UserProfileDevicesSection.swift (in target 'Clerk' from project 'Clerk')
    cd /Users/nathanfennel/Documents/GitHub/CardOnCue/CardOnCue.xcodeproj
    

SwiftCompile normal arm64 /Users/nathanfennel/Library/Developer/Xcode/DerivedData/CardOnCue-fafaiynmhqufqpbfjacxswbpzioe/SourcePackages/checkouts/clerk-ios/Sources/Clerk/ClerkUI/Components/UserProfile/UserProfileEmailRow.swift (in target 'Clerk' from project 'Clerk')
    cd /Users/nathanfennel/Documents/GitHub/CardOnCue/CardOnCue.xcodeproj
    

SwiftCompile normal arm64 /Users/nathanfennel/Library/Developer/Xcode/DerivedData/CardOnCue-fafaiynmhqufqpbfjacxswbpzioe/SourcePackages/checkouts/clerk-ios/Sources/Clerk/ClerkUI/Components/UserProfile/UserProfileExternalAccountRow.swift (in target 'Clerk' from project 'Clerk')
    cd /Users/nathanfennel/Documents/GitHub/CardOnCue/CardOnCue.xcodeproj
    

SwiftCompile normal arm64 /Users/nathanfennel/Library/Developer/Xcode/DerivedData/CardOnCue-fafaiynmhqufqpbfjacxswbpzioe/SourcePackages/checkouts/clerk-ios/Sources/Clerk/ClerkUI/Components/UserProfile/UserProfileMfaAddSmsView.swift (in target 'Clerk' from project 'Clerk')
    cd /Users/nathanfennel/Documents/GitHub/CardOnCue/CardOnCue.xcodeproj
    

SwiftCompile normal arm64 /Users/nathanfennel/Library/Developer/Xcode/DerivedData/CardOnCue-fafaiynmhqufqpbfjacxswbpzioe/SourcePackages/checkouts/clerk-ios/Sources/Clerk/ClerkUI/Components/UserProfile/UserProfileMfaAddTotpView.swift (in target 'Clerk' from project 'Clerk')
    cd /Users/nathanfennel/Documents/GitHub/CardOnCue/CardOnCue.xcodeproj
    

SwiftCompile normal arm64 /Users/nathanfennel/Library/Developer/Xcode/DerivedData/CardOnCue-fafaiynmhqufqpbfjacxswbpzioe/SourcePackages/checkouts/clerk-ios/Sources/Clerk/ClerkUI/Components/UserProfile/UserProfileMfaRow.swift (in target 'Clerk' from project 'Clerk')
    cd /Users/nathanfennel/Documents/GitHub/CardOnCue/CardOnCue.xcodeproj
    

SwiftCompile normal arm64 /Users/nathanfennel/Library/Developer/Xcode/DerivedData/CardOnCue-fafaiynmhqufqpbfjacxswbpzioe/SourcePackages/checkouts/clerk-ios/Sources/Clerk/ClerkUI/Components/UserProfile/UserProfileMfaSection.swift (in target 'Clerk' from project 'Clerk')
    cd /Users/nathanfennel/Documents/GitHub/CardOnCue/CardOnCue.xcodeproj
    

SwiftCompile normal arm64 /Users/nathanfennel/Library/Developer/Xcode/DerivedData/CardOnCue-fafaiynmhqufqpbfjacxswbpzioe/SourcePackages/checkouts/clerk-ios/Sources/Clerk/ClerkUI/Components/UserProfile/UserProfilePasskeyRenameView.swift (in target 'Clerk' from project 'Clerk')
    cd /Users/nathanfennel/Documents/GitHub/CardOnCue/CardOnCue.xcodeproj
    

SwiftCompile normal arm64 /Users/nathanfennel/Library/Developer/Xcode/DerivedData/CardOnCue-fafaiynmhqufqpbfjacxswbpzioe/SourcePackages/checkouts/clerk-ios/Sources/Clerk/ClerkUI/Components/UserProfile/UserProfilePasskeyRow.swift (in target 'Clerk' from project 'Clerk')
    cd /Users/nathanfennel/Documents/GitHub/CardOnCue/CardOnCue.xcodeproj
    

SwiftCompile normal arm64 Compiling\ ClerkAPIError.swift,\ ClerkClientError.swift,\ ClerkPaginatedResponse.swift,\ Client.swift,\ ClientResponse.swift,\ ClientService.swift,\ DeletedObject.swift,\ EmailAddress.swift,\ EmailAddressAttemptVerificationParams.swift,\ EmailAddressPrepareVerificationParams.swift,\ EmailAddressService.swift,\ EnterpriseAccount.swift,\ AuthConfig.swift,\ DisplayConfig.swift,\ Environment.swift,\ EnvironmentService.swift,\ FraudSettings.swift,\ UserSettings.swift,\ ExternalAccount.swift,\ ExternalAccountService.swift,\ Factor.swift,\ IDTokenProvider.swift,\ ImageResource.swift,\ InstanceEnvironmentType.swift,\ OAuthProvider.swift /Users/nathanfennel/Library/Developer/Xcode/DerivedData/CardOnCue-fafaiynmhqufqpbfjacxswbpzioe/SourcePackages/checkouts/clerk-ios/Sources/Clerk/Models/ClerkAPIError.swift /Users/nathanfennel/Library/Developer/Xcode/DerivedData/CardOnCue-fafaiynmhqufqpbfjacxswbpzioe/SourcePackages/checkouts/clerk-ios/Sources/Clerk/Models/ClerkClientError.swift /Users/nathanfennel/Library/Developer/Xcode/DerivedData/CardOnCue-fafaiynmhqufqpbfjacxswbpzioe/SourcePackages/checkouts/clerk-ios/Sources/Clerk/Models/ClerkPaginatedResponse.swift /Users/nathanfennel/Library/Developer/Xcode/DerivedData/CardOnCue-fafaiynmhqufqpbfjacxswbpzioe/SourcePackages/checkouts/clerk-ios/Sources/Clerk/Models/Client/Client.swift /Users/nathanfennel/Library/Developer/Xcode/DerivedData/CardOnCue-fafaiynmhqufqpbfjacxswbpzioe/SourcePackages/checkouts/clerk-ios/Sources/Clerk/Models/Client/ClientResponse.swift /Users/nathanfennel/Library/Developer/Xcode/DerivedData/CardOnCue-fafaiynmhqufqpbfjacxswbpzioe/SourcePackages/checkouts/clerk-ios/Sources/Clerk/Models/Client/ClientService.swift /Users/nathanfennel/Library/Developer/Xcode/DerivedData/CardOnCue-fafaiynmhqufqpbfjacxswbpzioe/SourcePackages/checkouts/clerk-ios/Sources/Clerk/Models/DeletedObject.swift /Users/nathanfennel/Library/Developer/Xcode/DerivedData/CardOnCue-fafaiynmhqufqpbfjacxswbpzioe/SourcePackages/checkouts/clerk-ios/Sources/Clerk/Models/EmailAddress/EmailAddress.swift /Users/nathanfennel/Library/Developer/Xcode/DerivedData/CardOnCue-fafaiynmhqufqpbfjacxswbpzioe/SourcePackages/checkouts/clerk-ios/Sources/Clerk/Models/EmailAddress/EmailAddressAttemptVerificationParams.swift /Users/nathanfennel/Library/Developer/Xcode/DerivedData/CardOnCue-fafaiynmhqufqpbfjacxswbpzioe/SourcePackages/checkouts/clerk-ios/Sources/Clerk/Models/EmailAddress/EmailAddressPrepareVerificationParams.swift /Users/nathanfennel/Library/Developer/Xcode/DerivedData/CardOnCue-fafaiynmhqufqpbfjacxswbpzioe/SourcePackages/checkouts/clerk-ios/Sources/Clerk/Models/EmailAddress/EmailAddressService.swift /Users/nathanfennel/Library/Developer/Xcode/DerivedData/CardOnCue-fafaiynmhqufqpbfjacxswbpzioe/SourcePackages/checkouts/clerk-ios/Sources/Clerk/Models/EnterpriseAccount.swift /Users/nathanfennel/Library/Developer/Xcode/DerivedData/CardOnCue-fafaiynmhqufqpbfjacxswbpzioe/SourcePackages/checkouts/clerk-ios/Sources/Clerk/Models/Environment/AuthConfig.swift /Users/nathanfennel/Library/Developer/Xcode/DerivedData/CardOnCue-fafaiynmhqufqpbfjacxswbpzioe/SourcePackages/checkouts/clerk-ios/Sources/Clerk/Models/Environment/DisplayConfig.swift /Users/nathanfennel/Library/Developer/Xcode/DerivedData/CardOnCue-fafaiynmhqufqpbfjacxswbpzioe/SourcePackages/checkouts/clerk-ios/Sources/Clerk/Models/Environment/Environment.swift /Users/nathanfennel/Library/Developer/Xcode/DerivedData/CardOnCue-fafaiynmhqufqpbfjacxswbpzioe/SourcePackages/checkouts/clerk-ios/Sources/Clerk/Models/Environment/EnvironmentService.swift /Users/nathanfennel/Library/Developer/Xcode/DerivedData/CardOnCue-fafaiynmhqufqpbfjacxswbpzioe/SourcePackages/checkouts/clerk-ios/Sources/Clerk/Models/Environment/FraudSettings.swift /Users/nathanfennel/Library/Developer/Xcode/DerivedData/CardOnCue-fafaiynmhqufqpbfjacxswbpzioe/SourcePackages/checkouts/clerk-ios/Sources/Clerk/Models/Environment/UserSettings.swift /Users/nathanfennel/Library/Developer/Xcode/DerivedData/CardOnCue-fafaiynmhqufqpbfjacxswbpzioe/SourcePackages/checkouts/clerk-ios/Sources/Clerk/Models/ExternalAccount/ExternalAccount.swift /Users/nathanfennel/Library/Developer/Xcode/DerivedData/CardOnCue-fafaiynmhqufqpbfjacxswbpzioe/SourcePackages/checkouts/clerk-ios/Sources/Clerk/Models/ExternalAccount/ExternalAccountService.swift /Users/nathanfennel/Library/Developer/Xcode/DerivedData/CardOnCue-fafaiynmhqufqpbfjacxswbpzioe/SourcePackages/checkouts/clerk-ios/Sources/Clerk/Models/Factor.swift /Users/nathanfennel/Library/Developer/Xcode/DerivedData/CardOnCue-fafaiynmhqufqpbfjacxswbpzioe/SourcePackages/checkouts/clerk-ios/Sources/Clerk/Models/IDTokenProvider.swift /Users/nathanfennel/Library/Developer/Xcode/DerivedData/CardOnCue-fafaiynmhqufqpbfjacxswbpzioe/SourcePackages/checkouts/clerk-ios/Sources/Clerk/Models/ImageResource.swift /Users/nathanfennel/Library/Developer/Xcode/DerivedData/CardOnCue-fafaiynmhqufqpbfjacxswbpzioe/SourcePackages/checkouts/clerk-ios/Sources/Clerk/Models/InstanceEnvironmentType.swift /Users/nathanfennel/Library/Developer/Xcode/DerivedData/CardOnCue-fafaiynmhqufqpbfjacxswbpzioe/SourcePackages/checkouts/clerk-ios/Sources/Clerk/Models/OAuthProvider.swift (in target 'Clerk' from project 'Clerk')

SwiftCompile normal arm64 /Users/nathanfennel/Library/Developer/Xcode/DerivedData/CardOnCue-fafaiynmhqufqpbfjacxswbpzioe/SourcePackages/checkouts/clerk-ios/Sources/Clerk/Models/ClerkAPIError.swift (in target 'Clerk' from project 'Clerk')
    cd /Users/nathanfennel/Documents/GitHub/CardOnCue/CardOnCue.xcodeproj
    

SwiftCompile normal arm64 /Users/nathanfennel/Library/Developer/Xcode/DerivedData/CardOnCue-fafaiynmhqufqpbfjacxswbpzioe/SourcePackages/checkouts/clerk-ios/Sources/Clerk/Models/ClerkClientError.swift (in target 'Clerk' from project 'Clerk')
    cd /Users/nathanfennel/Documents/GitHub/CardOnCue/CardOnCue.xcodeproj
    

SwiftCompile normal arm64 /Users/nathanfennel/Library/Developer/Xcode/DerivedData/CardOnCue-fafaiynmhqufqpbfjacxswbpzioe/SourcePackages/checkouts/clerk-ios/Sources/Clerk/Models/ClerkPaginatedResponse.swift (in target 'Clerk' from project 'Clerk')
    cd /Users/nathanfennel/Documents/GitHub/CardOnCue/CardOnCue.xcodeproj
    

SwiftCompile normal arm64 /Users/nathanfennel/Library/Developer/Xcode/DerivedData/CardOnCue-fafaiynmhqufqpbfjacxswbpzioe/SourcePackages/checkouts/clerk-ios/Sources/Clerk/Models/Client/Client.swift (in target 'Clerk' from project 'Clerk')
    cd /Users/nathanfennel/Documents/GitHub/CardOnCue/CardOnCue.xcodeproj
    

SwiftCompile normal arm64 /Users/nathanfennel/Library/Developer/Xcode/DerivedData/CardOnCue-fafaiynmhqufqpbfjacxswbpzioe/SourcePackages/checkouts/clerk-ios/Sources/Clerk/Models/Client/ClientResponse.swift (in target 'Clerk' from project 'Clerk')
    cd /Users/nathanfennel/Documents/GitHub/CardOnCue/CardOnCue.xcodeproj
    

SwiftCompile normal arm64 /Users/nathanfennel/Library/Developer/Xcode/DerivedData/CardOnCue-fafaiynmhqufqpbfjacxswbpzioe/SourcePackages/checkouts/clerk-ios/Sources/Clerk/Models/Client/ClientService.swift (in target 'Clerk' from project 'Clerk')
    cd /Users/nathanfennel/Documents/GitHub/CardOnCue/CardOnCue.xcodeproj
    

SwiftCompile normal arm64 /Users/nathanfennel/Library/Developer/Xcode/DerivedData/CardOnCue-fafaiynmhqufqpbfjacxswbpzioe/SourcePackages/checkouts/clerk-ios/Sources/Clerk/Models/DeletedObject.swift (in target 'Clerk' from project 'Clerk')
    cd /Users/nathanfennel/Documents/GitHub/CardOnCue/CardOnCue.xcodeproj
    

SwiftCompile normal arm64 /Users/nathanfennel/Library/Developer/Xcode/DerivedData/CardOnCue-fafaiynmhqufqpbfjacxswbpzioe/SourcePackages/checkouts/clerk-ios/Sources/Clerk/Models/EmailAddress/EmailAddress.swift (in target 'Clerk' from project 'Clerk')
    cd /Users/nathanfennel/Documents/GitHub/CardOnCue/CardOnCue.xcodeproj
    

SwiftCompile normal arm64 /Users/nathanfennel/Library/Developer/Xcode/DerivedData/CardOnCue-fafaiynmhqufqpbfjacxswbpzioe/SourcePackages/checkouts/clerk-ios/Sources/Clerk/Models/EmailAddress/EmailAddressAttemptVerificationParams.swift (in target 'Clerk' from project 'Clerk')
    cd /Users/nathanfennel/Documents/GitHub/CardOnCue/CardOnCue.xcodeproj
    

SwiftCompile normal arm64 /Users/nathanfennel/Library/Developer/Xcode/DerivedData/CardOnCue-fafaiynmhqufqpbfjacxswbpzioe/SourcePackages/checkouts/clerk-ios/Sources/Clerk/Models/EmailAddress/EmailAddressPrepareVerificationParams.swift (in target 'Clerk' from project 'Clerk')
    cd /Users/nathanfennel/Documents/GitHub/CardOnCue/CardOnCue.xcodeproj
    

SwiftCompile normal arm64 /Users/nathanfennel/Library/Developer/Xcode/DerivedData/CardOnCue-fafaiynmhqufqpbfjacxswbpzioe/SourcePackages/checkouts/clerk-ios/Sources/Clerk/Models/EmailAddress/EmailAddressService.swift (in target 'Clerk' from project 'Clerk')
    cd /Users/nathanfennel/Documents/GitHub/CardOnCue/CardOnCue.xcodeproj
    

SwiftCompile normal arm64 /Users/nathanfennel/Library/Developer/Xcode/DerivedData/CardOnCue-fafaiynmhqufqpbfjacxswbpzioe/SourcePackages/checkouts/clerk-ios/Sources/Clerk/Models/EnterpriseAccount.swift (in target 'Clerk' from project 'Clerk')
    cd /Users/nathanfennel/Documents/GitHub/CardOnCue/CardOnCue.xcodeproj
    

SwiftCompile normal arm64 /Users/nathanfennel/Library/Developer/Xcode/DerivedData/CardOnCue-fafaiynmhqufqpbfjacxswbpzioe/SourcePackages/checkouts/clerk-ios/Sources/Clerk/Models/Environment/AuthConfig.swift (in target 'Clerk' from project 'Clerk')
    cd /Users/nathanfennel/Documents/GitHub/CardOnCue/CardOnCue.xcodeproj
    

SwiftCompile normal arm64 /Users/nathanfennel/Library/Developer/Xcode/DerivedData/CardOnCue-fafaiynmhqufqpbfjacxswbpzioe/SourcePackages/checkouts/clerk-ios/Sources/Clerk/Models/Environment/DisplayConfig.swift (in target 'Clerk' from project 'Clerk')
    cd /Users/nathanfennel/Documents/GitHub/CardOnCue/CardOnCue.xcodeproj
    

SwiftCompile normal arm64 /Users/nathanfennel/Library/Developer/Xcode/DerivedData/CardOnCue-fafaiynmhqufqpbfjacxswbpzioe/SourcePackages/checkouts/clerk-ios/Sources/Clerk/Models/Environment/Environment.swift (in target 'Clerk' from project 'Clerk')
    cd /Users/nathanfennel/Documents/GitHub/CardOnCue/CardOnCue.xcodeproj
    

SwiftCompile normal arm64 /Users/nathanfennel/Library/Developer/Xcode/DerivedData/CardOnCue-fafaiynmhqufqpbfjacxswbpzioe/SourcePackages/checkouts/clerk-ios/Sources/Clerk/Models/Environment/EnvironmentService.swift (in target 'Clerk' from project 'Clerk')
    cd /Users/nathanfennel/Documents/GitHub/CardOnCue/CardOnCue.xcodeproj
    

SwiftCompile normal arm64 /Users/nathanfennel/Library/Developer/Xcode/DerivedData/CardOnCue-fafaiynmhqufqpbfjacxswbpzioe/SourcePackages/checkouts/clerk-ios/Sources/Clerk/Models/Environment/FraudSettings.swift (in target 'Clerk' from project 'Clerk')
    cd /Users/nathanfennel/Documents/GitHub/CardOnCue/CardOnCue.xcodeproj
    

SwiftCompile normal arm64 /Users/nathanfennel/Library/Developer/Xcode/DerivedData/CardOnCue-fafaiynmhqufqpbfjacxswbpzioe/SourcePackages/checkouts/clerk-ios/Sources/Clerk/Models/Environment/UserSettings.swift (in target 'Clerk' from project 'Clerk')
    cd /Users/nathanfennel/Documents/GitHub/CardOnCue/CardOnCue.xcodeproj
    

SwiftCompile normal arm64 /Users/nathanfennel/Library/Developer/Xcode/DerivedData/CardOnCue-fafaiynmhqufqpbfjacxswbpzioe/SourcePackages/checkouts/clerk-ios/Sources/Clerk/Models/ExternalAccount/ExternalAccount.swift (in target 'Clerk' from project 'Clerk')
    cd /Users/nathanfennel/Documents/GitHub/CardOnCue/CardOnCue.xcodeproj
    

SwiftCompile normal arm64 /Users/nathanfennel/Library/Developer/Xcode/DerivedData/CardOnCue-fafaiynmhqufqpbfjacxswbpzioe/SourcePackages/checkouts/clerk-ios/Sources/Clerk/Models/ExternalAccount/ExternalAccountService.swift (in target 'Clerk' from project 'Clerk')
    cd /Users/nathanfennel/Documents/GitHub/CardOnCue/CardOnCue.xcodeproj
    

SwiftCompile normal arm64 /Users/nathanfennel/Library/Developer/Xcode/DerivedData/CardOnCue-fafaiynmhqufqpbfjacxswbpzioe/SourcePackages/checkouts/clerk-ios/Sources/Clerk/Models/Factor.swift (in target 'Clerk' from project 'Clerk')
    cd /Users/nathanfennel/Documents/GitHub/CardOnCue/CardOnCue.xcodeproj
    

SwiftCompile normal arm64 /Users/nathanfennel/Library/Developer/Xcode/DerivedData/CardOnCue-fafaiynmhqufqpbfjacxswbpzioe/SourcePackages/checkouts/clerk-ios/Sources/Clerk/Models/IDTokenProvider.swift (in target 'Clerk' from project 'Clerk')
    cd /Users/nathanfennel/Documents/GitHub/CardOnCue/CardOnCue.xcodeproj
    

SwiftCompile normal arm64 /Users/nathanfennel/Library/Developer/Xcode/DerivedData/CardOnCue-fafaiynmhqufqpbfjacxswbpzioe/SourcePackages/checkouts/clerk-ios/Sources/Clerk/Models/ImageResource.swift (in target 'Clerk' from project 'Clerk')
    cd /Users/nathanfennel/Documents/GitHub/CardOnCue/CardOnCue.xcodeproj
    

SwiftCompile normal arm64 /Users/nathanfennel/Library/Developer/Xcode/DerivedData/CardOnCue-fafaiynmhqufqpbfjacxswbpzioe/SourcePackages/checkouts/clerk-ios/Sources/Clerk/Models/InstanceEnvironmentType.swift (in target 'Clerk' from project 'Clerk')
    cd /Users/nathanfennel/Documents/GitHub/CardOnCue/CardOnCue.xcodeproj
    

SwiftCompile normal arm64 /Users/nathanfennel/Library/Developer/Xcode/DerivedData/CardOnCue-fafaiynmhqufqpbfjacxswbpzioe/SourcePackages/checkouts/clerk-ios/Sources/Clerk/Models/OAuthProvider.swift (in target 'Clerk' from project 'Clerk')
    cd /Users/nathanfennel/Documents/GitHub/CardOnCue/CardOnCue.xcodeproj
    

SwiftEmitModule normal arm64 Emitting\ module\ for\ Clerk (in target 'Clerk' from project 'Clerk')

EmitSwiftModule normal arm64 (in target 'Clerk' from project 'Clerk')
    cd /Users/nathanfennel/Documents/GitHub/CardOnCue/CardOnCue.xcodeproj
    

SwiftCompile normal arm64 Compiling\ SignInPrepareFirstFactorParams.swift,\ SignInPrepareSecondFactorParams.swift,\ SignInResetPasswordParams.swift,\ SignInService.swift,\ SignInStatus.swift,\ SignInUserData.swift,\ SignUp.swift,\ SignUpAttemptVerificationParams.swift,\ SignUpAuthenticateWithRedirectParams.swift,\ SignUpCreateParams.swift,\ SignUpPrepareVerificationParams.swift,\ SignUpService.swift,\ SignUpStatus.swift,\ TOTPResource.swift,\ TokenResource.swift,\ TransferFlowResult.swift,\ User.swift,\ UserService.swift,\ UserUpdateParams.swift,\ UserUpdatePasswordParams.swift,\ Verification.swift,\ TelemetryCollector.swift,\ TelemetryEnvironment.swift,\ TelemetryEvents.swift,\ TelemetryThrottler.swift /Users/nathanfennel/Library/Developer/Xcode/DerivedData/CardOnCue-fafaiynmhqufqpbfjacxswbpzioe/SourcePackages/checkouts/clerk-ios/Sources/Clerk/Models/SignIn/SignInPrepareFirstFactorParams.swift /Users/nathanfennel/Library/Developer/Xcode/DerivedData/CardOnCue-fafaiynmhqufqpbfjacxswbpzioe/SourcePackages/checkouts/clerk-ios/Sources/Clerk/Models/SignIn/SignInPrepareSecondFactorParams.swift /Users/nathanfennel/Library/Developer/Xcode/DerivedData/CardOnCue-fafaiynmhqufqpbfjacxswbpzioe/SourcePackages/checkouts/clerk-ios/Sources/Clerk/Models/SignIn/SignInResetPasswordParams.swift /Users/nathanfennel/Library/Developer/Xcode/DerivedData/CardOnCue-fafaiynmhqufqpbfjacxswbpzioe/SourcePackages/checkouts/clerk-ios/Sources/Clerk/Models/SignIn/SignInService.swift /Users/nathanfennel/Library/Developer/Xcode/DerivedData/CardOnCue-fafaiynmhqufqpbfjacxswbpzioe/SourcePackages/checkouts/clerk-ios/Sources/Clerk/Models/SignIn/SignInStatus.swift /Users/nathanfennel/Library/Developer/Xcode/DerivedData/CardOnCue-fafaiynmhqufqpbfjacxswbpzioe/SourcePackages/checkouts/clerk-ios/Sources/Clerk/Models/SignIn/SignInUserData.swift /Users/nathanfennel/Library/Developer/Xcode/DerivedData/CardOnCue-fafaiynmhqufqpbfjacxswbpzioe/SourcePackages/checkouts/clerk-ios/Sources/Clerk/Models/SignUp/SignUp.swift /Users/nathanfennel/Library/Developer/Xcode/DerivedData/CardOnCue-fafaiynmhqufqpbfjacxswbpzioe/SourcePackages/checkouts/clerk-ios/Sources/Clerk/Models/SignUp/SignUpAttemptVerificationParams.swift /Users/nathanfennel/Library/Developer/Xcode/DerivedData/CardOnCue-fafaiynmhqufqpbfjacxswbpzioe/SourcePackages/checkouts/clerk-ios/Sources/Clerk/Models/SignUp/SignUpAuthenticateWithRedirectParams.swift /Users/nathanfennel/Library/Developer/Xcode/DerivedData/CardOnCue-fafaiynmhqufqpbfjacxswbpzioe/SourcePackages/checkouts/clerk-ios/Sources/Clerk/Models/SignUp/SignUpCreateParams.swift /Users/nathanfennel/Library/Developer/Xcode/DerivedData/CardOnCue-fafaiynmhqufqpbfjacxswbpzioe/SourcePackages/checkouts/clerk-ios/Sources/Clerk/Models/SignUp/SignUpPrepareVerificationParams.swift /Users/nathanfennel/Library/Developer/Xcode/DerivedData/CardOnCue-fafaiynmhqufqpbfjacxswbpzioe/SourcePackages/checkouts/clerk-ios/Sources/Clerk/Models/SignUp/SignUpService.swift /Users/nathanfennel/Library/Developer/Xcode/DerivedData/CardOnCue-fafaiynmhqufqpbfjacxswbpzioe/SourcePackages/checkouts/clerk-ios/Sources/Clerk/Models/SignUp/SignUpStatus.swift /Users/nathanfennel/Library/Developer/Xcode/DerivedData/CardOnCue-fafaiynmhqufqpbfjacxswbpzioe/SourcePackages/checkouts/clerk-ios/Sources/Clerk/Models/TOTPResource.swift /Users/nathanfennel/Library/Developer/Xcode/DerivedData/CardOnCue-fafaiynmhqufqpbfjacxswbpzioe/SourcePackages/checkouts/clerk-ios/Sources/Clerk/Models/TokenResource.swift /Users/nathanfennel/Library/Developer/Xcode/DerivedData/CardOnCue-fafaiynmhqufqpbfjacxswbpzioe/SourcePackages/checkouts/clerk-ios/Sources/Clerk/Models/TransferFlowResult.swift /Users/nathanfennel/Library/Developer/Xcode/DerivedData/CardOnCue-fafaiynmhqufqpbfjacxswbpzioe/SourcePackages/checkouts/clerk-ios/Sources/Clerk/Models/User/User.swift /Users/nathanfennel/Library/Developer/Xcode/DerivedData/CardOnCue-fafaiynmhqufqpbfjacxswbpzioe/SourcePackages/checkouts/clerk-ios/Sources/Clerk/Models/User/UserService.swift /Users/nathanfennel/Library/Developer/Xcode/DerivedData/CardOnCue-fafaiynmhqufqpbfjacxswbpzioe/SourcePackages/checkouts/clerk-ios/Sources/Clerk/Models/User/UserUpdateParams.swift /Users/nathanfennel/Library/Developer/Xcode/DerivedData/CardOnCue-fafaiynmhqufqpbfjacxswbpzioe/SourcePackages/checkouts/clerk-ios/Sources/Clerk/Models/User/UserUpdatePasswordParams.swift /Users/nathanfennel/Library/Developer/Xcode/DerivedData/CardOnCue-fafaiynmhqufqpbfjacxswbpzioe/SourcePackages/checkouts/clerk-ios/Sources/Clerk/Models/Verification.swift /Users/nathanfennel/Library/Developer/Xcode/DerivedData/CardOnCue-fafaiynmhqufqpbfjacxswbpzioe/SourcePackages/checkouts/clerk-ios/Sources/Clerk/Telemetry/TelemetryCollector.swift /Users/nathanfennel/Library/Developer/Xcode/DerivedData/CardOnCue-fafaiynmhqufqpbfjacxswbpzioe/SourcePackages/checkouts/clerk-ios/Sources/Clerk/Telemetry/TelemetryEnvironment.swift /Users/nathanfennel/Library/Developer/Xcode/DerivedData/CardOnCue-fafaiynmhqufqpbfjacxswbpzioe/SourcePackages/checkouts/clerk-ios/Sources/Clerk/Telemetry/TelemetryEvents.swift /Users/nathanfennel/Library/Developer/Xcode/DerivedData/CardOnCue-fafaiynmhqufqpbfjacxswbpzioe/SourcePackages/checkouts/clerk-ios/Sources/Clerk/Telemetry/TelemetryThrottler.swift (in target 'Clerk' from project 'Clerk')

SwiftCompile normal arm64 /Users/nathanfennel/Library/Developer/Xcode/DerivedData/CardOnCue-fafaiynmhqufqpbfjacxswbpzioe/SourcePackages/checkouts/clerk-ios/Sources/Clerk/Models/SignIn/SignInPrepareFirstFactorParams.swift (in target 'Clerk' from project 'Clerk')
    cd /Users/nathanfennel/Documents/GitHub/CardOnCue/CardOnCue.xcodeproj
    

SwiftCompile normal arm64 /Users/nathanfennel/Library/Developer/Xcode/DerivedData/CardOnCue-fafaiynmhqufqpbfjacxswbpzioe/SourcePackages/checkouts/clerk-ios/Sources/Clerk/Models/SignIn/SignInPrepareSecondFactorParams.swift (in target 'Clerk' from project 'Clerk')
    cd /Users/nathanfennel/Documents/GitHub/CardOnCue/CardOnCue.xcodeproj
    

SwiftCompile normal arm64 /Users/nathanfennel/Library/Developer/Xcode/DerivedData/CardOnCue-fafaiynmhqufqpbfjacxswbpzioe/SourcePackages/checkouts/clerk-ios/Sources/Clerk/Models/SignIn/SignInResetPasswordParams.swift (in target 'Clerk' from project 'Clerk')
    cd /Users/nathanfennel/Documents/GitHub/CardOnCue/CardOnCue.xcodeproj
    

SwiftCompile normal arm64 /Users/nathanfennel/Library/Developer/Xcode/DerivedData/CardOnCue-fafaiynmhqufqpbfjacxswbpzioe/SourcePackages/checkouts/clerk-ios/Sources/Clerk/Models/SignIn/SignInService.swift (in target 'Clerk' from project 'Clerk')
    cd /Users/nathanfennel/Documents/GitHub/CardOnCue/CardOnCue.xcodeproj
    

SwiftCompile normal arm64 /Users/nathanfennel/Library/Developer/Xcode/DerivedData/CardOnCue-fafaiynmhqufqpbfjacxswbpzioe/SourcePackages/checkouts/clerk-ios/Sources/Clerk/Models/SignIn/SignInStatus.swift (in target 'Clerk' from project 'Clerk')
    cd /Users/nathanfennel/Documents/GitHub/CardOnCue/CardOnCue.xcodeproj
    

SwiftCompile normal arm64 /Users/nathanfennel/Library/Developer/Xcode/DerivedData/CardOnCue-fafaiynmhqufqpbfjacxswbpzioe/SourcePackages/checkouts/clerk-ios/Sources/Clerk/Models/SignIn/SignInUserData.swift (in target 'Clerk' from project 'Clerk')
    cd /Users/nathanfennel/Documents/GitHub/CardOnCue/CardOnCue.xcodeproj
    

SwiftCompile normal arm64 /Users/nathanfennel/Library/Developer/Xcode/DerivedData/CardOnCue-fafaiynmhqufqpbfjacxswbpzioe/SourcePackages/checkouts/clerk-ios/Sources/Clerk/Models/SignUp/SignUp.swift (in target 'Clerk' from project 'Clerk')
    cd /Users/nathanfennel/Documents/GitHub/CardOnCue/CardOnCue.xcodeproj
    

SwiftCompile normal arm64 /Users/nathanfennel/Library/Developer/Xcode/DerivedData/CardOnCue-fafaiynmhqufqpbfjacxswbpzioe/SourcePackages/checkouts/clerk-ios/Sources/Clerk/Models/SignUp/SignUpAttemptVerificationParams.swift (in target 'Clerk' from project 'Clerk')
    cd /Users/nathanfennel/Documents/GitHub/CardOnCue/CardOnCue.xcodeproj
    

SwiftCompile normal arm64 /Users/nathanfennel/Library/Developer/Xcode/DerivedData/CardOnCue-fafaiynmhqufqpbfjacxswbpzioe/SourcePackages/checkouts/clerk-ios/Sources/Clerk/Models/SignUp/SignUpAuthenticateWithRedirectParams.swift (in target 'Clerk' from project 'Clerk')
    cd /Users/nathanfennel/Documents/GitHub/CardOnCue/CardOnCue.xcodeproj
    

SwiftCompile normal arm64 /Users/nathanfennel/Library/Developer/Xcode/DerivedData/CardOnCue-fafaiynmhqufqpbfjacxswbpzioe/SourcePackages/checkouts/clerk-ios/Sources/Clerk/Models/SignUp/SignUpCreateParams.swift (in target 'Clerk' from project 'Clerk')
    cd /Users/nathanfennel/Documents/GitHub/CardOnCue/CardOnCue.xcodeproj
    

SwiftCompile normal arm64 /Users/nathanfennel/Library/Developer/Xcode/DerivedData/CardOnCue-fafaiynmhqufqpbfjacxswbpzioe/SourcePackages/checkouts/clerk-ios/Sources/Clerk/Models/SignUp/SignUpPrepareVerificationParams.swift (in target 'Clerk' from project 'Clerk')
    cd /Users/nathanfennel/Documents/GitHub/CardOnCue/CardOnCue.xcodeproj
    

SwiftCompile normal arm64 /Users/nathanfennel/Library/Developer/Xcode/DerivedData/CardOnCue-fafaiynmhqufqpbfjacxswbpzioe/SourcePackages/checkouts/clerk-ios/Sources/Clerk/Models/SignUp/SignUpService.swift (in target 'Clerk' from project 'Clerk')
    cd /Users/nathanfennel/Documents/GitHub/CardOnCue/CardOnCue.xcodeproj
    

SwiftCompile normal arm64 /Users/nathanfennel/Library/Developer/Xcode/DerivedData/CardOnCue-fafaiynmhqufqpbfjacxswbpzioe/SourcePackages/checkouts/clerk-ios/Sources/Clerk/Models/SignUp/SignUpStatus.swift (in target 'Clerk' from project 'Clerk')
    cd /Users/nathanfennel/Documents/GitHub/CardOnCue/CardOnCue.xcodeproj
    

SwiftCompile normal arm64 /Users/nathanfennel/Library/Developer/Xcode/DerivedData/CardOnCue-fafaiynmhqufqpbfjacxswbpzioe/SourcePackages/checkouts/clerk-ios/Sources/Clerk/Models/TOTPResource.swift (in target 'Clerk' from project 'Clerk')
    cd /Users/nathanfennel/Documents/GitHub/CardOnCue/CardOnCue.xcodeproj
    

SwiftCompile normal arm64 /Users/nathanfennel/Library/Developer/Xcode/DerivedData/CardOnCue-fafaiynmhqufqpbfjacxswbpzioe/SourcePackages/checkouts/clerk-ios/Sources/Clerk/Models/TokenResource.swift (in target 'Clerk' from project 'Clerk')
    cd /Users/nathanfennel/Documents/GitHub/CardOnCue/CardOnCue.xcodeproj
    

SwiftCompile normal arm64 /Users/nathanfennel/Library/Developer/Xcode/DerivedData/CardOnCue-fafaiynmhqufqpbfjacxswbpzioe/SourcePackages/checkouts/clerk-ios/Sources/Clerk/Models/TransferFlowResult.swift (in target 'Clerk' from project 'Clerk')
    cd /Users/nathanfennel/Documents/GitHub/CardOnCue/CardOnCue.xcodeproj
    

SwiftCompile normal arm64 /Users/nathanfennel/Library/Developer/Xcode/DerivedData/CardOnCue-fafaiynmhqufqpbfjacxswbpzioe/SourcePackages/checkouts/clerk-ios/Sources/Clerk/Models/User/User.swift (in target 'Clerk' from project 'Clerk')
    cd /Users/nathanfennel/Documents/GitHub/CardOnCue/CardOnCue.xcodeproj
    

SwiftCompile normal arm64 /Users/nathanfennel/Library/Developer/Xcode/DerivedData/CardOnCue-fafaiynmhqufqpbfjacxswbpzioe/SourcePackages/checkouts/clerk-ios/Sources/Clerk/Models/User/UserService.swift (in target 'Clerk' from project 'Clerk')
    cd /Users/nathanfennel/Documents/GitHub/CardOnCue/CardOnCue.xcodeproj
    

SwiftCompile normal arm64 /Users/nathanfennel/Library/Developer/Xcode/DerivedData/CardOnCue-fafaiynmhqufqpbfjacxswbpzioe/SourcePackages/checkouts/clerk-ios/Sources/Clerk/Models/User/UserUpdateParams.swift (in target 'Clerk' from project 'Clerk')
    cd /Users/nathanfennel/Documents/GitHub/CardOnCue/CardOnCue.xcodeproj
    

SwiftCompile normal arm64 /Users/nathanfennel/Library/Developer/Xcode/DerivedData/CardOnCue-fafaiynmhqufqpbfjacxswbpzioe/SourcePackages/checkouts/clerk-ios/Sources/Clerk/Models/User/UserUpdatePasswordParams.swift (in target 'Clerk' from project 'Clerk')
    cd /Users/nathanfennel/Documents/GitHub/CardOnCue/CardOnCue.xcodeproj
    

SwiftCompile normal arm64 /Users/nathanfennel/Library/Developer/Xcode/DerivedData/CardOnCue-fafaiynmhqufqpbfjacxswbpzioe/SourcePackages/checkouts/clerk-ios/Sources/Clerk/Models/Verification.swift (in target 'Clerk' from project 'Clerk')
    cd /Users/nathanfennel/Documents/GitHub/CardOnCue/CardOnCue.xcodeproj
    

SwiftCompile normal arm64 /Users/nathanfennel/Library/Developer/Xcode/DerivedData/CardOnCue-fafaiynmhqufqpbfjacxswbpzioe/SourcePackages/checkouts/clerk-ios/Sources/Clerk/Telemetry/TelemetryCollector.swift (in target 'Clerk' from project 'Clerk')
    cd /Users/nathanfennel/Documents/GitHub/CardOnCue/CardOnCue.xcodeproj
    

SwiftCompile normal arm64 /Users/nathanfennel/Library/Developer/Xcode/DerivedData/CardOnCue-fafaiynmhqufqpbfjacxswbpzioe/SourcePackages/checkouts/clerk-ios/Sources/Clerk/Telemetry/TelemetryEnvironment.swift (in target 'Clerk' from project 'Clerk')
    cd /Users/nathanfennel/Documents/GitHub/CardOnCue/CardOnCue.xcodeproj
    

SwiftCompile normal arm64 /Users/nathanfennel/Library/Developer/Xcode/DerivedData/CardOnCue-fafaiynmhqufqpbfjacxswbpzioe/SourcePackages/checkouts/clerk-ios/Sources/Clerk/Telemetry/TelemetryEvents.swift (in target 'Clerk' from project 'Clerk')
    cd /Users/nathanfennel/Documents/GitHub/CardOnCue/CardOnCue.xcodeproj
    

SwiftCompile normal arm64 /Users/nathanfennel/Library/Developer/Xcode/DerivedData/CardOnCue-fafaiynmhqufqpbfjacxswbpzioe/SourcePackages/checkouts/clerk-ios/Sources/Clerk/Telemetry/TelemetryThrottler.swift (in target 'Clerk' from project 'Clerk')
    cd /Users/nathanfennel/Documents/GitHub/CardOnCue/CardOnCue.xcodeproj
    

SwiftCompile normal arm64 Compiling\ SafariView.swift,\ SecuredByClerkView.swift,\ SocialButton.swift,\ SocialButtonLayout.swift,\ SpinnerView.swift,\ TextDivider.swift,\ WrappingHStack.swift,\ AuthStartView.swift,\ AuthState.swift,\ AuthView.swift,\ SignInClientTrustView.swift,\ SignInFactorAlternativeMethodsView.swift,\ SignInFactorCodeView.swift,\ SignInFactorOneForgotPasswordView.swift,\ SignInFactorOnePasskeyView.swift,\ SignInFactorOnePasswordView.swift,\ SignInFactorOneView.swift,\ SignInFactorTwoBackupCodeView.swift,\ SignInFactorTwoView.swift,\ SignInGetHelpView.swift,\ SignInSetNewPasswordView.swift,\ LegalConsentView.swift,\ SignUpCodeView.swift,\ SignUpCollectFieldView.swift,\ SignUpCompleteProfileView.swift /Users/nathanfennel/Library/Developer/Xcode/DerivedData/CardOnCue-fafaiynmhqufqpbfjacxswbpzioe/SourcePackages/checkouts/clerk-ios/Sources/Clerk/ClerkUI/Common/SafariView.swift /Users/nathanfennel/Library/Developer/Xcode/DerivedData/CardOnCue-fafaiynmhqufqpbfjacxswbpzioe/SourcePackages/checkouts/clerk-ios/Sources/Clerk/ClerkUI/Common/SecuredByClerkView.swift /Users/nathanfennel/Library/Developer/Xcode/DerivedData/CardOnCue-fafaiynmhqufqpbfjacxswbpzioe/SourcePackages/checkouts/clerk-ios/Sources/Clerk/ClerkUI/Common/SocialButton.swift /Users/nathanfennel/Library/Developer/Xcode/DerivedData/CardOnCue-fafaiynmhqufqpbfjacxswbpzioe/SourcePackages/checkouts/clerk-ios/Sources/Clerk/ClerkUI/Common/SocialButtonLayout.swift /Users/nathanfennel/Library/Developer/Xcode/DerivedData/CardOnCue-fafaiynmhqufqpbfjacxswbpzioe/SourcePackages/checkouts/clerk-ios/Sources/Clerk/ClerkUI/Common/SpinnerView.swift /Users/nathanfennel/Library/Developer/Xcode/DerivedData/CardOnCue-fafaiynmhqufqpbfjacxswbpzioe/SourcePackages/checkouts/clerk-ios/Sources/Clerk/ClerkUI/Common/TextDivider.swift /Users/nathanfennel/Library/Developer/Xcode/DerivedData/CardOnCue-fafaiynmhqufqpbfjacxswbpzioe/SourcePackages/checkouts/clerk-ios/Sources/Clerk/ClerkUI/Common/WrappingHStack.swift /Users/nathanfennel/Library/Developer/Xcode/DerivedData/CardOnCue-fafaiynmhqufqpbfjacxswbpzioe/SourcePackages/checkouts/clerk-ios/Sources/Clerk/ClerkUI/Components/Auth/AuthStartView.swift /Users/nathanfennel/Library/Developer/Xcode/DerivedData/CardOnCue-fafaiynmhqufqpbfjacxswbpzioe/SourcePackages/checkouts/clerk-ios/Sources/Clerk/ClerkUI/Components/Auth/AuthState.swift /Users/nathanfennel/Library/Developer/Xcode/DerivedData/CardOnCue-fafaiynmhqufqpbfjacxswbpzioe/SourcePackages/checkouts/clerk-ios/Sources/Clerk/ClerkUI/Components/Auth/AuthView.swift /Users/nathanfennel/Library/Developer/Xcode/DerivedData/CardOnCue-fafaiynmhqufqpbfjacxswbpzioe/SourcePackages/checkouts/clerk-ios/Sources/Clerk/ClerkUI/Components/Auth/SignIn/SignInClientTrustView.swift /Users/nathanfennel/Library/Developer/Xcode/DerivedData/CardOnCue-fafaiynmhqufqpbfjacxswbpzioe/SourcePackages/checkouts/clerk-ios/Sources/Clerk/ClerkUI/Components/Auth/SignIn/SignInFactorAlternativeMethodsView.swift /Users/nathanfennel/Library/Developer/Xcode/DerivedData/CardOnCue-fafaiynmhqufqpbfjacxswbpzioe/SourcePackages/checkouts/clerk-ios/Sources/Clerk/ClerkUI/Components/Auth/SignIn/SignInFactorCodeView.swift /Users/nathanfennel/Library/Developer/Xcode/DerivedData/CardOnCue-fafaiynmhqufqpbfjacxswbpzioe/SourcePackages/checkouts/clerk-ios/Sources/Clerk/ClerkUI/Components/Auth/SignIn/SignInFactorOneForgotPasswordView.swift /Users/nathanfennel/Library/Developer/Xcode/DerivedData/CardOnCue-fafaiynmhqufqpbfjacxswbpzioe/SourcePackages/checkouts/clerk-ios/Sources/Clerk/ClerkUI/Components/Auth/SignIn/SignInFactorOnePasskeyView.swift /Users/nathanfennel/Library/Developer/Xcode/DerivedData/CardOnCue-fafaiynmhqufqpbfjacxswbpzioe/SourcePackages/checkouts/clerk-ios/Sources/Clerk/ClerkUI/Components/Auth/SignIn/SignInFactorOnePasswordView.swift /Users/nathanfennel/Library/Developer/Xcode/DerivedData/CardOnCue-fafaiynmhqufqpbfjacxswbpzioe/SourcePackages/checkouts/clerk-ios/Sources/Clerk/ClerkUI/Components/Auth/SignIn/SignInFactorOneView.swift /Users/nathanfennel/Library/Developer/Xcode/DerivedData/CardOnCue-fafaiynmhqufqpbfjacxswbpzioe/SourcePackages/checkouts/clerk-ios/Sources/Clerk/ClerkUI/Components/Auth/SignIn/SignInFactorTwoBackupCodeView.swift /Users/nathanfennel/Library/Developer/Xcode/DerivedData/CardOnCue-fafaiynmhqufqpbfjacxswbpzioe/SourcePackages/checkouts/clerk-ios/Sources/Clerk/ClerkUI/Components/Auth/SignIn/SignInFactorTwoView.swift /Users/nathanfennel/Library/Developer/Xcode/DerivedData/CardOnCue-fafaiynmhqufqpbfjacxswbpzioe/SourcePackages/checkouts/clerk-ios/Sources/Clerk/ClerkUI/Components/Auth/SignIn/SignInGetHelpView.swift /Users/nathanfennel/Library/Developer/Xcode/DerivedData/CardOnCue-fafaiynmhqufqpbfjacxswbpzioe/SourcePackages/checkouts/clerk-ios/Sources/Clerk/ClerkUI/Components/Auth/SignIn/SignInSetNewPasswordView.swift /Users/nathanfennel/Library/Developer/Xcode/DerivedData/CardOnCue-fafaiynmhqufqpbfjacxswbpzioe/SourcePackages/checkouts/clerk-ios/Sources/Clerk/ClerkUI/Components/Auth/SignUp/LegalConsentView.swift /Users/nathanfennel/Library/Developer/Xcode/DerivedData/CardOnCue-fafaiynmhqufqpbfjacxswbpzioe/SourcePackages/checkouts/clerk-ios/Sources/Clerk/ClerkUI/Components/Auth/SignUp/SignUpCodeView.swift /Users/nathanfennel/Library/Developer/Xcode/DerivedData/CardOnCue-fafaiynmhqufqpbfjacxswbpzioe/SourcePackages/checkouts/clerk-ios/Sources/Clerk/ClerkUI/Components/Auth/SignUp/SignUpCollectFieldView.swift /Users/nathanfennel/Library/Developer/Xcode/DerivedData/CardOnCue-fafaiynmhqufqpbfjacxswbpzioe/SourcePackages/checkouts/clerk-ios/Sources/Clerk/ClerkUI/Components/Auth/SignUp/SignUpCompleteProfileView.swift (in target 'Clerk' from project 'Clerk')

SwiftCompile normal arm64 /Users/nathanfennel/Library/Developer/Xcode/DerivedData/CardOnCue-fafaiynmhqufqpbfjacxswbpzioe/SourcePackages/checkouts/clerk-ios/Sources/Clerk/ClerkUI/Common/SafariView.swift (in target 'Clerk' from project 'Clerk')
    cd /Users/nathanfennel/Documents/GitHub/CardOnCue/CardOnCue.xcodeproj
    

SwiftCompile normal arm64 /Users/nathanfennel/Library/Developer/Xcode/DerivedData/CardOnCue-fafaiynmhqufqpbfjacxswbpzioe/SourcePackages/checkouts/clerk-ios/Sources/Clerk/ClerkUI/Common/SecuredByClerkView.swift (in target 'Clerk' from project 'Clerk')
    cd /Users/nathanfennel/Documents/GitHub/CardOnCue/CardOnCue.xcodeproj
    

SwiftCompile normal arm64 /Users/nathanfennel/Library/Developer/Xcode/DerivedData/CardOnCue-fafaiynmhqufqpbfjacxswbpzioe/SourcePackages/checkouts/clerk-ios/Sources/Clerk/ClerkUI/Common/SocialButton.swift (in target 'Clerk' from project 'Clerk')
    cd /Users/nathanfennel/Documents/GitHub/CardOnCue/CardOnCue.xcodeproj
    

SwiftCompile normal arm64 /Users/nathanfennel/Library/Developer/Xcode/DerivedData/CardOnCue-fafaiynmhqufqpbfjacxswbpzioe/SourcePackages/checkouts/clerk-ios/Sources/Clerk/ClerkUI/Common/SocialButtonLayout.swift (in target 'Clerk' from project 'Clerk')
    cd /Users/nathanfennel/Documents/GitHub/CardOnCue/CardOnCue.xcodeproj
    

SwiftCompile normal arm64 /Users/nathanfennel/Library/Developer/Xcode/DerivedData/CardOnCue-fafaiynmhqufqpbfjacxswbpzioe/SourcePackages/checkouts/clerk-ios/Sources/Clerk/ClerkUI/Common/SpinnerView.swift (in target 'Clerk' from project 'Clerk')
    cd /Users/nathanfennel/Documents/GitHub/CardOnCue/CardOnCue.xcodeproj
    

SwiftCompile normal arm64 /Users/nathanfennel/Library/Developer/Xcode/DerivedData/CardOnCue-fafaiynmhqufqpbfjacxswbpzioe/SourcePackages/checkouts/clerk-ios/Sources/Clerk/ClerkUI/Common/TextDivider.swift (in target 'Clerk' from project 'Clerk')
    cd /Users/nathanfennel/Documents/GitHub/CardOnCue/CardOnCue.xcodeproj
    

SwiftCompile normal arm64 /Users/nathanfennel/Library/Developer/Xcode/DerivedData/CardOnCue-fafaiynmhqufqpbfjacxswbpzioe/SourcePackages/checkouts/clerk-ios/Sources/Clerk/ClerkUI/Common/WrappingHStack.swift (in target 'Clerk' from project 'Clerk')
    cd /Users/nathanfennel/Documents/GitHub/CardOnCue/CardOnCue.xcodeproj
    

SwiftCompile normal arm64 /Users/nathanfennel/Library/Developer/Xcode/DerivedData/CardOnCue-fafaiynmhqufqpbfjacxswbpzioe/SourcePackages/checkouts/clerk-ios/Sources/Clerk/ClerkUI/Components/Auth/AuthStartView.swift (in target 'Clerk' from project 'Clerk')
    cd /Users/nathanfennel/Documents/GitHub/CardOnCue/CardOnCue.xcodeproj
    

SwiftCompile normal arm64 /Users/nathanfennel/Library/Developer/Xcode/DerivedData/CardOnCue-fafaiynmhqufqpbfjacxswbpzioe/SourcePackages/checkouts/clerk-ios/Sources/Clerk/ClerkUI/Components/Auth/AuthState.swift (in target 'Clerk' from project 'Clerk')
    cd /Users/nathanfennel/Documents/GitHub/CardOnCue/CardOnCue.xcodeproj
    

SwiftCompile normal arm64 /Users/nathanfennel/Library/Developer/Xcode/DerivedData/CardOnCue-fafaiynmhqufqpbfjacxswbpzioe/SourcePackages/checkouts/clerk-ios/Sources/Clerk/ClerkUI/Components/Auth/AuthView.swift (in target 'Clerk' from project 'Clerk')
    cd /Users/nathanfennel/Documents/GitHub/CardOnCue/CardOnCue.xcodeproj
    

SwiftCompile normal arm64 /Users/nathanfennel/Library/Developer/Xcode/DerivedData/CardOnCue-fafaiynmhqufqpbfjacxswbpzioe/SourcePackages/checkouts/clerk-ios/Sources/Clerk/ClerkUI/Components/Auth/SignIn/SignInClientTrustView.swift (in target 'Clerk' from project 'Clerk')
    cd /Users/nathanfennel/Documents/GitHub/CardOnCue/CardOnCue.xcodeproj
    

SwiftCompile normal arm64 /Users/nathanfennel/Library/Developer/Xcode/DerivedData/CardOnCue-fafaiynmhqufqpbfjacxswbpzioe/SourcePackages/checkouts/clerk-ios/Sources/Clerk/ClerkUI/Components/Auth/SignIn/SignInFactorAlternativeMethodsView.swift (in target 'Clerk' from project 'Clerk')
    cd /Users/nathanfennel/Documents/GitHub/CardOnCue/CardOnCue.xcodeproj
    

SwiftCompile normal arm64 /Users/nathanfennel/Library/Developer/Xcode/DerivedData/CardOnCue-fafaiynmhqufqpbfjacxswbpzioe/SourcePackages/checkouts/clerk-ios/Sources/Clerk/ClerkUI/Components/Auth/SignIn/SignInFactorCodeView.swift (in target 'Clerk' from project 'Clerk')
    cd /Users/nathanfennel/Documents/GitHub/CardOnCue/CardOnCue.xcodeproj
    

SwiftCompile normal arm64 /Users/nathanfennel/Library/Developer/Xcode/DerivedData/CardOnCue-fafaiynmhqufqpbfjacxswbpzioe/SourcePackages/checkouts/clerk-ios/Sources/Clerk/ClerkUI/Components/Auth/SignIn/SignInFactorOneForgotPasswordView.swift (in target 'Clerk' from project 'Clerk')
    cd /Users/nathanfennel/Documents/GitHub/CardOnCue/CardOnCue.xcodeproj
    

SwiftCompile normal arm64 /Users/nathanfennel/Library/Developer/Xcode/DerivedData/CardOnCue-fafaiynmhqufqpbfjacxswbpzioe/SourcePackages/checkouts/clerk-ios/Sources/Clerk/ClerkUI/Components/Auth/SignIn/SignInFactorOnePasskeyView.swift (in target 'Clerk' from project 'Clerk')
    cd /Users/nathanfennel/Documents/GitHub/CardOnCue/CardOnCue.xcodeproj
    

SwiftCompile normal arm64 /Users/nathanfennel/Library/Developer/Xcode/DerivedData/CardOnCue-fafaiynmhqufqpbfjacxswbpzioe/SourcePackages/checkouts/clerk-ios/Sources/Clerk/ClerkUI/Components/Auth/SignIn/SignInFactorOnePasswordView.swift (in target 'Clerk' from project 'Clerk')
    cd /Users/nathanfennel/Documents/GitHub/CardOnCue/CardOnCue.xcodeproj
    

SwiftCompile normal arm64 /Users/nathanfennel/Library/Developer/Xcode/DerivedData/CardOnCue-fafaiynmhqufqpbfjacxswbpzioe/SourcePackages/checkouts/clerk-ios/Sources/Clerk/ClerkUI/Components/Auth/SignIn/SignInFactorOneView.swift (in target 'Clerk' from project 'Clerk')
    cd /Users/nathanfennel/Documents/GitHub/CardOnCue/CardOnCue.xcodeproj
    

SwiftCompile normal arm64 /Users/nathanfennel/Library/Developer/Xcode/DerivedData/CardOnCue-fafaiynmhqufqpbfjacxswbpzioe/SourcePackages/checkouts/clerk-ios/Sources/Clerk/ClerkUI/Components/Auth/SignIn/SignInFactorTwoBackupCodeView.swift (in target 'Clerk' from project 'Clerk')
    cd /Users/nathanfennel/Documents/GitHub/CardOnCue/CardOnCue.xcodeproj
    

SwiftCompile normal arm64 /Users/nathanfennel/Library/Developer/Xcode/DerivedData/CardOnCue-fafaiynmhqufqpbfjacxswbpzioe/SourcePackages/checkouts/clerk-ios/Sources/Clerk/ClerkUI/Components/Auth/SignIn/SignInFactorTwoView.swift (in target 'Clerk' from project 'Clerk')
    cd /Users/nathanfennel/Documents/GitHub/CardOnCue/CardOnCue.xcodeproj
    

SwiftCompile normal arm64 /Users/nathanfennel/Library/Developer/Xcode/DerivedData/CardOnCue-fafaiynmhqufqpbfjacxswbpzioe/SourcePackages/checkouts/clerk-ios/Sources/Clerk/ClerkUI/Components/Auth/SignIn/SignInGetHelpView.swift (in target 'Clerk' from project 'Clerk')
    cd /Users/nathanfennel/Documents/GitHub/CardOnCue/CardOnCue.xcodeproj
    

SwiftCompile normal arm64 /Users/nathanfennel/Library/Developer/Xcode/DerivedData/CardOnCue-fafaiynmhqufqpbfjacxswbpzioe/SourcePackages/checkouts/clerk-ios/Sources/Clerk/ClerkUI/Components/Auth/SignIn/SignInSetNewPasswordView.swift (in target 'Clerk' from project 'Clerk')
    cd /Users/nathanfennel/Documents/GitHub/CardOnCue/CardOnCue.xcodeproj
    

SwiftCompile normal arm64 /Users/nathanfennel/Library/Developer/Xcode/DerivedData/CardOnCue-fafaiynmhqufqpbfjacxswbpzioe/SourcePackages/checkouts/clerk-ios/Sources/Clerk/ClerkUI/Components/Auth/SignUp/LegalConsentView.swift (in target 'Clerk' from project 'Clerk')
    cd /Users/nathanfennel/Documents/GitHub/CardOnCue/CardOnCue.xcodeproj
    

SwiftCompile normal arm64 /Users/nathanfennel/Library/Developer/Xcode/DerivedData/CardOnCue-fafaiynmhqufqpbfjacxswbpzioe/SourcePackages/checkouts/clerk-ios/Sources/Clerk/ClerkUI/Components/Auth/SignUp/SignUpCodeView.swift (in target 'Clerk' from project 'Clerk')
    cd /Users/nathanfennel/Documents/GitHub/CardOnCue/CardOnCue.xcodeproj
    

SwiftCompile normal arm64 /Users/nathanfennel/Library/Developer/Xcode/DerivedData/CardOnCue-fafaiynmhqufqpbfjacxswbpzioe/SourcePackages/checkouts/clerk-ios/Sources/Clerk/ClerkUI/Components/Auth/SignUp/SignUpCollectFieldView.swift (in target 'Clerk' from project 'Clerk')
    cd /Users/nathanfennel/Documents/GitHub/CardOnCue/CardOnCue.xcodeproj
    

SwiftCompile normal arm64 /Users/nathanfennel/Library/Developer/Xcode/DerivedData/CardOnCue-fafaiynmhqufqpbfjacxswbpzioe/SourcePackages/checkouts/clerk-ios/Sources/Clerk/ClerkUI/Components/Auth/SignUp/SignUpCompleteProfileView.swift (in target 'Clerk' from project 'Clerk')
    cd /Users/nathanfennel/Documents/GitHub/CardOnCue/CardOnCue.xcodeproj
    

SwiftCompile normal arm64 Compiling\ Organization.swift,\ OrganizationDomain.swift,\ OrganizationInvitation.swift,\ OrganizationInviteMembersParams.swift,\ OrganizationMembership.swift,\ OrganizationMembershipRequest.swift,\ OrganizationService.swift,\ OrganizationSuggestion.swift,\ PermissionResource.swift,\ RoleResource.swift,\ UserOrganizationInvitation.swift,\ Passkey.swift,\ PasskeyService.swift,\ PhoneNumber.swift,\ PhoneNumberService.swift,\ PublicUserData.swift,\ Session.swift,\ SessionService.swift,\ SessionTokenFetcher.swift,\ SignIn.swift,\ SignInAttemptFirstFactorParams.swift,\ SignInAttemptSecondFactorParams.swift,\ SignInAuthenticateWithRedirectParams.swift,\ SignInCreateParams.swift,\ SignInIdentifier.swift /Users/nathanfennel/Library/Developer/Xcode/DerivedData/CardOnCue-fafaiynmhqufqpbfjacxswbpzioe/SourcePackages/checkouts/clerk-ios/Sources/Clerk/Models/Organizations/Organization.swift /Users/nathanfennel/Library/Developer/Xcode/DerivedData/CardOnCue-fafaiynmhqufqpbfjacxswbpzioe/SourcePackages/checkouts/clerk-ios/Sources/Clerk/Models/Organizations/OrganizationDomain.swift /Users/nathanfennel/Library/Developer/Xcode/DerivedData/CardOnCue-fafaiynmhqufqpbfjacxswbpzioe/SourcePackages/checkouts/clerk-ios/Sources/Clerk/Models/Organizations/OrganizationInvitation.swift /Users/nathanfennel/Library/Developer/Xcode/DerivedData/CardOnCue-fafaiynmhqufqpbfjacxswbpzioe/SourcePackages/checkouts/clerk-ios/Sources/Clerk/Models/Organizations/OrganizationInviteMembersParams.swift /Users/nathanfennel/Library/Developer/Xcode/DerivedData/CardOnCue-fafaiynmhqufqpbfjacxswbpzioe/SourcePackages/checkouts/clerk-ios/Sources/Clerk/Models/Organizations/OrganizationMembership.swift /Users/nathanfennel/Library/Developer/Xcode/DerivedData/CardOnCue-fafaiynmhqufqpbfjacxswbpzioe/SourcePackages/checkouts/clerk-ios/Sources/Clerk/Models/Organizations/OrganizationMembershipRequest.swift /Users/nathanfennel/Library/Developer/Xcode/DerivedData/CardOnCue-fafaiynmhqufqpbfjacxswbpzioe/SourcePackages/checkouts/clerk-ios/Sources/Clerk/Models/Organizations/OrganizationService.swift /Users/nathanfennel/Library/Developer/Xcode/DerivedData/CardOnCue-fafaiynmhqufqpbfjacxswbpzioe/SourcePackages/checkouts/clerk-ios/Sources/Clerk/Models/Organizations/OrganizationSuggestion.swift /Users/nathanfennel/Library/Developer/Xcode/DerivedData/CardOnCue-fafaiynmhqufqpbfjacxswbpzioe/SourcePackages/checkouts/clerk-ios/Sources/Clerk/Models/Organizations/PermissionResource.swift /Users/nathanfennel/Library/Developer/Xcode/DerivedData/CardOnCue-fafaiynmhqufqpbfjacxswbpzioe/SourcePackages/checkouts/clerk-ios/Sources/Clerk/Models/Organizations/RoleResource.swift /Users/nathanfennel/Library/Developer/Xcode/DerivedData/CardOnCue-fafaiynmhqufqpbfjacxswbpzioe/SourcePackages/checkouts/clerk-ios/Sources/Clerk/Models/Organizations/UserOrganizationInvitation.swift /Users/nathanfennel/Library/Developer/Xcode/DerivedData/CardOnCue-fafaiynmhqufqpbfjacxswbpzioe/SourcePackages/checkouts/clerk-ios/Sources/Clerk/Models/Passkey/Passkey.swift /Users/nathanfennel/Library/Developer/Xcode/DerivedData/CardOnCue-fafaiynmhqufqpbfjacxswbpzioe/SourcePackages/checkouts/clerk-ios/Sources/Clerk/Models/Passkey/PasskeyService.swift /Users/nathanfennel/Library/Developer/Xcode/DerivedData/CardOnCue-fafaiynmhqufqpbfjacxswbpzioe/SourcePackages/checkouts/clerk-ios/Sources/Clerk/Models/PhoneNumber/PhoneNumber.swift /Users/nathanfennel/Library/Developer/Xcode/DerivedData/CardOnCue-fafaiynmhqufqpbfjacxswbpzioe/SourcePackages/checkouts/clerk-ios/Sources/Clerk/Models/PhoneNumber/PhoneNumberService.swift /Users/nathanfennel/Library/Developer/Xcode/DerivedData/CardOnCue-fafaiynmhqufqpbfjacxswbpzioe/SourcePackages/checkouts/clerk-ios/Sources/Clerk/Models/PublicUserData.swift /Users/nathanfennel/Library/Developer/Xcode/DerivedData/CardOnCue-fafaiynmhqufqpbfjacxswbpzioe/SourcePackages/checkouts/clerk-ios/Sources/Clerk/Models/Session/Session.swift /Users/nathanfennel/Library/Developer/Xcode/DerivedData/CardOnCue-fafaiynmhqufqpbfjacxswbpzioe/SourcePackages/checkouts/clerk-ios/Sources/Clerk/Models/Session/SessionService.swift /Users/nathanfennel/Library/Developer/Xcode/DerivedData/CardOnCue-fafaiynmhqufqpbfjacxswbpzioe/SourcePackages/checkouts/clerk-ios/Sources/Clerk/Models/Session/SessionTokenFetcher.swift /Users/nathanfennel/Library/Developer/Xcode/DerivedData/CardOnCue-fafaiynmhqufqpbfjacxswbpzioe/SourcePackages/checkouts/clerk-ios/Sources/Clerk/Models/SignIn/SignIn.swift /Users/nathanfennel/Library/Developer/Xcode/DerivedData/CardOnCue-fafaiynmhqufqpbfjacxswbpzioe/SourcePackages/checkouts/clerk-ios/Sources/Clerk/Models/SignIn/SignInAttemptFirstFactorParams.swift /Users/nathanfennel/Library/Developer/Xcode/DerivedData/CardOnCue-fafaiynmhqufqpbfjacxswbpzioe/SourcePackages/checkouts/clerk-ios/Sources/Clerk/Models/SignIn/SignInAttemptSecondFactorParams.swift /Users/nathanfennel/Library/Developer/Xcode/DerivedData/CardOnCue-fafaiynmhqufqpbfjacxswbpzioe/SourcePackages/checkouts/clerk-ios/Sources/Clerk/Models/SignIn/SignInAuthenticateWithRedirectParams.swift /Users/nathanfennel/Library/Developer/Xcode/DerivedData/CardOnCue-fafaiynmhqufqpbfjacxswbpzioe/SourcePackages/checkouts/clerk-ios/Sources/Clerk/Models/SignIn/SignInCreateParams.swift /Users/nathanfennel/Library/Developer/Xcode/DerivedData/CardOnCue-fafaiynmhqufqpbfjacxswbpzioe/SourcePackages/checkouts/clerk-ios/Sources/Clerk/Models/SignIn/SignInIdentifier.swift (in target 'Clerk' from project 'Clerk')

SwiftCompile normal arm64 /Users/nathanfennel/Library/Developer/Xcode/DerivedData/CardOnCue-fafaiynmhqufqpbfjacxswbpzioe/SourcePackages/checkouts/clerk-ios/Sources/Clerk/Models/Organizations/Organization.swift (in target 'Clerk' from project 'Clerk')
    cd /Users/nathanfennel/Documents/GitHub/CardOnCue/CardOnCue.xcodeproj
    

SwiftCompile normal arm64 /Users/nathanfennel/Library/Developer/Xcode/DerivedData/CardOnCue-fafaiynmhqufqpbfjacxswbpzioe/SourcePackages/checkouts/clerk-ios/Sources/Clerk/Models/Organizations/OrganizationDomain.swift (in target 'Clerk' from project 'Clerk')
    cd /Users/nathanfennel/Documents/GitHub/CardOnCue/CardOnCue.xcodeproj
    

SwiftCompile normal arm64 /Users/nathanfennel/Library/Developer/Xcode/DerivedData/CardOnCue-fafaiynmhqufqpbfjacxswbpzioe/SourcePackages/checkouts/clerk-ios/Sources/Clerk/Models/Organizations/OrganizationInvitation.swift (in target 'Clerk' from project 'Clerk')
    cd /Users/nathanfennel/Documents/GitHub/CardOnCue/CardOnCue.xcodeproj
    

SwiftCompile normal arm64 /Users/nathanfennel/Library/Developer/Xcode/DerivedData/CardOnCue-fafaiynmhqufqpbfjacxswbpzioe/SourcePackages/checkouts/clerk-ios/Sources/Clerk/Models/Organizations/OrganizationInviteMembersParams.swift (in target 'Clerk' from project 'Clerk')
    cd /Users/nathanfennel/Documents/GitHub/CardOnCue/CardOnCue.xcodeproj
    

SwiftCompile normal arm64 /Users/nathanfennel/Library/Developer/Xcode/DerivedData/CardOnCue-fafaiynmhqufqpbfjacxswbpzioe/SourcePackages/checkouts/clerk-ios/Sources/Clerk/Models/Organizations/OrganizationMembership.swift (in target 'Clerk' from project 'Clerk')
    cd /Users/nathanfennel/Documents/GitHub/CardOnCue/CardOnCue.xcodeproj
    

SwiftCompile normal arm64 /Users/nathanfennel/Library/Developer/Xcode/DerivedData/CardOnCue-fafaiynmhqufqpbfjacxswbpzioe/SourcePackages/checkouts/clerk-ios/Sources/Clerk/Models/Organizations/OrganizationMembershipRequest.swift (in target 'Clerk' from project 'Clerk')
    cd /Users/nathanfennel/Documents/GitHub/CardOnCue/CardOnCue.xcodeproj
    

SwiftCompile normal arm64 /Users/nathanfennel/Library/Developer/Xcode/DerivedData/CardOnCue-fafaiynmhqufqpbfjacxswbpzioe/SourcePackages/checkouts/clerk-ios/Sources/Clerk/Models/Organizations/OrganizationService.swift (in target 'Clerk' from project 'Clerk')
    cd /Users/nathanfennel/Documents/GitHub/CardOnCue/CardOnCue.xcodeproj
    

SwiftCompile normal arm64 /Users/nathanfennel/Library/Developer/Xcode/DerivedData/CardOnCue-fafaiynmhqufqpbfjacxswbpzioe/SourcePackages/checkouts/clerk-ios/Sources/Clerk/Models/Organizations/OrganizationSuggestion.swift (in target 'Clerk' from project 'Clerk')
    cd /Users/nathanfennel/Documents/GitHub/CardOnCue/CardOnCue.xcodeproj
    

SwiftCompile normal arm64 /Users/nathanfennel/Library/Developer/Xcode/DerivedData/CardOnCue-fafaiynmhqufqpbfjacxswbpzioe/SourcePackages/checkouts/clerk-ios/Sources/Clerk/Models/Organizations/PermissionResource.swift (in target 'Clerk' from project 'Clerk')
    cd /Users/nathanfennel/Documents/GitHub/CardOnCue/CardOnCue.xcodeproj
    

SwiftCompile normal arm64 /Users/nathanfennel/Library/Developer/Xcode/DerivedData/CardOnCue-fafaiynmhqufqpbfjacxswbpzioe/SourcePackages/checkouts/clerk-ios/Sources/Clerk/Models/Organizations/RoleResource.swift (in target 'Clerk' from project 'Clerk')
    cd /Users/nathanfennel/Documents/GitHub/CardOnCue/CardOnCue.xcodeproj
    

SwiftCompile normal arm64 /Users/nathanfennel/Library/Developer/Xcode/DerivedData/CardOnCue-fafaiynmhqufqpbfjacxswbpzioe/SourcePackages/checkouts/clerk-ios/Sources/Clerk/Models/Organizations/UserOrganizationInvitation.swift (in target 'Clerk' from project 'Clerk')
    cd /Users/nathanfennel/Documents/GitHub/CardOnCue/CardOnCue.xcodeproj
    

SwiftCompile normal arm64 /Users/nathanfennel/Library/Developer/Xcode/DerivedData/CardOnCue-fafaiynmhqufqpbfjacxswbpzioe/SourcePackages/checkouts/clerk-ios/Sources/Clerk/Models/Passkey/Passkey.swift (in target 'Clerk' from project 'Clerk')
    cd /Users/nathanfennel/Documents/GitHub/CardOnCue/CardOnCue.xcodeproj
    

SwiftCompile normal arm64 /Users/nathanfennel/Library/Developer/Xcode/DerivedData/CardOnCue-fafaiynmhqufqpbfjacxswbpzioe/SourcePackages/checkouts/clerk-ios/Sources/Clerk/Models/Passkey/PasskeyService.swift (in target 'Clerk' from project 'Clerk')
    cd /Users/nathanfennel/Documents/GitHub/CardOnCue/CardOnCue.xcodeproj
    

SwiftCompile normal arm64 /Users/nathanfennel/Library/Developer/Xcode/DerivedData/CardOnCue-fafaiynmhqufqpbfjacxswbpzioe/SourcePackages/checkouts/clerk-ios/Sources/Clerk/Models/PhoneNumber/PhoneNumber.swift (in target 'Clerk' from project 'Clerk')
    cd /Users/nathanfennel/Documents/GitHub/CardOnCue/CardOnCue.xcodeproj
    

SwiftCompile normal arm64 /Users/nathanfennel/Library/Developer/Xcode/DerivedData/CardOnCue-fafaiynmhqufqpbfjacxswbpzioe/SourcePackages/checkouts/clerk-ios/Sources/Clerk/Models/PhoneNumber/PhoneNumberService.swift (in target 'Clerk' from project 'Clerk')
    cd /Users/nathanfennel/Documents/GitHub/CardOnCue/CardOnCue.xcodeproj
    

SwiftCompile normal arm64 /Users/nathanfennel/Library/Developer/Xcode/DerivedData/CardOnCue-fafaiynmhqufqpbfjacxswbpzioe/SourcePackages/checkouts/clerk-ios/Sources/Clerk/Models/PublicUserData.swift (in target 'Clerk' from project 'Clerk')
    cd /Users/nathanfennel/Documents/GitHub/CardOnCue/CardOnCue.xcodeproj
    

SwiftCompile normal arm64 /Users/nathanfennel/Library/Developer/Xcode/DerivedData/CardOnCue-fafaiynmhqufqpbfjacxswbpzioe/SourcePackages/checkouts/clerk-ios/Sources/Clerk/Models/Session/Session.swift (in target 'Clerk' from project 'Clerk')
    cd /Users/nathanfennel/Documents/GitHub/CardOnCue/CardOnCue.xcodeproj
    

SwiftCompile normal arm64 /Users/nathanfennel/Library/Developer/Xcode/DerivedData/CardOnCue-fafaiynmhqufqpbfjacxswbpzioe/SourcePackages/checkouts/clerk-ios/Sources/Clerk/Models/Session/SessionService.swift (in target 'Clerk' from project 'Clerk')
    cd /Users/nathanfennel/Documents/GitHub/CardOnCue/CardOnCue.xcodeproj
    

SwiftCompile normal arm64 /Users/nathanfennel/Library/Developer/Xcode/DerivedData/CardOnCue-fafaiynmhqufqpbfjacxswbpzioe/SourcePackages/checkouts/clerk-ios/Sources/Clerk/Models/Session/SessionTokenFetcher.swift (in target 'Clerk' from project 'Clerk')
    cd /Users/nathanfennel/Documents/GitHub/CardOnCue/CardOnCue.xcodeproj
    

SwiftCompile normal arm64 /Users/nathanfennel/Library/Developer/Xcode/DerivedData/CardOnCue-fafaiynmhqufqpbfjacxswbpzioe/SourcePackages/checkouts/clerk-ios/Sources/Clerk/Models/SignIn/SignIn.swift (in target 'Clerk' from project 'Clerk')
    cd /Users/nathanfennel/Documents/GitHub/CardOnCue/CardOnCue.xcodeproj
    

SwiftCompile normal arm64 /Users/nathanfennel/Library/Developer/Xcode/DerivedData/CardOnCue-fafaiynmhqufqpbfjacxswbpzioe/SourcePackages/checkouts/clerk-ios/Sources/Clerk/Models/SignIn/SignInAttemptFirstFactorParams.swift (in target 'Clerk' from project 'Clerk')
    cd /Users/nathanfennel/Documents/GitHub/CardOnCue/CardOnCue.xcodeproj
    

SwiftCompile normal arm64 /Users/nathanfennel/Library/Developer/Xcode/DerivedData/CardOnCue-fafaiynmhqufqpbfjacxswbpzioe/SourcePackages/checkouts/clerk-ios/Sources/Clerk/Models/SignIn/SignInAttemptSecondFactorParams.swift (in target 'Clerk' from project 'Clerk')
    cd /Users/nathanfennel/Documents/GitHub/CardOnCue/CardOnCue.xcodeproj
    

SwiftCompile normal arm64 /Users/nathanfennel/Library/Developer/Xcode/DerivedData/CardOnCue-fafaiynmhqufqpbfjacxswbpzioe/SourcePackages/checkouts/clerk-ios/Sources/Clerk/Models/SignIn/SignInAuthenticateWithRedirectParams.swift (in target 'Clerk' from project 'Clerk')
    cd /Users/nathanfennel/Documents/GitHub/CardOnCue/CardOnCue.xcodeproj
    

SwiftCompile normal arm64 /Users/nathanfennel/Library/Developer/Xcode/DerivedData/CardOnCue-fafaiynmhqufqpbfjacxswbpzioe/SourcePackages/checkouts/clerk-ios/Sources/Clerk/Models/SignIn/SignInCreateParams.swift (in target 'Clerk' from project 'Clerk')
    cd /Users/nathanfennel/Documents/GitHub/CardOnCue/CardOnCue.xcodeproj
    

SwiftCompile normal arm64 /Users/nathanfennel/Library/Developer/Xcode/DerivedData/CardOnCue-fafaiynmhqufqpbfjacxswbpzioe/SourcePackages/checkouts/clerk-ios/Sources/Clerk/Models/SignIn/SignInIdentifier.swift (in target 'Clerk' from project 'Clerk')
    cd /Users/nathanfennel/Documents/GitHub/CardOnCue/CardOnCue.xcodeproj
    

SwiftDriverJobDiscovery normal arm64 Compiling ClerkAPIError.swift, ClerkClientError.swift, ClerkPaginatedResponse.swift, Client.swift, ClientResponse.swift, ClientService.swift, DeletedObject.swift, EmailAddress.swift, EmailAddressAttemptVerificationParams.swift, EmailAddressPrepareVerificationParams.swift, EmailAddressService.swift, EnterpriseAccount.swift, AuthConfig.swift, DisplayConfig.swift, Environment.swift, EnvironmentService.swift, FraudSettings.swift, UserSettings.swift, ExternalAccount.swift, ExternalAccountService.swift, Factor.swift, IDTokenProvider.swift, ImageResource.swift, InstanceEnvironmentType.swift, OAuthProvider.swift (in target 'Clerk' from project 'Clerk')

SwiftCompile normal arm64 Compiling\ TelemetryTypes.swift,\ ClerkLogger.swift,\ DeepLinkHandler.swift,\ DeviceID.swift,\ EventEmitter.swift,\ ExternalAuthUtils.swift,\ HTTPURLResponse+Ext.swift,\ JSON.swift,\ JSONDecoder+Ext.swift,\ JSONEncoder+Ext.swift,\ JWTDecoder.swift,\ LocaleUtils.swift,\ Optional+String.swift,\ Protected.swift,\ ProxyConfiguration.swift,\ String+Base64.swift,\ String+Ext.swift,\ String+JSON.swift,\ URLEncodedFormEncoder.swift,\ UserDefaults+Sendable.swift,\ Version.swift,\ WebAuthentication.swift,\ GeneratedAssetSymbols.swift,\ GeneratedStringSymbols_Localizable.swift /Users/nathanfennel/Library/Developer/Xcode/DerivedData/CardOnCue-fafaiynmhqufqpbfjacxswbpzioe/SourcePackages/checkouts/clerk-ios/Sources/Clerk/Telemetry/TelemetryTypes.swift /Users/nathanfennel/Library/Developer/Xcode/DerivedData/CardOnCue-fafaiynmhqufqpbfjacxswbpzioe/SourcePackages/checkouts/clerk-ios/Sources/Clerk/Utils/ClerkLogger.swift /Users/nathanfennel/Library/Developer/Xcode/DerivedData/CardOnCue-fafaiynmhqufqpbfjacxswbpzioe/SourcePackages/checkouts/clerk-ios/Sources/Clerk/Utils/DeepLinkHandler.swift /Users/nathanfennel/Library/Developer/Xcode/DerivedData/CardOnCue-fafaiynmhqufqpbfjacxswbpzioe/SourcePackages/checkouts/clerk-ios/Sources/Clerk/Utils/DeviceID.swift /Users/nathanfennel/Library/Developer/Xcode/DerivedData/CardOnCue-fafaiynmhqufqpbfjacxswbpzioe/SourcePackages/checkouts/clerk-ios/Sources/Clerk/Utils/EventEmitter.swift /Users/nathanfennel/Library/Developer/Xcode/DerivedData/CardOnCue-fafaiynmhqufqpbfjacxswbpzioe/SourcePackages/checkouts/clerk-ios/Sources/Clerk/Utils/ExternalAuthUtils.swift /Users/nathanfennel/Library/Developer/Xcode/DerivedData/CardOnCue-fafaiynmhqufqpbfjacxswbpzioe/SourcePackages/checkouts/clerk-ios/Sources/Clerk/Utils/HTTPURLResponse+Ext.swift /Users/nathanfennel/Library/Developer/Xcode/DerivedData/CardOnCue-fafaiynmhqufqpbfjacxswbpzioe/SourcePackages/checkouts/clerk-ios/Sources/Clerk/Utils/JSON.swift /Users/nathanfennel/Library/Developer/Xcode/DerivedData/CardOnCue-fafaiynmhqufqpbfjacxswbpzioe/SourcePackages/checkouts/clerk-ios/Sources/Clerk/Utils/JSONDecoder+Ext.swift /Users/nathanfennel/Library/Developer/Xcode/DerivedData/CardOnCue-fafaiynmhqufqpbfjacxswbpzioe/SourcePackages/checkouts/clerk-ios/Sources/Clerk/Utils/JSONEncoder+Ext.swift /Users/nathanfennel/Library/Developer/Xcode/DerivedData/CardOnCue-fafaiynmhqufqpbfjacxswbpzioe/SourcePackages/checkouts/clerk-ios/Sources/Clerk/Utils/JWTDecoder.swift /Users/nathanfennel/Library/Developer/Xcode/DerivedData/CardOnCue-fafaiynmhqufqpbfjacxswbpzioe/SourcePackages/checkouts/clerk-ios/Sources/Clerk/Utils/LocaleUtils.swift /Users/nathanfennel/Library/Developer/Xcode/DerivedData/CardOnCue-fafaiynmhqufqpbfjacxswbpzioe/SourcePackages/checkouts/clerk-ios/Sources/Clerk/Utils/Optional+String.swift /Users/nathanfennel/Library/Developer/Xcode/DerivedData/CardOnCue-fafaiynmhqufqpbfjacxswbpzioe/SourcePackages/checkouts/clerk-ios/Sources/Clerk/Utils/Protected.swift /Users/nathanfennel/Library/Developer/Xcode/DerivedData/CardOnCue-fafaiynmhqufqpbfjacxswbpzioe/SourcePackages/checkouts/clerk-ios/Sources/Clerk/Utils/ProxyConfiguration.swift /Users/nathanfennel/Library/Developer/Xcode/DerivedData/CardOnCue-fafaiynmhqufqpbfjacxswbpzioe/SourcePackages/checkouts/clerk-ios/Sources/Clerk/Utils/String+Base64.swift /Users/nathanfennel/Library/Developer/Xcode/DerivedData/CardOnCue-fafaiynmhqufqpbfjacxswbpzioe/SourcePackages/checkouts/clerk-ios/Sources/Clerk/Utils/String+Ext.swift /Users/nathanfennel/Library/Developer/Xcode/DerivedData/CardOnCue-fafaiynmhqufqpbfjacxswbpzioe/SourcePackages/checkouts/clerk-ios/Sources/Clerk/Utils/String+JSON.swift /Users/nathanfennel/Library/Developer/Xcode/DerivedData/CardOnCue-fafaiynmhqufqpbfjacxswbpzioe/SourcePackages/checkouts/clerk-ios/Sources/Clerk/Utils/URLEncodedFormEncoder.swift /Users/nathanfennel/Library/Developer/Xcode/DerivedData/CardOnCue-fafaiynmhqufqpbfjacxswbpzioe/SourcePackages/checkouts/clerk-ios/Sources/Clerk/Utils/UserDefaults+Sendable.swift /Users/nathanfennel/Library/Developer/Xcode/DerivedData/CardOnCue-fafaiynmhqufqpbfjacxswbpzioe/SourcePackages/checkouts/clerk-ios/Sources/Clerk/Utils/Version.swift /Users/nathanfennel/Library/Developer/Xcode/DerivedData/CardOnCue-fafaiynmhqufqpbfjacxswbpzioe/SourcePackages/checkouts/clerk-ios/Sources/Clerk/Utils/WebAuthentication.swift /Users/nathanfennel/Library/Developer/Xcode/DerivedData/CardOnCue-fafaiynmhqufqpbfjacxswbpzioe/Build/Intermediates.noindex/Clerk.build/Debug-iphonesimulator/Clerk.build/DerivedSources/GeneratedAssetSymbols.swift /Users/nathanfennel/Library/Developer/Xcode/DerivedData/CardOnCue-fafaiynmhqufqpbfjacxswbpzioe/Build/Intermediates.noindex/Clerk.build/Debug-iphonesimulator/Clerk.build/DerivedSources/GeneratedStringSymbols_Localizable.swift (in target 'Clerk' from project 'Clerk')

SwiftCompile normal arm64 /Users/nathanfennel/Library/Developer/Xcode/DerivedData/CardOnCue-fafaiynmhqufqpbfjacxswbpzioe/SourcePackages/checkouts/clerk-ios/Sources/Clerk/Telemetry/TelemetryTypes.swift (in target 'Clerk' from project 'Clerk')
    cd /Users/nathanfennel/Documents/GitHub/CardOnCue/CardOnCue.xcodeproj
    

SwiftCompile normal arm64 /Users/nathanfennel/Library/Developer/Xcode/DerivedData/CardOnCue-fafaiynmhqufqpbfjacxswbpzioe/SourcePackages/checkouts/clerk-ios/Sources/Clerk/Utils/ClerkLogger.swift (in target 'Clerk' from project 'Clerk')
    cd /Users/nathanfennel/Documents/GitHub/CardOnCue/CardOnCue.xcodeproj
    

SwiftCompile normal arm64 /Users/nathanfennel/Library/Developer/Xcode/DerivedData/CardOnCue-fafaiynmhqufqpbfjacxswbpzioe/SourcePackages/checkouts/clerk-ios/Sources/Clerk/Utils/DeepLinkHandler.swift (in target 'Clerk' from project 'Clerk')
    cd /Users/nathanfennel/Documents/GitHub/CardOnCue/CardOnCue.xcodeproj
    

SwiftCompile normal arm64 /Users/nathanfennel/Library/Developer/Xcode/DerivedData/CardOnCue-fafaiynmhqufqpbfjacxswbpzioe/SourcePackages/checkouts/clerk-ios/Sources/Clerk/Utils/DeviceID.swift (in target 'Clerk' from project 'Clerk')
    cd /Users/nathanfennel/Documents/GitHub/CardOnCue/CardOnCue.xcodeproj
    

SwiftCompile normal arm64 /Users/nathanfennel/Library/Developer/Xcode/DerivedData/CardOnCue-fafaiynmhqufqpbfjacxswbpzioe/SourcePackages/checkouts/clerk-ios/Sources/Clerk/Utils/EventEmitter.swift (in target 'Clerk' from project 'Clerk')
    cd /Users/nathanfennel/Documents/GitHub/CardOnCue/CardOnCue.xcodeproj
    

SwiftCompile normal arm64 /Users/nathanfennel/Library/Developer/Xcode/DerivedData/CardOnCue-fafaiynmhqufqpbfjacxswbpzioe/SourcePackages/checkouts/clerk-ios/Sources/Clerk/Utils/ExternalAuthUtils.swift (in target 'Clerk' from project 'Clerk')
    cd /Users/nathanfennel/Documents/GitHub/CardOnCue/CardOnCue.xcodeproj
    

SwiftCompile normal arm64 /Users/nathanfennel/Library/Developer/Xcode/DerivedData/CardOnCue-fafaiynmhqufqpbfjacxswbpzioe/SourcePackages/checkouts/clerk-ios/Sources/Clerk/Utils/HTTPURLResponse+Ext.swift (in target 'Clerk' from project 'Clerk')
    cd /Users/nathanfennel/Documents/GitHub/CardOnCue/CardOnCue.xcodeproj
    

SwiftCompile normal arm64 /Users/nathanfennel/Library/Developer/Xcode/DerivedData/CardOnCue-fafaiynmhqufqpbfjacxswbpzioe/SourcePackages/checkouts/clerk-ios/Sources/Clerk/Utils/JSON.swift (in target 'Clerk' from project 'Clerk')
    cd /Users/nathanfennel/Documents/GitHub/CardOnCue/CardOnCue.xcodeproj
    

SwiftCompile normal arm64 /Users/nathanfennel/Library/Developer/Xcode/DerivedData/CardOnCue-fafaiynmhqufqpbfjacxswbpzioe/SourcePackages/checkouts/clerk-ios/Sources/Clerk/Utils/JSONDecoder+Ext.swift (in target 'Clerk' from project 'Clerk')
    cd /Users/nathanfennel/Documents/GitHub/CardOnCue/CardOnCue.xcodeproj
    

SwiftCompile normal arm64 /Users/nathanfennel/Library/Developer/Xcode/DerivedData/CardOnCue-fafaiynmhqufqpbfjacxswbpzioe/SourcePackages/checkouts/clerk-ios/Sources/Clerk/Utils/JSONEncoder+Ext.swift (in target 'Clerk' from project 'Clerk')
    cd /Users/nathanfennel/Documents/GitHub/CardOnCue/CardOnCue.xcodeproj
    

SwiftCompile normal arm64 /Users/nathanfennel/Library/Developer/Xcode/DerivedData/CardOnCue-fafaiynmhqufqpbfjacxswbpzioe/SourcePackages/checkouts/clerk-ios/Sources/Clerk/Utils/JWTDecoder.swift (in target 'Clerk' from project 'Clerk')
    cd /Users/nathanfennel/Documents/GitHub/CardOnCue/CardOnCue.xcodeproj
    

SwiftCompile normal arm64 /Users/nathanfennel/Library/Developer/Xcode/DerivedData/CardOnCue-fafaiynmhqufqpbfjacxswbpzioe/SourcePackages/checkouts/clerk-ios/Sources/Clerk/Utils/LocaleUtils.swift (in target 'Clerk' from project 'Clerk')
    cd /Users/nathanfennel/Documents/GitHub/CardOnCue/CardOnCue.xcodeproj
    

SwiftCompile normal arm64 /Users/nathanfennel/Library/Developer/Xcode/DerivedData/CardOnCue-fafaiynmhqufqpbfjacxswbpzioe/SourcePackages/checkouts/clerk-ios/Sources/Clerk/Utils/Optional+String.swift (in target 'Clerk' from project 'Clerk')
    cd /Users/nathanfennel/Documents/GitHub/CardOnCue/CardOnCue.xcodeproj
    

SwiftCompile normal arm64 /Users/nathanfennel/Library/Developer/Xcode/DerivedData/CardOnCue-fafaiynmhqufqpbfjacxswbpzioe/SourcePackages/checkouts/clerk-ios/Sources/Clerk/Utils/Protected.swift (in target 'Clerk' from project 'Clerk')
    cd /Users/nathanfennel/Documents/GitHub/CardOnCue/CardOnCue.xcodeproj
    

SwiftCompile normal arm64 /Users/nathanfennel/Library/Developer/Xcode/DerivedData/CardOnCue-fafaiynmhqufqpbfjacxswbpzioe/SourcePackages/checkouts/clerk-ios/Sources/Clerk/Utils/ProxyConfiguration.swift (in target 'Clerk' from project 'Clerk')
    cd /Users/nathanfennel/Documents/GitHub/CardOnCue/CardOnCue.xcodeproj
    

SwiftCompile normal arm64 /Users/nathanfennel/Library/Developer/Xcode/DerivedData/CardOnCue-fafaiynmhqufqpbfjacxswbpzioe/SourcePackages/checkouts/clerk-ios/Sources/Clerk/Utils/String+Base64.swift (in target 'Clerk' from project 'Clerk')
    cd /Users/nathanfennel/Documents/GitHub/CardOnCue/CardOnCue.xcodeproj
    

SwiftCompile normal arm64 /Users/nathanfennel/Library/Developer/Xcode/DerivedData/CardOnCue-fafaiynmhqufqpbfjacxswbpzioe/SourcePackages/checkouts/clerk-ios/Sources/Clerk/Utils/String+Ext.swift (in target 'Clerk' from project 'Clerk')
    cd /Users/nathanfennel/Documents/GitHub/CardOnCue/CardOnCue.xcodeproj
    

SwiftCompile normal arm64 /Users/nathanfennel/Library/Developer/Xcode/DerivedData/CardOnCue-fafaiynmhqufqpbfjacxswbpzioe/SourcePackages/checkouts/clerk-ios/Sources/Clerk/Utils/String+JSON.swift (in target 'Clerk' from project 'Clerk')
    cd /Users/nathanfennel/Documents/GitHub/CardOnCue/CardOnCue.xcodeproj
    

SwiftCompile normal arm64 /Users/nathanfennel/Library/Developer/Xcode/DerivedData/CardOnCue-fafaiynmhqufqpbfjacxswbpzioe/SourcePackages/checkouts/clerk-ios/Sources/Clerk/Utils/URLEncodedFormEncoder.swift (in target 'Clerk' from project 'Clerk')
    cd /Users/nathanfennel/Documents/GitHub/CardOnCue/CardOnCue.xcodeproj
    

SwiftCompile normal arm64 /Users/nathanfennel/Library/Developer/Xcode/DerivedData/CardOnCue-fafaiynmhqufqpbfjacxswbpzioe/SourcePackages/checkouts/clerk-ios/Sources/Clerk/Utils/UserDefaults+Sendable.swift (in target 'Clerk' from project 'Clerk')
    cd /Users/nathanfennel/Documents/GitHub/CardOnCue/CardOnCue.xcodeproj
    

SwiftCompile normal arm64 /Users/nathanfennel/Library/Developer/Xcode/DerivedData/CardOnCue-fafaiynmhqufqpbfjacxswbpzioe/SourcePackages/checkouts/clerk-ios/Sources/Clerk/Utils/Version.swift (in target 'Clerk' from project 'Clerk')
    cd /Users/nathanfennel/Documents/GitHub/CardOnCue/CardOnCue.xcodeproj
    

SwiftCompile normal arm64 /Users/nathanfennel/Library/Developer/Xcode/DerivedData/CardOnCue-fafaiynmhqufqpbfjacxswbpzioe/SourcePackages/checkouts/clerk-ios/Sources/Clerk/Utils/WebAuthentication.swift (in target 'Clerk' from project 'Clerk')
    cd /Users/nathanfennel/Documents/GitHub/CardOnCue/CardOnCue.xcodeproj
    

SwiftCompile normal arm64 /Users/nathanfennel/Library/Developer/Xcode/DerivedData/CardOnCue-fafaiynmhqufqpbfjacxswbpzioe/Build/Intermediates.noindex/Clerk.build/Debug-iphonesimulator/Clerk.build/DerivedSources/GeneratedAssetSymbols.swift (in target 'Clerk' from project 'Clerk')
    cd /Users/nathanfennel/Documents/GitHub/CardOnCue/CardOnCue.xcodeproj
    

SwiftCompile normal arm64 /Users/nathanfennel/Library/Developer/Xcode/DerivedData/CardOnCue-fafaiynmhqufqpbfjacxswbpzioe/Build/Intermediates.noindex/Clerk.build/Debug-iphonesimulator/Clerk.build/DerivedSources/GeneratedStringSymbols_Localizable.swift (in target 'Clerk' from project 'Clerk')
    cd /Users/nathanfennel/Documents/GitHub/CardOnCue/CardOnCue.xcodeproj
    

SwiftDriverJobDiscovery normal arm64 Emitting module for Clerk (in target 'Clerk' from project 'Clerk')

SwiftDriver\ Compilation\ Requirements Clerk normal arm64 com.apple.xcode.tools.swift.compiler (in target 'Clerk' from project 'Clerk')
    cd /Users/nathanfennel/Documents/GitHub/CardOnCue/CardOnCue.xcodeproj
    builtin-Swift-Compilation-Requirements -- /Applications/Xcode.app/Contents/Developer/Toolchains/XcodeDefault.xctoolchain/usr/bin/swiftc -module-name Clerk -Onone -enforce-exclusivity\=checked @/Users/nathanfennel/Library/Developer/Xcode/DerivedData/CardOnCue-fafaiynmhqufqpbfjacxswbpzioe/Build/Intermediates.noindex/Clerk.build/Debug-iphonesimulator/Clerk.build/Objects-normal/arm64/Clerk.SwiftFileList -DSWIFT_PACKAGE -DDEBUG -DSWIFT_MODULE_RESOURCE_BUNDLE_AVAILABLE -DXcode -enable-experimental-feature StrictConcurrency -plugin-path /Applications/Xcode.app/Contents/Developer/Toolchains/XcodeDefault.xctoolchain/usr/lib/swift/host/plugins/testing -enable-experimental-feature DebugDescriptionMacro -sdk /Applications/Xcode.app/Contents/Developer/Platforms/iPhoneSimulator.platform/Developer/SDKs/iPhoneSimulator26.2.sdk -target arm64-apple-ios17.0-simulator -g -module-cache-path /Users/nathanfennel/Library/Developer/Xcode/DerivedData/ModuleCache.noindex -Xfrontend -serialize-debugging-options -profile-coverage-mapping -profile-generate -enable-testing -suppress-warnings -index-store-path /Users/nathanfennel/Library/Developer/Xcode/DerivedData/CardOnCue-fafaiynmhqufqpbfjacxswbpzioe/Index.noindex/DataStore -Xcc -D_LIBCPP_HARDENING_MODE\=_LIBCPP_HARDENING_MODE_DEBUG -swift-version 5 -I /Users/nathanfennel/Library/Developer/Xcode/DerivedData/CardOnCue-fafaiynmhqufqpbfjacxswbpzioe/Build/Products/Debug-iphonesimulator -Isystem /Applications/Xcode.app/Contents/Developer/Platforms/iPhoneSimulator.platform/Developer/usr/lib -F /Users/nathanfennel/Library/Developer/Xcode/DerivedData/CardOnCue-fafaiynmhqufqpbfjacxswbpzioe/Build/Products/Debug-iphonesimulator/PackageFrameworks -F /Users/nathanfennel/Library/Developer/Xcode/DerivedData/CardOnCue-fafaiynmhqufqpbfjacxswbpzioe/Build/Products/Debug-iphonesimulator/PackageFrameworks -F /Users/nathanfennel/Library/Developer/Xcode/DerivedData/CardOnCue-fafaiynmhqufqpbfjacxswbpzioe/Build/Products/Debug-iphonesimulator/PackageFrameworks -F /Users/nathanfennel/Library/Developer/Xcode/DerivedData/CardOnCue-fafaiynmhqufqpbfjacxswbpzioe/Build/Products/Debug-iphonesimulator/PackageFrameworks -F /Users/nathanfennel/Library/Developer/Xcode/DerivedData/CardOnCue-fafaiynmhqufqpbfjacxswbpzioe/Build/Products/Debug-iphonesimulator/PackageFrameworks -F /Users/nathanfennel/Library/Developer/Xcode/DerivedData/CardOnCue-fafaiynmhqufqpbfjacxswbpzioe/Build/Products/Debug-iphonesimulator -F /Applications/Xcode.app/Contents/Developer/Platforms/iPhoneSimulator.platform/Developer/Library/Frameworks -F /Applications/Xcode.app/Contents/Developer/Platforms/iPhoneSimulator.platform/Developer/SDKs/iPhoneSimulator26.2.sdk/Developer/Library/Frameworks -emit-localized-strings -emit-localized-strings-path /Users/nathanfennel/Library/Developer/Xcode/DerivedData/CardOnCue-fafaiynmhqufqpbfjacxswbpzioe/Build/Intermediates.noindex/Clerk.build/Debug-iphonesimulator/Clerk.build/Objects-normal/arm64 -c -j8 -enable-batch-mode -incremental -Xcc -ivfsstatcache -Xcc /Users/nathanfennel/Library/Developer/Xcode/DerivedData/SDKStatCaches.noindex/iphonesimulator26.2-23C53-7d00a8b37fbd7999ea79df8ebc024bf0.sdkstatcache -output-file-map /Users/nathanfennel/Library/Developer/Xcode/DerivedData/CardOnCue-fafaiynmhqufqpbfjacxswbpzioe/Build/Intermediates.noindex/Clerk.build/Debug-iphonesimulator/Clerk.build/Objects-normal/arm64/Clerk-OutputFileMap.json -use-frontend-parseable-output -save-temps -no-color-diagnostics -explicit-module-build -module-cache-path /Users/nathanfennel/Library/Developer/Xcode/DerivedData/CardOnCue-fafaiynmhqufqpbfjacxswbpzioe/Build/Intermediates.noindex/SwiftExplicitPrecompiledModules -clang-scanner-module-cache-path /Users/nathanfennel/Library/Developer/Xcode/DerivedData/ModuleCache.noindex -sdk-module-cache-path /Users/nathanfennel/Library/Developer/Xcode/DerivedData/ModuleCache.noindex -serialize-diagnostics -emit-dependencies -emit-module -emit-module-path /Users/nathanfennel/Library/Developer/Xcode/DerivedData/CardOnCue-fafaiynmhqufqpbfjacxswbpzioe/Build/Intermediates.noindex/Clerk.build/Debug-iphonesimulator/Clerk.build/Objects-normal/arm64/Clerk.swiftmodule -validate-clang-modules-once -clang-build-session-file /Users/nathanfennel/Library/Developer/Xcode/DerivedData/ModuleCache.noindex/Session.modulevalidation -package-name clerk_ios -Xcc -I/Users/nathanfennel/Library/Developer/Xcode/DerivedData/CardOnCue-fafaiynmhqufqpbfjacxswbpzioe/Build/Intermediates.noindex/Clerk.build/Debug-iphonesimulator/Clerk.build/swift-overrides.hmap -emit-const-values -Xfrontend -const-gather-protocols-file -Xfrontend /Users/nathanfennel/Library/Developer/Xcode/DerivedData/CardOnCue-fafaiynmhqufqpbfjacxswbpzioe/Build/Intermediates.noindex/Clerk.build/Debug-iphonesimulator/Clerk.build/Objects-normal/arm64/Clerk_const_extract_protocols.json -Xcc -I/Users/nathanfennel/Library/Developer/Xcode/DerivedData/CardOnCue-fafaiynmhqufqpbfjacxswbpzioe/Build/Products/Debug-iphonesimulator/include -Xcc -I/Users/nathanfennel/Library/Developer/Xcode/DerivedData/CardOnCue-fafaiynmhqufqpbfjacxswbpzioe/Build/Intermediates.noindex/Clerk.build/Debug-iphonesimulator/Clerk.build/DerivedSources-normal/arm64 -Xcc -I/Users/nathanfennel/Library/Developer/Xcode/DerivedData/CardOnCue-fafaiynmhqufqpbfjacxswbpzioe/Build/Intermediates.noindex/Clerk.build/Debug-iphonesimulator/Clerk.build/DerivedSources/arm64 -Xcc -I/Users/nathanfennel/Library/Developer/Xcode/DerivedData/CardOnCue-fafaiynmhqufqpbfjacxswbpzioe/Build/Intermediates.noindex/Clerk.build/Debug-iphonesimulator/Clerk.build/DerivedSources -Xcc -DSWIFT_PACKAGE -Xcc -DDEBUG\=1 -emit-objc-header -emit-objc-header-path /Users/nathanfennel/Library/Developer/Xcode/DerivedData/CardOnCue-fafaiynmhqufqpbfjacxswbpzioe/Build/Intermediates.noindex/Clerk.build/Debug-iphonesimulator/Clerk.build/Objects-normal/arm64/Clerk-Swift.h -working-directory /Users/nathanfennel/Documents/GitHub/CardOnCue/CardOnCue.xcodeproj -experimental-emit-module-separately -disable-cmo

SwiftDriverJobDiscovery normal arm64 Compiling SignInPrepareFirstFactorParams.swift, SignInPrepareSecondFactorParams.swift, SignInResetPasswordParams.swift, SignInService.swift, SignInStatus.swift, SignInUserData.swift, SignUp.swift, SignUpAttemptVerificationParams.swift, SignUpAuthenticateWithRedirectParams.swift, SignUpCreateParams.swift, SignUpPrepareVerificationParams.swift, SignUpService.swift, SignUpStatus.swift, TOTPResource.swift, TokenResource.swift, TransferFlowResult.swift, User.swift, UserService.swift, UserUpdateParams.swift, UserUpdatePasswordParams.swift, Verification.swift, TelemetryCollector.swift, TelemetryEnvironment.swift, TelemetryEvents.swift, TelemetryThrottler.swift (in target 'Clerk' from project 'Clerk')

SwiftMergeGeneratedHeaders /Users/nathanfennel/Library/Developer/Xcode/DerivedData/CardOnCue-fafaiynmhqufqpbfjacxswbpzioe/Build/Intermediates.noindex/GeneratedModuleMaps-iphonesimulator/Clerk-Swift.h /Users/nathanfennel/Library/Developer/Xcode/DerivedData/CardOnCue-fafaiynmhqufqpbfjacxswbpzioe/Build/Intermediates.noindex/Clerk.build/Debug-iphonesimulator/Clerk.build/Objects-normal/arm64/Clerk-Swift.h (in target 'Clerk' from project 'Clerk')
    cd /Users/nathanfennel/Library/Developer/Xcode/DerivedData/CardOnCue-fafaiynmhqufqpbfjacxswbpzioe/SourcePackages/checkouts/clerk-ios
    builtin-swiftHeaderTool -arch arm64 /Users/nathanfennel/Library/Developer/Xcode/DerivedData/CardOnCue-fafaiynmhqufqpbfjacxswbpzioe/Build/Intermediates.noindex/Clerk.build/Debug-iphonesimulator/Clerk.build/Objects-normal/arm64/Clerk-Swift.h -o /Users/nathanfennel/Library/Developer/Xcode/DerivedData/CardOnCue-fafaiynmhqufqpbfjacxswbpzioe/Build/Intermediates.noindex/GeneratedModuleMaps-iphonesimulator/Clerk-Swift.h

Copy /Users/nathanfennel/Library/Developer/Xcode/DerivedData/CardOnCue-fafaiynmhqufqpbfjacxswbpzioe/Build/Products/Debug-iphonesimulator/Clerk.swiftmodule/arm64-apple-ios-simulator.swiftmodule /Users/nathanfennel/Library/Developer/Xcode/DerivedData/CardOnCue-fafaiynmhqufqpbfjacxswbpzioe/Build/Intermediates.noindex/Clerk.build/Debug-iphonesimulator/Clerk.build/Objects-normal/arm64/Clerk.swiftmodule (in target 'Clerk' from project 'Clerk')
    cd /Users/nathanfennel/Library/Developer/Xcode/DerivedData/CardOnCue-fafaiynmhqufqpbfjacxswbpzioe/SourcePackages/checkouts/clerk-ios
    builtin-copy -exclude .DS_Store -exclude CVS -exclude .svn -exclude .git -exclude .hg -resolve-src-symlinks -rename /Users/nathanfennel/Library/Developer/Xcode/DerivedData/CardOnCue-fafaiynmhqufqpbfjacxswbpzioe/Build/Intermediates.noindex/Clerk.build/Debug-iphonesimulator/Clerk.build/Objects-normal/arm64/Clerk.swiftmodule /Users/nathanfennel/Library/Developer/Xcode/DerivedData/CardOnCue-fafaiynmhqufqpbfjacxswbpzioe/Build/Products/Debug-iphonesimulator/Clerk.swiftmodule/arm64-apple-ios-simulator.swiftmodule

Copy /Users/nathanfennel/Library/Developer/Xcode/DerivedData/CardOnCue-fafaiynmhqufqpbfjacxswbpzioe/Build/Products/Debug-iphonesimulator/Clerk.swiftmodule/arm64-apple-ios-simulator.swiftdoc /Users/nathanfennel/Library/Developer/Xcode/DerivedData/CardOnCue-fafaiynmhqufqpbfjacxswbpzioe/Build/Intermediates.noindex/Clerk.build/Debug-iphonesimulator/Clerk.build/Objects-normal/arm64/Clerk.swiftdoc (in target 'Clerk' from project 'Clerk')
    cd /Users/nathanfennel/Library/Developer/Xcode/DerivedData/CardOnCue-fafaiynmhqufqpbfjacxswbpzioe/SourcePackages/checkouts/clerk-ios
    builtin-copy -exclude .DS_Store -exclude CVS -exclude .svn -exclude .git -exclude .hg -resolve-src-symlinks -rename /Users/nathanfennel/Library/Developer/Xcode/DerivedData/CardOnCue-fafaiynmhqufqpbfjacxswbpzioe/Build/Intermediates.noindex/Clerk.build/Debug-iphonesimulator/Clerk.build/Objects-normal/arm64/Clerk.swiftdoc /Users/nathanfennel/Library/Developer/Xcode/DerivedData/CardOnCue-fafaiynmhqufqpbfjacxswbpzioe/Build/Products/Debug-iphonesimulator/Clerk.swiftmodule/arm64-apple-ios-simulator.swiftdoc

Copy /Users/nathanfennel/Library/Developer/Xcode/DerivedData/CardOnCue-fafaiynmhqufqpbfjacxswbpzioe/Build/Products/Debug-iphonesimulator/Clerk.swiftmodule/arm64-apple-ios-simulator.abi.json /Users/nathanfennel/Library/Developer/Xcode/DerivedData/CardOnCue-fafaiynmhqufqpbfjacxswbpzioe/Build/Intermediates.noindex/Clerk.build/Debug-iphonesimulator/Clerk.build/Objects-normal/arm64/Clerk.abi.json (in target 'Clerk' from project 'Clerk')
    cd /Users/nathanfennel/Library/Developer/Xcode/DerivedData/CardOnCue-fafaiynmhqufqpbfjacxswbpzioe/SourcePackages/checkouts/clerk-ios
    builtin-copy -exclude .DS_Store -exclude CVS -exclude .svn -exclude .git -exclude .hg -resolve-src-symlinks -rename /Users/nathanfennel/Library/Developer/Xcode/DerivedData/CardOnCue-fafaiynmhqufqpbfjacxswbpzioe/Build/Intermediates.noindex/Clerk.build/Debug-iphonesimulator/Clerk.build/Objects-normal/arm64/Clerk.abi.json /Users/nathanfennel/Library/Developer/Xcode/DerivedData/CardOnCue-fafaiynmhqufqpbfjacxswbpzioe/Build/Products/Debug-iphonesimulator/Clerk.swiftmodule/arm64-apple-ios-simulator.abi.json

Copy /Users/nathanfennel/Library/Developer/Xcode/DerivedData/CardOnCue-fafaiynmhqufqpbfjacxswbpzioe/Build/Products/Debug-iphonesimulator/Clerk.swiftmodule/Project/arm64-apple-ios-simulator.swiftsourceinfo /Users/nathanfennel/Library/Developer/Xcode/DerivedData/CardOnCue-fafaiynmhqufqpbfjacxswbpzioe/Build/Intermediates.noindex/Clerk.build/Debug-iphonesimulator/Clerk.build/Objects-normal/arm64/Clerk.swiftsourceinfo (in target 'Clerk' from project 'Clerk')
    cd /Users/nathanfennel/Library/Developer/Xcode/DerivedData/CardOnCue-fafaiynmhqufqpbfjacxswbpzioe/SourcePackages/checkouts/clerk-ios
    builtin-copy -exclude .DS_Store -exclude CVS -exclude .svn -exclude .git -exclude .hg -resolve-src-symlinks -rename /Users/nathanfennel/Library/Developer/Xcode/DerivedData/CardOnCue-fafaiynmhqufqpbfjacxswbpzioe/Build/Intermediates.noindex/Clerk.build/Debug-iphonesimulator/Clerk.build/Objects-normal/arm64/Clerk.swiftsourceinfo /Users/nathanfennel/Library/Developer/Xcode/DerivedData/CardOnCue-fafaiynmhqufqpbfjacxswbpzioe/Build/Products/Debug-iphonesimulator/Clerk.swiftmodule/Project/arm64-apple-ios-simulator.swiftsourceinfo

ProcessProductPackaging /Users/nathanfennel/Documents/GitHub/CardOnCue/CardOnCue/CardOnCue.entitlements /Users/nathanfennel/Library/Developer/Xcode/DerivedData/CardOnCue-fafaiynmhqufqpbfjacxswbpzioe/Build/Intermediates.noindex/CardOnCue.build/Debug-iphonesimulator/CardOnCue.build/CardOnCue.app.xcent (in target 'CardOnCue' from project 'CardOnCue')
    cd /Users/nathanfennel/Documents/GitHub/CardOnCue
    
    Entitlements:
    
    {
}
    
    builtin-productPackagingUtility /Users/nathanfennel/Documents/GitHub/CardOnCue/CardOnCue/CardOnCue.entitlements -entitlements -format xml -o /Users/nathanfennel/Library/Developer/Xcode/DerivedData/CardOnCue-fafaiynmhqufqpbfjacxswbpzioe/Build/Intermediates.noindex/CardOnCue.build/Debug-iphonesimulator/CardOnCue.build/CardOnCue.app.xcent

ProcessProductPackaging /Users/nathanfennel/Documents/GitHub/CardOnCue/CardOnCue/CardOnCue.entitlements /Users/nathanfennel/Library/Developer/Xcode/DerivedData/CardOnCue-fafaiynmhqufqpbfjacxswbpzioe/Build/Intermediates.noindex/CardOnCue.build/Debug-iphonesimulator/CardOnCue.build/CardOnCue.app-Simulated.xcent (in target 'CardOnCue' from project 'CardOnCue')
    cd /Users/nathanfennel/Documents/GitHub/CardOnCue
    
    Entitlements:
    
    {
    "application-identifier" = "EJLR2RPSV2.com.nathanfennel.CardOnCue";
    "aps-environment" = development;
    "com.apple.developer.associated-domains" =     (
        "webcredentials:guiding-wren-94.clerk.accounts.dev"
    );
    "com.apple.developer.icloud-container-identifiers" =     (
        "iCloud.com.cardoncue.app"
    );
    "com.apple.developer.icloud-services" =     (
        CloudKit
    );
}
    
    builtin-productPackagingUtility /Users/nathanfennel/Documents/GitHub/CardOnCue/CardOnCue/CardOnCue.entitlements -entitlements -format xml -o /Users/nathanfennel/Library/Developer/Xcode/DerivedData/CardOnCue-fafaiynmhqufqpbfjacxswbpzioe/Build/Intermediates.noindex/CardOnCue.build/Debug-iphonesimulator/CardOnCue.build/CardOnCue.app-Simulated.xcent

ProcessProductPackagingDER /Users/nathanfennel/Library/Developer/Xcode/DerivedData/CardOnCue-fafaiynmhqufqpbfjacxswbpzioe/Build/Intermediates.noindex/CardOnCue.build/Debug-iphonesimulator/CardOnCue.build/CardOnCue.app.xcent /Users/nathanfennel/Library/Developer/Xcode/DerivedData/CardOnCue-fafaiynmhqufqpbfjacxswbpzioe/Build/Intermediates.noindex/CardOnCue.build/Debug-iphonesimulator/CardOnCue.build/CardOnCue.app.xcent.der (in target 'CardOnCue' from project 'CardOnCue')
    cd /Users/nathanfennel/Documents/GitHub/CardOnCue
    /usr/bin/derq query -f xml -i /Users/nathanfennel/Library/Developer/Xcode/DerivedData/CardOnCue-fafaiynmhqufqpbfjacxswbpzioe/Build/Intermediates.noindex/CardOnCue.build/Debug-iphonesimulator/CardOnCue.build/CardOnCue.app.xcent -o /Users/nathanfennel/Library/Developer/Xcode/DerivedData/CardOnCue-fafaiynmhqufqpbfjacxswbpzioe/Build/Intermediates.noindex/CardOnCue.build/Debug-iphonesimulator/CardOnCue.build/CardOnCue.app.xcent.der --raw

ProcessProductPackagingDER /Users/nathanfennel/Library/Developer/Xcode/DerivedData/CardOnCue-fafaiynmhqufqpbfjacxswbpzioe/Build/Intermediates.noindex/CardOnCue.build/Debug-iphonesimulator/CardOnCue.build/CardOnCue.app-Simulated.xcent /Users/nathanfennel/Library/Developer/Xcode/DerivedData/CardOnCue-fafaiynmhqufqpbfjacxswbpzioe/Build/Intermediates.noindex/CardOnCue.build/Debug-iphonesimulator/CardOnCue.build/CardOnCue.app-Simulated.xcent.der (in target 'CardOnCue' from project 'CardOnCue')
    cd /Users/nathanfennel/Documents/GitHub/CardOnCue
    /usr/bin/derq query -f xml -i /Users/nathanfennel/Library/Developer/Xcode/DerivedData/CardOnCue-fafaiynmhqufqpbfjacxswbpzioe/Build/Intermediates.noindex/CardOnCue.build/Debug-iphonesimulator/CardOnCue.build/CardOnCue.app-Simulated.xcent -o /Users/nathanfennel/Library/Developer/Xcode/DerivedData/CardOnCue-fafaiynmhqufqpbfjacxswbpzioe/Build/Intermediates.noindex/CardOnCue.build/Debug-iphonesimulator/CardOnCue.build/CardOnCue.app-Simulated.xcent.der --raw

MkDir /Users/nathanfennel/Library/Developer/Xcode/DerivedData/CardOnCue-fafaiynmhqufqpbfjacxswbpzioe/Build/Intermediates.noindex/CardOnCue.build/Debug-iphonesimulator/CardOnCue.build/assetcatalog_output/unthinned (in target 'CardOnCue' from project 'CardOnCue')
    cd /Users/nathanfennel/Documents/GitHub/CardOnCue
    /bin/mkdir -p /Users/nathanfennel/Library/Developer/Xcode/DerivedData/CardOnCue-fafaiynmhqufqpbfjacxswbpzioe/Build/Intermediates.noindex/CardOnCue.build/Debug-iphonesimulator/CardOnCue.build/assetcatalog_output/unthinned

MkDir /Users/nathanfennel/Library/Developer/Xcode/DerivedData/CardOnCue-fafaiynmhqufqpbfjacxswbpzioe/Build/Intermediates.noindex/CardOnCue.build/Debug-iphonesimulator/CardOnCue.build/assetcatalog_output/thinned (in target 'CardOnCue' from project 'CardOnCue')
    cd /Users/nathanfennel/Documents/GitHub/CardOnCue
    /bin/mkdir -p /Users/nathanfennel/Library/Developer/Xcode/DerivedData/CardOnCue-fafaiynmhqufqpbfjacxswbpzioe/Build/Intermediates.noindex/CardOnCue.build/Debug-iphonesimulator/CardOnCue.build/assetcatalog_output/thinned

GenerateAssetSymbols /Users/nathanfennel/Documents/GitHub/CardOnCue/CardOnCue/Assets.xcassets (in target 'CardOnCue' from project 'CardOnCue')
    cd /Users/nathanfennel/Documents/GitHub/CardOnCue
    /Applications/Xcode.app/Contents/Developer/usr/bin/actool /Users/nathanfennel/Documents/GitHub/CardOnCue/CardOnCue/Assets.xcassets --compile /Users/nathanfennel/Library/Developer/Xcode/DerivedData/CardOnCue-fafaiynmhqufqpbfjacxswbpzioe/Build/Products/Debug-iphonesimulator/CardOnCue.app --output-format human-readable-text --notices --warnings --export-dependency-info /Users/nathanfennel/Library/Developer/Xcode/DerivedData/CardOnCue-fafaiynmhqufqpbfjacxswbpzioe/Build/Intermediates.noindex/CardOnCue.build/Debug-iphonesimulator/CardOnCue.build/assetcatalog_dependencies --output-partial-info-plist /Users/nathanfennel/Library/Developer/Xcode/DerivedData/CardOnCue-fafaiynmhqufqpbfjacxswbpzioe/Build/Intermediates.noindex/CardOnCue.build/Debug-iphonesimulator/CardOnCue.build/assetcatalog_generated_info.plist --app-icon AppIcon --accent-color AccentColor --compress-pngs --enable-on-demand-resources YES --development-region en --target-device iphone --target-device ipad --minimum-deployment-target 17.6 --platform iphonesimulator --bundle-identifier com.nathanfennel.CardOnCue --generate-swift-asset-symbols /Users/nathanfennel/Library/Developer/Xcode/DerivedData/CardOnCue-fafaiynmhqufqpbfjacxswbpzioe/Build/Intermediates.noindex/CardOnCue.build/Debug-iphonesimulator/CardOnCue.build/DerivedSources/GeneratedAssetSymbols.swift --generate-objc-asset-symbols /Users/nathanfennel/Library/Developer/Xcode/DerivedData/CardOnCue-fafaiynmhqufqpbfjacxswbpzioe/Build/Intermediates.noindex/CardOnCue.build/Debug-iphonesimulator/CardOnCue.build/DerivedSources/GeneratedAssetSymbols.h --generate-asset-symbol-index /Users/nathanfennel/Library/Developer/Xcode/DerivedData/CardOnCue-fafaiynmhqufqpbfjacxswbpzioe/Build/Intermediates.noindex/CardOnCue.build/Debug-iphonesimulator/CardOnCue.build/DerivedSources/GeneratedAssetSymbols-Index.plist
/* com.apple.actool.compilation-results */
/Users/nathanfennel/Library/Developer/Xcode/DerivedData/CardOnCue-fafaiynmhqufqpbfjacxswbpzioe/Build/Intermediates.noindex/CardOnCue.build/Debug-iphonesimulator/CardOnCue.build/DerivedSources/GeneratedAssetSymbols-Index.plist
/Users/nathanfennel/Library/Developer/Xcode/DerivedData/CardOnCue-fafaiynmhqufqpbfjacxswbpzioe/Build/Intermediates.noindex/CardOnCue.build/Debug-iphonesimulator/CardOnCue.build/DerivedSources/GeneratedAssetSymbols.h
/Users/nathanfennel/Library/Developer/Xcode/DerivedData/CardOnCue-fafaiynmhqufqpbfjacxswbpzioe/Build/Intermediates.noindex/CardOnCue.build/Debug-iphonesimulator/CardOnCue.build/DerivedSources/GeneratedAssetSymbols.swift


CompileAssetCatalogVariant thinned /Users/nathanfennel/Library/Developer/Xcode/DerivedData/CardOnCue-fafaiynmhqufqpbfjacxswbpzioe/Build/Products/Debug-iphonesimulator/CardOnCue.app /Users/nathanfennel/Documents/GitHub/CardOnCue/CardOnCue/Assets.xcassets (in target 'CardOnCue' from project 'CardOnCue')
    cd /Users/nathanfennel/Documents/GitHub/CardOnCue
    /Applications/Xcode.app/Contents/Developer/usr/bin/actool /Users/nathanfennel/Documents/GitHub/CardOnCue/CardOnCue/Assets.xcassets --compile /Users/nathanfennel/Library/Developer/Xcode/DerivedData/CardOnCue-fafaiynmhqufqpbfjacxswbpzioe/Build/Intermediates.noindex/CardOnCue.build/Debug-iphonesimulator/CardOnCue.build/assetcatalog_output/thinned --output-format human-readable-text --notices --warnings --export-dependency-info /Users/nathanfennel/Library/Developer/Xcode/DerivedData/CardOnCue-fafaiynmhqufqpbfjacxswbpzioe/Build/Intermediates.noindex/CardOnCue.build/Debug-iphonesimulator/CardOnCue.build/assetcatalog_dependencies_thinned --output-partial-info-plist /Users/nathanfennel/Library/Developer/Xcode/DerivedData/CardOnCue-fafaiynmhqufqpbfjacxswbpzioe/Build/Intermediates.noindex/CardOnCue.build/Debug-iphonesimulator/CardOnCue.build/assetcatalog_generated_info.plist_thinned --app-icon AppIcon --accent-color AccentColor --compress-pngs --enable-on-demand-resources YES --filter-for-thinning-device-configuration iPhone18,1 --filter-for-device-os-version 26.2 --development-region en --target-device iphone --target-device ipad --minimum-deployment-target 17.6 --platform iphonesimulator
/* com.apple.actool.compilation-results */
/Users/nathanfennel/Library/Developer/Xcode/DerivedData/CardOnCue-fafaiynmhqufqpbfjacxswbpzioe/Build/Intermediates.noindex/CardOnCue.build/Debug-iphonesimulator/CardOnCue.build/assetcatalog_generated_info.plist_thinned
/Users/nathanfennel/Library/Developer/Xcode/DerivedData/CardOnCue-fafaiynmhqufqpbfjacxswbpzioe/Build/Intermediates.noindex/CardOnCue.build/Debug-iphonesimulator/CardOnCue.build/assetcatalog_output/thinned/AppIcon60x60@2x.png
/Users/nathanfennel/Library/Developer/Xcode/DerivedData/CardOnCue-fafaiynmhqufqpbfjacxswbpzioe/Build/Intermediates.noindex/CardOnCue.build/Debug-iphonesimulator/CardOnCue.build/assetcatalog_output/thinned/AppIcon76x76@2x~ipad.png
/Users/nathanfennel/Library/Developer/Xcode/DerivedData/CardOnCue-fafaiynmhqufqpbfjacxswbpzioe/Build/Intermediates.noindex/CardOnCue.build/Debug-iphonesimulator/CardOnCue.build/assetcatalog_output/thinned/Assets.car


SwiftDriverJobDiscovery normal arm64 Compiling View+HiddenTextField.swift, View+OnFirstAppear.swift, View+PreGlass.swift, View+TaskOnce.swift, ClerkButtonConfig.swift, NegativeButtonStyle.swift, PressedBackgroundButtonStyle.swift, PrimaryButtonStyle.swift, SecondaryButtonStyle.swift, ClerkColors.swift, ClerkDesign.swift, ClerkFonts.swift, ClerkTheme.swift, ClerkThemes.swift, RemoveResource.swift, SignInWithAppleUtils.swift, AppAttestHelper.swift, PasskeyHelper.swift, SignInWithAppleHelper.swift, BackupCodeResource.swift, Clerk.swift, ClerkService.swift, ClerkSettings.swift, KeychainConfig.swift, RedirectConfig.swift (in target 'Clerk' from project 'Clerk')

SwiftDriver CardOnCue normal arm64 com.apple.xcode.tools.swift.compiler (in target 'CardOnCue' from project 'CardOnCue')
    cd /Users/nathanfennel/Documents/GitHub/CardOnCue
    builtin-SwiftDriver -- /Applications/Xcode.app/Contents/Developer/Toolchains/XcodeDefault.xctoolchain/usr/bin/swiftc -module-name CardOnCue -Onone -enforce-exclusivity\=checked @/Users/nathanfennel/Library/Developer/Xcode/DerivedData/CardOnCue-fafaiynmhqufqpbfjacxswbpzioe/Build/Intermediates.noindex/CardOnCue.build/Debug-iphonesimulator/CardOnCue.build/Objects-normal/arm64/CardOnCue.SwiftFileList -DDEBUG -default-isolation\=MainActor -enable-bare-slash-regex -enable-upcoming-feature DisableOutwardActorInference -enable-upcoming-feature InferSendableFromCaptures -enable-upcoming-feature GlobalActorIsolatedTypesUsability -enable-upcoming-feature MemberImportVisibility -enable-upcoming-feature InferIsolatedConformances -enable-upcoming-feature NonisolatedNonsendingByDefault -enable-experimental-feature DebugDescriptionMacro -sdk /Applications/Xcode.app/Contents/Developer/Platforms/iPhoneSimulator.platform/Developer/SDKs/iPhoneSimulator26.2.sdk -target arm64-apple-ios17.6-simulator -g -module-cache-path /Users/nathanfennel/Library/Developer/Xcode/DerivedData/ModuleCache.noindex -Xfrontend -serialize-debugging-options -profile-coverage-mapping -profile-generate -enable-testing -index-store-path /Users/nathanfennel/Library/Developer/Xcode/DerivedData/CardOnCue-fafaiynmhqufqpbfjacxswbpzioe/Index.noindex/DataStore -Xcc -D_LIBCPP_HARDENING_MODE\=_LIBCPP_HARDENING_MODE_DEBUG -swift-version 5 -I /Users/nathanfennel/Library/Developer/Xcode/DerivedData/CardOnCue-fafaiynmhqufqpbfjacxswbpzioe/Build/Products/Debug-iphonesimulator -F /Users/nathanfennel/Library/Developer/Xcode/DerivedData/CardOnCue-fafaiynmhqufqpbfjacxswbpzioe/Build/Products/Debug-iphonesimulator/PackageFrameworks -F /Users/nathanfennel/Library/Developer/Xcode/DerivedData/CardOnCue-fafaiynmhqufqpbfjacxswbpzioe/Build/Products/Debug-iphonesimulator/PackageFrameworks -F /Users/nathanfennel/Library/Developer/Xcode/DerivedData/CardOnCue-fafaiynmhqufqpbfjacxswbpzioe/Build/Products/Debug-iphonesimulator/PackageFrameworks -F /Users/nathanfennel/Library/Developer/Xcode/DerivedData/CardOnCue-fafaiynmhqufqpbfjacxswbpzioe/Build/Products/Debug-iphonesimulator/PackageFrameworks -F /Users/nathanfennel/Library/Developer/Xcode/DerivedData/CardOnCue-fafaiynmhqufqpbfjacxswbpzioe/Build/Products/Debug-iphonesimulator/PackageFrameworks -F /Users/nathanfennel/Library/Developer/Xcode/DerivedData/CardOnCue-fafaiynmhqufqpbfjacxswbpzioe/Build/Products/Debug-iphonesimulator/PackageFrameworks -F /Users/nathanfennel/Library/Developer/Xcode/DerivedData/CardOnCue-fafaiynmhqufqpbfjacxswbpzioe/Build/Products/Debug-iphonesimulator -emit-localized-strings -emit-localized-strings-path /Users/nathanfennel/Library/Developer/Xcode/DerivedData/CardOnCue-fafaiynmhqufqpbfjacxswbpzioe/Build/Intermediates.noindex/CardOnCue.build/Debug-iphonesimulator/CardOnCue.build/Objects-normal/arm64 -c -j8 -enable-batch-mode -incremental -Xcc -ivfsstatcache -Xcc /Users/nathanfennel/Library/Developer/Xcode/DerivedData/SDKStatCaches.noindex/iphonesimulator26.2-23C53-7d00a8b37fbd7999ea79df8ebc024bf0.sdkstatcache -output-file-map /Users/nathanfennel/Library/Developer/Xcode/DerivedData/CardOnCue-fafaiynmhqufqpbfjacxswbpzioe/Build/Intermediates.noindex/CardOnCue.build/Debug-iphonesimulator/CardOnCue.build/Objects-normal/arm64/CardOnCue-OutputFileMap.json -use-frontend-parseable-output -save-temps -no-color-diagnostics -explicit-module-build -module-cache-path /Users/nathanfennel/Library/Developer/Xcode/DerivedData/CardOnCue-fafaiynmhqufqpbfjacxswbpzioe/Build/Intermediates.noindex/SwiftExplicitPrecompiledModules -clang-scanner-module-cache-path /Users/nathanfennel/Library/Developer/Xcode/DerivedData/ModuleCache.noindex -sdk-module-cache-path /Users/nathanfennel/Library/Developer/Xcode/DerivedData/ModuleCache.noindex -serialize-diagnostics -emit-dependencies -emit-module -emit-module-path /Users/nathanfennel/Library/Developer/Xcode/DerivedData/CardOnCue-fafaiynmhqufqpbfjacxswbpzioe/Build/Intermediates.noindex/CardOnCue.build/Debug-iphonesimulator/CardOnCue.build/Objects-normal/arm64/CardOnCue.swiftmodule -validate-clang-modules-once -clang-build-session-file /Users/nathanfennel/Library/Developer/Xcode/DerivedData/ModuleCache.noindex/Session.modulevalidation -Xcc -I/Users/nathanfennel/Library/Developer/Xcode/DerivedData/CardOnCue-fafaiynmhqufqpbfjacxswbpzioe/Build/Intermediates.noindex/CardOnCue.build/Debug-iphonesimulator/CardOnCue.build/swift-overrides.hmap -emit-const-values -Xfrontend -const-gather-protocols-file -Xfrontend /Users/nathanfennel/Library/Developer/Xcode/DerivedData/CardOnCue-fafaiynmhqufqpbfjacxswbpzioe/Build/Intermediates.noindex/CardOnCue.build/Debug-iphonesimulator/CardOnCue.build/Objects-normal/arm64/CardOnCue_const_extract_protocols.json -Xcc -iquote -Xcc /Users/nathanfennel/Library/Developer/Xcode/DerivedData/CardOnCue-fafaiynmhqufqpbfjacxswbpzioe/Build/Intermediates.noindex/CardOnCue.build/Debug-iphonesimulator/CardOnCue.build/CardOnCue-generated-files.hmap -Xcc -I/Users/nathanfennel/Library/Developer/Xcode/DerivedData/CardOnCue-fafaiynmhqufqpbfjacxswbpzioe/Build/Intermediates.noindex/CardOnCue.build/Debug-iphonesimulator/CardOnCue.build/CardOnCue-own-target-headers.hmap -Xcc -I/Users/nathanfennel/Library/Developer/Xcode/DerivedData/CardOnCue-fafaiynmhqufqpbfjacxswbpzioe/Build/Intermediates.noindex/CardOnCue.build/Debug-iphonesimulator/CardOnCue.build/CardOnCue-all-non-framework-target-headers.hmap -Xcc -ivfsoverlay -Xcc /Users/nathanfennel/Library/Developer/Xcode/DerivedData/CardOnCue-fafaiynmhqufqpbfjacxswbpzioe/Build/Intermediates.noindex/CardOnCue.build/Debug-iphonesimulator/CardOnCue-34aa821186031dee62e343b10bd4ada7-VFS-iphonesimulator/all-product-headers.yaml -Xcc -iquote -Xcc /Users/nathanfennel/Library/Developer/Xcode/DerivedData/CardOnCue-fafaiynmhqufqpbfjacxswbpzioe/Build/Intermediates.noindex/CardOnCue.build/Debug-iphonesimulator/CardOnCue.build/CardOnCue-project-headers.hmap -Xcc -I/Users/nathanfennel/Library/Developer/Xcode/DerivedData/CardOnCue-fafaiynmhqufqpbfjacxswbpzioe/Build/Products/Debug-iphonesimulator/include -Xcc -I/Users/nathanfennel/Library/Developer/Xcode/DerivedData/CardOnCue-fafaiynmhqufqpbfjacxswbpzioe/Build/Intermediates.noindex/CardOnCue.build/Debug-iphonesimulator/CardOnCue.build/DerivedSources-normal/arm64 -Xcc -I/Users/nathanfennel/Library/Developer/Xcode/DerivedData/CardOnCue-fafaiynmhqufqpbfjacxswbpzioe/Build/Intermediates.noindex/CardOnCue.build/Debug-iphonesimulator/CardOnCue.build/DerivedSources/arm64 -Xcc -I/Users/nathanfennel/Library/Developer/Xcode/DerivedData/CardOnCue-fafaiynmhqufqpbfjacxswbpzioe/Build/Intermediates.noindex/CardOnCue.build/Debug-iphonesimulator/CardOnCue.build/DerivedSources -Xcc -DDEBUG\=1 -emit-objc-header -emit-objc-header-path /Users/nathanfennel/Library/Developer/Xcode/DerivedData/CardOnCue-fafaiynmhqufqpbfjacxswbpzioe/Build/Intermediates.noindex/CardOnCue.build/Debug-iphonesimulator/CardOnCue.build/Objects-normal/arm64/CardOnCue-Swift.h -working-directory /Users/nathanfennel/Documents/GitHub/CardOnCue -experimental-emit-module-separately -disable-cmo

SwiftDriverJobDiscovery normal arm64 Compiling resource_bundle_accessor.swift, ClerkAPIClient.swift, ClerkClientSyncRequestProcessor.swift, ClerkDeviceAssertionRetrier.swift, ClerkDeviceTokenRequestProcessor.swift, ClerkErrorThrowingRequestProcessor.swift, ClerkEventEmitterRequestProcessor.swift, ClerkHeaderRequestProcessor.swift, ClerkInvalidAuthRequestProcessor.swift, ClerkProxyRequestProcessor.swift, ClerkQueryItemsRequestProcessor.swift, ClerkURLEncodedFormEncoderRequestProcessor.swift, AppLogoView.swift, AsyncButton.swift, Badge.swift, ClerkFocusedBorder.swift, ClerkPhoneNumberField.swift, ClerkTextField.swift, DismissButton.swift, ErrorText.swift, ErrorView.swift, HeaderView.swift, IdentityPreviewView.swift, OTPField.swift, OverlayProgressView.swift (in target 'Clerk' from project 'Clerk')

LinkAssetCatalog /Users/nathanfennel/Documents/GitHub/CardOnCue/CardOnCue/Assets.xcassets (in target 'CardOnCue' from project 'CardOnCue')
    cd /Users/nathanfennel/Documents/GitHub/CardOnCue
    builtin-linkAssetCatalog --thinned /Users/nathanfennel/Library/Developer/Xcode/DerivedData/CardOnCue-fafaiynmhqufqpbfjacxswbpzioe/Build/Intermediates.noindex/CardOnCue.build/Debug-iphonesimulator/CardOnCue.build/assetcatalog_output/thinned --thinned-dependencies /Users/nathanfennel/Library/Developer/Xcode/DerivedData/CardOnCue-fafaiynmhqufqpbfjacxswbpzioe/Build/Intermediates.noindex/CardOnCue.build/Debug-iphonesimulator/CardOnCue.build/assetcatalog_dependencies_thinned --thinned-info-plist-content /Users/nathanfennel/Library/Developer/Xcode/DerivedData/CardOnCue-fafaiynmhqufqpbfjacxswbpzioe/Build/Intermediates.noindex/CardOnCue.build/Debug-iphonesimulator/CardOnCue.build/assetcatalog_generated_info.plist_thinned --unthinned /Users/nathanfennel/Library/Developer/Xcode/DerivedData/CardOnCue-fafaiynmhqufqpbfjacxswbpzioe/Build/Intermediates.noindex/CardOnCue.build/Debug-iphonesimulator/CardOnCue.build/assetcatalog_output/unthinned --unthinned-dependencies /Users/nathanfennel/Library/Developer/Xcode/DerivedData/CardOnCue-fafaiynmhqufqpbfjacxswbpzioe/Build/Intermediates.noindex/CardOnCue.build/Debug-iphonesimulator/CardOnCue.build/assetcatalog_dependencies_unthinned --unthinned-info-plist-content /Users/nathanfennel/Library/Developer/Xcode/DerivedData/CardOnCue-fafaiynmhqufqpbfjacxswbpzioe/Build/Intermediates.noindex/CardOnCue.build/Debug-iphonesimulator/CardOnCue.build/assetcatalog_generated_info.plist_unthinned --output /Users/nathanfennel/Library/Developer/Xcode/DerivedData/CardOnCue-fafaiynmhqufqpbfjacxswbpzioe/Build/Products/Debug-iphonesimulator/CardOnCue.app --plist-output /Users/nathanfennel/Library/Developer/Xcode/DerivedData/CardOnCue-fafaiynmhqufqpbfjacxswbpzioe/Build/Intermediates.noindex/CardOnCue.build/Debug-iphonesimulator/CardOnCue.build/assetcatalog_generated_info.plist
note: Emplaced /Users/nathanfennel/Library/Developer/Xcode/DerivedData/CardOnCue-fafaiynmhqufqpbfjacxswbpzioe/Build/Products/Debug-iphonesimulator/CardOnCue.app/AppIcon76x76@2x~ipad.png (in target 'CardOnCue' from project 'CardOnCue')
note: Emplaced /Users/nathanfennel/Library/Developer/Xcode/DerivedData/CardOnCue-fafaiynmhqufqpbfjacxswbpzioe/Build/Products/Debug-iphonesimulator/CardOnCue.app/Assets.car (in target 'CardOnCue' from project 'CardOnCue')
note: Emplaced /Users/nathanfennel/Library/Developer/Xcode/DerivedData/CardOnCue-fafaiynmhqufqpbfjacxswbpzioe/Build/Products/Debug-iphonesimulator/CardOnCue.app/AppIcon60x60@2x.png (in target 'CardOnCue' from project 'CardOnCue')

SwiftEmitModule normal arm64 Emitting\ module\ for\ CardOnCue (in target 'CardOnCue' from project 'CardOnCue')

EmitSwiftModule normal arm64 (in target 'CardOnCue' from project 'CardOnCue')
    cd /Users/nathanfennel/Documents/GitHub/CardOnCue
    

SwiftCompile normal arm64 Compiling\ BarcodeQualityService.swift,\ AddCardOptionsSheet.swift,\ AddCardSwipeableView.swift,\ APIClient.swift,\ AppColors.swift,\ AppDelegate.swift,\ AutoPopulatedTextFieldStyle.swift,\ AutoSaveToast.swift /Users/nathanfennel/Documents/GitHub/CardOnCue/CardOnCue/Services/BarcodeQualityService.swift /Users/nathanfennel/Documents/GitHub/CardOnCue/CardOnCue/AddCardOptionsSheet.swift /Users/nathanfennel/Documents/GitHub/CardOnCue/CardOnCue/AddCardSwipeableView.swift /Users/nathanfennel/Documents/GitHub/CardOnCue/CardOnCue/APIClient.swift /Users/nathanfennel/Documents/GitHub/CardOnCue/CardOnCue/AppColors.swift /Users/nathanfennel/Documents/GitHub/CardOnCue/CardOnCue/AppDelegate.swift /Users/nathanfennel/Documents/GitHub/CardOnCue/CardOnCue/AutoPopulatedTextFieldStyle.swift /Users/nathanfennel/Documents/GitHub/CardOnCue/CardOnCue/AutoSaveToast.swift (in target 'CardOnCue' from project 'CardOnCue')

SwiftCompile normal arm64 /Users/nathanfennel/Documents/GitHub/CardOnCue/CardOnCue/Services/BarcodeQualityService.swift (in target 'CardOnCue' from project 'CardOnCue')
    cd /Users/nathanfennel/Documents/GitHub/CardOnCue
    

SwiftCompile normal arm64 /Users/nathanfennel/Documents/GitHub/CardOnCue/CardOnCue/AddCardOptionsSheet.swift (in target 'CardOnCue' from project 'CardOnCue')
    cd /Users/nathanfennel/Documents/GitHub/CardOnCue
    

SwiftCompile normal arm64 /Users/nathanfennel/Documents/GitHub/CardOnCue/CardOnCue/AddCardSwipeableView.swift (in target 'CardOnCue' from project 'CardOnCue')
    cd /Users/nathanfennel/Documents/GitHub/CardOnCue
    

SwiftCompile normal arm64 /Users/nathanfennel/Documents/GitHub/CardOnCue/CardOnCue/APIClient.swift (in target 'CardOnCue' from project 'CardOnCue')
    cd /Users/nathanfennel/Documents/GitHub/CardOnCue
    

SwiftCompile normal arm64 /Users/nathanfennel/Documents/GitHub/CardOnCue/CardOnCue/AppColors.swift (in target 'CardOnCue' from project 'CardOnCue')
    cd /Users/nathanfennel/Documents/GitHub/CardOnCue
    

SwiftCompile normal arm64 /Users/nathanfennel/Documents/GitHub/CardOnCue/CardOnCue/AppDelegate.swift (in target 'CardOnCue' from project 'CardOnCue')
    cd /Users/nathanfennel/Documents/GitHub/CardOnCue
    

SwiftCompile normal arm64 /Users/nathanfennel/Documents/GitHub/CardOnCue/CardOnCue/AutoPopulatedTextFieldStyle.swift (in target 'CardOnCue' from project 'CardOnCue')
    cd /Users/nathanfennel/Documents/GitHub/CardOnCue
    

SwiftCompile normal arm64 /Users/nathanfennel/Documents/GitHub/CardOnCue/CardOnCue/AutoSaveToast.swift (in target 'CardOnCue' from project 'CardOnCue')
    cd /Users/nathanfennel/Documents/GitHub/CardOnCue
    

SwiftCompile normal arm64 Compiling\ ManualEntryView.swift,\ Network.swift,\ NotificationEducationView.swift,\ OCRData.swift,\ OCRFieldRow.swift,\ OCRSegmentDetector.swift,\ OnboardingService.swift,\ OnboardingView.swift /Users/nathanfennel/Documents/GitHub/CardOnCue/CardOnCue/ManualEntryView.swift /Users/nathanfennel/Documents/GitHub/CardOnCue/CardOnCue/Network.swift /Users/nathanfennel/Documents/GitHub/CardOnCue/CardOnCue/NotificationEducationView.swift /Users/nathanfennel/Documents/GitHub/CardOnCue/CardOnCue/OCRData.swift /Users/nathanfennel/Documents/GitHub/CardOnCue/CardOnCue/OCRFieldRow.swift /Users/nathanfennel/Documents/GitHub/CardOnCue/CardOnCue/OCRSegmentDetector.swift /Users/nathanfennel/Documents/GitHub/CardOnCue/CardOnCue/OnboardingService.swift /Users/nathanfennel/Documents/GitHub/CardOnCue/CardOnCue/OnboardingView.swift (in target 'CardOnCue' from project 'CardOnCue')

SwiftCompile normal arm64 /Users/nathanfennel/Documents/GitHub/CardOnCue/CardOnCue/ManualEntryView.swift (in target 'CardOnCue' from project 'CardOnCue')
    cd /Users/nathanfennel/Documents/GitHub/CardOnCue
    

SwiftCompile normal arm64 /Users/nathanfennel/Documents/GitHub/CardOnCue/CardOnCue/Network.swift (in target 'CardOnCue' from project 'CardOnCue')
    cd /Users/nathanfennel/Documents/GitHub/CardOnCue
    

SwiftCompile normal arm64 /Users/nathanfennel/Documents/GitHub/CardOnCue/CardOnCue/NotificationEducationView.swift (in target 'CardOnCue' from project 'CardOnCue')
    cd /Users/nathanfennel/Documents/GitHub/CardOnCue
    

SwiftCompile normal arm64 /Users/nathanfennel/Documents/GitHub/CardOnCue/CardOnCue/OCRData.swift (in target 'CardOnCue' from project 'CardOnCue')
    cd /Users/nathanfennel/Documents/GitHub/CardOnCue
    

SwiftCompile normal arm64 /Users/nathanfennel/Documents/GitHub/CardOnCue/CardOnCue/OCRFieldRow.swift (in target 'CardOnCue' from project 'CardOnCue')
    cd /Users/nathanfennel/Documents/GitHub/CardOnCue
    

SwiftCompile normal arm64 /Users/nathanfennel/Documents/GitHub/CardOnCue/CardOnCue/OCRSegmentDetector.swift (in target 'CardOnCue' from project 'CardOnCue')
    cd /Users/nathanfennel/Documents/GitHub/CardOnCue
    

SwiftCompile normal arm64 /Users/nathanfennel/Documents/GitHub/CardOnCue/CardOnCue/OnboardingService.swift (in target 'CardOnCue' from project 'CardOnCue')
    cd /Users/nathanfennel/Documents/GitHub/CardOnCue
    

SwiftCompile normal arm64 /Users/nathanfennel/Documents/GitHub/CardOnCue/CardOnCue/OnboardingView.swift (in target 'CardOnCue' from project 'CardOnCue')
    cd /Users/nathanfennel/Documents/GitHub/CardOnCue
    

SwiftCompile normal arm64 Compiling\ CardListView.swift,\ CardModel.swift,\ CardOnCueApp.swift,\ ConfidenceMeter.swift,\ ContentView.swift,\ DrawingPadHaptics.swift,\ DrawingPadSettingsView.swift,\ DrawingPadView.swift /Users/nathanfennel/Documents/GitHub/CardOnCue/CardOnCue/CardListView.swift /Users/nathanfennel/Documents/GitHub/CardOnCue/CardOnCue/CardModel.swift /Users/nathanfennel/Documents/GitHub/CardOnCue/CardOnCue/CardOnCueApp.swift /Users/nathanfennel/Documents/GitHub/CardOnCue/CardOnCue/ConfidenceMeter.swift /Users/nathanfennel/Documents/GitHub/CardOnCue/CardOnCue/ContentView.swift /Users/nathanfennel/Documents/GitHub/CardOnCue/CardOnCue/DrawingPadHaptics.swift /Users/nathanfennel/Documents/GitHub/CardOnCue/CardOnCue/DrawingPadSettingsView.swift /Users/nathanfennel/Documents/GitHub/CardOnCue/CardOnCue/DrawingPadView.swift (in target 'CardOnCue' from project 'CardOnCue')

SwiftCompile normal arm64 /Users/nathanfennel/Documents/GitHub/CardOnCue/CardOnCue/CardListView.swift (in target 'CardOnCue' from project 'CardOnCue')
    cd /Users/nathanfennel/Documents/GitHub/CardOnCue
    

SwiftCompile normal arm64 /Users/nathanfennel/Documents/GitHub/CardOnCue/CardOnCue/CardModel.swift (in target 'CardOnCue' from project 'CardOnCue')
    cd /Users/nathanfennel/Documents/GitHub/CardOnCue
    

SwiftCompile normal arm64 /Users/nathanfennel/Documents/GitHub/CardOnCue/CardOnCue/CardOnCueApp.swift (in target 'CardOnCue' from project 'CardOnCue')
    cd /Users/nathanfennel/Documents/GitHub/CardOnCue
    

SwiftCompile normal arm64 /Users/nathanfennel/Documents/GitHub/CardOnCue/CardOnCue/ConfidenceMeter.swift (in target 'CardOnCue' from project 'CardOnCue')
    cd /Users/nathanfennel/Documents/GitHub/CardOnCue
    

SwiftCompile normal arm64 /Users/nathanfennel/Documents/GitHub/CardOnCue/CardOnCue/ContentView.swift (in target 'CardOnCue' from project 'CardOnCue')
    cd /Users/nathanfennel/Documents/GitHub/CardOnCue
    

SwiftCompile normal arm64 /Users/nathanfennel/Documents/GitHub/CardOnCue/CardOnCue/DrawingPadHaptics.swift (in target 'CardOnCue' from project 'CardOnCue')
    cd /Users/nathanfennel/Documents/GitHub/CardOnCue
    

SwiftCompile normal arm64 /Users/nathanfennel/Documents/GitHub/CardOnCue/CardOnCue/DrawingPadSettingsView.swift (in target 'CardOnCue' from project 'CardOnCue')
    cd /Users/nathanfennel/Documents/GitHub/CardOnCue
    

SwiftCompile normal arm64 /Users/nathanfennel/Documents/GitHub/CardOnCue/CardOnCue/DrawingPadView.swift (in target 'CardOnCue' from project 'CardOnCue')
    cd /Users/nathanfennel/Documents/GitHub/CardOnCue
    

SwiftDriverJobDiscovery normal arm64 Compiling TelemetryTypes.swift, ClerkLogger.swift, DeepLinkHandler.swift, DeviceID.swift, EventEmitter.swift, ExternalAuthUtils.swift, HTTPURLResponse+Ext.swift, JSON.swift, JSONDecoder+Ext.swift, JSONEncoder+Ext.swift, JWTDecoder.swift, LocaleUtils.swift, Optional+String.swift, Protected.swift, ProxyConfiguration.swift, String+Base64.swift, String+Ext.swift, String+JSON.swift, URLEncodedFormEncoder.swift, UserDefaults+Sendable.swift, Version.swift, WebAuthentication.swift, GeneratedAssetSymbols.swift, GeneratedStringSymbols_Localizable.swift (in target 'Clerk' from project 'Clerk')

SwiftCompile normal arm64 Compiling\ DrawingTools.swift,\ EmptyStateView.swift,\ FeatureRow.swift,\ GeofenceManager.swift,\ IconCropView.swift,\ IconSelectionSheet.swift,\ IconSelectionView.swift,\ Item.swift /Users/nathanfennel/Documents/GitHub/CardOnCue/CardOnCue/DrawingTools.swift /Users/nathanfennel/Documents/GitHub/CardOnCue/CardOnCue/EmptyStateView.swift /Users/nathanfennel/Documents/GitHub/CardOnCue/CardOnCue/FeatureRow.swift /Users/nathanfennel/Documents/GitHub/CardOnCue/CardOnCue/GeofenceManager.swift /Users/nathanfennel/Documents/GitHub/CardOnCue/CardOnCue/IconCropView.swift /Users/nathanfennel/Documents/GitHub/CardOnCue/CardOnCue/IconSelectionSheet.swift /Users/nathanfennel/Documents/GitHub/CardOnCue/CardOnCue/IconSelectionView.swift /Users/nathanfennel/Documents/GitHub/CardOnCue/CardOnCue/Item.swift (in target 'CardOnCue' from project 'CardOnCue')
SwiftCompile normal arm64 /Users/nathanfennel/Documents/GitHub/CardOnCue/CardOnCue/DrawingTools.swift (in target 'CardOnCue' from project 'CardOnCue')
    cd /Users/nathanfennel/Documents/GitHub/CardOnCue
    

SwiftCompile normal arm64 /Users/nathanfennel/Documents/GitHub/CardOnCue/CardOnCue/EmptyStateView.swift (in target 'CardOnCue' from project 'CardOnCue')
    cd /Users/nathanfennel/Documents/GitHub/CardOnCue
    

SwiftCompile normal arm64 /Users/nathanfennel/Documents/GitHub/CardOnCue/CardOnCue/FeatureRow.swift (in target 'CardOnCue' from project 'CardOnCue')
    cd /Users/nathanfennel/Documents/GitHub/CardOnCue
    

SwiftCompile normal arm64 /Users/nathanfennel/Documents/GitHub/CardOnCue/CardOnCue/GeofenceManager.swift (in target 'CardOnCue' from project 'CardOnCue')
    cd /Users/nathanfennel/Documents/GitHub/CardOnCue
    

SwiftCompile normal arm64 /Users/nathanfennel/Documents/GitHub/CardOnCue/CardOnCue/IconCropView.swift (in target 'CardOnCue' from project 'CardOnCue')
    cd /Users/nathanfennel/Documents/GitHub/CardOnCue
    

SwiftCompile normal arm64 /Users/nathanfennel/Documents/GitHub/CardOnCue/CardOnCue/IconSelectionSheet.swift (in target 'CardOnCue' from project 'CardOnCue')
    cd /Users/nathanfennel/Documents/GitHub/CardOnCue
    

SwiftCompile normal arm64 /Users/nathanfennel/Documents/GitHub/CardOnCue/CardOnCue/IconSelectionView.swift (in target 'CardOnCue' from project 'CardOnCue')
    cd /Users/nathanfennel/Documents/GitHub/CardOnCue
    

SwiftCompile normal arm64 /Users/nathanfennel/Documents/GitHub/CardOnCue/CardOnCue/Item.swift (in target 'CardOnCue' from project 'CardOnCue')
    cd /Users/nathanfennel/Documents/GitHub/CardOnCue
    

SwiftDriverJobDiscovery normal arm64 Compiling Organization.swift, OrganizationDomain.swift, OrganizationInvitation.swift, OrganizationInviteMembersParams.swift, OrganizationMembership.swift, OrganizationMembershipRequest.swift, OrganizationService.swift, OrganizationSuggestion.swift, PermissionResource.swift, RoleResource.swift, UserOrganizationInvitation.swift, Passkey.swift, PasskeyService.swift, PhoneNumber.swift, PhoneNumberService.swift, PublicUserData.swift, Session.swift, SessionService.swift, SessionTokenFetcher.swift, SignIn.swift, SignInAttemptFirstFactorParams.swift, SignInAttemptSecondFactorParams.swift, SignInAuthenticateWithRedirectParams.swift, SignInCreateParams.swift, SignInIdentifier.swift (in target 'Clerk' from project 'Clerk')

SwiftCompile normal arm64 Compiling\ BarcodeImageCropper.swift,\ BarcodeScannerView.swift,\ BarcodeService.swift,\ BarcodeType.swift,\ BatchLocationBadge.swift,\ BatchLocationPickerSheet.swift,\ BrandLogoService.swift,\ CameraPermissionManager.swift /Users/nathanfennel/Documents/GitHub/CardOnCue/CardOnCue/BarcodeImageCropper.swift /Users/nathanfennel/Documents/GitHub/CardOnCue/CardOnCue/BarcodeScannerView.swift /Users/nathanfennel/Documents/GitHub/CardOnCue/CardOnCue/BarcodeService.swift /Users/nathanfennel/Documents/GitHub/CardOnCue/CardOnCue/BarcodeType.swift /Users/nathanfennel/Documents/GitHub/CardOnCue/CardOnCue/BatchLocationBadge.swift /Users/nathanfennel/Documents/GitHub/CardOnCue/CardOnCue/BatchLocationPickerSheet.swift /Users/nathanfennel/Documents/GitHub/CardOnCue/CardOnCue/BrandLogoService.swift /Users/nathanfennel/Documents/GitHub/CardOnCue/CardOnCue/CameraPermissionManager.swift (in target 'CardOnCue' from project 'CardOnCue')
SwiftCompile normal arm64 /Users/nathanfennel/Documents/GitHub/CardOnCue/CardOnCue/BarcodeImageCropper.swift (in target 'CardOnCue' from project 'CardOnCue')
    cd /Users/nathanfennel/Documents/GitHub/CardOnCue
    

SwiftCompile normal arm64 /Users/nathanfennel/Documents/GitHub/CardOnCue/CardOnCue/BarcodeScannerView.swift (in target 'CardOnCue' from project 'CardOnCue')
    cd /Users/nathanfennel/Documents/GitHub/CardOnCue
    

SwiftCompile normal arm64 /Users/nathanfennel/Documents/GitHub/CardOnCue/CardOnCue/BarcodeService.swift (in target 'CardOnCue' from project 'CardOnCue')
    cd /Users/nathanfennel/Documents/GitHub/CardOnCue
    

SwiftCompile normal arm64 /Users/nathanfennel/Documents/GitHub/CardOnCue/CardOnCue/BarcodeType.swift (in target 'CardOnCue' from project 'CardOnCue')
    cd /Users/nathanfennel/Documents/GitHub/CardOnCue
    

SwiftCompile normal arm64 /Users/nathanfennel/Documents/GitHub/CardOnCue/CardOnCue/BatchLocationBadge.swift (in target 'CardOnCue' from project 'CardOnCue')
    cd /Users/nathanfennel/Documents/GitHub/CardOnCue
    

SwiftCompile normal arm64 /Users/nathanfennel/Documents/GitHub/CardOnCue/CardOnCue/BatchLocationPickerSheet.swift (in target 'CardOnCue' from project 'CardOnCue')
    cd /Users/nathanfennel/Documents/GitHub/CardOnCue
    

SwiftCompile normal arm64 /Users/nathanfennel/Documents/GitHub/CardOnCue/CardOnCue/BrandLogoService.swift (in target 'CardOnCue' from project 'CardOnCue')
    cd /Users/nathanfennel/Documents/GitHub/CardOnCue
    

SwiftCompile normal arm64 /Users/nathanfennel/Documents/GitHub/CardOnCue/CardOnCue/CameraPermissionManager.swift (in target 'CardOnCue' from project 'CardOnCue')
    cd /Users/nathanfennel/Documents/GitHub/CardOnCue
    

SwiftDriverJobDiscovery normal arm64 Compiling UserProfilePasskeySection.swift, UserProfilePasswordSection.swift, UserProfilePhoneRow.swift, UserProfileSectionHeader.swift, UserProfileSecurityView.swift, UserProfileUpdateProfileView.swift, UserProfileVerifyView.swift, UserProfileView.swift, Array+Ext.swift, Color+Ext.swift, Date+Ext.swift, Environment+Ext.swift, Error+Ext.swift, ExternalAccount+Ext.swift, Factor+Ext.swift, Factor+Sorting.swift, PhoneNumber+Ext.swift, Session+Ext.swift, SignIn+Ext.swift, SignUp+Ext.swift, String+UIExt.swift, UIImage+Ext.swift, User+Ext.swift, View+DismissKeyboard.swift, View+ErrorPresenting.swift (in target 'Clerk' from project 'Clerk')

SwiftCompile normal arm64 Compiling\ PhotoLibraryImportView.swift,\ RapidSaveService.swift,\ RapidScanningState.swift,\ SavedLocation.swift,\ ScannedCardReviewView.swift,\ StorageService.swift,\ VisionOCRService.swift,\ GeneratedAssetSymbols.swift /Users/nathanfennel/Documents/GitHub/CardOnCue/CardOnCue/PhotoLibraryImportView.swift /Users/nathanfennel/Documents/GitHub/CardOnCue/CardOnCue/RapidSaveService.swift /Users/nathanfennel/Documents/GitHub/CardOnCue/CardOnCue/RapidScanningState.swift /Users/nathanfennel/Documents/GitHub/CardOnCue/CardOnCue/SavedLocation.swift /Users/nathanfennel/Documents/GitHub/CardOnCue/CardOnCue/ScannedCardReviewView.swift /Users/nathanfennel/Documents/GitHub/CardOnCue/CardOnCue/StorageService.swift /Users/nathanfennel/Documents/GitHub/CardOnCue/CardOnCue/VisionOCRService.swift /Users/nathanfennel/Library/Developer/Xcode/DerivedData/CardOnCue-fafaiynmhqufqpbfjacxswbpzioe/Build/Intermediates.noindex/CardOnCue.build/Debug-iphonesimulator/CardOnCue.build/DerivedSources/GeneratedAssetSymbols.swift (in target 'CardOnCue' from project 'CardOnCue')

SwiftCompile normal arm64 /Users/nathanfennel/Documents/GitHub/CardOnCue/CardOnCue/PhotoLibraryImportView.swift (in target 'CardOnCue' from project 'CardOnCue')
    cd /Users/nathanfennel/Documents/GitHub/CardOnCue
    

SwiftCompile normal arm64 /Users/nathanfennel/Documents/GitHub/CardOnCue/CardOnCue/RapidSaveService.swift (in target 'CardOnCue' from project 'CardOnCue')
    cd /Users/nathanfennel/Documents/GitHub/CardOnCue
    

SwiftCompile normal arm64 /Users/nathanfennel/Documents/GitHub/CardOnCue/CardOnCue/RapidScanningState.swift (in target 'CardOnCue' from project 'CardOnCue')
    cd /Users/nathanfennel/Documents/GitHub/CardOnCue
    

SwiftCompile normal arm64 /Users/nathanfennel/Documents/GitHub/CardOnCue/CardOnCue/SavedLocation.swift (in target 'CardOnCue' from project 'CardOnCue')
    cd /Users/nathanfennel/Documents/GitHub/CardOnCue
    

SwiftCompile normal arm64 /Users/nathanfennel/Documents/GitHub/CardOnCue/CardOnCue/ScannedCardReviewView.swift (in target 'CardOnCue' from project 'CardOnCue')
    cd /Users/nathanfennel/Documents/GitHub/CardOnCue
    

SwiftCompile normal arm64 /Users/nathanfennel/Documents/GitHub/CardOnCue/CardOnCue/StorageService.swift (in target 'CardOnCue' from project 'CardOnCue')
    cd /Users/nathanfennel/Documents/GitHub/CardOnCue
    

SwiftCompile normal arm64 /Users/nathanfennel/Documents/GitHub/CardOnCue/CardOnCue/VisionOCRService.swift (in target 'CardOnCue' from project 'CardOnCue')
    cd /Users/nathanfennel/Documents/GitHub/CardOnCue
    

SwiftCompile normal arm64 /Users/nathanfennel/Library/Developer/Xcode/DerivedData/CardOnCue-fafaiynmhqufqpbfjacxswbpzioe/Build/Intermediates.noindex/CardOnCue.build/Debug-iphonesimulator/CardOnCue.build/DerivedSources/GeneratedAssetSymbols.swift (in target 'CardOnCue' from project 'CardOnCue')
    cd /Users/nathanfennel/Documents/GitHub/CardOnCue
    

SwiftDriverJobDiscovery normal arm64 Emitting module for CardOnCue (in target 'CardOnCue' from project 'CardOnCue')

SwiftDriver\ Compilation\ Requirements CardOnCue normal arm64 com.apple.xcode.tools.swift.compiler (in target 'CardOnCue' from project 'CardOnCue')
    cd /Users/nathanfennel/Documents/GitHub/CardOnCue
    builtin-Swift-Compilation-Requirements -- /Applications/Xcode.app/Contents/Developer/Toolchains/XcodeDefault.xctoolchain/usr/bin/swiftc -module-name CardOnCue -Onone -enforce-exclusivity\=checked @/Users/nathanfennel/Library/Developer/Xcode/DerivedData/CardOnCue-fafaiynmhqufqpbfjacxswbpzioe/Build/Intermediates.noindex/CardOnCue.build/Debug-iphonesimulator/CardOnCue.build/Objects-normal/arm64/CardOnCue.SwiftFileList -DDEBUG -default-isolation\=MainActor -enable-bare-slash-regex -enable-upcoming-feature DisableOutwardActorInference -enable-upcoming-feature InferSendableFromCaptures -enable-upcoming-feature GlobalActorIsolatedTypesUsability -enable-upcoming-feature MemberImportVisibility -enable-upcoming-feature InferIsolatedConformances -enable-upcoming-feature NonisolatedNonsendingByDefault -enable-experimental-feature DebugDescriptionMacro -sdk /Applications/Xcode.app/Contents/Developer/Platforms/iPhoneSimulator.platform/Developer/SDKs/iPhoneSimulator26.2.sdk -target arm64-apple-ios17.6-simulator -g -module-cache-path /Users/nathanfennel/Library/Developer/Xcode/DerivedData/ModuleCache.noindex -Xfrontend -serialize-debugging-options -profile-coverage-mapping -profile-generate -enable-testing -index-store-path /Users/nathanfennel/Library/Developer/Xcode/DerivedData/CardOnCue-fafaiynmhqufqpbfjacxswbpzioe/Index.noindex/DataStore -Xcc -D_LIBCPP_HARDENING_MODE\=_LIBCPP_HARDENING_MODE_DEBUG -swift-version 5 -I /Users/nathanfennel/Library/Developer/Xcode/DerivedData/CardOnCue-fafaiynmhqufqpbfjacxswbpzioe/Build/Products/Debug-iphonesimulator -F /Users/nathanfennel/Library/Developer/Xcode/DerivedData/CardOnCue-fafaiynmhqufqpbfjacxswbpzioe/Build/Products/Debug-iphonesimulator/PackageFrameworks -F /Users/nathanfennel/Library/Developer/Xcode/DerivedData/CardOnCue-fafaiynmhqufqpbfjacxswbpzioe/Build/Products/Debug-iphonesimulator/PackageFrameworks -F /Users/nathanfennel/Library/Developer/Xcode/DerivedData/CardOnCue-fafaiynmhqufqpbfjacxswbpzioe/Build/Products/Debug-iphonesimulator/PackageFrameworks -F /Users/nathanfennel/Library/Developer/Xcode/DerivedData/CardOnCue-fafaiynmhqufqpbfjacxswbpzioe/Build/Products/Debug-iphonesimulator/PackageFrameworks -F /Users/nathanfennel/Library/Developer/Xcode/DerivedData/CardOnCue-fafaiynmhqufqpbfjacxswbpzioe/Build/Products/Debug-iphonesimulator/PackageFrameworks -F /Users/nathanfennel/Library/Developer/Xcode/DerivedData/CardOnCue-fafaiynmhqufqpbfjacxswbpzioe/Build/Products/Debug-iphonesimulator/PackageFrameworks -F /Users/nathanfennel/Library/Developer/Xcode/DerivedData/CardOnCue-fafaiynmhqufqpbfjacxswbpzioe/Build/Products/Debug-iphonesimulator -emit-localized-strings -emit-localized-strings-path /Users/nathanfennel/Library/Developer/Xcode/DerivedData/CardOnCue-fafaiynmhqufqpbfjacxswbpzioe/Build/Intermediates.noindex/CardOnCue.build/Debug-iphonesimulator/CardOnCue.build/Objects-normal/arm64 -c -j8 -enable-batch-mode -incremental -Xcc -ivfsstatcache -Xcc /Users/nathanfennel/Library/Developer/Xcode/DerivedData/SDKStatCaches.noindex/iphonesimulator26.2-23C53-7d00a8b37fbd7999ea79df8ebc024bf0.sdkstatcache -output-file-map /Users/nathanfennel/Library/Developer/Xcode/DerivedData/CardOnCue-fafaiynmhqufqpbfjacxswbpzioe/Build/Intermediates.noindex/CardOnCue.build/Debug-iphonesimulator/CardOnCue.build/Objects-normal/arm64/CardOnCue-OutputFileMap.json -use-frontend-parseable-output -save-temps -no-color-diagnostics -explicit-module-build -module-cache-path /Users/nathanfennel/Library/Developer/Xcode/DerivedData/CardOnCue-fafaiynmhqufqpbfjacxswbpzioe/Build/Intermediates.noindex/SwiftExplicitPrecompiledModules -clang-scanner-module-cache-path /Users/nathanfennel/Library/Developer/Xcode/DerivedData/ModuleCache.noindex -sdk-module-cache-path /Users/nathanfennel/Library/Developer/Xcode/DerivedData/ModuleCache.noindex -serialize-diagnostics -emit-dependencies -emit-module -emit-module-path /Users/nathanfennel/Library/Developer/Xcode/DerivedData/CardOnCue-fafaiynmhqufqpbfjacxswbpzioe/Build/Intermediates.noindex/CardOnCue.build/Debug-iphonesimulator/CardOnCue.build/Objects-normal/arm64/CardOnCue.swiftmodule -validate-clang-modules-once -clang-build-session-file /Users/nathanfennel/Library/Developer/Xcode/DerivedData/ModuleCache.noindex/Session.modulevalidation -Xcc -I/Users/nathanfennel/Library/Developer/Xcode/DerivedData/CardOnCue-fafaiynmhqufqpbfjacxswbpzioe/Build/Intermediates.noindex/CardOnCue.build/Debug-iphonesimulator/CardOnCue.build/swift-overrides.hmap -emit-const-values -Xfrontend -const-gather-protocols-file -Xfrontend /Users/nathanfennel/Library/Developer/Xcode/DerivedData/CardOnCue-fafaiynmhqufqpbfjacxswbpzioe/Build/Intermediates.noindex/CardOnCue.build/Debug-iphonesimulator/CardOnCue.build/Objects-normal/arm64/CardOnCue_const_extract_protocols.json -Xcc -iquote -Xcc /Users/nathanfennel/Library/Developer/Xcode/DerivedData/CardOnCue-fafaiynmhqufqpbfjacxswbpzioe/Build/Intermediates.noindex/CardOnCue.build/Debug-iphonesimulator/CardOnCue.build/CardOnCue-generated-files.hmap -Xcc -I/Users/nathanfennel/Library/Developer/Xcode/DerivedData/CardOnCue-fafaiynmhqufqpbfjacxswbpzioe/Build/Intermediates.noindex/CardOnCue.build/Debug-iphonesimulator/CardOnCue.build/CardOnCue-own-target-headers.hmap -Xcc -I/Users/nathanfennel/Library/Developer/Xcode/DerivedData/CardOnCue-fafaiynmhqufqpbfjacxswbpzioe/Build/Intermediates.noindex/CardOnCue.build/Debug-iphonesimulator/CardOnCue.build/CardOnCue-all-non-framework-target-headers.hmap -Xcc -ivfsoverlay -Xcc /Users/nathanfennel/Library/Developer/Xcode/DerivedData/CardOnCue-fafaiynmhqufqpbfjacxswbpzioe/Build/Intermediates.noindex/CardOnCue.build/Debug-iphonesimulator/CardOnCue-34aa821186031dee62e343b10bd4ada7-VFS-iphonesimulator/all-product-headers.yaml -Xcc -iquote -Xcc /Users/nathanfennel/Library/Developer/Xcode/DerivedData/CardOnCue-fafaiynmhqufqpbfjacxswbpzioe/Build/Intermediates.noindex/CardOnCue.build/Debug-iphonesimulator/CardOnCue.build/CardOnCue-project-headers.hmap -Xcc -I/Users/nathanfennel/Library/Developer/Xcode/DerivedData/CardOnCue-fafaiynmhqufqpbfjacxswbpzioe/Build/Products/Debug-iphonesimulator/include -Xcc -I/Users/nathanfennel/Library/Developer/Xcode/DerivedData/CardOnCue-fafaiynmhqufqpbfjacxswbpzioe/Build/Intermediates.noindex/CardOnCue.build/Debug-iphonesimulator/CardOnCue.build/DerivedSources-normal/arm64 -Xcc -I/Users/nathanfennel/Library/Developer/Xcode/DerivedData/CardOnCue-fafaiynmhqufqpbfjacxswbpzioe/Build/Intermediates.noindex/CardOnCue.build/Debug-iphonesimulator/CardOnCue.build/DerivedSources/arm64 -Xcc -I/Users/nathanfennel/Library/Developer/Xcode/DerivedData/CardOnCue-fafaiynmhqufqpbfjacxswbpzioe/Build/Intermediates.noindex/CardOnCue.build/Debug-iphonesimulator/CardOnCue.build/DerivedSources -Xcc -DDEBUG\=1 -emit-objc-header -emit-objc-header-path /Users/nathanfennel/Library/Developer/Xcode/DerivedData/CardOnCue-fafaiynmhqufqpbfjacxswbpzioe/Build/Intermediates.noindex/CardOnCue.build/Debug-iphonesimulator/CardOnCue.build/Objects-normal/arm64/CardOnCue-Swift.h -working-directory /Users/nathanfennel/Documents/GitHub/CardOnCue -experimental-emit-module-separately -disable-cmo

SwiftDriverJobDiscovery normal arm64 Compiling ManualEntryView.swift, Network.swift, NotificationEducationView.swift, OCRData.swift, OCRFieldRow.swift, OCRSegmentDetector.swift, OnboardingService.swift, OnboardingView.swift (in target 'CardOnCue' from project 'CardOnCue')

SwiftCompile normal arm64 Compiling\ CameraPermissionPromptView.swift,\ Card.swift,\ CardDataParser.swift,\ CardDetailView.swift,\ CardIcon.swift,\ CardIconService.swift,\ CardImageProcessor.swift,\ CardImageStorageService.swift /Users/nathanfennel/Documents/GitHub/CardOnCue/CardOnCue/CameraPermissionPromptView.swift /Users/nathanfennel/Documents/GitHub/CardOnCue/CardOnCue/Card.swift /Users/nathanfennel/Documents/GitHub/CardOnCue/CardOnCue/CardDataParser.swift /Users/nathanfennel/Documents/GitHub/CardOnCue/CardOnCue/CardDetailView.swift /Users/nathanfennel/Documents/GitHub/CardOnCue/CardOnCue/CardIcon.swift /Users/nathanfennel/Documents/GitHub/CardOnCue/CardOnCue/CardIconService.swift /Users/nathanfennel/Documents/GitHub/CardOnCue/CardOnCue/CardImageProcessor.swift /Users/nathanfennel/Documents/GitHub/CardOnCue/CardOnCue/CardImageStorageService.swift (in target 'CardOnCue' from project 'CardOnCue')

SwiftCompile normal arm64 /Users/nathanfennel/Documents/GitHub/CardOnCue/CardOnCue/CameraPermissionPromptView.swift (in target 'CardOnCue' from project 'CardOnCue')
    cd /Users/nathanfennel/Documents/GitHub/CardOnCue
    

SwiftCompile normal arm64 /Users/nathanfennel/Documents/GitHub/CardOnCue/CardOnCue/Card.swift (in target 'CardOnCue' from project 'CardOnCue')
    cd /Users/nathanfennel/Documents/GitHub/CardOnCue
    

SwiftCompile normal arm64 /Users/nathanfennel/Documents/GitHub/CardOnCue/CardOnCue/CardDataParser.swift (in target 'CardOnCue' from project 'CardOnCue')
    cd /Users/nathanfennel/Documents/GitHub/CardOnCue
    

SwiftCompile normal arm64 /Users/nathanfennel/Documents/GitHub/CardOnCue/CardOnCue/CardDetailView.swift (in target 'CardOnCue' from project 'CardOnCue')
    cd /Users/nathanfennel/Documents/GitHub/CardOnCue
    

SwiftCompile normal arm64 /Users/nathanfennel/Documents/GitHub/CardOnCue/CardOnCue/CardIcon.swift (in target 'CardOnCue' from project 'CardOnCue')
    cd /Users/nathanfennel/Documents/GitHub/CardOnCue
    

SwiftCompile normal arm64 /Users/nathanfennel/Documents/GitHub/CardOnCue/CardOnCue/CardIconService.swift (in target 'CardOnCue' from project 'CardOnCue')
    cd /Users/nathanfennel/Documents/GitHub/CardOnCue
    

SwiftCompile normal arm64 /Users/nathanfennel/Documents/GitHub/CardOnCue/CardOnCue/CardImageProcessor.swift (in target 'CardOnCue' from project 'CardOnCue')
    cd /Users/nathanfennel/Documents/GitHub/CardOnCue
    

SwiftCompile normal arm64 /Users/nathanfennel/Documents/GitHub/CardOnCue/CardOnCue/CardImageStorageService.swift (in target 'CardOnCue' from project 'CardOnCue')
    cd /Users/nathanfennel/Documents/GitHub/CardOnCue
    

SwiftMergeGeneratedHeaders /Users/nathanfennel/Library/Developer/Xcode/DerivedData/CardOnCue-fafaiynmhqufqpbfjacxswbpzioe/Build/Intermediates.noindex/CardOnCue.build/Debug-iphonesimulator/CardOnCue.build/DerivedSources/CardOnCue-Swift.h /Users/nathanfennel/Library/Developer/Xcode/DerivedData/CardOnCue-fafaiynmhqufqpbfjacxswbpzioe/Build/Intermediates.noindex/CardOnCue.build/Debug-iphonesimulator/CardOnCue.build/Objects-normal/arm64/CardOnCue-Swift.h (in target 'CardOnCue' from project 'CardOnCue')
    cd /Users/nathanfennel/Documents/GitHub/CardOnCue
    builtin-swiftHeaderTool -arch arm64 /Users/nathanfennel/Library/Developer/Xcode/DerivedData/CardOnCue-fafaiynmhqufqpbfjacxswbpzioe/Build/Intermediates.noindex/CardOnCue.build/Debug-iphonesimulator/CardOnCue.build/Objects-normal/arm64/CardOnCue-Swift.h -o /Users/nathanfennel/Library/Developer/Xcode/DerivedData/CardOnCue-fafaiynmhqufqpbfjacxswbpzioe/Build/Intermediates.noindex/CardOnCue.build/Debug-iphonesimulator/CardOnCue.build/DerivedSources/CardOnCue-Swift.h

SwiftDriverJobDiscovery normal arm64 Compiling BarcodeQualityService.swift, AddCardOptionsSheet.swift, AddCardSwipeableView.swift, APIClient.swift, AppColors.swift, AppDelegate.swift, AutoPopulatedTextFieldStyle.swift, AutoSaveToast.swift (in target 'CardOnCue' from project 'CardOnCue')

Copy /Users/nathanfennel/Library/Developer/Xcode/DerivedData/CardOnCue-fafaiynmhqufqpbfjacxswbpzioe/Build/Products/Debug-iphonesimulator/CardOnCue.swiftmodule/arm64-apple-ios-simulator.swiftmodule /Users/nathanfennel/Library/Developer/Xcode/DerivedData/CardOnCue-fafaiynmhqufqpbfjacxswbpzioe/Build/Intermediates.noindex/CardOnCue.build/Debug-iphonesimulator/CardOnCue.build/Objects-normal/arm64/CardOnCue.swiftmodule (in target 'CardOnCue' from project 'CardOnCue')
    cd /Users/nathanfennel/Documents/GitHub/CardOnCue
    builtin-copy -exclude .DS_Store -exclude CVS -exclude .svn -exclude .git -exclude .hg -resolve-src-symlinks -rename /Users/nathanfennel/Library/Developer/Xcode/DerivedData/CardOnCue-fafaiynmhqufqpbfjacxswbpzioe/Build/Intermediates.noindex/CardOnCue.build/Debug-iphonesimulator/CardOnCue.build/Objects-normal/arm64/CardOnCue.swiftmodule /Users/nathanfennel/Library/Developer/Xcode/DerivedData/CardOnCue-fafaiynmhqufqpbfjacxswbpzioe/Build/Products/Debug-iphonesimulator/CardOnCue.swiftmodule/arm64-apple-ios-simulator.swiftmodule

Copy /Users/nathanfennel/Library/Developer/Xcode/DerivedData/CardOnCue-fafaiynmhqufqpbfjacxswbpzioe/Build/Products/Debug-iphonesimulator/CardOnCue.swiftmodule/arm64-apple-ios-simulator.swiftdoc /Users/nathanfennel/Library/Developer/Xcode/DerivedData/CardOnCue-fafaiynmhqufqpbfjacxswbpzioe/Build/Intermediates.noindex/CardOnCue.build/Debug-iphonesimulator/CardOnCue.build/Objects-normal/arm64/CardOnCue.swiftdoc (in target 'CardOnCue' from project 'CardOnCue')
    cd /Users/nathanfennel/Documents/GitHub/CardOnCue
    builtin-copy -exclude .DS_Store -exclude CVS -exclude .svn -exclude .git -exclude .hg -resolve-src-symlinks -rename /Users/nathanfennel/Library/Developer/Xcode/DerivedData/CardOnCue-fafaiynmhqufqpbfjacxswbpzioe/Build/Intermediates.noindex/CardOnCue.build/Debug-iphonesimulator/CardOnCue.build/Objects-normal/arm64/CardOnCue.swiftdoc /Users/nathanfennel/Library/Developer/Xcode/DerivedData/CardOnCue-fafaiynmhqufqpbfjacxswbpzioe/Build/Products/Debug-iphonesimulator/CardOnCue.swiftmodule/arm64-apple-ios-simulator.swiftdoc

Copy /Users/nathanfennel/Library/Developer/Xcode/DerivedData/CardOnCue-fafaiynmhqufqpbfjacxswbpzioe/Build/Products/Debug-iphonesimulator/CardOnCue.swiftmodule/arm64-apple-ios-simulator.abi.json /Users/nathanfennel/Library/Developer/Xcode/DerivedData/CardOnCue-fafaiynmhqufqpbfjacxswbpzioe/Build/Intermediates.noindex/CardOnCue.build/Debug-iphonesimulator/CardOnCue.build/Objects-normal/arm64/CardOnCue.abi.json (in target 'CardOnCue' from project 'CardOnCue')
    cd /Users/nathanfennel/Documents/GitHub/CardOnCue
    builtin-copy -exclude .DS_Store -exclude CVS -exclude .svn -exclude .git -exclude .hg -resolve-src-symlinks -rename /Users/nathanfennel/Library/Developer/Xcode/DerivedData/CardOnCue-fafaiynmhqufqpbfjacxswbpzioe/Build/Intermediates.noindex/CardOnCue.build/Debug-iphonesimulator/CardOnCue.build/Objects-normal/arm64/CardOnCue.abi.json /Users/nathanfennel/Library/Developer/Xcode/DerivedData/CardOnCue-fafaiynmhqufqpbfjacxswbpzioe/Build/Products/Debug-iphonesimulator/CardOnCue.swiftmodule/arm64-apple-ios-simulator.abi.json

Copy /Users/nathanfennel/Library/Developer/Xcode/DerivedData/CardOnCue-fafaiynmhqufqpbfjacxswbpzioe/Build/Products/Debug-iphonesimulator/CardOnCue.swiftmodule/Project/arm64-apple-ios-simulator.swiftsourceinfo /Users/nathanfennel/Library/Developer/Xcode/DerivedData/CardOnCue-fafaiynmhqufqpbfjacxswbpzioe/Build/Intermediates.noindex/CardOnCue.build/Debug-iphonesimulator/CardOnCue.build/Objects-normal/arm64/CardOnCue.swiftsourceinfo (in target 'CardOnCue' from project 'CardOnCue')
    cd /Users/nathanfennel/Documents/GitHub/CardOnCue
    builtin-copy -exclude .DS_Store -exclude CVS -exclude .svn -exclude .git -exclude .hg -resolve-src-symlinks -rename /Users/nathanfennel/Library/Developer/Xcode/DerivedData/CardOnCue-fafaiynmhqufqpbfjacxswbpzioe/Build/Intermediates.noindex/CardOnCue.build/Debug-iphonesimulator/CardOnCue.build/Objects-normal/arm64/CardOnCue.swiftsourceinfo /Users/nathanfennel/Library/Developer/Xcode/DerivedData/CardOnCue-fafaiynmhqufqpbfjacxswbpzioe/Build/Products/Debug-iphonesimulator/CardOnCue.swiftmodule/Project/arm64-apple-ios-simulator.swiftsourceinfo

SwiftCompile normal arm64 Compiling\ KeychainService.swift,\ Location.swift,\ LocationCacheService.swift,\ LocationPermissionView.swift,\ LocationSearchField.swift,\ LocationSearchService.swift,\ LocationService.swift,\ MainView.swift /Users/nathanfennel/Documents/GitHub/CardOnCue/CardOnCue/KeychainService.swift /Users/nathanfennel/Documents/GitHub/CardOnCue/CardOnCue/Location.swift /Users/nathanfennel/Documents/GitHub/CardOnCue/CardOnCue/LocationCacheService.swift /Users/nathanfennel/Documents/GitHub/CardOnCue/CardOnCue/LocationPermissionView.swift /Users/nathanfennel/Documents/GitHub/CardOnCue/CardOnCue/LocationSearchField.swift /Users/nathanfennel/Documents/GitHub/CardOnCue/CardOnCue/LocationSearchService.swift /Users/nathanfennel/Documents/GitHub/CardOnCue/CardOnCue/LocationService.swift /Users/nathanfennel/Documents/GitHub/CardOnCue/CardOnCue/MainView.swift (in target 'CardOnCue' from project 'CardOnCue')

SwiftCompile normal arm64 /Users/nathanfennel/Documents/GitHub/CardOnCue/CardOnCue/KeychainService.swift (in target 'CardOnCue' from project 'CardOnCue')
    cd /Users/nathanfennel/Documents/GitHub/CardOnCue
    

SwiftCompile normal arm64 /Users/nathanfennel/Documents/GitHub/CardOnCue/CardOnCue/Location.swift (in target 'CardOnCue' from project 'CardOnCue')
    cd /Users/nathanfennel/Documents/GitHub/CardOnCue
    

SwiftCompile normal arm64 /Users/nathanfennel/Documents/GitHub/CardOnCue/CardOnCue/LocationCacheService.swift (in target 'CardOnCue' from project 'CardOnCue')
    cd /Users/nathanfennel/Documents/GitHub/CardOnCue
    

SwiftCompile normal arm64 /Users/nathanfennel/Documents/GitHub/CardOnCue/CardOnCue/LocationPermissionView.swift (in target 'CardOnCue' from project 'CardOnCue')
    cd /Users/nathanfennel/Documents/GitHub/CardOnCue
    

SwiftCompile normal arm64 /Users/nathanfennel/Documents/GitHub/CardOnCue/CardOnCue/LocationSearchField.swift (in target 'CardOnCue' from project 'CardOnCue')
    cd /Users/nathanfennel/Documents/GitHub/CardOnCue
    

SwiftCompile normal arm64 /Users/nathanfennel/Documents/GitHub/CardOnCue/CardOnCue/LocationSearchService.swift (in target 'CardOnCue' from project 'CardOnCue')
    cd /Users/nathanfennel/Documents/GitHub/CardOnCue
    

SwiftCompile normal arm64 /Users/nathanfennel/Documents/GitHub/CardOnCue/CardOnCue/LocationService.swift (in target 'CardOnCue' from project 'CardOnCue')
    cd /Users/nathanfennel/Documents/GitHub/CardOnCue
    

SwiftCompile normal arm64 /Users/nathanfennel/Documents/GitHub/CardOnCue/CardOnCue/MainView.swift (in target 'CardOnCue' from project 'CardOnCue')
    cd /Users/nathanfennel/Documents/GitHub/CardOnCue
    

SwiftDriverJobDiscovery normal arm64 Compiling SafariView.swift, SecuredByClerkView.swift, SocialButton.swift, SocialButtonLayout.swift, SpinnerView.swift, TextDivider.swift, WrappingHStack.swift, AuthStartView.swift, AuthState.swift, AuthView.swift, SignInClientTrustView.swift, SignInFactorAlternativeMethodsView.swift, SignInFactorCodeView.swift, SignInFactorOneForgotPasswordView.swift, SignInFactorOnePasskeyView.swift, SignInFactorOnePasswordView.swift, SignInFactorOneView.swift, SignInFactorTwoBackupCodeView.swift, SignInFactorTwoView.swift, SignInGetHelpView.swift, SignInSetNewPasswordView.swift, LegalConsentView.swift, SignUpCodeView.swift, SignUpCollectFieldView.swift, SignUpCompleteProfileView.swift (in target 'Clerk' from project 'Clerk')

SwiftDriverJobDiscovery normal arm64 Compiling CardListView.swift, CardModel.swift, CardOnCueApp.swift, ConfidenceMeter.swift, ContentView.swift, DrawingPadHaptics.swift, DrawingPadSettingsView.swift, DrawingPadView.swift (in target 'CardOnCue' from project 'CardOnCue')

SwiftDriverJobDiscovery normal arm64 Compiling UserButton.swift, UserButtonAccountSwitcher.swift, UserButtonPopover.swift, UserPreviewView.swift, UserProfileRowView.swift, BackupCodesView.swift, UserProfileAddConnectedAccountView.swift, UserProfileAddEmailView.swift, UserProfileAddMfaView.swift, UserProfileAddPhoneView.swift, UserProfileButtonRow.swift, UserProfileChangePasswordView.swift, UserProfileDeleteAccountConfirmationView.swift, UserProfileDeleteAccountSection.swift, UserProfileDetailView.swift, UserProfileDeviceRow.swift, UserProfileDevicesSection.swift, UserProfileEmailRow.swift, UserProfileExternalAccountRow.swift, UserProfileMfaAddSmsView.swift, UserProfileMfaAddTotpView.swift, UserProfileMfaRow.swift, UserProfileMfaSection.swift, UserProfilePasskeyRenameView.swift, UserProfilePasskeyRow.swift (in target 'Clerk' from project 'Clerk')

SwiftDriver\ Compilation Clerk normal arm64 com.apple.xcode.tools.swift.compiler (in target 'Clerk' from project 'Clerk')
    cd /Users/nathanfennel/Documents/GitHub/CardOnCue/CardOnCue.xcodeproj
    builtin-Swift-Compilation -- /Applications/Xcode.app/Contents/Developer/Toolchains/XcodeDefault.xctoolchain/usr/bin/swiftc -module-name Clerk -Onone -enforce-exclusivity\=checked @/Users/nathanfennel/Library/Developer/Xcode/DerivedData/CardOnCue-fafaiynmhqufqpbfjacxswbpzioe/Build/Intermediates.noindex/Clerk.build/Debug-iphonesimulator/Clerk.build/Objects-normal/arm64/Clerk.SwiftFileList -DSWIFT_PACKAGE -DDEBUG -DSWIFT_MODULE_RESOURCE_BUNDLE_AVAILABLE -DXcode -enable-experimental-feature StrictConcurrency -plugin-path /Applications/Xcode.app/Contents/Developer/Toolchains/XcodeDefault.xctoolchain/usr/lib/swift/host/plugins/testing -enable-experimental-feature DebugDescriptionMacro -sdk /Applications/Xcode.app/Contents/Developer/Platforms/iPhoneSimulator.platform/Developer/SDKs/iPhoneSimulator26.2.sdk -target arm64-apple-ios17.0-simulator -g -module-cache-path /Users/nathanfennel/Library/Developer/Xcode/DerivedData/ModuleCache.noindex -Xfrontend -serialize-debugging-options -profile-coverage-mapping -profile-generate -enable-testing -suppress-warnings -index-store-path /Users/nathanfennel/Library/Developer/Xcode/DerivedData/CardOnCue-fafaiynmhqufqpbfjacxswbpzioe/Index.noindex/DataStore -Xcc -D_LIBCPP_HARDENING_MODE\=_LIBCPP_HARDENING_MODE_DEBUG -swift-version 5 -I /Users/nathanfennel/Library/Developer/Xcode/DerivedData/CardOnCue-fafaiynmhqufqpbfjacxswbpzioe/Build/Products/Debug-iphonesimulator -Isystem /Applications/Xcode.app/Contents/Developer/Platforms/iPhoneSimulator.platform/Developer/usr/lib -F /Users/nathanfennel/Library/Developer/Xcode/DerivedData/CardOnCue-fafaiynmhqufqpbfjacxswbpzioe/Build/Products/Debug-iphonesimulator/PackageFrameworks -F /Users/nathanfennel/Library/Developer/Xcode/DerivedData/CardOnCue-fafaiynmhqufqpbfjacxswbpzioe/Build/Products/Debug-iphonesimulator/PackageFrameworks -F /Users/nathanfennel/Library/Developer/Xcode/DerivedData/CardOnCue-fafaiynmhqufqpbfjacxswbpzioe/Build/Products/Debug-iphonesimulator/PackageFrameworks -F /Users/nathanfennel/Library/Developer/Xcode/DerivedData/CardOnCue-fafaiynmhqufqpbfjacxswbpzioe/Build/Products/Debug-iphonesimulator/PackageFrameworks -F /Users/nathanfennel/Library/Developer/Xcode/DerivedData/CardOnCue-fafaiynmhqufqpbfjacxswbpzioe/Build/Products/Debug-iphonesimulator/PackageFrameworks -F /Users/nathanfennel/Library/Developer/Xcode/DerivedData/CardOnCue-fafaiynmhqufqpbfjacxswbpzioe/Build/Products/Debug-iphonesimulator -F /Applications/Xcode.app/Contents/Developer/Platforms/iPhoneSimulator.platform/Developer/Library/Frameworks -F /Applications/Xcode.app/Contents/Developer/Platforms/iPhoneSimulator.platform/Developer/SDKs/iPhoneSimulator26.2.sdk/Developer/Library/Frameworks -emit-localized-strings -emit-localized-strings-path /Users/nathanfennel/Library/Developer/Xcode/DerivedData/CardOnCue-fafaiynmhqufqpbfjacxswbpzioe/Build/Intermediates.noindex/Clerk.build/Debug-iphonesimulator/Clerk.build/Objects-normal/arm64 -c -j8 -enable-batch-mode -incremental -Xcc -ivfsstatcache -Xcc /Users/nathanfennel/Library/Developer/Xcode/DerivedData/SDKStatCaches.noindex/iphonesimulator26.2-23C53-7d00a8b37fbd7999ea79df8ebc024bf0.sdkstatcache -output-file-map /Users/nathanfennel/Library/Developer/Xcode/DerivedData/CardOnCue-fafaiynmhqufqpbfjacxswbpzioe/Build/Intermediates.noindex/Clerk.build/Debug-iphonesimulator/Clerk.build/Objects-normal/arm64/Clerk-OutputFileMap.json -use-frontend-parseable-output -save-temps -no-color-diagnostics -explicit-module-build -module-cache-path /Users/nathanfennel/Library/Developer/Xcode/DerivedData/CardOnCue-fafaiynmhqufqpbfjacxswbpzioe/Build/Intermediates.noindex/SwiftExplicitPrecompiledModules -clang-scanner-module-cache-path /Users/nathanfennel/Library/Developer/Xcode/DerivedData/ModuleCache.noindex -sdk-module-cache-path /Users/nathanfennel/Library/Developer/Xcode/DerivedData/ModuleCache.noindex -serialize-diagnostics -emit-dependencies -emit-module -emit-module-path /Users/nathanfennel/Library/Developer/Xcode/DerivedData/CardOnCue-fafaiynmhqufqpbfjacxswbpzioe/Build/Intermediates.noindex/Clerk.build/Debug-iphonesimulator/Clerk.build/Objects-normal/arm64/Clerk.swiftmodule -validate-clang-modules-once -clang-build-session-file /Users/nathanfennel/Library/Developer/Xcode/DerivedData/ModuleCache.noindex/Session.modulevalidation -package-name clerk_ios -Xcc -I/Users/nathanfennel/Library/Developer/Xcode/DerivedData/CardOnCue-fafaiynmhqufqpbfjacxswbpzioe/Build/Intermediates.noindex/Clerk.build/Debug-iphonesimulator/Clerk.build/swift-overrides.hmap -emit-const-values -Xfrontend -const-gather-protocols-file -Xfrontend /Users/nathanfennel/Library/Developer/Xcode/DerivedData/CardOnCue-fafaiynmhqufqpbfjacxswbpzioe/Build/Intermediates.noindex/Clerk.build/Debug-iphonesimulator/Clerk.build/Objects-normal/arm64/Clerk_const_extract_protocols.json -Xcc -I/Users/nathanfennel/Library/Developer/Xcode/DerivedData/CardOnCue-fafaiynmhqufqpbfjacxswbpzioe/Build/Products/Debug-iphonesimulator/include -Xcc -I/Users/nathanfennel/Library/Developer/Xcode/DerivedData/CardOnCue-fafaiynmhqufqpbfjacxswbpzioe/Build/Intermediates.noindex/Clerk.build/Debug-iphonesimulator/Clerk.build/DerivedSources-normal/arm64 -Xcc -I/Users/nathanfennel/Library/Developer/Xcode/DerivedData/CardOnCue-fafaiynmhqufqpbfjacxswbpzioe/Build/Intermediates.noindex/Clerk.build/Debug-iphonesimulator/Clerk.build/DerivedSources/arm64 -Xcc -I/Users/nathanfennel/Library/Developer/Xcode/DerivedData/CardOnCue-fafaiynmhqufqpbfjacxswbpzioe/Build/Intermediates.noindex/Clerk.build/Debug-iphonesimulator/Clerk.build/DerivedSources -Xcc -DSWIFT_PACKAGE -Xcc -DDEBUG\=1 -emit-objc-header -emit-objc-header-path /Users/nathanfennel/Library/Developer/Xcode/DerivedData/CardOnCue-fafaiynmhqufqpbfjacxswbpzioe/Build/Intermediates.noindex/Clerk.build/Debug-iphonesimulator/Clerk.build/Objects-normal/arm64/Clerk-Swift.h -working-directory /Users/nathanfennel/Documents/GitHub/CardOnCue/CardOnCue.xcodeproj -experimental-emit-module-separately -disable-cmo

Ld /Users/nathanfennel/Library/Developer/Xcode/DerivedData/CardOnCue-fafaiynmhqufqpbfjacxswbpzioe/Build/Products/Debug-iphonesimulator/Clerk.o normal (in target 'Clerk' from project 'Clerk')
    cd /Users/nathanfennel/Library/Developer/Xcode/DerivedData/CardOnCue-fafaiynmhqufqpbfjacxswbpzioe/SourcePackages/checkouts/clerk-ios
    /Applications/Xcode.app/Contents/Developer/Toolchains/XcodeDefault.xctoolchain/usr/bin/clang -Xlinker -reproducible -target arm64-apple-ios17.0-simulator -r -isysroot /Applications/Xcode.app/Contents/Developer/Platforms/iPhoneSimulator.platform/Developer/SDKs/iPhoneSimulator26.2.sdk -O0 -w -L/Users/nathanfennel/Library/Developer/Xcode/DerivedData/CardOnCue-fafaiynmhqufqpbfjacxswbpzioe/Build/Intermediates.noindex/EagerLinkingTBDs/Debug-iphonesimulator -L/Users/nathanfennel/Library/Developer/Xcode/DerivedData/CardOnCue-fafaiynmhqufqpbfjacxswbpzioe/Build/Products/Debug-iphonesimulator -L/Applications/Xcode.app/Contents/Developer/Platforms/iPhoneSimulator.platform/Developer/usr/lib -F/Users/nathanfennel/Library/Developer/Xcode/DerivedData/CardOnCue-fafaiynmhqufqpbfjacxswbpzioe/Build/Intermediates.noindex/EagerLinkingTBDs/Debug-iphonesimulator -F/Users/nathanfennel/Library/Developer/Xcode/DerivedData/CardOnCue-fafaiynmhqufqpbfjacxswbpzioe/Build/Products/Debug-iphonesimulator/PackageFrameworks -F/Users/nathanfennel/Library/Developer/Xcode/DerivedData/CardOnCue-fafaiynmhqufqpbfjacxswbpzioe/Build/Products/Debug-iphonesimulator/PackageFrameworks -F/Users/nathanfennel/Library/Developer/Xcode/DerivedData/CardOnCue-fafaiynmhqufqpbfjacxswbpzioe/Build/Products/Debug-iphonesimulator/PackageFrameworks -F/Users/nathanfennel/Library/Developer/Xcode/DerivedData/CardOnCue-fafaiynmhqufqpbfjacxswbpzioe/Build/Products/Debug-iphonesimulator/PackageFrameworks -F/Users/nathanfennel/Library/Developer/Xcode/DerivedData/CardOnCue-fafaiynmhqufqpbfjacxswbpzioe/Build/Products/Debug-iphonesimulator/PackageFrameworks -F/Users/nathanfennel/Library/Developer/Xcode/DerivedData/CardOnCue-fafaiynmhqufqpbfjacxswbpzioe/Build/Products/Debug-iphonesimulator -iframework /Applications/Xcode.app/Contents/Developer/Platforms/iPhoneSimulator.platform/Developer/Library/Frameworks -iframework /Applications/Xcode.app/Contents/Developer/Platforms/iPhoneSimulator.platform/Developer/SDKs/iPhoneSimulator26.2.sdk/Developer/Library/Frameworks -filelist /Users/nathanfennel/Library/Developer/Xcode/DerivedData/CardOnCue-fafaiynmhqufqpbfjacxswbpzioe/Build/Intermediates.noindex/Clerk.build/Debug-iphonesimulator/Clerk.build/Objects-normal/arm64/Clerk.LinkFileList -nostdlib -Xlinker -object_path_lto -Xlinker /Users/nathanfennel/Library/Developer/Xcode/DerivedData/CardOnCue-fafaiynmhqufqpbfjacxswbpzioe/Build/Intermediates.noindex/Clerk.build/Debug-iphonesimulator/Clerk.build/Objects-normal/arm64/Clerk_lto.o -rdynamic -Xlinker -no_deduplicate -Xlinker -objc_abi_version -Xlinker 2 -Xlinker -debug_variant -Xlinker -dependency_info -Xlinker /Users/nathanfennel/Library/Developer/Xcode/DerivedData/CardOnCue-fafaiynmhqufqpbfjacxswbpzioe/Build/Intermediates.noindex/Clerk.build/Debug-iphonesimulator/Clerk.build/Objects-normal/arm64/Clerk_dependency_info.dat -fobjc-link-runtime -L/Applications/Xcode.app/Contents/Developer/Toolchains/XcodeDefault.xctoolchain/usr/lib/swift/iphonesimulator -L/usr/lib/swift -Xlinker -add_ast_path -Xlinker /Users/nathanfennel/Library/Developer/Xcode/DerivedData/CardOnCue-fafaiynmhqufqpbfjacxswbpzioe/Build/Intermediates.noindex/Clerk.build/Debug-iphonesimulator/Clerk.build/Objects-normal/arm64/Clerk.swiftmodule @/Users/nathanfennel/Library/Developer/Xcode/DerivedData/CardOnCue-fafaiynmhqufqpbfjacxswbpzioe/Build/Intermediates.noindex/Clerk.build/Debug-iphonesimulator/Clerk.build/Objects-normal/arm64/Clerk-linker-args.resp -o /Users/nathanfennel/Library/Developer/Xcode/DerivedData/CardOnCue-fafaiynmhqufqpbfjacxswbpzioe/Build/Products/Debug-iphonesimulator/Clerk.o

ExtractAppIntentsMetadata (in target 'Clerk' from project 'Clerk')
    cd /Users/nathanfennel/Library/Developer/Xcode/DerivedData/CardOnCue-fafaiynmhqufqpbfjacxswbpzioe/SourcePackages/checkouts/clerk-ios
    /Applications/Xcode.app/Contents/Developer/Toolchains/XcodeDefault.xctoolchain/usr/bin/appintentsmetadataprocessor --toolchain-dir /Applications/Xcode.app/Contents/Developer/Toolchains/XcodeDefault.xctoolchain --module-name Clerk --sdk-root /Applications/Xcode.app/Contents/Developer/Platforms/iPhoneSimulator.platform/Developer/SDKs/iPhoneSimulator26.2.sdk --xcode-version 17C52 --platform-family iOS --deployment-target 17.0 --bundle-identifier clerk-ios.Clerk --output /Users/nathanfennel/Library/Developer/Xcode/DerivedData/CardOnCue-fafaiynmhqufqpbfjacxswbpzioe/Build/Products/Debug-iphonesimulator/Clerk.appintents --target-triple arm64-apple-ios17.0-simulator --binary-file /Users/nathanfennel/Library/Developer/Xcode/DerivedData/CardOnCue-fafaiynmhqufqpbfjacxswbpzioe/Build/Products/Debug-iphonesimulator/Clerk.o --dependency-file /Users/nathanfennel/Library/Developer/Xcode/DerivedData/CardOnCue-fafaiynmhqufqpbfjacxswbpzioe/Build/Intermediates.noindex/Clerk.build/Debug-iphonesimulator/Clerk.build/Objects-normal/arm64/Clerk_dependency_info.dat --stringsdata-file /Users/nathanfennel/Library/Developer/Xcode/DerivedData/CardOnCue-fafaiynmhqufqpbfjacxswbpzioe/Build/Intermediates.noindex/Clerk.build/Debug-iphonesimulator/Clerk.build/Objects-normal/arm64/ExtractedAppShortcutsMetadata.stringsdata --source-file-list /Users/nathanfennel/Library/Developer/Xcode/DerivedData/CardOnCue-fafaiynmhqufqpbfjacxswbpzioe/Build/Intermediates.noindex/Clerk.build/Debug-iphonesimulator/Clerk.build/Objects-normal/arm64/Clerk.SwiftFileList --metadata-file-list /Users/nathanfennel/Library/Developer/Xcode/DerivedData/CardOnCue-fafaiynmhqufqpbfjacxswbpzioe/Build/Intermediates.noindex/Clerk.build/Debug-iphonesimulator/Clerk.build/Clerk.DependencyMetadataFileList --static-metadata-file-list /Users/nathanfennel/Library/Developer/Xcode/DerivedData/CardOnCue-fafaiynmhqufqpbfjacxswbpzioe/Build/Intermediates.noindex/Clerk.build/Debug-iphonesimulator/Clerk.build/Clerk.DependencyStaticMetadataFileList --swift-const-vals-list /Users/nathanfennel/Library/Developer/Xcode/DerivedData/CardOnCue-fafaiynmhqufqpbfjacxswbpzioe/Build/Intermediates.noindex/Clerk.build/Debug-iphonesimulator/Clerk.build/Objects-normal/arm64/Clerk.SwiftConstValuesFileList --force --compile-time-extraction --deployment-aware-processing --validate-assistant-intents --no-app-shortcuts-localization
2025-12-28 10:01:14.771 appintentsmetadataprocessor[65059:3785461] Starting appintentsmetadataprocessor export
2025-12-28 10:01:14.982 appintentsmetadataprocessor[65059:3785461] Extracted no relevant App Intents symbols, skipping writing output

RegisterExecutionPolicyException /Users/nathanfennel/Library/Developer/Xcode/DerivedData/CardOnCue-fafaiynmhqufqpbfjacxswbpzioe/Build/Products/Debug-iphonesimulator/Clerk.o (in target 'Clerk' from project 'Clerk')
    cd /Users/nathanfennel/Library/Developer/Xcode/DerivedData/CardOnCue-fafaiynmhqufqpbfjacxswbpzioe/SourcePackages/checkouts/clerk-ios
    builtin-RegisterExecutionPolicyException /Users/nathanfennel/Library/Developer/Xcode/DerivedData/CardOnCue-fafaiynmhqufqpbfjacxswbpzioe/Build/Products/Debug-iphonesimulator/Clerk.o

Ld /Users/nathanfennel/Library/Developer/Xcode/DerivedData/CardOnCue-fafaiynmhqufqpbfjacxswbpzioe/Build/Products/Debug-iphonesimulator/CardOnCue.app/__preview.dylib normal (in target 'CardOnCue' from project 'CardOnCue')
    cd /Users/nathanfennel/Documents/GitHub/CardOnCue
    /Applications/Xcode.app/Contents/Developer/Toolchains/XcodeDefault.xctoolchain/usr/bin/clang -Xlinker -reproducible -target arm64-apple-ios17.6-simulator -dynamiclib -isysroot /Applications/Xcode.app/Contents/Developer/Platforms/iPhoneSimulator.platform/Developer/SDKs/iPhoneSimulator26.2.sdk -O0 -L/Users/nathanfennel/Library/Developer/Xcode/DerivedData/CardOnCue-fafaiynmhqufqpbfjacxswbpzioe/Build/Products/Debug-iphonesimulator -F/Users/nathanfennel/Library/Developer/Xcode/DerivedData/CardOnCue-fafaiynmhqufqpbfjacxswbpzioe/Build/Products/Debug-iphonesimulator/PackageFrameworks -F/Users/nathanfennel/Library/Developer/Xcode/DerivedData/CardOnCue-fafaiynmhqufqpbfjacxswbpzioe/Build/Products/Debug-iphonesimulator/PackageFrameworks -F/Users/nathanfennel/Library/Developer/Xcode/DerivedData/CardOnCue-fafaiynmhqufqpbfjacxswbpzioe/Build/Products/Debug-iphonesimulator/PackageFrameworks -F/Users/nathanfennel/Library/Developer/Xcode/DerivedData/CardOnCue-fafaiynmhqufqpbfjacxswbpzioe/Build/Products/Debug-iphonesimulator/PackageFrameworks -F/Users/nathanfennel/Library/Developer/Xcode/DerivedData/CardOnCue-fafaiynmhqufqpbfjacxswbpzioe/Build/Products/Debug-iphonesimulator/PackageFrameworks -F/Users/nathanfennel/Library/Developer/Xcode/DerivedData/CardOnCue-fafaiynmhqufqpbfjacxswbpzioe/Build/Products/Debug-iphonesimulator/PackageFrameworks -F/Users/nathanfennel/Library/Developer/Xcode/DerivedData/CardOnCue-fafaiynmhqufqpbfjacxswbpzioe/Build/Products/Debug-iphonesimulator -install_name @rpath/CardOnCue.debug.dylib -dead_strip -rdynamic -Xlinker -no_deduplicate -Xlinker -objc_abi_version -Xlinker 2 -Xlinker -debug_variant -Xlinker -dependency_info -Xlinker /Users/nathanfennel/Library/Developer/Xcode/DerivedData/CardOnCue-fafaiynmhqufqpbfjacxswbpzioe/Build/Intermediates.noindex/CardOnCue.build/Debug-iphonesimulator/CardOnCue.build/Objects-normal/arm64/CardOnCue_dependency_info.dat -Xlinker -sectcreate -Xlinker __TEXT -Xlinker __entitlements -Xlinker /Users/nathanfennel/Library/Developer/Xcode/DerivedData/CardOnCue-fafaiynmhqufqpbfjacxswbpzioe/Build/Intermediates.noindex/CardOnCue.build/Debug-iphonesimulator/CardOnCue.build/CardOnCue.app-Simulated.xcent -Xlinker -sectcreate -Xlinker __TEXT -Xlinker __ents_der -Xlinker /Users/nathanfennel/Library/Developer/Xcode/DerivedData/CardOnCue-fafaiynmhqufqpbfjacxswbpzioe/Build/Intermediates.noindex/CardOnCue.build/Debug-iphonesimulator/CardOnCue.build/CardOnCue.app-Simulated.xcent.der -Xlinker -no_adhoc_codesign -o /Users/nathanfennel/Library/Developer/Xcode/DerivedData/CardOnCue-fafaiynmhqufqpbfjacxswbpzioe/Build/Products/Debug-iphonesimulator/CardOnCue.app/__preview.dylib

Copy /Users/nathanfennel/Library/Developer/Xcode/DerivedData/CardOnCue-fafaiynmhqufqpbfjacxswbpzioe/Build/Products/Debug-iphonesimulator/CardOnCue.app/PhoneNumberKit_PhoneNumberKit.bundle /Users/nathanfennel/Library/Developer/Xcode/DerivedData/CardOnCue-fafaiynmhqufqpbfjacxswbpzioe/Build/Products/Debug-iphonesimulator/PhoneNumberKit_PhoneNumberKit.bundle (in target 'CardOnCue' from project 'CardOnCue')
    cd /Users/nathanfennel/Documents/GitHub/CardOnCue
    builtin-copy -exclude .DS_Store -exclude CVS -exclude .svn -exclude .git -exclude .hg -resolve-src-symlinks /Users/nathanfennel/Library/Developer/Xcode/DerivedData/CardOnCue-fafaiynmhqufqpbfjacxswbpzioe/Build/Products/Debug-iphonesimulator/PhoneNumberKit_PhoneNumberKit.bundle /Users/nathanfennel/Library/Developer/Xcode/DerivedData/CardOnCue-fafaiynmhqufqpbfjacxswbpzioe/Build/Products/Debug-iphonesimulator/CardOnCue.app

CopyStringsFile /Users/nathanfennel/Library/Developer/Xcode/DerivedData/CardOnCue-fafaiynmhqufqpbfjacxswbpzioe/Build/Products/Debug-iphonesimulator/CardOnCue.app/en.lproj/Localizable.strings /Users/nathanfennel/Documents/GitHub/CardOnCue/CardOnCue/en.lproj/Localizable.strings (in target 'CardOnCue' from project 'CardOnCue')
    cd /Users/nathanfennel/Documents/GitHub/CardOnCue
    builtin-copyStrings --validate --outputencoding binary --outfilename Localizable.strings --outdir /Users/nathanfennel/Library/Developer/Xcode/DerivedData/CardOnCue-fafaiynmhqufqpbfjacxswbpzioe/Build/Products/Debug-iphonesimulator/CardOnCue.app/en.lproj -- /Users/nathanfennel/Documents/GitHub/CardOnCue/CardOnCue/en.lproj/Localizable.strings
/Users/nathanfennel/Documents/GitHub/CardOnCue/CardOnCue/en.lproj/Localizable.strings:1:1: note: detected encoding of input file as Unicode (UTF-8) (in target 'CardOnCue' from project 'CardOnCue')

Copy /Users/nathanfennel/Library/Developer/Xcode/DerivedData/CardOnCue-fafaiynmhqufqpbfjacxswbpzioe/Build/Products/Debug-iphonesimulator/CardOnCue.app/Kingfisher_Kingfisher.bundle /Users/nathanfennel/Library/Developer/Xcode/DerivedData/CardOnCue-fafaiynmhqufqpbfjacxswbpzioe/Build/Products/Debug-iphonesimulator/Kingfisher_Kingfisher.bundle (in target 'CardOnCue' from project 'CardOnCue')
    cd /Users/nathanfennel/Documents/GitHub/CardOnCue
    builtin-copy -exclude .DS_Store -exclude CVS -exclude .svn -exclude .git -exclude .hg -resolve-src-symlinks /Users/nathanfennel/Library/Developer/Xcode/DerivedData/CardOnCue-fafaiynmhqufqpbfjacxswbpzioe/Build/Products/Debug-iphonesimulator/Kingfisher_Kingfisher.bundle /Users/nathanfennel/Library/Developer/Xcode/DerivedData/CardOnCue-fafaiynmhqufqpbfjacxswbpzioe/Build/Products/Debug-iphonesimulator/CardOnCue.app

Copy /Users/nathanfennel/Library/Developer/Xcode/DerivedData/CardOnCue-fafaiynmhqufqpbfjacxswbpzioe/Build/Products/Debug-iphonesimulator/CardOnCue.app/Factory_FactoryKit.bundle /Users/nathanfennel/Library/Developer/Xcode/DerivedData/CardOnCue-fafaiynmhqufqpbfjacxswbpzioe/Build/Products/Debug-iphonesimulator/Factory_FactoryKit.bundle (in target 'CardOnCue' from project 'CardOnCue')
    cd /Users/nathanfennel/Documents/GitHub/CardOnCue
    builtin-copy -exclude .DS_Store -exclude CVS -exclude .svn -exclude .git -exclude .hg -resolve-src-symlinks /Users/nathanfennel/Library/Developer/Xcode/DerivedData/CardOnCue-fafaiynmhqufqpbfjacxswbpzioe/Build/Products/Debug-iphonesimulator/Factory_FactoryKit.bundle /Users/nathanfennel/Library/Developer/Xcode/DerivedData/CardOnCue-fafaiynmhqufqpbfjacxswbpzioe/Build/Products/Debug-iphonesimulator/CardOnCue.app

Copy /Users/nathanfennel/Library/Developer/Xcode/DerivedData/CardOnCue-fafaiynmhqufqpbfjacxswbpzioe/Build/Products/Debug-iphonesimulator/CardOnCue.app/Clerk_Clerk.bundle /Users/nathanfennel/Library/Developer/Xcode/DerivedData/CardOnCue-fafaiynmhqufqpbfjacxswbpzioe/Build/Products/Debug-iphonesimulator/Clerk_Clerk.bundle (in target 'CardOnCue' from project 'CardOnCue')
    cd /Users/nathanfennel/Documents/GitHub/CardOnCue
    builtin-copy -exclude .DS_Store -exclude CVS -exclude .svn -exclude .git -exclude .hg -resolve-src-symlinks /Users/nathanfennel/Library/Developer/Xcode/DerivedData/CardOnCue-fafaiynmhqufqpbfjacxswbpzioe/Build/Products/Debug-iphonesimulator/Clerk_Clerk.bundle /Users/nathanfennel/Library/Developer/Xcode/DerivedData/CardOnCue-fafaiynmhqufqpbfjacxswbpzioe/Build/Products/Debug-iphonesimulator/CardOnCue.app

ProcessInfoPlistFile /Users/nathanfennel/Library/Developer/Xcode/DerivedData/CardOnCue-fafaiynmhqufqpbfjacxswbpzioe/Build/Products/Debug-iphonesimulator/CardOnCue.app/Info.plist /Users/nathanfennel/Documents/GitHub/CardOnCue/CardOnCue/Info.plist (in target 'CardOnCue' from project 'CardOnCue')
    cd /Users/nathanfennel/Documents/GitHub/CardOnCue
    builtin-infoPlistUtility /Users/nathanfennel/Documents/GitHub/CardOnCue/CardOnCue/Info.plist -producttype com.apple.product-type.application -genpkginfo /Users/nathanfennel/Library/Developer/Xcode/DerivedData/CardOnCue-fafaiynmhqufqpbfjacxswbpzioe/Build/Products/Debug-iphonesimulator/CardOnCue.app/PkgInfo -expandbuildsettings -format binary -platform iphonesimulator -additionalcontentfile /Users/nathanfennel/Library/Developer/Xcode/DerivedData/CardOnCue-fafaiynmhqufqpbfjacxswbpzioe/Build/Intermediates.noindex/CardOnCue.build/Debug-iphonesimulator/CardOnCue.build/assetcatalog_generated_info.plist -scanforprivacyfile /Users/nathanfennel/Library/Developer/Xcode/DerivedData/CardOnCue-fafaiynmhqufqpbfjacxswbpzioe/Build/Products/Debug-iphonesimulator/CardOnCue.app/Clerk_Clerk.bundle -scanforprivacyfile /Users/nathanfennel/Library/Developer/Xcode/DerivedData/CardOnCue-fafaiynmhqufqpbfjacxswbpzioe/Build/Products/Debug-iphonesimulator/CardOnCue.app/Factory_FactoryKit.bundle -scanforprivacyfile /Users/nathanfennel/Library/Developer/Xcode/DerivedData/CardOnCue-fafaiynmhqufqpbfjacxswbpzioe/Build/Products/Debug-iphonesimulator/CardOnCue.app/Kingfisher_Kingfisher.bundle -scanforprivacyfile /Users/nathanfennel/Library/Developer/Xcode/DerivedData/CardOnCue-fafaiynmhqufqpbfjacxswbpzioe/Build/Products/Debug-iphonesimulator/CardOnCue.app/PhoneNumberKit_PhoneNumberKit.bundle -o /Users/nathanfennel/Library/Developer/Xcode/DerivedData/CardOnCue-fafaiynmhqufqpbfjacxswbpzioe/Build/Products/Debug-iphonesimulator/CardOnCue.app/Info.plist

SwiftDriverJobDiscovery normal arm64 Compiling DrawingTools.swift, EmptyStateView.swift, FeatureRow.swift, GeofenceManager.swift, IconCropView.swift, IconSelectionSheet.swift, IconSelectionView.swift, Item.swift (in target 'CardOnCue' from project 'CardOnCue')

SwiftDriverJobDiscovery normal arm64 Compiling KeychainService.swift, Location.swift, LocationCacheService.swift, LocationPermissionView.swift, LocationSearchField.swift, LocationSearchService.swift, LocationService.swift, MainView.swift (in target 'CardOnCue' from project 'CardOnCue')

SwiftDriverJobDiscovery normal arm64 Compiling PhotoLibraryImportView.swift, RapidSaveService.swift, RapidScanningState.swift, SavedLocation.swift, ScannedCardReviewView.swift, StorageService.swift, VisionOCRService.swift, GeneratedAssetSymbols.swift (in target 'CardOnCue' from project 'CardOnCue')

SwiftDriverJobDiscovery normal arm64 Compiling CameraPermissionPromptView.swift, Card.swift, CardDataParser.swift, CardDetailView.swift, CardIcon.swift, CardIconService.swift, CardImageProcessor.swift, CardImageStorageService.swift (in target 'CardOnCue' from project 'CardOnCue')

SwiftDriverJobDiscovery normal arm64 Compiling BarcodeImageCropper.swift, BarcodeScannerView.swift, BarcodeService.swift, BarcodeType.swift, BatchLocationBadge.swift, BatchLocationPickerSheet.swift, BrandLogoService.swift, CameraPermissionManager.swift (in target 'CardOnCue' from project 'CardOnCue')

SwiftDriver\ Compilation CardOnCue normal arm64 com.apple.xcode.tools.swift.compiler (in target 'CardOnCue' from project 'CardOnCue')
    cd /Users/nathanfennel/Documents/GitHub/CardOnCue
    builtin-Swift-Compilation -- /Applications/Xcode.app/Contents/Developer/Toolchains/XcodeDefault.xctoolchain/usr/bin/swiftc -module-name CardOnCue -Onone -enforce-exclusivity\=checked @/Users/nathanfennel/Library/Developer/Xcode/DerivedData/CardOnCue-fafaiynmhqufqpbfjacxswbpzioe/Build/Intermediates.noindex/CardOnCue.build/Debug-iphonesimulator/CardOnCue.build/Objects-normal/arm64/CardOnCue.SwiftFileList -DDEBUG -default-isolation\=MainActor -enable-bare-slash-regex -enable-upcoming-feature DisableOutwardActorInference -enable-upcoming-feature InferSendableFromCaptures -enable-upcoming-feature GlobalActorIsolatedTypesUsability -enable-upcoming-feature MemberImportVisibility -enable-upcoming-feature InferIsolatedConformances -enable-upcoming-feature NonisolatedNonsendingByDefault -enable-experimental-feature DebugDescriptionMacro -sdk /Applications/Xcode.app/Contents/Developer/Platforms/iPhoneSimulator.platform/Developer/SDKs/iPhoneSimulator26.2.sdk -target arm64-apple-ios17.6-simulator -g -module-cache-path /Users/nathanfennel/Library/Developer/Xcode/DerivedData/ModuleCache.noindex -Xfrontend -serialize-debugging-options -profile-coverage-mapping -profile-generate -enable-testing -index-store-path /Users/nathanfennel/Library/Developer/Xcode/DerivedData/CardOnCue-fafaiynmhqufqpbfjacxswbpzioe/Index.noindex/DataStore -Xcc -D_LIBCPP_HARDENING_MODE\=_LIBCPP_HARDENING_MODE_DEBUG -swift-version 5 -I /Users/nathanfennel/Library/Developer/Xcode/DerivedData/CardOnCue-fafaiynmhqufqpbfjacxswbpzioe/Build/Products/Debug-iphonesimulator -F /Users/nathanfennel/Library/Developer/Xcode/DerivedData/CardOnCue-fafaiynmhqufqpbfjacxswbpzioe/Build/Products/Debug-iphonesimulator/PackageFrameworks -F /Users/nathanfennel/Library/Developer/Xcode/DerivedData/CardOnCue-fafaiynmhqufqpbfjacxswbpzioe/Build/Products/Debug-iphonesimulator/PackageFrameworks -F /Users/nathanfennel/Library/Developer/Xcode/DerivedData/CardOnCue-fafaiynmhqufqpbfjacxswbpzioe/Build/Products/Debug-iphonesimulator/PackageFrameworks -F /Users/nathanfennel/Library/Developer/Xcode/DerivedData/CardOnCue-fafaiynmhqufqpbfjacxswbpzioe/Build/Products/Debug-iphonesimulator/PackageFrameworks -F /Users/nathanfennel/Library/Developer/Xcode/DerivedData/CardOnCue-fafaiynmhqufqpbfjacxswbpzioe/Build/Products/Debug-iphonesimulator/PackageFrameworks -F /Users/nathanfennel/Library/Developer/Xcode/DerivedData/CardOnCue-fafaiynmhqufqpbfjacxswbpzioe/Build/Products/Debug-iphonesimulator/PackageFrameworks -F /Users/nathanfennel/Library/Developer/Xcode/DerivedData/CardOnCue-fafaiynmhqufqpbfjacxswbpzioe/Build/Products/Debug-iphonesimulator -emit-localized-strings -emit-localized-strings-path /Users/nathanfennel/Library/Developer/Xcode/DerivedData/CardOnCue-fafaiynmhqufqpbfjacxswbpzioe/Build/Intermediates.noindex/CardOnCue.build/Debug-iphonesimulator/CardOnCue.build/Objects-normal/arm64 -c -j8 -enable-batch-mode -incremental -Xcc -ivfsstatcache -Xcc /Users/nathanfennel/Library/Developer/Xcode/DerivedData/SDKStatCaches.noindex/iphonesimulator26.2-23C53-7d00a8b37fbd7999ea79df8ebc024bf0.sdkstatcache -output-file-map /Users/nathanfennel/Library/Developer/Xcode/DerivedData/CardOnCue-fafaiynmhqufqpbfjacxswbpzioe/Build/Intermediates.noindex/CardOnCue.build/Debug-iphonesimulator/CardOnCue.build/Objects-normal/arm64/CardOnCue-OutputFileMap.json -use-frontend-parseable-output -save-temps -no-color-diagnostics -explicit-module-build -module-cache-path /Users/nathanfennel/Library/Developer/Xcode/DerivedData/CardOnCue-fafaiynmhqufqpbfjacxswbpzioe/Build/Intermediates.noindex/SwiftExplicitPrecompiledModules -clang-scanner-module-cache-path /Users/nathanfennel/Library/Developer/Xcode/DerivedData/ModuleCache.noindex -sdk-module-cache-path /Users/nathanfennel/Library/Developer/Xcode/DerivedData/ModuleCache.noindex -serialize-diagnostics -emit-dependencies -emit-module -emit-module-path /Users/nathanfennel/Library/Developer/Xcode/DerivedData/CardOnCue-fafaiynmhqufqpbfjacxswbpzioe/Build/Intermediates.noindex/CardOnCue.build/Debug-iphonesimulator/CardOnCue.build/Objects-normal/arm64/CardOnCue.swiftmodule -validate-clang-modules-once -clang-build-session-file /Users/nathanfennel/Library/Developer/Xcode/DerivedData/ModuleCache.noindex/Session.modulevalidation -Xcc -I/Users/nathanfennel/Library/Developer/Xcode/DerivedData/CardOnCue-fafaiynmhqufqpbfjacxswbpzioe/Build/Intermediates.noindex/CardOnCue.build/Debug-iphonesimulator/CardOnCue.build/swift-overrides.hmap -emit-const-values -Xfrontend -const-gather-protocols-file -Xfrontend /Users/nathanfennel/Library/Developer/Xcode/DerivedData/CardOnCue-fafaiynmhqufqpbfjacxswbpzioe/Build/Intermediates.noindex/CardOnCue.build/Debug-iphonesimulator/CardOnCue.build/Objects-normal/arm64/CardOnCue_const_extract_protocols.json -Xcc -iquote -Xcc /Users/nathanfennel/Library/Developer/Xcode/DerivedData/CardOnCue-fafaiynmhqufqpbfjacxswbpzioe/Build/Intermediates.noindex/CardOnCue.build/Debug-iphonesimulator/CardOnCue.build/CardOnCue-generated-files.hmap -Xcc -I/Users/nathanfennel/Library/Developer/Xcode/DerivedData/CardOnCue-fafaiynmhqufqpbfjacxswbpzioe/Build/Intermediates.noindex/CardOnCue.build/Debug-iphonesimulator/CardOnCue.build/CardOnCue-own-target-headers.hmap -Xcc -I/Users/nathanfennel/Library/Developer/Xcode/DerivedData/CardOnCue-fafaiynmhqufqpbfjacxswbpzioe/Build/Intermediates.noindex/CardOnCue.build/Debug-iphonesimulator/CardOnCue.build/CardOnCue-all-non-framework-target-headers.hmap -Xcc -ivfsoverlay -Xcc /Users/nathanfennel/Library/Developer/Xcode/DerivedData/CardOnCue-fafaiynmhqufqpbfjacxswbpzioe/Build/Intermediates.noindex/CardOnCue.build/Debug-iphonesimulator/CardOnCue-34aa821186031dee62e343b10bd4ada7-VFS-iphonesimulator/all-product-headers.yaml -Xcc -iquote -Xcc /Users/nathanfennel/Library/Developer/Xcode/DerivedData/CardOnCue-fafaiynmhqufqpbfjacxswbpzioe/Build/Intermediates.noindex/CardOnCue.build/Debug-iphonesimulator/CardOnCue.build/CardOnCue-project-headers.hmap -Xcc -I/Users/nathanfennel/Library/Developer/Xcode/DerivedData/CardOnCue-fafaiynmhqufqpbfjacxswbpzioe/Build/Products/Debug-iphonesimulator/include -Xcc -I/Users/nathanfennel/Library/Developer/Xcode/DerivedData/CardOnCue-fafaiynmhqufqpbfjacxswbpzioe/Build/Intermediates.noindex/CardOnCue.build/Debug-iphonesimulator/CardOnCue.build/DerivedSources-normal/arm64 -Xcc -I/Users/nathanfennel/Library/Developer/Xcode/DerivedData/CardOnCue-fafaiynmhqufqpbfjacxswbpzioe/Build/Intermediates.noindex/CardOnCue.build/Debug-iphonesimulator/CardOnCue.build/DerivedSources/arm64 -Xcc -I/Users/nathanfennel/Library/Developer/Xcode/DerivedData/CardOnCue-fafaiynmhqufqpbfjacxswbpzioe/Build/Intermediates.noindex/CardOnCue.build/Debug-iphonesimulator/CardOnCue.build/DerivedSources -Xcc -DDEBUG\=1 -emit-objc-header -emit-objc-header-path /Users/nathanfennel/Library/Developer/Xcode/DerivedData/CardOnCue-fafaiynmhqufqpbfjacxswbpzioe/Build/Intermediates.noindex/CardOnCue.build/Debug-iphonesimulator/CardOnCue.build/Objects-normal/arm64/CardOnCue-Swift.h -working-directory /Users/nathanfennel/Documents/GitHub/CardOnCue -experimental-emit-module-separately -disable-cmo

Ld /Users/nathanfennel/Library/Developer/Xcode/DerivedData/CardOnCue-fafaiynmhqufqpbfjacxswbpzioe/Build/Products/Debug-iphonesimulator/CardOnCue.app/CardOnCue.debug.dylib normal (in target 'CardOnCue' from project 'CardOnCue')
    cd /Users/nathanfennel/Documents/GitHub/CardOnCue
    /Applications/Xcode.app/Contents/Developer/Toolchains/XcodeDefault.xctoolchain/usr/bin/clang -Xlinker -reproducible -target arm64-apple-ios17.6-simulator -dynamiclib -isysroot /Applications/Xcode.app/Contents/Developer/Platforms/iPhoneSimulator.platform/Developer/SDKs/iPhoneSimulator26.2.sdk -O0 -L/Users/nathanfennel/Library/Developer/Xcode/DerivedData/CardOnCue-fafaiynmhqufqpbfjacxswbpzioe/Build/Intermediates.noindex/EagerLinkingTBDs/Debug-iphonesimulator -L/Users/nathanfennel/Library/Developer/Xcode/DerivedData/CardOnCue-fafaiynmhqufqpbfjacxswbpzioe/Build/Products/Debug-iphonesimulator -F/Users/nathanfennel/Library/Developer/Xcode/DerivedData/CardOnCue-fafaiynmhqufqpbfjacxswbpzioe/Build/Intermediates.noindex/EagerLinkingTBDs/Debug-iphonesimulator -F/Users/nathanfennel/Library/Developer/Xcode/DerivedData/CardOnCue-fafaiynmhqufqpbfjacxswbpzioe/Build/Products/Debug-iphonesimulator/PackageFrameworks -F/Users/nathanfennel/Library/Developer/Xcode/DerivedData/CardOnCue-fafaiynmhqufqpbfjacxswbpzioe/Build/Products/Debug-iphonesimulator/PackageFrameworks -F/Users/nathanfennel/Library/Developer/Xcode/DerivedData/CardOnCue-fafaiynmhqufqpbfjacxswbpzioe/Build/Products/Debug-iphonesimulator/PackageFrameworks -F/Users/nathanfennel/Library/Developer/Xcode/DerivedData/CardOnCue-fafaiynmhqufqpbfjacxswbpzioe/Build/Products/Debug-iphonesimulator/PackageFrameworks -F/Users/nathanfennel/Library/Developer/Xcode/DerivedData/CardOnCue-fafaiynmhqufqpbfjacxswbpzioe/Build/Products/Debug-iphonesimulator/PackageFrameworks -F/Users/nathanfennel/Library/Developer/Xcode/DerivedData/CardOnCue-fafaiynmhqufqpbfjacxswbpzioe/Build/Products/Debug-iphonesimulator/PackageFrameworks -F/Users/nathanfennel/Library/Developer/Xcode/DerivedData/CardOnCue-fafaiynmhqufqpbfjacxswbpzioe/Build/Products/Debug-iphonesimulator -filelist /Users/nathanfennel/Library/Developer/Xcode/DerivedData/CardOnCue-fafaiynmhqufqpbfjacxswbpzioe/Build/Intermediates.noindex/CardOnCue.build/Debug-iphonesimulator/CardOnCue.build/Objects-normal/arm64/CardOnCue.LinkFileList -install_name @rpath/CardOnCue.debug.dylib -Xlinker -rpath -Xlinker /usr/lib/swift -Xlinker -rpath -Xlinker /Users/nathanfennel/Library/Developer/Xcode/DerivedData/CardOnCue-fafaiynmhqufqpbfjacxswbpzioe/Build/Products/Debug-iphonesimulator/PackageFrameworks -Xlinker -rpath -Xlinker @executable_path/Frameworks -dead_strip -Xlinker -object_path_lto -Xlinker /Users/nathanfennel/Library/Developer/Xcode/DerivedData/CardOnCue-fafaiynmhqufqpbfjacxswbpzioe/Build/Intermediates.noindex/CardOnCue.build/Debug-iphonesimulator/CardOnCue.build/Objects-normal/arm64/CardOnCue_lto.o -rdynamic -Xlinker -no_deduplicate -Xlinker -objc_abi_version -Xlinker 2 -Xlinker -debug_variant -Xlinker -dependency_info -Xlinker /Users/nathanfennel/Library/Developer/Xcode/DerivedData/CardOnCue-fafaiynmhqufqpbfjacxswbpzioe/Build/Intermediates.noindex/CardOnCue.build/Debug-iphonesimulator/CardOnCue.build/Objects-normal/arm64/CardOnCue_dependency_info.dat -fobjc-link-runtime -fprofile-instr-generate -L/Applications/Xcode.app/Contents/Developer/Toolchains/XcodeDefault.xctoolchain/usr/lib/swift/iphonesimulator -L/usr/lib/swift -Xlinker -add_ast_path -Xlinker /Users/nathanfennel/Library/Developer/Xcode/DerivedData/CardOnCue-fafaiynmhqufqpbfjacxswbpzioe/Build/Intermediates.noindex/CardOnCue.build/Debug-iphonesimulator/CardOnCue.build/Objects-normal/arm64/CardOnCue.swiftmodule @/Users/nathanfennel/Library/Developer/Xcode/DerivedData/CardOnCue-fafaiynmhqufqpbfjacxswbpzioe/Build/Intermediates.noindex/CardOnCue.build/Debug-iphonesimulator/CardOnCue.build/Objects-normal/arm64/CardOnCue-linker-args.resp -Wl,-no_warn_duplicate_libraries -Wl,-no_warn_duplicate_libraries -Wl,-no_warn_duplicate_libraries -Wl,-no_warn_duplicate_libraries -Wl,-no_warn_duplicate_libraries -Wl,-no_warn_duplicate_libraries -Xlinker -alias -Xlinker _main -Xlinker ___debug_main_executable_dylib_entry_point -Xlinker -no_adhoc_codesign -o /Users/nathanfennel/Library/Developer/Xcode/DerivedData/CardOnCue-fafaiynmhqufqpbfjacxswbpzioe/Build/Products/Debug-iphonesimulator/CardOnCue.app/CardOnCue.debug.dylib -Xlinker -add_ast_path -Xlinker /Users/nathanfennel/Library/Developer/Xcode/DerivedData/CardOnCue-fafaiynmhqufqpbfjacxswbpzioe/Build/Intermediates.noindex/Clerk.build/Debug-iphonesimulator/Clerk.build/Objects-normal/arm64/Clerk.swiftmodule @/Users/nathanfennel/Library/Developer/Xcode/DerivedData/CardOnCue-fafaiynmhqufqpbfjacxswbpzioe/Build/Intermediates.noindex/Clerk.build/Debug-iphonesimulator/Clerk.build/Objects-normal/arm64/Clerk-linker-args.resp -Xlinker -add_ast_path -Xlinker /Users/nathanfennel/Library/Developer/Xcode/DerivedData/CardOnCue-fafaiynmhqufqpbfjacxswbpzioe/Build/Intermediates.noindex/Factory.build/Debug-iphonesimulator/FactoryKit.build/Objects-normal/arm64/FactoryKit.swiftmodule @/Users/nathanfennel/Library/Developer/Xcode/DerivedData/CardOnCue-fafaiynmhqufqpbfjacxswbpzioe/Build/Intermediates.noindex/Factory.build/Debug-iphonesimulator/FactoryKit.build/Objects-normal/arm64/FactoryKit-linker-args.resp -Xlinker -add_ast_path -Xlinker /Users/nathanfennel/Library/Developer/Xcode/DerivedData/CardOnCue-fafaiynmhqufqpbfjacxswbpzioe/Build/Intermediates.noindex/Get.build/Debug-iphonesimulator/Get.build/Objects-normal/arm64/Get.swiftmodule @/Users/nathanfennel/Library/Developer/Xcode/DerivedData/CardOnCue-fafaiynmhqufqpbfjacxswbpzioe/Build/Intermediates.noindex/Get.build/Debug-iphonesimulator/Get.build/Objects-normal/arm64/Get-linker-args.resp -Xlinker -add_ast_path -Xlinker /Users/nathanfennel/Library/Developer/Xcode/DerivedData/CardOnCue-fafaiynmhqufqpbfjacxswbpzioe/Build/Intermediates.noindex/Kingfisher.build/Debug-iphonesimulator/Kingfisher.build/Objects-normal/arm64/Kingfisher.swiftmodule @/Users/nathanfennel/Library/Developer/Xcode/DerivedData/CardOnCue-fafaiynmhqufqpbfjacxswbpzioe/Build/Intermediates.noindex/Kingfisher.build/Debug-iphonesimulator/Kingfisher.build/Objects-normal/arm64/Kingfisher-linker-args.resp -Xlinker -add_ast_path -Xlinker /Users/nathanfennel/Library/Developer/Xcode/DerivedData/CardOnCue-fafaiynmhqufqpbfjacxswbpzioe/Build/Intermediates.noindex/PhoneNumberKit.build/Debug-iphonesimulator/PhoneNumberKit.build/Objects-normal/arm64/PhoneNumberKit.swiftmodule @/Users/nathanfennel/Library/Developer/Xcode/DerivedData/CardOnCue-fafaiynmhqufqpbfjacxswbpzioe/Build/Intermediates.noindex/PhoneNumberKit.build/Debug-iphonesimulator/PhoneNumberKit.build/Objects-normal/arm64/PhoneNumberKit-linker-args.resp -Xlinker -add_ast_path -Xlinker /Users/nathanfennel/Library/Developer/Xcode/DerivedData/CardOnCue-fafaiynmhqufqpbfjacxswbpzioe/Build/Intermediates.noindex/SimpleKeychain.build/Debug-iphonesimulator/SimpleKeychain.build/Objects-normal/arm64/SimpleKeychain.swiftmodule @/Users/nathanfennel/Library/Developer/Xcode/DerivedData/CardOnCue-fafaiynmhqufqpbfjacxswbpzioe/Build/Intermediates.noindex/SimpleKeychain.build/Debug-iphonesimulator/SimpleKeychain.build/Objects-normal/arm64/SimpleKeychain-linker-args.resp

ConstructStubExecutorLinkFileList /Users/nathanfennel/Library/Developer/Xcode/DerivedData/CardOnCue-fafaiynmhqufqpbfjacxswbpzioe/Build/Intermediates.noindex/CardOnCue.build/Debug-iphonesimulator/CardOnCue.build/CardOnCue-ExecutorLinkFileList-normal-arm64.txt (in target 'CardOnCue' from project 'CardOnCue')
    cd /Users/nathanfennel/Documents/GitHub/CardOnCue
    construct-stub-executor-link-file-list /Users/nathanfennel/Library/Developer/Xcode/DerivedData/CardOnCue-fafaiynmhqufqpbfjacxswbpzioe/Build/Products/Debug-iphonesimulator/CardOnCue.app/CardOnCue.debug.dylib /Applications/Xcode.app/Contents/Developer/Platforms/iPhoneSimulator.platform/Developer/usr/lib/libPreviewsJITStubExecutor_no_swift_entry_point.a /Applications/Xcode.app/Contents/Developer/Platforms/iPhoneSimulator.platform/Developer/usr/lib/libPreviewsJITStubExecutor.a --output /Users/nathanfennel/Library/Developer/Xcode/DerivedData/CardOnCue-fafaiynmhqufqpbfjacxswbpzioe/Build/Intermediates.noindex/CardOnCue.build/Debug-iphonesimulator/CardOnCue.build/CardOnCue-ExecutorLinkFileList-normal-arm64.txt
note: Using stub executor library with Swift entry point. (in target 'CardOnCue' from project 'CardOnCue')

Ld /Users/nathanfennel/Library/Developer/Xcode/DerivedData/CardOnCue-fafaiynmhqufqpbfjacxswbpzioe/Build/Products/Debug-iphonesimulator/CardOnCue.app/CardOnCue normal (in target 'CardOnCue' from project 'CardOnCue')
    cd /Users/nathanfennel/Documents/GitHub/CardOnCue
    /Applications/Xcode.app/Contents/Developer/Toolchains/XcodeDefault.xctoolchain/usr/bin/clang -Xlinker -reproducible -target arm64-apple-ios17.6-simulator -isysroot /Applications/Xcode.app/Contents/Developer/Platforms/iPhoneSimulator.platform/Developer/SDKs/iPhoneSimulator26.2.sdk -O0 -L/Users/nathanfennel/Library/Developer/Xcode/DerivedData/CardOnCue-fafaiynmhqufqpbfjacxswbpzioe/Build/Products/Debug-iphonesimulator -F/Users/nathanfennel/Library/Developer/Xcode/DerivedData/CardOnCue-fafaiynmhqufqpbfjacxswbpzioe/Build/Products/Debug-iphonesimulator/PackageFrameworks -F/Users/nathanfennel/Library/Developer/Xcode/DerivedData/CardOnCue-fafaiynmhqufqpbfjacxswbpzioe/Build/Products/Debug-iphonesimulator/PackageFrameworks -F/Users/nathanfennel/Library/Developer/Xcode/DerivedData/CardOnCue-fafaiynmhqufqpbfjacxswbpzioe/Build/Products/Debug-iphonesimulator/PackageFrameworks -F/Users/nathanfennel/Library/Developer/Xcode/DerivedData/CardOnCue-fafaiynmhqufqpbfjacxswbpzioe/Build/Products/Debug-iphonesimulator/PackageFrameworks -F/Users/nathanfennel/Library/Developer/Xcode/DerivedData/CardOnCue-fafaiynmhqufqpbfjacxswbpzioe/Build/Products/Debug-iphonesimulator/PackageFrameworks -F/Users/nathanfennel/Library/Developer/Xcode/DerivedData/CardOnCue-fafaiynmhqufqpbfjacxswbpzioe/Build/Products/Debug-iphonesimulator/PackageFrameworks -F/Users/nathanfennel/Library/Developer/Xcode/DerivedData/CardOnCue-fafaiynmhqufqpbfjacxswbpzioe/Build/Products/Debug-iphonesimulator -Xlinker -rpath -Xlinker @executable_path -Xlinker -rpath -Xlinker /Users/nathanfennel/Library/Developer/Xcode/DerivedData/CardOnCue-fafaiynmhqufqpbfjacxswbpzioe/Build/Products/Debug-iphonesimulator/PackageFrameworks -Xlinker -rpath -Xlinker @executable_path/Frameworks -rdynamic -Xlinker -no_deduplicate -Xlinker -objc_abi_version -Xlinker 2 -Xlinker -debug_variant -e ___debug_blank_executor_main -Xlinker -sectcreate -Xlinker __TEXT -Xlinker __debug_dylib -Xlinker /Users/nathanfennel/Library/Developer/Xcode/DerivedData/CardOnCue-fafaiynmhqufqpbfjacxswbpzioe/Build/Intermediates.noindex/CardOnCue.build/Debug-iphonesimulator/CardOnCue.build/CardOnCue-DebugDylibPath-normal-arm64.txt -Xlinker -sectcreate -Xlinker __TEXT -Xlinker __debug_instlnm -Xlinker /Users/nathanfennel/Library/Developer/Xcode/DerivedData/CardOnCue-fafaiynmhqufqpbfjacxswbpzioe/Build/Intermediates.noindex/CardOnCue.build/Debug-iphonesimulator/CardOnCue.build/CardOnCue-DebugDylibInstallName-normal-arm64.txt -Xlinker -filelist -Xlinker /Users/nathanfennel/Library/Developer/Xcode/DerivedData/CardOnCue-fafaiynmhqufqpbfjacxswbpzioe/Build/Intermediates.noindex/CardOnCue.build/Debug-iphonesimulator/CardOnCue.build/CardOnCue-ExecutorLinkFileList-normal-arm64.txt -Xlinker -sectcreate -Xlinker __TEXT -Xlinker __entitlements -Xlinker /Users/nathanfennel/Library/Developer/Xcode/DerivedData/CardOnCue-fafaiynmhqufqpbfjacxswbpzioe/Build/Intermediates.noindex/CardOnCue.build/Debug-iphonesimulator/CardOnCue.build/CardOnCue.app-Simulated.xcent -Xlinker -sectcreate -Xlinker __TEXT -Xlinker __ents_der -Xlinker /Users/nathanfennel/Library/Developer/Xcode/DerivedData/CardOnCue-fafaiynmhqufqpbfjacxswbpzioe/Build/Intermediates.noindex/CardOnCue.build/Debug-iphonesimulator/CardOnCue.build/CardOnCue.app-Simulated.xcent.der /Users/nathanfennel/Library/Developer/Xcode/DerivedData/CardOnCue-fafaiynmhqufqpbfjacxswbpzioe/Build/Products/Debug-iphonesimulator/CardOnCue.app/CardOnCue.debug.dylib -Xlinker -no_adhoc_codesign -o /Users/nathanfennel/Library/Developer/Xcode/DerivedData/CardOnCue-fafaiynmhqufqpbfjacxswbpzioe/Build/Products/Debug-iphonesimulator/CardOnCue.app/CardOnCue

CopySwiftLibs /Users/nathanfennel/Library/Developer/Xcode/DerivedData/CardOnCue-fafaiynmhqufqpbfjacxswbpzioe/Build/Products/Debug-iphonesimulator/CardOnCue.app (in target 'CardOnCue' from project 'CardOnCue')
    cd /Users/nathanfennel/Documents/GitHub/CardOnCue
    builtin-swiftStdLibTool --copy --verbose --sign - --scan-executable /Users/nathanfennel/Library/Developer/Xcode/DerivedData/CardOnCue-fafaiynmhqufqpbfjacxswbpzioe/Build/Products/Debug-iphonesimulator/CardOnCue.app/CardOnCue.debug.dylib --scan-folder /Users/nathanfennel/Library/Developer/Xcode/DerivedData/CardOnCue-fafaiynmhqufqpbfjacxswbpzioe/Build/Products/Debug-iphonesimulator/CardOnCue.app/Frameworks --scan-folder /Users/nathanfennel/Library/Developer/Xcode/DerivedData/CardOnCue-fafaiynmhqufqpbfjacxswbpzioe/Build/Products/Debug-iphonesimulator/CardOnCue.app/PlugIns --scan-folder /Users/nathanfennel/Library/Developer/Xcode/DerivedData/CardOnCue-fafaiynmhqufqpbfjacxswbpzioe/Build/Products/Debug-iphonesimulator/CardOnCue.app/SystemExtensions --scan-folder /Users/nathanfennel/Library/Developer/Xcode/DerivedData/CardOnCue-fafaiynmhqufqpbfjacxswbpzioe/Build/Products/Debug-iphonesimulator/CardOnCue.app/Extensions --platform iphonesimulator --toolchain /Applications/Xcode.app/Contents/Developer/Toolchains/XcodeDefault.xctoolchain --destination /Users/nathanfennel/Library/Developer/Xcode/DerivedData/CardOnCue-fafaiynmhqufqpbfjacxswbpzioe/Build/Products/Debug-iphonesimulator/CardOnCue.app/Frameworks --strip-bitcode --strip-bitcode-tool /Applications/Xcode.app/Contents/Developer/Toolchains/XcodeDefault.xctoolchain/usr/bin/bitcode_strip --emit-dependency-info /Users/nathanfennel/Library/Developer/Xcode/DerivedData/CardOnCue-fafaiynmhqufqpbfjacxswbpzioe/Build/Intermediates.noindex/CardOnCue.build/Debug-iphonesimulator/CardOnCue.build/SwiftStdLibToolInputDependencies.dep --filter-for-swift-os

ExtractAppIntentsMetadata (in target 'CardOnCue' from project 'CardOnCue')
    cd /Users/nathanfennel/Documents/GitHub/CardOnCue
    /Applications/Xcode.app/Contents/Developer/Toolchains/XcodeDefault.xctoolchain/usr/bin/appintentsmetadataprocessor --toolchain-dir /Applications/Xcode.app/Contents/Developer/Toolchains/XcodeDefault.xctoolchain --module-name CardOnCue --sdk-root /Applications/Xcode.app/Contents/Developer/Platforms/iPhoneSimulator.platform/Developer/SDKs/iPhoneSimulator26.2.sdk --xcode-version 17C52 --platform-family iOS --deployment-target 17.6 --bundle-identifier com.nathanfennel.CardOnCue --output /Users/nathanfennel/Library/Developer/Xcode/DerivedData/CardOnCue-fafaiynmhqufqpbfjacxswbpzioe/Build/Products/Debug-iphonesimulator/CardOnCue.app --target-triple arm64-apple-ios17.6-simulator --binary-file /Users/nathanfennel/Library/Developer/Xcode/DerivedData/CardOnCue-fafaiynmhqufqpbfjacxswbpzioe/Build/Products/Debug-iphonesimulator/CardOnCue.app/CardOnCue --dependency-file /Users/nathanfennel/Library/Developer/Xcode/DerivedData/CardOnCue-fafaiynmhqufqpbfjacxswbpzioe/Build/Intermediates.noindex/CardOnCue.build/Debug-iphonesimulator/CardOnCue.build/Objects-normal/arm64/CardOnCue_dependency_info.dat --stringsdata-file /Users/nathanfennel/Library/Developer/Xcode/DerivedData/CardOnCue-fafaiynmhqufqpbfjacxswbpzioe/Build/Intermediates.noindex/CardOnCue.build/Debug-iphonesimulator/CardOnCue.build/Objects-normal/arm64/ExtractedAppShortcutsMetadata.stringsdata --source-file-list /Users/nathanfennel/Library/Developer/Xcode/DerivedData/CardOnCue-fafaiynmhqufqpbfjacxswbpzioe/Build/Intermediates.noindex/CardOnCue.build/Debug-iphonesimulator/CardOnCue.build/Objects-normal/arm64/CardOnCue.SwiftFileList --metadata-file-list /Users/nathanfennel/Library/Developer/Xcode/DerivedData/CardOnCue-fafaiynmhqufqpbfjacxswbpzioe/Build/Intermediates.noindex/CardOnCue.build/Debug-iphonesimulator/CardOnCue.build/CardOnCue.DependencyMetadataFileList --static-metadata-file-list /Users/nathanfennel/Library/Developer/Xcode/DerivedData/CardOnCue-fafaiynmhqufqpbfjacxswbpzioe/Build/Intermediates.noindex/CardOnCue.build/Debug-iphonesimulator/CardOnCue.build/CardOnCue.DependencyStaticMetadataFileList --swift-const-vals-list /Users/nathanfennel/Library/Developer/Xcode/DerivedData/CardOnCue-fafaiynmhqufqpbfjacxswbpzioe/Build/Intermediates.noindex/CardOnCue.build/Debug-iphonesimulator/CardOnCue.build/Objects-normal/arm64/CardOnCue.SwiftConstValuesFileList --compile-time-extraction --deployment-aware-processing --validate-assistant-intents --no-app-shortcuts-localization
2025-12-28 10:01:28.868 appintentsmetadataprocessor[65252:3786466] Starting appintentsmetadataprocessor export
2025-12-28 10:01:28.870 appintentsmetadataprocessor[65252:3786466] warning: Metadata extraction skipped. No AppIntents.framework dependency found.

AppIntentsSSUTraining (in target 'CardOnCue' from project 'CardOnCue')
    cd /Users/nathanfennel/Documents/GitHub/CardOnCue
    /Applications/Xcode.app/Contents/Developer/Toolchains/XcodeDefault.xctoolchain/usr/bin/appintentsnltrainingprocessor --infoplist-path /Users/nathanfennel/Library/Developer/Xcode/DerivedData/CardOnCue-fafaiynmhqufqpbfjacxswbpzioe/Build/Products/Debug-iphonesimulator/CardOnCue.app/Info.plist --temp-dir-path /Users/nathanfennel/Library/Developer/Xcode/DerivedData/CardOnCue-fafaiynmhqufqpbfjacxswbpzioe/Build/Intermediates.noindex/CardOnCue.build/Debug-iphonesimulator/CardOnCue.build/ssu --bundle-id com.nathanfennel.CardOnCue --product-path /Users/nathanfennel/Library/Developer/Xcode/DerivedData/CardOnCue-fafaiynmhqufqpbfjacxswbpzioe/Build/Products/Debug-iphonesimulator/CardOnCue.app --extracted-metadata-path /Users/nathanfennel/Library/Developer/Xcode/DerivedData/CardOnCue-fafaiynmhqufqpbfjacxswbpzioe/Build/Products/Debug-iphonesimulator/CardOnCue.app/Metadata.appintents --metadata-file-list /Users/nathanfennel/Library/Developer/Xcode/DerivedData/CardOnCue-fafaiynmhqufqpbfjacxswbpzioe/Build/Intermediates.noindex/CardOnCue.build/Debug-iphonesimulator/CardOnCue.build/CardOnCue.DependencyMetadataFileList --archive-ssu-assets
2025-12-28 10:01:28.886 appintentsnltrainingprocessor[65253:3786467] Parsing options for appintentsnltrainingprocessor
2025-12-28 10:01:28.886 appintentsnltrainingprocessor[65253:3786467] No AppShortcuts found - Skipping.

CodeSign /Users/nathanfennel/Library/Developer/Xcode/DerivedData/CardOnCue-fafaiynmhqufqpbfjacxswbpzioe/Build/Products/Debug-iphonesimulator/CardOnCue.app/CardOnCue.debug.dylib (in target 'CardOnCue' from project 'CardOnCue')
    cd /Users/nathanfennel/Documents/GitHub/CardOnCue
    
    Signing Identity:     "Sign to Run Locally"
    
    /usr/bin/codesign --force --sign - --timestamp\=none --generate-entitlement-der /Users/nathanfennel/Library/Developer/Xcode/DerivedData/CardOnCue-fafaiynmhqufqpbfjacxswbpzioe/Build/Products/Debug-iphonesimulator/CardOnCue.app/CardOnCue.debug.dylib

CodeSign /Users/nathanfennel/Library/Developer/Xcode/DerivedData/CardOnCue-fafaiynmhqufqpbfjacxswbpzioe/Build/Products/Debug-iphonesimulator/CardOnCue.app/__preview.dylib (in target 'CardOnCue' from project 'CardOnCue')
    cd /Users/nathanfennel/Documents/GitHub/CardOnCue
    
    Signing Identity:     "Sign to Run Locally"
    
    /usr/bin/codesign --force --sign - --timestamp\=none --generate-entitlement-der /Users/nathanfennel/Library/Developer/Xcode/DerivedData/CardOnCue-fafaiynmhqufqpbfjacxswbpzioe/Build/Products/Debug-iphonesimulator/CardOnCue.app/__preview.dylib

CodeSign /Users/nathanfennel/Library/Developer/Xcode/DerivedData/CardOnCue-fafaiynmhqufqpbfjacxswbpzioe/Build/Products/Debug-iphonesimulator/CardOnCue.app (in target 'CardOnCue' from project 'CardOnCue')
    cd /Users/nathanfennel/Documents/GitHub/CardOnCue
    
    Signing Identity:     "Sign to Run Locally"
    
    /usr/bin/codesign --force --sign - --entitlements /Users/nathanfennel/Library/Developer/Xcode/DerivedData/CardOnCue-fafaiynmhqufqpbfjacxswbpzioe/Build/Intermediates.noindex/CardOnCue.build/Debug-iphonesimulator/CardOnCue.build/CardOnCue.app.xcent --timestamp\=none --generate-entitlement-der /Users/nathanfennel/Library/Developer/Xcode/DerivedData/CardOnCue-fafaiynmhqufqpbfjacxswbpzioe/Build/Products/Debug-iphonesimulator/CardOnCue.app

RegisterExecutionPolicyException /Users/nathanfennel/Library/Developer/Xcode/DerivedData/CardOnCue-fafaiynmhqufqpbfjacxswbpzioe/Build/Products/Debug-iphonesimulator/CardOnCue.app (in target 'CardOnCue' from project 'CardOnCue')
    cd /Users/nathanfennel/Documents/GitHub/CardOnCue
    builtin-RegisterExecutionPolicyException /Users/nathanfennel/Library/Developer/Xcode/DerivedData/CardOnCue-fafaiynmhqufqpbfjacxswbpzioe/Build/Products/Debug-iphonesimulator/CardOnCue.app

Validate /Users/nathanfennel/Library/Developer/Xcode/DerivedData/CardOnCue-fafaiynmhqufqpbfjacxswbpzioe/Build/Products/Debug-iphonesimulator/CardOnCue.app (in target 'CardOnCue' from project 'CardOnCue')
    cd /Users/nathanfennel/Documents/GitHub/CardOnCue
    builtin-validationUtility /Users/nathanfennel/Library/Developer/Xcode/DerivedData/CardOnCue-fafaiynmhqufqpbfjacxswbpzioe/Build/Products/Debug-iphonesimulator/CardOnCue.app -shallow-bundle -infoplist-subpath Info.plist

Touch /Users/nathanfennel/Library/Developer/Xcode/DerivedData/CardOnCue-fafaiynmhqufqpbfjacxswbpzioe/Build/Products/Debug-iphonesimulator/CardOnCue.app (in target 'CardOnCue' from project 'CardOnCue')
    cd /Users/nathanfennel/Documents/GitHub/CardOnCue
    /usr/bin/touch -c /Users/nathanfennel/Library/Developer/Xcode/DerivedData/CardOnCue-fafaiynmhqufqpbfjacxswbpzioe/Build/Products/Debug-iphonesimulator/CardOnCue.app

** BUILD SUCCEEDED **

