Command line invocation:
    /Applications/Xcode.app/Contents/Developer/usr/bin/xcodebuild -scheme CardOnCue -sdk iphonesimulator -destination "platform=iOS Simulator,name=iPad Pro 13-inch (M5),OS=26.2" build

Build settings from command line:
    SDKROOT = iphonesimulator26.2

Resolve Package Graph


Resolved source packages:
  Get: https://github.com/kean/Get @ 2.2.1
  SimpleKeychain: https://github.com/auth0/SimpleKeychain @ 1.3.0
  Factory: https://github.com/hmlongco/Factory @ 2.5.3
  PhoneNumberKit: https://github.com/marmelroy/PhoneNumberKit @ 4.2.2
  Kingfisher: https://github.com/onevcat/Kingfisher.git @ 8.6.2
  Clerk: https://github.com/clerk/clerk-ios @ 0.71.4

2025-12-28 10:02:03.215 xcodebuild[65599:3787947] [MT] IDERunDestination: Supported platforms for the buildables in the current scheme is empty.
ComputePackagePrebuildTargetDependencyGraph

Prepare packages

CreateBuildRequest

SendProjectDescription

CreateBuildOperation

ComputeTargetDependencyGraph
note: Building targets in dependency order
note: Target dependency graph (17 targets)
    Target 'CardOnCue' in project 'CardOnCue'
        ➜ Explicit dependency on target 'Clerk' in project 'Clerk'
    Target 'Clerk' in project 'Clerk'
        ➜ Explicit dependency on target 'Clerk' in project 'Clerk'
        ➜ Explicit dependency on target 'Clerk_Clerk' in project 'Clerk'
        ➜ Explicit dependency on target 'FactoryKit' in project 'Factory'
        ➜ Explicit dependency on target 'Get' in project 'Get'
        ➜ Explicit dependency on target 'Kingfisher' in project 'Kingfisher'
        ➜ Explicit dependency on target 'PhoneNumberKit' in project 'PhoneNumberKit'
        ➜ Explicit dependency on target 'SimpleKeychain' in project 'SimpleKeychain'
    Target 'Clerk' in project 'Clerk'
        ➜ Explicit dependency on target 'Clerk_Clerk' in project 'Clerk'
        ➜ Explicit dependency on target 'FactoryKit' in project 'Factory'
        ➜ Explicit dependency on target 'Get' in project 'Get'
        ➜ Explicit dependency on target 'Kingfisher' in project 'Kingfisher'
        ➜ Explicit dependency on target 'PhoneNumberKit' in project 'PhoneNumberKit'
        ➜ Explicit dependency on target 'SimpleKeychain' in project 'SimpleKeychain'
    Target 'SimpleKeychain' in project 'SimpleKeychain'
        ➜ Explicit dependency on target 'SimpleKeychain' in project 'SimpleKeychain'
    Target 'SimpleKeychain' in project 'SimpleKeychain' (no dependencies)
    Target 'PhoneNumberKit' in project 'PhoneNumberKit'
        ➜ Explicit dependency on target 'PhoneNumberKit' in project 'PhoneNumberKit'
        ➜ Explicit dependency on target 'PhoneNumberKit_PhoneNumberKit' in project 'PhoneNumberKit'
    Target 'PhoneNumberKit' in project 'PhoneNumberKit'
        ➜ Explicit dependency on target 'PhoneNumberKit_PhoneNumberKit' in project 'PhoneNumberKit'
    Target 'PhoneNumberKit_PhoneNumberKit' in project 'PhoneNumberKit' (no dependencies)
    Target 'Kingfisher' in project 'Kingfisher'
        ➜ Explicit dependency on target 'Kingfisher' in project 'Kingfisher'
        ➜ Explicit dependency on target 'Kingfisher_Kingfisher' in project 'Kingfisher'
    Target 'Kingfisher' in project 'Kingfisher'
        ➜ Explicit dependency on target 'Kingfisher_Kingfisher' in project 'Kingfisher'
    Target 'Kingfisher_Kingfisher' in project 'Kingfisher' (no dependencies)
    Target 'Get' in project 'Get'
        ➜ Explicit dependency on target 'Get' in project 'Get'
    Target 'Get' in project 'Get' (no dependencies)
    Target 'FactoryKit' in project 'Factory'
        ➜ Explicit dependency on target 'FactoryKit' in project 'Factory'
        ➜ Explicit dependency on target 'Factory_FactoryKit' in project 'Factory'
    Target 'FactoryKit' in project 'Factory'
        ➜ Explicit dependency on target 'Factory_FactoryKit' in project 'Factory'
    Target 'Factory_FactoryKit' in project 'Factory' (no dependencies)
    Target 'Clerk_Clerk' in project 'Clerk' (no dependencies)

GatherProvisioningInputs

CreateBuildDescription

ExecuteExternalTool /Applications/Xcode.app/Contents/Developer/usr/bin/actool --version --output-format xml1

ExecuteExternalTool /Applications/Xcode.app/Contents/Developer/Toolchains/XcodeDefault.xctoolchain/usr/bin/swiftc --version

ExecuteExternalTool /Applications/Xcode.app/Contents/Developer/usr/bin/xcstringstool compile --dry-run --output-directory /Users/nathanfennel/Library/Developer/Xcode/DerivedData/CardOnCue-fafaiynmhqufqpbfjacxswbpzioe/Build/Intermediates.noindex/Clerk.build/Debug-iphonesimulator/Clerk_Clerk.build /Users/nathanfennel/Library/Developer/Xcode/DerivedData/CardOnCue-fafaiynmhqufqpbfjacxswbpzioe/SourcePackages/checkouts/clerk-ios/Sources/Clerk/ClerkUI/Resources/Localizable.xcstrings

ExecuteExternalTool /Applications/Xcode.app/Contents/Developer/Toolchains/XcodeDefault.xctoolchain/usr/bin/clang -v -E -dM -isysroot /Applications/Xcode.app/Contents/Developer/Platforms/iPhoneSimulator.platform/Developer/SDKs/iPhoneSimulator26.2.sdk -x c -c /dev/null

ExecuteExternalTool /Applications/Xcode.app/Contents/Developer/usr/bin/actool --print-asset-tag-combinations --output-format xml1 /Users/nathanfennel/Documents/GitHub/CardOnCue/CardOnCue/Assets.xcassets

ExecuteExternalTool /Applications/Xcode.app/Contents/Developer/Toolchains/XcodeDefault.xctoolchain/usr/bin/ld -version_details

ReadFileContents /Applications/Xcode.app/Contents/Developer/Toolchains/XcodeDefault.xctoolchain/usr/share/docc/features.json

Build description signature: 6cce104234fb3a1061c2394d86c618d3
Build description path: /Users/nathanfennel/Library/Developer/Xcode/DerivedData/CardOnCue-fafaiynmhqufqpbfjacxswbpzioe/Build/Intermediates.noindex/XCBuildData/6cce104234fb3a1061c2394d86c618d3.xcbuilddata
ClangStatCache /Applications/Xcode.app/Contents/Developer/Toolchains/XcodeDefault.xctoolchain/usr/bin/clang-stat-cache /Applications/Xcode.app/Contents/Developer/Platforms/iPhoneSimulator.platform/Developer/SDKs/iPhoneSimulator26.2.sdk /Users/nathanfennel/Library/Developer/Xcode/DerivedData/SDKStatCaches.noindex/iphonesimulator26.2-23C53-7d00a8b37fbd7999ea79df8ebc024bf0.sdkstatcache
    cd /Users/nathanfennel/Documents/GitHub/CardOnCue/CardOnCue.xcodeproj
    /Applications/Xcode.app/Contents/Developer/Toolchains/XcodeDefault.xctoolchain/usr/bin/clang-stat-cache /Applications/Xcode.app/Contents/Developer/Platforms/iPhoneSimulator.platform/Developer/SDKs/iPhoneSimulator26.2.sdk -o /Users/nathanfennel/Library/Developer/Xcode/DerivedData/SDKStatCaches.noindex/iphonesimulator26.2-23C53-7d00a8b37fbd7999ea79df8ebc024bf0.sdkstatcache

ProcessProductPackaging /Users/nathanfennel/Documents/GitHub/CardOnCue/CardOnCue/CardOnCue.entitlements /Users/nathanfennel/Library/Developer/Xcode/DerivedData/CardOnCue-fafaiynmhqufqpbfjacxswbpzioe/Build/Intermediates.noindex/CardOnCue.build/Debug-iphonesimulator/CardOnCue.build/CardOnCue.app-Simulated.xcent (in target 'CardOnCue' from project 'CardOnCue')
    cd /Users/nathanfennel/Documents/GitHub/CardOnCue
    
    Entitlements:
    
    {
    "application-identifier" = "EJLR2RPSV2.com.nathanfennel.CardOnCue";
    "aps-environment" = development;
    "com.apple.developer.associated-domains" =     (
        "webcredentials:guiding-wren-94.clerk.accounts.dev"
    );
    "com.apple.developer.icloud-container-identifiers" =     (
        "iCloud.com.cardoncue.app"
    );
    "com.apple.developer.icloud-services" =     (
        CloudKit
    );
}
    
    builtin-productPackagingUtility /Users/nathanfennel/Documents/GitHub/CardOnCue/CardOnCue/CardOnCue.entitlements -entitlements -format xml -o /Users/nathanfennel/Library/Developer/Xcode/DerivedData/CardOnCue-fafaiynmhqufqpbfjacxswbpzioe/Build/Intermediates.noindex/CardOnCue.build/Debug-iphonesimulator/CardOnCue.build/CardOnCue.app-Simulated.xcent

ProcessProductPackaging /Users/nathanfennel/Documents/GitHub/CardOnCue/CardOnCue/CardOnCue.entitlements /Users/nathanfennel/Library/Developer/Xcode/DerivedData/CardOnCue-fafaiynmhqufqpbfjacxswbpzioe/Build/Intermediates.noindex/CardOnCue.build/Debug-iphonesimulator/CardOnCue.build/CardOnCue.app.xcent (in target 'CardOnCue' from project 'CardOnCue')
    cd /Users/nathanfennel/Documents/GitHub/CardOnCue
    
    Entitlements:
    
    {
}
    
    builtin-productPackagingUtility /Users/nathanfennel/Documents/GitHub/CardOnCue/CardOnCue/CardOnCue.entitlements -entitlements -format xml -o /Users/nathanfennel/Library/Developer/Xcode/DerivedData/CardOnCue-fafaiynmhqufqpbfjacxswbpzioe/Build/Intermediates.noindex/CardOnCue.build/Debug-iphonesimulator/CardOnCue.build/CardOnCue.app.xcent

ProcessProductPackagingDER /Users/nathanfennel/Library/Developer/Xcode/DerivedData/CardOnCue-fafaiynmhqufqpbfjacxswbpzioe/Build/Intermediates.noindex/CardOnCue.build/Debug-iphonesimulator/CardOnCue.build/CardOnCue.app-Simulated.xcent /Users/nathanfennel/Library/Developer/Xcode/DerivedData/CardOnCue-fafaiynmhqufqpbfjacxswbpzioe/Build/Intermediates.noindex/CardOnCue.build/Debug-iphonesimulator/CardOnCue.build/CardOnCue.app-Simulated.xcent.der (in target 'CardOnCue' from project 'CardOnCue')
    cd /Users/nathanfennel/Documents/GitHub/CardOnCue
    /usr/bin/derq query -f xml -i /Users/nathanfennel/Library/Developer/Xcode/DerivedData/CardOnCue-fafaiynmhqufqpbfjacxswbpzioe/Build/Intermediates.noindex/CardOnCue.build/Debug-iphonesimulator/CardOnCue.build/CardOnCue.app-Simulated.xcent -o /Users/nathanfennel/Library/Developer/Xcode/DerivedData/CardOnCue-fafaiynmhqufqpbfjacxswbpzioe/Build/Intermediates.noindex/CardOnCue.build/Debug-iphonesimulator/CardOnCue.build/CardOnCue.app-Simulated.xcent.der --raw

ProcessProductPackagingDER /Users/nathanfennel/Library/Developer/Xcode/DerivedData/CardOnCue-fafaiynmhqufqpbfjacxswbpzioe/Build/Intermediates.noindex/CardOnCue.build/Debug-iphonesimulator/CardOnCue.build/CardOnCue.app.xcent /Users/nathanfennel/Library/Developer/Xcode/DerivedData/CardOnCue-fafaiynmhqufqpbfjacxswbpzioe/Build/Intermediates.noindex/CardOnCue.build/Debug-iphonesimulator/CardOnCue.build/CardOnCue.app.xcent.der (in target 'CardOnCue' from project 'CardOnCue')
    cd /Users/nathanfennel/Documents/GitHub/CardOnCue
    /usr/bin/derq query -f xml -i /Users/nathanfennel/Library/Developer/Xcode/DerivedData/CardOnCue-fafaiynmhqufqpbfjacxswbpzioe/Build/Intermediates.noindex/CardOnCue.build/Debug-iphonesimulator/CardOnCue.build/CardOnCue.app.xcent -o /Users/nathanfennel/Library/Developer/Xcode/DerivedData/CardOnCue-fafaiynmhqufqpbfjacxswbpzioe/Build/Intermediates.noindex/CardOnCue.build/Debug-iphonesimulator/CardOnCue.build/CardOnCue.app.xcent.der --raw

CompileXCStrings /Users/nathanfennel/Library/Developer/Xcode/DerivedData/CardOnCue-fafaiynmhqufqpbfjacxswbpzioe/Build/Intermediates.noindex/Clerk.build/Debug-iphonesimulator/Clerk_Clerk.build/ /Users/nathanfennel/Library/Developer/Xcode/DerivedData/CardOnCue-fafaiynmhqufqpbfjacxswbpzioe/SourcePackages/checkouts/clerk-ios/Sources/Clerk/ClerkUI/Resources/Localizable.xcstrings (in target 'Clerk_Clerk' from project 'Clerk')
    cd /Users/nathanfennel/Library/Developer/Xcode/DerivedData/CardOnCue-fafaiynmhqufqpbfjacxswbpzioe/SourcePackages/checkouts/clerk-ios
    /Applications/Xcode.app/Contents/Developer/usr/bin/xcstringstool compile --output-directory /Users/nathanfennel/Library/Developer/Xcode/DerivedData/CardOnCue-fafaiynmhqufqpbfjacxswbpzioe/Build/Intermediates.noindex/Clerk.build/Debug-iphonesimulator/Clerk_Clerk.build /Users/nathanfennel/Library/Developer/Xcode/DerivedData/CardOnCue-fafaiynmhqufqpbfjacxswbpzioe/SourcePackages/checkouts/clerk-ios/Sources/Clerk/ClerkUI/Resources/Localizable.xcstrings

CompileAssetCatalogVariant thinned /Users/nathanfennel/Library/Developer/Xcode/DerivedData/CardOnCue-fafaiynmhqufqpbfjacxswbpzioe/Build/Products/Debug-iphonesimulator/Clerk_Clerk.bundle /Users/nathanfennel/Library/Developer/Xcode/DerivedData/CardOnCue-fafaiynmhqufqpbfjacxswbpzioe/SourcePackages/checkouts/clerk-ios/Sources/Clerk/ClerkUI/Resources/Colors.xcassets /Users/nathanfennel/Library/Developer/Xcode/DerivedData/CardOnCue-fafaiynmhqufqpbfjacxswbpzioe/SourcePackages/checkouts/clerk-ios/Sources/Clerk/ClerkUI/Resources/Images.xcassets (in target 'Clerk_Clerk' from project 'Clerk')
    cd /Users/nathanfennel/Library/Developer/Xcode/DerivedData/CardOnCue-fafaiynmhqufqpbfjacxswbpzioe/SourcePackages/checkouts/clerk-ios
    /Applications/Xcode.app/Contents/Developer/usr/bin/actool /Users/nathanfennel/Library/Developer/Xcode/DerivedData/CardOnCue-fafaiynmhqufqpbfjacxswbpzioe/SourcePackages/checkouts/clerk-ios/Sources/Clerk/ClerkUI/Resources/Colors.xcassets /Users/nathanfennel/Library/Developer/Xcode/DerivedData/CardOnCue-fafaiynmhqufqpbfjacxswbpzioe/SourcePackages/checkouts/clerk-ios/Sources/Clerk/ClerkUI/Resources/Images.xcassets --compile /Users/nathanfennel/Library/Developer/Xcode/DerivedData/CardOnCue-fafaiynmhqufqpbfjacxswbpzioe/Build/Intermediates.noindex/Clerk.build/Debug-iphonesimulator/Clerk_Clerk.build/assetcatalog_output/thinned --output-format human-readable-text --notices --warnings --export-dependency-info /Users/nathanfennel/Library/Developer/Xcode/DerivedData/CardOnCue-fafaiynmhqufqpbfjacxswbpzioe/Build/Intermediates.noindex/Clerk.build/Debug-iphonesimulator/Clerk_Clerk.build/assetcatalog_dependencies_thinned --output-partial-info-plist /Users/nathanfennel/Library/Developer/Xcode/DerivedData/CardOnCue-fafaiynmhqufqpbfjacxswbpzioe/Build/Intermediates.noindex/Clerk.build/Debug-iphonesimulator/Clerk_Clerk.build/assetcatalog_generated_info.plist_thinned --compress-pngs --enable-on-demand-resources NO --filter-for-thinning-device-configuration iPad17,4-A --filter-for-device-os-version 26.2 --development-region en --target-device iphone --target-device ipad --minimum-deployment-target 17.0 --platform iphonesimulator
/* com.apple.actool.compilation-results */
/Users/nathanfennel/Library/Developer/Xcode/DerivedData/CardOnCue-fafaiynmhqufqpbfjacxswbpzioe/Build/Intermediates.noindex/Clerk.build/Debug-iphonesimulator/Clerk_Clerk.build/assetcatalog_generated_info.plist_thinned
/Users/nathanfennel/Library/Developer/Xcode/DerivedData/CardOnCue-fafaiynmhqufqpbfjacxswbpzioe/Build/Intermediates.noindex/Clerk.build/Debug-iphonesimulator/Clerk_Clerk.build/assetcatalog_output/thinned/Assets.car


CopyStringsFile /Users/nathanfennel/Library/Developer/Xcode/DerivedData/CardOnCue-fafaiynmhqufqpbfjacxswbpzioe/Build/Products/Debug-iphonesimulator/Clerk_Clerk.bundle/es.lproj/Localizable.strings /Users/nathanfennel/Library/Developer/Xcode/DerivedData/CardOnCue-fafaiynmhqufqpbfjacxswbpzioe/Build/Intermediates.noindex/Clerk.build/Debug-iphonesimulator/Clerk_Clerk.build/es.lproj/Localizable.strings (in target 'Clerk_Clerk' from project 'Clerk')
    cd /Users/nathanfennel/Library/Developer/Xcode/DerivedData/CardOnCue-fafaiynmhqufqpbfjacxswbpzioe/SourcePackages/checkouts/clerk-ios
    builtin-copyStrings --validate --outputencoding binary --outfilename Localizable.strings --outdir /Users/nathanfennel/Library/Developer/Xcode/DerivedData/CardOnCue-fafaiynmhqufqpbfjacxswbpzioe/Build/Products/Debug-iphonesimulator/Clerk_Clerk.bundle/es.lproj -- /Users/nathanfennel/Library/Developer/Xcode/DerivedData/CardOnCue-fafaiynmhqufqpbfjacxswbpzioe/Build/Intermediates.noindex/Clerk.build/Debug-iphonesimulator/Clerk_Clerk.build/es.lproj/Localizable.strings
/Users/nathanfennel/Library/Developer/Xcode/DerivedData/CardOnCue-fafaiynmhqufqpbfjacxswbpzioe/Build/Intermediates.noindex/Clerk.build/Debug-iphonesimulator/Clerk_Clerk.build/es.lproj/Localizable.strings:1:1: note: detected encoding of input file as Unicode (UTF-8) (in target 'Clerk_Clerk' from project 'Clerk')

CopyStringsFile /Users/nathanfennel/Library/Developer/Xcode/DerivedData/CardOnCue-fafaiynmhqufqpbfjacxswbpzioe/Build/Products/Debug-iphonesimulator/Clerk_Clerk.bundle/ar.lproj/Localizable.strings /Users/nathanfennel/Library/Developer/Xcode/DerivedData/CardOnCue-fafaiynmhqufqpbfjacxswbpzioe/Build/Intermediates.noindex/Clerk.build/Debug-iphonesimulator/Clerk_Clerk.build/ar.lproj/Localizable.strings (in target 'Clerk_Clerk' from project 'Clerk')
    cd /Users/nathanfennel/Library/Developer/Xcode/DerivedData/CardOnCue-fafaiynmhqufqpbfjacxswbpzioe/SourcePackages/checkouts/clerk-ios
    builtin-copyStrings --validate --outputencoding binary --outfilename Localizable.strings --outdir /Users/nathanfennel/Library/Developer/Xcode/DerivedData/CardOnCue-fafaiynmhqufqpbfjacxswbpzioe/Build/Products/Debug-iphonesimulator/Clerk_Clerk.bundle/ar.lproj -- /Users/nathanfennel/Library/Developer/Xcode/DerivedData/CardOnCue-fafaiynmhqufqpbfjacxswbpzioe/Build/Intermediates.noindex/Clerk.build/Debug-iphonesimulator/Clerk_Clerk.build/ar.lproj/Localizable.strings
/Users/nathanfennel/Library/Developer/Xcode/DerivedData/CardOnCue-fafaiynmhqufqpbfjacxswbpzioe/Build/Intermediates.noindex/Clerk.build/Debug-iphonesimulator/Clerk_Clerk.build/ar.lproj/Localizable.strings:1:1: note: detected encoding of input file as Unicode (UTF-8) (in target 'Clerk_Clerk' from project 'Clerk')

CopyStringsFile /Users/nathanfennel/Library/Developer/Xcode/DerivedData/CardOnCue-fafaiynmhqufqpbfjacxswbpzioe/Build/Products/Debug-iphonesimulator/Clerk_Clerk.bundle/ko.lproj/Localizable.strings /Users/nathanfennel/Library/Developer/Xcode/DerivedData/CardOnCue-fafaiynmhqufqpbfjacxswbpzioe/Build/Intermediates.noindex/Clerk.build/Debug-iphonesimulator/Clerk_Clerk.build/ko.lproj/Localizable.strings (in target 'Clerk_Clerk' from project 'Clerk')
    cd /Users/nathanfennel/Library/Developer/Xcode/DerivedData/CardOnCue-fafaiynmhqufqpbfjacxswbpzioe/SourcePackages/checkouts/clerk-ios
    builtin-copyStrings --validate --outputencoding binary --outfilename Localizable.strings --outdir /Users/nathanfennel/Library/Developer/Xcode/DerivedData/CardOnCue-fafaiynmhqufqpbfjacxswbpzioe/Build/Products/Debug-iphonesimulator/Clerk_Clerk.bundle/ko.lproj -- /Users/nathanfennel/Library/Developer/Xcode/DerivedData/CardOnCue-fafaiynmhqufqpbfjacxswbpzioe/Build/Intermediates.noindex/Clerk.build/Debug-iphonesimulator/Clerk_Clerk.build/ko.lproj/Localizable.strings
/Users/nathanfennel/Library/Developer/Xcode/DerivedData/CardOnCue-fafaiynmhqufqpbfjacxswbpzioe/Build/Intermediates.noindex/Clerk.build/Debug-iphonesimulator/Clerk_Clerk.build/ko.lproj/Localizable.strings:1:1: note: detected encoding of input file as Unicode (UTF-8) (in target 'Clerk_Clerk' from project 'Clerk')

CopyStringsFile /Users/nathanfennel/Library/Developer/Xcode/DerivedData/CardOnCue-fafaiynmhqufqpbfjacxswbpzioe/Build/Products/Debug-iphonesimulator/Clerk_Clerk.bundle/zh-Hans.lproj/Localizable.strings /Users/nathanfennel/Library/Developer/Xcode/DerivedData/CardOnCue-fafaiynmhqufqpbfjacxswbpzioe/Build/Intermediates.noindex/Clerk.build/Debug-iphonesimulator/Clerk_Clerk.build/zh-Hans.lproj/Localizable.strings (in target 'Clerk_Clerk' from project 'Clerk')
    cd /Users/nathanfennel/Library/Developer/Xcode/DerivedData/CardOnCue-fafaiynmhqufqpbfjacxswbpzioe/SourcePackages/checkouts/clerk-ios
    builtin-copyStrings --validate --outputencoding binary --outfilename Localizable.strings --outdir /Users/nathanfennel/Library/Developer/Xcode/DerivedData/CardOnCue-fafaiynmhqufqpbfjacxswbpzioe/Build/Products/Debug-iphonesimulator/Clerk_Clerk.bundle/zh-Hans.lproj -- /Users/nathanfennel/Library/Developer/Xcode/DerivedData/CardOnCue-fafaiynmhqufqpbfjacxswbpzioe/Build/Intermediates.noindex/Clerk.build/Debug-iphonesimulator/Clerk_Clerk.build/zh-Hans.lproj/Localizable.strings
/Users/nathanfennel/Library/Developer/Xcode/DerivedData/CardOnCue-fafaiynmhqufqpbfjacxswbpzioe/Build/Intermediates.noindex/Clerk.build/Debug-iphonesimulator/Clerk_Clerk.build/zh-Hans.lproj/Localizable.strings:1:1: note: detected encoding of input file as Unicode (UTF-8) (in target 'Clerk_Clerk' from project 'Clerk')

CopyStringsFile /Users/nathanfennel/Library/Developer/Xcode/DerivedData/CardOnCue-fafaiynmhqufqpbfjacxswbpzioe/Build/Products/Debug-iphonesimulator/Clerk_Clerk.bundle/en.lproj/Localizable.strings /Users/nathanfennel/Library/Developer/Xcode/DerivedData/CardOnCue-fafaiynmhqufqpbfjacxswbpzioe/Build/Intermediates.noindex/Clerk.build/Debug-iphonesimulator/Clerk_Clerk.build/en.lproj/Localizable.strings (in target 'Clerk_Clerk' from project 'Clerk')
    cd /Users/nathanfennel/Library/Developer/Xcode/DerivedData/CardOnCue-fafaiynmhqufqpbfjacxswbpzioe/SourcePackages/checkouts/clerk-ios
    builtin-copyStrings --validate --outputencoding binary --outfilename Localizable.strings --outdir /Users/nathanfennel/Library/Developer/Xcode/DerivedData/CardOnCue-fafaiynmhqufqpbfjacxswbpzioe/Build/Products/Debug-iphonesimulator/Clerk_Clerk.bundle/en.lproj -- /Users/nathanfennel/Library/Developer/Xcode/DerivedData/CardOnCue-fafaiynmhqufqpbfjacxswbpzioe/Build/Intermediates.noindex/Clerk.build/Debug-iphonesimulator/Clerk_Clerk.build/en.lproj/Localizable.strings
/Users/nathanfennel/Library/Developer/Xcode/DerivedData/CardOnCue-fafaiynmhqufqpbfjacxswbpzioe/Build/Intermediates.noindex/Clerk.build/Debug-iphonesimulator/Clerk_Clerk.build/en.lproj/Localizable.strings:1:1: note: detected encoding of input file as Unicode (UTF-8) (in target 'Clerk_Clerk' from project 'Clerk')

CopyStringsFile /Users/nathanfennel/Library/Developer/Xcode/DerivedData/CardOnCue-fafaiynmhqufqpbfjacxswbpzioe/Build/Products/Debug-iphonesimulator/Clerk_Clerk.bundle/it.lproj/Localizable.strings /Users/nathanfennel/Library/Developer/Xcode/DerivedData/CardOnCue-fafaiynmhqufqpbfjacxswbpzioe/Build/Intermediates.noindex/Clerk.build/Debug-iphonesimulator/Clerk_Clerk.build/it.lproj/Localizable.strings (in target 'Clerk_Clerk' from project 'Clerk')
    cd /Users/nathanfennel/Library/Developer/Xcode/DerivedData/CardOnCue-fafaiynmhqufqpbfjacxswbpzioe/SourcePackages/checkouts/clerk-ios
    builtin-copyStrings --validate --outputencoding binary --outfilename Localizable.strings --outdir /Users/nathanfennel/Library/Developer/Xcode/DerivedData/CardOnCue-fafaiynmhqufqpbfjacxswbpzioe/Build/Products/Debug-iphonesimulator/Clerk_Clerk.bundle/it.lproj -- /Users/nathanfennel/Library/Developer/Xcode/DerivedData/CardOnCue-fafaiynmhqufqpbfjacxswbpzioe/Build/Intermediates.noindex/Clerk.build/Debug-iphonesimulator/Clerk_Clerk.build/it.lproj/Localizable.strings
/Users/nathanfennel/Library/Developer/Xcode/DerivedData/CardOnCue-fafaiynmhqufqpbfjacxswbpzioe/Build/Intermediates.noindex/Clerk.build/Debug-iphonesimulator/Clerk_Clerk.build/it.lproj/Localizable.strings:1:1: note: detected encoding of input file as Unicode (UTF-8) (in target 'Clerk_Clerk' from project 'Clerk')

CopyStringsFile /Users/nathanfennel/Library/Developer/Xcode/DerivedData/CardOnCue-fafaiynmhqufqpbfjacxswbpzioe/Build/Products/Debug-iphonesimulator/Clerk_Clerk.bundle/ja.lproj/Localizable.strings /Users/nathanfennel/Library/Developer/Xcode/DerivedData/CardOnCue-fafaiynmhqufqpbfjacxswbpzioe/Build/Intermediates.noindex/Clerk.build/Debug-iphonesimulator/Clerk_Clerk.build/ja.lproj/Localizable.strings (in target 'Clerk_Clerk' from project 'Clerk')
    cd /Users/nathanfennel/Library/Developer/Xcode/DerivedData/CardOnCue-fafaiynmhqufqpbfjacxswbpzioe/SourcePackages/checkouts/clerk-ios
    builtin-copyStrings --validate --outputencoding binary --outfilename Localizable.strings --outdir /Users/nathanfennel/Library/Developer/Xcode/DerivedData/CardOnCue-fafaiynmhqufqpbfjacxswbpzioe/Build/Products/Debug-iphonesimulator/Clerk_Clerk.bundle/ja.lproj -- /Users/nathanfennel/Library/Developer/Xcode/DerivedData/CardOnCue-fafaiynmhqufqpbfjacxswbpzioe/Build/Intermediates.noindex/Clerk.build/Debug-iphonesimulator/Clerk_Clerk.build/ja.lproj/Localizable.strings
/Users/nathanfennel/Library/Developer/Xcode/DerivedData/CardOnCue-fafaiynmhqufqpbfjacxswbpzioe/Build/Intermediates.noindex/Clerk.build/Debug-iphonesimulator/Clerk_Clerk.build/ja.lproj/Localizable.strings:1:1: note: detected encoding of input file as Unicode (UTF-8) (in target 'Clerk_Clerk' from project 'Clerk')

CopyStringsFile /Users/nathanfennel/Library/Developer/Xcode/DerivedData/CardOnCue-fafaiynmhqufqpbfjacxswbpzioe/Build/Products/Debug-iphonesimulator/Clerk_Clerk.bundle/hi.lproj/Localizable.strings /Users/nathanfennel/Library/Developer/Xcode/DerivedData/CardOnCue-fafaiynmhqufqpbfjacxswbpzioe/Build/Intermediates.noindex/Clerk.build/Debug-iphonesimulator/Clerk_Clerk.build/hi.lproj/Localizable.strings (in target 'Clerk_Clerk' from project 'Clerk')
    cd /Users/nathanfennel/Library/Developer/Xcode/DerivedData/CardOnCue-fafaiynmhqufqpbfjacxswbpzioe/SourcePackages/checkouts/clerk-ios
    builtin-copyStrings --validate --outputencoding binary --outfilename Localizable.strings --outdir /Users/nathanfennel/Library/Developer/Xcode/DerivedData/CardOnCue-fafaiynmhqufqpbfjacxswbpzioe/Build/Products/Debug-iphonesimulator/Clerk_Clerk.bundle/hi.lproj -- /Users/nathanfennel/Library/Developer/Xcode/DerivedData/CardOnCue-fafaiynmhqufqpbfjacxswbpzioe/Build/Intermediates.noindex/Clerk.build/Debug-iphonesimulator/Clerk_Clerk.build/hi.lproj/Localizable.strings
/Users/nathanfennel/Library/Developer/Xcode/DerivedData/CardOnCue-fafaiynmhqufqpbfjacxswbpzioe/Build/Intermediates.noindex/Clerk.build/Debug-iphonesimulator/Clerk_Clerk.build/hi.lproj/Localizable.strings:1:1: note: detected encoding of input file as Unicode (UTF-8) (in target 'Clerk_Clerk' from project 'Clerk')

CopyStringsFile /Users/nathanfennel/Library/Developer/Xcode/DerivedData/CardOnCue-fafaiynmhqufqpbfjacxswbpzioe/Build/Products/Debug-iphonesimulator/Clerk_Clerk.bundle/fr.lproj/Localizable.strings /Users/nathanfennel/Library/Developer/Xcode/DerivedData/CardOnCue-fafaiynmhqufqpbfjacxswbpzioe/Build/Intermediates.noindex/Clerk.build/Debug-iphonesimulator/Clerk_Clerk.build/fr.lproj/Localizable.strings (in target 'Clerk_Clerk' from project 'Clerk')
    cd /Users/nathanfennel/Library/Developer/Xcode/DerivedData/CardOnCue-fafaiynmhqufqpbfjacxswbpzioe/SourcePackages/checkouts/clerk-ios
    builtin-copyStrings --validate --outputencoding binary --outfilename Localizable.strings --outdir /Users/nathanfennel/Library/Developer/Xcode/DerivedData/CardOnCue-fafaiynmhqufqpbfjacxswbpzioe/Build/Products/Debug-iphonesimulator/Clerk_Clerk.bundle/fr.lproj -- /Users/nathanfennel/Library/Developer/Xcode/DerivedData/CardOnCue-fafaiynmhqufqpbfjacxswbpzioe/Build/Intermediates.noindex/Clerk.build/Debug-iphonesimulator/Clerk_Clerk.build/fr.lproj/Localizable.strings
/Users/nathanfennel/Library/Developer/Xcode/DerivedData/CardOnCue-fafaiynmhqufqpbfjacxswbpzioe/Build/Intermediates.noindex/Clerk.build/Debug-iphonesimulator/Clerk_Clerk.build/fr.lproj/Localizable.strings:1:1: note: detected encoding of input file as Unicode (UTF-8) (in target 'Clerk_Clerk' from project 'Clerk')

CopyStringsFile /Users/nathanfennel/Library/Developer/Xcode/DerivedData/CardOnCue-fafaiynmhqufqpbfjacxswbpzioe/Build/Products/Debug-iphonesimulator/Clerk_Clerk.bundle/el.lproj/Localizable.strings /Users/nathanfennel/Library/Developer/Xcode/DerivedData/CardOnCue-fafaiynmhqufqpbfjacxswbpzioe/Build/Intermediates.noindex/Clerk.build/Debug-iphonesimulator/Clerk_Clerk.build/el.lproj/Localizable.strings (in target 'Clerk_Clerk' from project 'Clerk')
    cd /Users/nathanfennel/Library/Developer/Xcode/DerivedData/CardOnCue-fafaiynmhqufqpbfjacxswbpzioe/SourcePackages/checkouts/clerk-ios
    builtin-copyStrings --validate --outputencoding binary --outfilename Localizable.strings --outdir /Users/nathanfennel/Library/Developer/Xcode/DerivedData/CardOnCue-fafaiynmhqufqpbfjacxswbpzioe/Build/Products/Debug-iphonesimulator/Clerk_Clerk.bundle/el.lproj -- /Users/nathanfennel/Library/Developer/Xcode/DerivedData/CardOnCue-fafaiynmhqufqpbfjacxswbpzioe/Build/Intermediates.noindex/Clerk.build/Debug-iphonesimulator/Clerk_Clerk.build/el.lproj/Localizable.strings
/Users/nathanfennel/Library/Developer/Xcode/DerivedData/CardOnCue-fafaiynmhqufqpbfjacxswbpzioe/Build/Intermediates.noindex/Clerk.build/Debug-iphonesimulator/Clerk_Clerk.build/el.lproj/Localizable.strings:1:1: note: detected encoding of input file as Unicode (UTF-8) (in target 'Clerk_Clerk' from project 'Clerk')

CopyStringsFile /Users/nathanfennel/Library/Developer/Xcode/DerivedData/CardOnCue-fafaiynmhqufqpbfjacxswbpzioe/Build/Products/Debug-iphonesimulator/Clerk_Clerk.bundle/de.lproj/Localizable.strings /Users/nathanfennel/Library/Developer/Xcode/DerivedData/CardOnCue-fafaiynmhqufqpbfjacxswbpzioe/Build/Intermediates.noindex/Clerk.build/Debug-iphonesimulator/Clerk_Clerk.build/de.lproj/Localizable.strings (in target 'Clerk_Clerk' from project 'Clerk')
    cd /Users/nathanfennel/Library/Developer/Xcode/DerivedData/CardOnCue-fafaiynmhqufqpbfjacxswbpzioe/SourcePackages/checkouts/clerk-ios
    builtin-copyStrings --validate --outputencoding binary --outfilename Localizable.strings --outdir /Users/nathanfennel/Library/Developer/Xcode/DerivedData/CardOnCue-fafaiynmhqufqpbfjacxswbpzioe/Build/Products/Debug-iphonesimulator/Clerk_Clerk.bundle/de.lproj -- /Users/nathanfennel/Library/Developer/Xcode/DerivedData/CardOnCue-fafaiynmhqufqpbfjacxswbpzioe/Build/Intermediates.noindex/Clerk.build/Debug-iphonesimulator/Clerk_Clerk.build/de.lproj/Localizable.strings
/Users/nathanfennel/Library/Developer/Xcode/DerivedData/CardOnCue-fafaiynmhqufqpbfjacxswbpzioe/Build/Intermediates.noindex/Clerk.build/Debug-iphonesimulator/Clerk_Clerk.build/de.lproj/Localizable.strings:1:1: note: detected encoding of input file as Unicode (UTF-8) (in target 'Clerk_Clerk' from project 'Clerk')

LinkAssetCatalog /Users/nathanfennel/Library/Developer/Xcode/DerivedData/CardOnCue-fafaiynmhqufqpbfjacxswbpzioe/SourcePackages/checkouts/clerk-ios/Sources/Clerk/ClerkUI/Resources/Colors.xcassets /Users/nathanfennel/Library/Developer/Xcode/DerivedData/CardOnCue-fafaiynmhqufqpbfjacxswbpzioe/SourcePackages/checkouts/clerk-ios/Sources/Clerk/ClerkUI/Resources/Images.xcassets (in target 'Clerk_Clerk' from project 'Clerk')
    cd /Users/nathanfennel/Library/Developer/Xcode/DerivedData/CardOnCue-fafaiynmhqufqpbfjacxswbpzioe/SourcePackages/checkouts/clerk-ios
    builtin-linkAssetCatalog --thinned /Users/nathanfennel/Library/Developer/Xcode/DerivedData/CardOnCue-fafaiynmhqufqpbfjacxswbpzioe/Build/Intermediates.noindex/Clerk.build/Debug-iphonesimulator/Clerk_Clerk.build/assetcatalog_output/thinned --thinned-dependencies /Users/nathanfennel/Library/Developer/Xcode/DerivedData/CardOnCue-fafaiynmhqufqpbfjacxswbpzioe/Build/Intermediates.noindex/Clerk.build/Debug-iphonesimulator/Clerk_Clerk.build/assetcatalog_dependencies_thinned --thinned-info-plist-content /Users/nathanfennel/Library/Developer/Xcode/DerivedData/CardOnCue-fafaiynmhqufqpbfjacxswbpzioe/Build/Intermediates.noindex/Clerk.build/Debug-iphonesimulator/Clerk_Clerk.build/assetcatalog_generated_info.plist_thinned --unthinned /Users/nathanfennel/Library/Developer/Xcode/DerivedData/CardOnCue-fafaiynmhqufqpbfjacxswbpzioe/Build/Intermediates.noindex/Clerk.build/Debug-iphonesimulator/Clerk_Clerk.build/assetcatalog_output/unthinned --unthinned-dependencies /Users/nathanfennel/Library/Developer/Xcode/DerivedData/CardOnCue-fafaiynmhqufqpbfjacxswbpzioe/Build/Intermediates.noindex/Clerk.build/Debug-iphonesimulator/Clerk_Clerk.build/assetcatalog_dependencies_unthinned --unthinned-info-plist-content /Users/nathanfennel/Library/Developer/Xcode/DerivedData/CardOnCue-fafaiynmhqufqpbfjacxswbpzioe/Build/Intermediates.noindex/Clerk.build/Debug-iphonesimulator/Clerk_Clerk.build/assetcatalog_generated_info.plist_unthinned --output /Users/nathanfennel/Library/Developer/Xcode/DerivedData/CardOnCue-fafaiynmhqufqpbfjacxswbpzioe/Build/Products/Debug-iphonesimulator/Clerk_Clerk.bundle --plist-output /Users/nathanfennel/Library/Developer/Xcode/DerivedData/CardOnCue-fafaiynmhqufqpbfjacxswbpzioe/Build/Intermediates.noindex/Clerk.build/Debug-iphonesimulator/Clerk_Clerk.build/assetcatalog_generated_info.plist
note: Emplaced /Users/nathanfennel/Library/Developer/Xcode/DerivedData/CardOnCue-fafaiynmhqufqpbfjacxswbpzioe/Build/Products/Debug-iphonesimulator/Clerk_Clerk.bundle/Assets.car (in target 'Clerk_Clerk' from project 'Clerk')

ProcessInfoPlistFile /Users/nathanfennel/Library/Developer/Xcode/DerivedData/CardOnCue-fafaiynmhqufqpbfjacxswbpzioe/Build/Products/Debug-iphonesimulator/Clerk_Clerk.bundle/Info.plist /Users/nathanfennel/Library/Developer/Xcode/DerivedData/CardOnCue-fafaiynmhqufqpbfjacxswbpzioe/Build/Intermediates.noindex/Clerk.build/Debug-iphonesimulator/Clerk_Clerk.build/empty-Clerk_Clerk.plist (in target 'Clerk_Clerk' from project 'Clerk')
    cd /Users/nathanfennel/Library/Developer/Xcode/DerivedData/CardOnCue-fafaiynmhqufqpbfjacxswbpzioe/SourcePackages/checkouts/clerk-ios
    builtin-infoPlistUtility /Users/nathanfennel/Library/Developer/Xcode/DerivedData/CardOnCue-fafaiynmhqufqpbfjacxswbpzioe/Build/Intermediates.noindex/Clerk.build/Debug-iphonesimulator/Clerk_Clerk.build/empty-Clerk_Clerk.plist -producttype com.apple.product-type.bundle -expandbuildsettings -format binary -platform iphonesimulator -additionalcontentfile /Users/nathanfennel/Library/Developer/Xcode/DerivedData/CardOnCue-fafaiynmhqufqpbfjacxswbpzioe/Build/Intermediates.noindex/Clerk.build/Debug-iphonesimulator/Clerk_Clerk.build/assetcatalog_generated_info.plist -o /Users/nathanfennel/Library/Developer/Xcode/DerivedData/CardOnCue-fafaiynmhqufqpbfjacxswbpzioe/Build/Products/Debug-iphonesimulator/Clerk_Clerk.bundle/Info.plist

ProcessInfoPlistFile /Users/nathanfennel/Library/Developer/Xcode/DerivedData/CardOnCue-fafaiynmhqufqpbfjacxswbpzioe/Build/Products/Debug-iphonesimulator/Factory_FactoryKit.bundle/Info.plist /Users/nathanfennel/Library/Developer/Xcode/DerivedData/CardOnCue-fafaiynmhqufqpbfjacxswbpzioe/Build/Intermediates.noindex/Factory.build/Debug-iphonesimulator/Factory_FactoryKit.build/empty-Factory_FactoryKit.plist (in target 'Factory_FactoryKit' from project 'Factory')
    cd /Users/nathanfennel/Library/Developer/Xcode/DerivedData/CardOnCue-fafaiynmhqufqpbfjacxswbpzioe/SourcePackages/checkouts/Factory
    builtin-infoPlistUtility /Users/nathanfennel/Library/Developer/Xcode/DerivedData/CardOnCue-fafaiynmhqufqpbfjacxswbpzioe/Build/Intermediates.noindex/Factory.build/Debug-iphonesimulator/Factory_FactoryKit.build/empty-Factory_FactoryKit.plist -producttype com.apple.product-type.bundle -expandbuildsettings -format binary -platform iphonesimulator -o /Users/nathanfennel/Library/Developer/Xcode/DerivedData/CardOnCue-fafaiynmhqufqpbfjacxswbpzioe/Build/Products/Debug-iphonesimulator/Factory_FactoryKit.bundle/Info.plist

ProcessInfoPlistFile /Users/nathanfennel/Library/Developer/Xcode/DerivedData/CardOnCue-fafaiynmhqufqpbfjacxswbpzioe/Build/Products/Debug-iphonesimulator/Kingfisher_Kingfisher.bundle/Info.plist /Users/nathanfennel/Library/Developer/Xcode/DerivedData/CardOnCue-fafaiynmhqufqpbfjacxswbpzioe/Build/Intermediates.noindex/Kingfisher.build/Debug-iphonesimulator/Kingfisher_Kingfisher.build/empty-Kingfisher_Kingfisher.plist (in target 'Kingfisher_Kingfisher' from project 'Kingfisher')
    cd /Users/nathanfennel/Library/Developer/Xcode/DerivedData/CardOnCue-fafaiynmhqufqpbfjacxswbpzioe/SourcePackages/checkouts/Kingfisher
    builtin-infoPlistUtility /Users/nathanfennel/Library/Developer/Xcode/DerivedData/CardOnCue-fafaiynmhqufqpbfjacxswbpzioe/Build/Intermediates.noindex/Kingfisher.build/Debug-iphonesimulator/Kingfisher_Kingfisher.build/empty-Kingfisher_Kingfisher.plist -producttype com.apple.product-type.bundle -expandbuildsettings -format binary -platform iphonesimulator -o /Users/nathanfennel/Library/Developer/Xcode/DerivedData/CardOnCue-fafaiynmhqufqpbfjacxswbpzioe/Build/Products/Debug-iphonesimulator/Kingfisher_Kingfisher.bundle/Info.plist

ProcessInfoPlistFile /Users/nathanfennel/Library/Developer/Xcode/DerivedData/CardOnCue-fafaiynmhqufqpbfjacxswbpzioe/Build/Products/Debug-iphonesimulator/PhoneNumberKit_PhoneNumberKit.bundle/Info.plist /Users/nathanfennel/Library/Developer/Xcode/DerivedData/CardOnCue-fafaiynmhqufqpbfjacxswbpzioe/Build/Intermediates.noindex/PhoneNumberKit.build/Debug-iphonesimulator/PhoneNumberKit_PhoneNumberKit.build/empty-PhoneNumberKit_PhoneNumberKit.plist (in target 'PhoneNumberKit_PhoneNumberKit' from project 'PhoneNumberKit')
    cd /Users/nathanfennel/Library/Developer/Xcode/DerivedData/CardOnCue-fafaiynmhqufqpbfjacxswbpzioe/SourcePackages/checkouts/PhoneNumberKit
    builtin-infoPlistUtility /Users/nathanfennel/Library/Developer/Xcode/DerivedData/CardOnCue-fafaiynmhqufqpbfjacxswbpzioe/Build/Intermediates.noindex/PhoneNumberKit.build/Debug-iphonesimulator/PhoneNumberKit_PhoneNumberKit.build/empty-PhoneNumberKit_PhoneNumberKit.plist -producttype com.apple.product-type.bundle -expandbuildsettings -format binary -platform iphonesimulator -o /Users/nathanfennel/Library/Developer/Xcode/DerivedData/CardOnCue-fafaiynmhqufqpbfjacxswbpzioe/Build/Products/Debug-iphonesimulator/PhoneNumberKit_PhoneNumberKit.bundle/Info.plist

Ld /Users/nathanfennel/Library/Developer/Xcode/DerivedData/CardOnCue-fafaiynmhqufqpbfjacxswbpzioe/Build/Products/Debug-iphonesimulator/CardOnCue.app/CardOnCue.debug.dylib normal (in target 'CardOnCue' from project 'CardOnCue')
    cd /Users/nathanfennel/Documents/GitHub/CardOnCue
    /Applications/Xcode.app/Contents/Developer/Toolchains/XcodeDefault.xctoolchain/usr/bin/clang -Xlinker -reproducible -target arm64-apple-ios17.6-simulator -dynamiclib -isysroot /Applications/Xcode.app/Contents/Developer/Platforms/iPhoneSimulator.platform/Developer/SDKs/iPhoneSimulator26.2.sdk -O0 -L/Users/nathanfennel/Library/Developer/Xcode/DerivedData/CardOnCue-fafaiynmhqufqpbfjacxswbpzioe/Build/Intermediates.noindex/EagerLinkingTBDs/Debug-iphonesimulator -L/Users/nathanfennel/Library/Developer/Xcode/DerivedData/CardOnCue-fafaiynmhqufqpbfjacxswbpzioe/Build/Products/Debug-iphonesimulator -F/Users/nathanfennel/Library/Developer/Xcode/DerivedData/CardOnCue-fafaiynmhqufqpbfjacxswbpzioe/Build/Intermediates.noindex/EagerLinkingTBDs/Debug-iphonesimulator -F/Users/nathanfennel/Library/Developer/Xcode/DerivedData/CardOnCue-fafaiynmhqufqpbfjacxswbpzioe/Build/Products/Debug-iphonesimulator/PackageFrameworks -F/Users/nathanfennel/Library/Developer/Xcode/DerivedData/CardOnCue-fafaiynmhqufqpbfjacxswbpzioe/Build/Products/Debug-iphonesimulator/PackageFrameworks -F/Users/nathanfennel/Library/Developer/Xcode/DerivedData/CardOnCue-fafaiynmhqufqpbfjacxswbpzioe/Build/Products/Debug-iphonesimulator/PackageFrameworks -F/Users/nathanfennel/Library/Developer/Xcode/DerivedData/CardOnCue-fafaiynmhqufqpbfjacxswbpzioe/Build/Products/Debug-iphonesimulator/PackageFrameworks -F/Users/nathanfennel/Library/Developer/Xcode/DerivedData/CardOnCue-fafaiynmhqufqpbfjacxswbpzioe/Build/Products/Debug-iphonesimulator/PackageFrameworks -F/Users/nathanfennel/Library/Developer/Xcode/DerivedData/CardOnCue-fafaiynmhqufqpbfjacxswbpzioe/Build/Products/Debug-iphonesimulator/PackageFrameworks -F/Users/nathanfennel/Library/Developer/Xcode/DerivedData/CardOnCue-fafaiynmhqufqpbfjacxswbpzioe/Build/Products/Debug-iphonesimulator -filelist /Users/nathanfennel/Library/Developer/Xcode/DerivedData/CardOnCue-fafaiynmhqufqpbfjacxswbpzioe/Build/Intermediates.noindex/CardOnCue.build/Debug-iphonesimulator/CardOnCue.build/Objects-normal/arm64/CardOnCue.LinkFileList -install_name @rpath/CardOnCue.debug.dylib -Xlinker -rpath -Xlinker /usr/lib/swift -Xlinker -rpath -Xlinker /Users/nathanfennel/Library/Developer/Xcode/DerivedData/CardOnCue-fafaiynmhqufqpbfjacxswbpzioe/Build/Products/Debug-iphonesimulator/PackageFrameworks -Xlinker -rpath -Xlinker @executable_path/Frameworks -dead_strip -Xlinker -object_path_lto -Xlinker /Users/nathanfennel/Library/Developer/Xcode/DerivedData/CardOnCue-fafaiynmhqufqpbfjacxswbpzioe/Build/Intermediates.noindex/CardOnCue.build/Debug-iphonesimulator/CardOnCue.build/Objects-normal/arm64/CardOnCue_lto.o -rdynamic -Xlinker -no_deduplicate -Xlinker -objc_abi_version -Xlinker 2 -Xlinker -debug_variant -Xlinker -dependency_info -Xlinker /Users/nathanfennel/Library/Developer/Xcode/DerivedData/CardOnCue-fafaiynmhqufqpbfjacxswbpzioe/Build/Intermediates.noindex/CardOnCue.build/Debug-iphonesimulator/CardOnCue.build/Objects-normal/arm64/CardOnCue_dependency_info.dat -fobjc-link-runtime -fprofile-instr-generate -L/Applications/Xcode.app/Contents/Developer/Toolchains/XcodeDefault.xctoolchain/usr/lib/swift/iphonesimulator -L/usr/lib/swift -Xlinker -add_ast_path -Xlinker /Users/nathanfennel/Library/Developer/Xcode/DerivedData/CardOnCue-fafaiynmhqufqpbfjacxswbpzioe/Build/Intermediates.noindex/CardOnCue.build/Debug-iphonesimulator/CardOnCue.build/Objects-normal/arm64/CardOnCue.swiftmodule @/Users/nathanfennel/Library/Developer/Xcode/DerivedData/CardOnCue-fafaiynmhqufqpbfjacxswbpzioe/Build/Intermediates.noindex/CardOnCue.build/Debug-iphonesimulator/CardOnCue.build/Objects-normal/arm64/CardOnCue-linker-args.resp -Wl,-no_warn_duplicate_libraries -Wl,-no_warn_duplicate_libraries -Wl,-no_warn_duplicate_libraries -Wl,-no_warn_duplicate_libraries -Wl,-no_warn_duplicate_libraries -Wl,-no_warn_duplicate_libraries -Xlinker -alias -Xlinker _main -Xlinker ___debug_main_executable_dylib_entry_point -Xlinker -no_adhoc_codesign -o /Users/nathanfennel/Library/Developer/Xcode/DerivedData/CardOnCue-fafaiynmhqufqpbfjacxswbpzioe/Build/Products/Debug-iphonesimulator/CardOnCue.app/CardOnCue.debug.dylib -Xlinker -add_ast_path -Xlinker /Users/nathanfennel/Library/Developer/Xcode/DerivedData/CardOnCue-fafaiynmhqufqpbfjacxswbpzioe/Build/Intermediates.noindex/Clerk.build/Debug-iphonesimulator/Clerk.build/Objects-normal/arm64/Clerk.swiftmodule @/Users/nathanfennel/Library/Developer/Xcode/DerivedData/CardOnCue-fafaiynmhqufqpbfjacxswbpzioe/Build/Intermediates.noindex/Clerk.build/Debug-iphonesimulator/Clerk.build/Objects-normal/arm64/Clerk-linker-args.resp -Xlinker -add_ast_path -Xlinker /Users/nathanfennel/Library/Developer/Xcode/DerivedData/CardOnCue-fafaiynmhqufqpbfjacxswbpzioe/Build/Intermediates.noindex/Factory.build/Debug-iphonesimulator/FactoryKit.build/Objects-normal/arm64/FactoryKit.swiftmodule @/Users/nathanfennel/Library/Developer/Xcode/DerivedData/CardOnCue-fafaiynmhqufqpbfjacxswbpzioe/Build/Intermediates.noindex/Factory.build/Debug-iphonesimulator/FactoryKit.build/Objects-normal/arm64/FactoryKit-linker-args.resp -Xlinker -add_ast_path -Xlinker /Users/nathanfennel/Library/Developer/Xcode/DerivedData/CardOnCue-fafaiynmhqufqpbfjacxswbpzioe/Build/Intermediates.noindex/Get.build/Debug-iphonesimulator/Get.build/Objects-normal/arm64/Get.swiftmodule @/Users/nathanfennel/Library/Developer/Xcode/DerivedData/CardOnCue-fafaiynmhqufqpbfjacxswbpzioe/Build/Intermediates.noindex/Get.build/Debug-iphonesimulator/Get.build/Objects-normal/arm64/Get-linker-args.resp -Xlinker -add_ast_path -Xlinker /Users/nathanfennel/Library/Developer/Xcode/DerivedData/CardOnCue-fafaiynmhqufqpbfjacxswbpzioe/Build/Intermediates.noindex/Kingfisher.build/Debug-iphonesimulator/Kingfisher.build/Objects-normal/arm64/Kingfisher.swiftmodule @/Users/nathanfennel/Library/Developer/Xcode/DerivedData/CardOnCue-fafaiynmhqufqpbfjacxswbpzioe/Build/Intermediates.noindex/Kingfisher.build/Debug-iphonesimulator/Kingfisher.build/Objects-normal/arm64/Kingfisher-linker-args.resp -Xlinker -add_ast_path -Xlinker /Users/nathanfennel/Library/Developer/Xcode/DerivedData/CardOnCue-fafaiynmhqufqpbfjacxswbpzioe/Build/Intermediates.noindex/PhoneNumberKit.build/Debug-iphonesimulator/PhoneNumberKit.build/Objects-normal/arm64/PhoneNumberKit.swiftmodule @/Users/nathanfennel/Library/Developer/Xcode/DerivedData/CardOnCue-fafaiynmhqufqpbfjacxswbpzioe/Build/Intermediates.noindex/PhoneNumberKit.build/Debug-iphonesimulator/PhoneNumberKit.build/Objects-normal/arm64/PhoneNumberKit-linker-args.resp -Xlinker -add_ast_path -Xlinker /Users/nathanfennel/Library/Developer/Xcode/DerivedData/CardOnCue-fafaiynmhqufqpbfjacxswbpzioe/Build/Intermediates.noindex/SimpleKeychain.build/Debug-iphonesimulator/SimpleKeychain.build/Objects-normal/arm64/SimpleKeychain.swiftmodule @/Users/nathanfennel/Library/Developer/Xcode/DerivedData/CardOnCue-fafaiynmhqufqpbfjacxswbpzioe/Build/Intermediates.noindex/SimpleKeychain.build/Debug-iphonesimulator/SimpleKeychain.build/Objects-normal/arm64/SimpleKeychain-linker-args.resp

ConstructStubExecutorLinkFileList /Users/nathanfennel/Library/Developer/Xcode/DerivedData/CardOnCue-fafaiynmhqufqpbfjacxswbpzioe/Build/Intermediates.noindex/CardOnCue.build/Debug-iphonesimulator/CardOnCue.build/CardOnCue-ExecutorLinkFileList-normal-arm64.txt (in target 'CardOnCue' from project 'CardOnCue')
    cd /Users/nathanfennel/Documents/GitHub/CardOnCue
    construct-stub-executor-link-file-list /Users/nathanfennel/Library/Developer/Xcode/DerivedData/CardOnCue-fafaiynmhqufqpbfjacxswbpzioe/Build/Products/Debug-iphonesimulator/CardOnCue.app/CardOnCue.debug.dylib /Applications/Xcode.app/Contents/Developer/Platforms/iPhoneSimulator.platform/Developer/usr/lib/libPreviewsJITStubExecutor_no_swift_entry_point.a /Applications/Xcode.app/Contents/Developer/Platforms/iPhoneSimulator.platform/Developer/usr/lib/libPreviewsJITStubExecutor.a --output /Users/nathanfennel/Library/Developer/Xcode/DerivedData/CardOnCue-fafaiynmhqufqpbfjacxswbpzioe/Build/Intermediates.noindex/CardOnCue.build/Debug-iphonesimulator/CardOnCue.build/CardOnCue-ExecutorLinkFileList-normal-arm64.txt
note: Using stub executor library with Swift entry point. (in target 'CardOnCue' from project 'CardOnCue')

Ld /Users/nathanfennel/Library/Developer/Xcode/DerivedData/CardOnCue-fafaiynmhqufqpbfjacxswbpzioe/Build/Products/Debug-iphonesimulator/CardOnCue.app/CardOnCue normal (in target 'CardOnCue' from project 'CardOnCue')
    cd /Users/nathanfennel/Documents/GitHub/CardOnCue
    /Applications/Xcode.app/Contents/Developer/Toolchains/XcodeDefault.xctoolchain/usr/bin/clang -Xlinker -reproducible -target arm64-apple-ios17.6-simulator -isysroot /Applications/Xcode.app/Contents/Developer/Platforms/iPhoneSimulator.platform/Developer/SDKs/iPhoneSimulator26.2.sdk -O0 -L/Users/nathanfennel/Library/Developer/Xcode/DerivedData/CardOnCue-fafaiynmhqufqpbfjacxswbpzioe/Build/Products/Debug-iphonesimulator -F/Users/nathanfennel/Library/Developer/Xcode/DerivedData/CardOnCue-fafaiynmhqufqpbfjacxswbpzioe/Build/Products/Debug-iphonesimulator/PackageFrameworks -F/Users/nathanfennel/Library/Developer/Xcode/DerivedData/CardOnCue-fafaiynmhqufqpbfjacxswbpzioe/Build/Products/Debug-iphonesimulator/PackageFrameworks -F/Users/nathanfennel/Library/Developer/Xcode/DerivedData/CardOnCue-fafaiynmhqufqpbfjacxswbpzioe/Build/Products/Debug-iphonesimulator/PackageFrameworks -F/Users/nathanfennel/Library/Developer/Xcode/DerivedData/CardOnCue-fafaiynmhqufqpbfjacxswbpzioe/Build/Products/Debug-iphonesimulator/PackageFrameworks -F/Users/nathanfennel/Library/Developer/Xcode/DerivedData/CardOnCue-fafaiynmhqufqpbfjacxswbpzioe/Build/Products/Debug-iphonesimulator/PackageFrameworks -F/Users/nathanfennel/Library/Developer/Xcode/DerivedData/CardOnCue-fafaiynmhqufqpbfjacxswbpzioe/Build/Products/Debug-iphonesimulator/PackageFrameworks -F/Users/nathanfennel/Library/Developer/Xcode/DerivedData/CardOnCue-fafaiynmhqufqpbfjacxswbpzioe/Build/Products/Debug-iphonesimulator -Xlinker -rpath -Xlinker @executable_path -Xlinker -rpath -Xlinker /Users/nathanfennel/Library/Developer/Xcode/DerivedData/CardOnCue-fafaiynmhqufqpbfjacxswbpzioe/Build/Products/Debug-iphonesimulator/PackageFrameworks -Xlinker -rpath -Xlinker @executable_path/Frameworks -rdynamic -Xlinker -no_deduplicate -Xlinker -objc_abi_version -Xlinker 2 -Xlinker -debug_variant -e ___debug_blank_executor_main -Xlinker -sectcreate -Xlinker __TEXT -Xlinker __debug_dylib -Xlinker /Users/nathanfennel/Library/Developer/Xcode/DerivedData/CardOnCue-fafaiynmhqufqpbfjacxswbpzioe/Build/Intermediates.noindex/CardOnCue.build/Debug-iphonesimulator/CardOnCue.build/CardOnCue-DebugDylibPath-normal-arm64.txt -Xlinker -sectcreate -Xlinker __TEXT -Xlinker __debug_instlnm -Xlinker /Users/nathanfennel/Library/Developer/Xcode/DerivedData/CardOnCue-fafaiynmhqufqpbfjacxswbpzioe/Build/Intermediates.noindex/CardOnCue.build/Debug-iphonesimulator/CardOnCue.build/CardOnCue-DebugDylibInstallName-normal-arm64.txt -Xlinker -filelist -Xlinker /Users/nathanfennel/Library/Developer/Xcode/DerivedData/CardOnCue-fafaiynmhqufqpbfjacxswbpzioe/Build/Intermediates.noindex/CardOnCue.build/Debug-iphonesimulator/CardOnCue.build/CardOnCue-ExecutorLinkFileList-normal-arm64.txt -Xlinker -sectcreate -Xlinker __TEXT -Xlinker __entitlements -Xlinker /Users/nathanfennel/Library/Developer/Xcode/DerivedData/CardOnCue-fafaiynmhqufqpbfjacxswbpzioe/Build/Intermediates.noindex/CardOnCue.build/Debug-iphonesimulator/CardOnCue.build/CardOnCue.app-Simulated.xcent -Xlinker -sectcreate -Xlinker __TEXT -Xlinker __ents_der -Xlinker /Users/nathanfennel/Library/Developer/Xcode/DerivedData/CardOnCue-fafaiynmhqufqpbfjacxswbpzioe/Build/Intermediates.noindex/CardOnCue.build/Debug-iphonesimulator/CardOnCue.build/CardOnCue.app-Simulated.xcent.der /Users/nathanfennel/Library/Developer/Xcode/DerivedData/CardOnCue-fafaiynmhqufqpbfjacxswbpzioe/Build/Products/Debug-iphonesimulator/CardOnCue.app/CardOnCue.debug.dylib -Xlinker -no_adhoc_codesign -o /Users/nathanfennel/Library/Developer/Xcode/DerivedData/CardOnCue-fafaiynmhqufqpbfjacxswbpzioe/Build/Products/Debug-iphonesimulator/CardOnCue.app/CardOnCue

CompileAssetCatalogVariant thinned /Users/nathanfennel/Library/Developer/Xcode/DerivedData/CardOnCue-fafaiynmhqufqpbfjacxswbpzioe/Build/Products/Debug-iphonesimulator/CardOnCue.app /Users/nathanfennel/Documents/GitHub/CardOnCue/CardOnCue/Assets.xcassets (in target 'CardOnCue' from project 'CardOnCue')
    cd /Users/nathanfennel/Documents/GitHub/CardOnCue
    /Applications/Xcode.app/Contents/Developer/usr/bin/actool /Users/nathanfennel/Documents/GitHub/CardOnCue/CardOnCue/Assets.xcassets --compile /Users/nathanfennel/Library/Developer/Xcode/DerivedData/CardOnCue-fafaiynmhqufqpbfjacxswbpzioe/Build/Intermediates.noindex/CardOnCue.build/Debug-iphonesimulator/CardOnCue.build/assetcatalog_output/thinned --output-format human-readable-text --notices --warnings --export-dependency-info /Users/nathanfennel/Library/Developer/Xcode/DerivedData/CardOnCue-fafaiynmhqufqpbfjacxswbpzioe/Build/Intermediates.noindex/CardOnCue.build/Debug-iphonesimulator/CardOnCue.build/assetcatalog_dependencies_thinned --output-partial-info-plist /Users/nathanfennel/Library/Developer/Xcode/DerivedData/CardOnCue-fafaiynmhqufqpbfjacxswbpzioe/Build/Intermediates.noindex/CardOnCue.build/Debug-iphonesimulator/CardOnCue.build/assetcatalog_generated_info.plist_thinned --app-icon AppIcon --accent-color AccentColor --compress-pngs --enable-on-demand-resources YES --filter-for-thinning-device-configuration iPad17,4-A --filter-for-device-os-version 26.2 --development-region en --target-device iphone --target-device ipad --minimum-deployment-target 17.6 --platform iphonesimulator
/* com.apple.actool.compilation-results */
/Users/nathanfennel/Library/Developer/Xcode/DerivedData/CardOnCue-fafaiynmhqufqpbfjacxswbpzioe/Build/Intermediates.noindex/CardOnCue.build/Debug-iphonesimulator/CardOnCue.build/assetcatalog_generated_info.plist_thinned
/Users/nathanfennel/Library/Developer/Xcode/DerivedData/CardOnCue-fafaiynmhqufqpbfjacxswbpzioe/Build/Intermediates.noindex/CardOnCue.build/Debug-iphonesimulator/CardOnCue.build/assetcatalog_output/thinned/AppIcon60x60@2x.png
/Users/nathanfennel/Library/Developer/Xcode/DerivedData/CardOnCue-fafaiynmhqufqpbfjacxswbpzioe/Build/Intermediates.noindex/CardOnCue.build/Debug-iphonesimulator/CardOnCue.build/assetcatalog_output/thinned/AppIcon76x76@2x~ipad.png
/Users/nathanfennel/Library/Developer/Xcode/DerivedData/CardOnCue-fafaiynmhqufqpbfjacxswbpzioe/Build/Intermediates.noindex/CardOnCue.build/Debug-iphonesimulator/CardOnCue.build/assetcatalog_output/thinned/Assets.car


LinkAssetCatalog /Users/nathanfennel/Documents/GitHub/CardOnCue/CardOnCue/Assets.xcassets (in target 'CardOnCue' from project 'CardOnCue')
    cd /Users/nathanfennel/Documents/GitHub/CardOnCue
    builtin-linkAssetCatalog --thinned /Users/nathanfennel/Library/Developer/Xcode/DerivedData/CardOnCue-fafaiynmhqufqpbfjacxswbpzioe/Build/Intermediates.noindex/CardOnCue.build/Debug-iphonesimulator/CardOnCue.build/assetcatalog_output/thinned --thinned-dependencies /Users/nathanfennel/Library/Developer/Xcode/DerivedData/CardOnCue-fafaiynmhqufqpbfjacxswbpzioe/Build/Intermediates.noindex/CardOnCue.build/Debug-iphonesimulator/CardOnCue.build/assetcatalog_dependencies_thinned --thinned-info-plist-content /Users/nathanfennel/Library/Developer/Xcode/DerivedData/CardOnCue-fafaiynmhqufqpbfjacxswbpzioe/Build/Intermediates.noindex/CardOnCue.build/Debug-iphonesimulator/CardOnCue.build/assetcatalog_generated_info.plist_thinned --unthinned /Users/nathanfennel/Library/Developer/Xcode/DerivedData/CardOnCue-fafaiynmhqufqpbfjacxswbpzioe/Build/Intermediates.noindex/CardOnCue.build/Debug-iphonesimulator/CardOnCue.build/assetcatalog_output/unthinned --unthinned-dependencies /Users/nathanfennel/Library/Developer/Xcode/DerivedData/CardOnCue-fafaiynmhqufqpbfjacxswbpzioe/Build/Intermediates.noindex/CardOnCue.build/Debug-iphonesimulator/CardOnCue.build/assetcatalog_dependencies_unthinned --unthinned-info-plist-content /Users/nathanfennel/Library/Developer/Xcode/DerivedData/CardOnCue-fafaiynmhqufqpbfjacxswbpzioe/Build/Intermediates.noindex/CardOnCue.build/Debug-iphonesimulator/CardOnCue.build/assetcatalog_generated_info.plist_unthinned --output /Users/nathanfennel/Library/Developer/Xcode/DerivedData/CardOnCue-fafaiynmhqufqpbfjacxswbpzioe/Build/Products/Debug-iphonesimulator/CardOnCue.app --plist-output /Users/nathanfennel/Library/Developer/Xcode/DerivedData/CardOnCue-fafaiynmhqufqpbfjacxswbpzioe/Build/Intermediates.noindex/CardOnCue.build/Debug-iphonesimulator/CardOnCue.build/assetcatalog_generated_info.plist
note: Emplaced /Users/nathanfennel/Library/Developer/Xcode/DerivedData/CardOnCue-fafaiynmhqufqpbfjacxswbpzioe/Build/Products/Debug-iphonesimulator/CardOnCue.app/AppIcon60x60@2x.png (in target 'CardOnCue' from project 'CardOnCue')
note: Emplaced /Users/nathanfennel/Library/Developer/Xcode/DerivedData/CardOnCue-fafaiynmhqufqpbfjacxswbpzioe/Build/Products/Debug-iphonesimulator/CardOnCue.app/AppIcon76x76@2x~ipad.png (in target 'CardOnCue' from project 'CardOnCue')
note: Emplaced /Users/nathanfennel/Library/Developer/Xcode/DerivedData/CardOnCue-fafaiynmhqufqpbfjacxswbpzioe/Build/Products/Debug-iphonesimulator/CardOnCue.app/Assets.car (in target 'CardOnCue' from project 'CardOnCue')

ExtractAppIntentsMetadata (in target 'CardOnCue' from project 'CardOnCue')
    cd /Users/nathanfennel/Documents/GitHub/CardOnCue
    /Applications/Xcode.app/Contents/Developer/Toolchains/XcodeDefault.xctoolchain/usr/bin/appintentsmetadataprocessor --toolchain-dir /Applications/Xcode.app/Contents/Developer/Toolchains/XcodeDefault.xctoolchain --module-name CardOnCue --sdk-root /Applications/Xcode.app/Contents/Developer/Platforms/iPhoneSimulator.platform/Developer/SDKs/iPhoneSimulator26.2.sdk --xcode-version 17C52 --platform-family iOS --deployment-target 17.6 --bundle-identifier com.nathanfennel.CardOnCue --output /Users/nathanfennel/Library/Developer/Xcode/DerivedData/CardOnCue-fafaiynmhqufqpbfjacxswbpzioe/Build/Products/Debug-iphonesimulator/CardOnCue.app --target-triple arm64-apple-ios17.6-simulator --binary-file /Users/nathanfennel/Library/Developer/Xcode/DerivedData/CardOnCue-fafaiynmhqufqpbfjacxswbpzioe/Build/Products/Debug-iphonesimulator/CardOnCue.app/CardOnCue --dependency-file /Users/nathanfennel/Library/Developer/Xcode/DerivedData/CardOnCue-fafaiynmhqufqpbfjacxswbpzioe/Build/Intermediates.noindex/CardOnCue.build/Debug-iphonesimulator/CardOnCue.build/Objects-normal/arm64/CardOnCue_dependency_info.dat --stringsdata-file /Users/nathanfennel/Library/Developer/Xcode/DerivedData/CardOnCue-fafaiynmhqufqpbfjacxswbpzioe/Build/Intermediates.noindex/CardOnCue.build/Debug-iphonesimulator/CardOnCue.build/Objects-normal/arm64/ExtractedAppShortcutsMetadata.stringsdata --source-file-list /Users/nathanfennel/Library/Developer/Xcode/DerivedData/CardOnCue-fafaiynmhqufqpbfjacxswbpzioe/Build/Intermediates.noindex/CardOnCue.build/Debug-iphonesimulator/CardOnCue.build/Objects-normal/arm64/CardOnCue.SwiftFileList --metadata-file-list /Users/nathanfennel/Library/Developer/Xcode/DerivedData/CardOnCue-fafaiynmhqufqpbfjacxswbpzioe/Build/Intermediates.noindex/CardOnCue.build/Debug-iphonesimulator/CardOnCue.build/CardOnCue.DependencyMetadataFileList --static-metadata-file-list /Users/nathanfennel/Library/Developer/Xcode/DerivedData/CardOnCue-fafaiynmhqufqpbfjacxswbpzioe/Build/Intermediates.noindex/CardOnCue.build/Debug-iphonesimulator/CardOnCue.build/CardOnCue.DependencyStaticMetadataFileList --swift-const-vals-list /Users/nathanfennel/Library/Developer/Xcode/DerivedData/CardOnCue-fafaiynmhqufqpbfjacxswbpzioe/Build/Intermediates.noindex/CardOnCue.build/Debug-iphonesimulator/CardOnCue.build/Objects-normal/arm64/CardOnCue.SwiftConstValuesFileList --compile-time-extraction --deployment-aware-processing --validate-assistant-intents --no-app-shortcuts-localization
2025-12-28 10:02:07.797 appintentsmetadataprocessor[65696:3788616] Starting appintentsmetadataprocessor export
2025-12-28 10:02:07.800 appintentsmetadataprocessor[65696:3788616] warning: Metadata extraction skipped. No AppIntents.framework dependency found.

Copy /Users/nathanfennel/Library/Developer/Xcode/DerivedData/CardOnCue-fafaiynmhqufqpbfjacxswbpzioe/Build/Products/Debug-iphonesimulator/CardOnCue.app/Factory_FactoryKit.bundle /Users/nathanfennel/Library/Developer/Xcode/DerivedData/CardOnCue-fafaiynmhqufqpbfjacxswbpzioe/Build/Products/Debug-iphonesimulator/Factory_FactoryKit.bundle (in target 'CardOnCue' from project 'CardOnCue')
    cd /Users/nathanfennel/Documents/GitHub/CardOnCue
    builtin-copy -exclude .DS_Store -exclude CVS -exclude .svn -exclude .git -exclude .hg -resolve-src-symlinks /Users/nathanfennel/Library/Developer/Xcode/DerivedData/CardOnCue-fafaiynmhqufqpbfjacxswbpzioe/Build/Products/Debug-iphonesimulator/Factory_FactoryKit.bundle /Users/nathanfennel/Library/Developer/Xcode/DerivedData/CardOnCue-fafaiynmhqufqpbfjacxswbpzioe/Build/Products/Debug-iphonesimulator/CardOnCue.app

Copy /Users/nathanfennel/Library/Developer/Xcode/DerivedData/CardOnCue-fafaiynmhqufqpbfjacxswbpzioe/Build/Products/Debug-iphonesimulator/CardOnCue.app/PhoneNumberKit_PhoneNumberKit.bundle /Users/nathanfennel/Library/Developer/Xcode/DerivedData/CardOnCue-fafaiynmhqufqpbfjacxswbpzioe/Build/Products/Debug-iphonesimulator/PhoneNumberKit_PhoneNumberKit.bundle (in target 'CardOnCue' from project 'CardOnCue')
    cd /Users/nathanfennel/Documents/GitHub/CardOnCue
    builtin-copy -exclude .DS_Store -exclude CVS -exclude .svn -exclude .git -exclude .hg -resolve-src-symlinks /Users/nathanfennel/Library/Developer/Xcode/DerivedData/CardOnCue-fafaiynmhqufqpbfjacxswbpzioe/Build/Products/Debug-iphonesimulator/PhoneNumberKit_PhoneNumberKit.bundle /Users/nathanfennel/Library/Developer/Xcode/DerivedData/CardOnCue-fafaiynmhqufqpbfjacxswbpzioe/Build/Products/Debug-iphonesimulator/CardOnCue.app

Copy /Users/nathanfennel/Library/Developer/Xcode/DerivedData/CardOnCue-fafaiynmhqufqpbfjacxswbpzioe/Build/Products/Debug-iphonesimulator/CardOnCue.app/Kingfisher_Kingfisher.bundle /Users/nathanfennel/Library/Developer/Xcode/DerivedData/CardOnCue-fafaiynmhqufqpbfjacxswbpzioe/Build/Products/Debug-iphonesimulator/Kingfisher_Kingfisher.bundle (in target 'CardOnCue' from project 'CardOnCue')
    cd /Users/nathanfennel/Documents/GitHub/CardOnCue
    builtin-copy -exclude .DS_Store -exclude CVS -exclude .svn -exclude .git -exclude .hg -resolve-src-symlinks /Users/nathanfennel/Library/Developer/Xcode/DerivedData/CardOnCue-fafaiynmhqufqpbfjacxswbpzioe/Build/Products/Debug-iphonesimulator/Kingfisher_Kingfisher.bundle /Users/nathanfennel/Library/Developer/Xcode/DerivedData/CardOnCue-fafaiynmhqufqpbfjacxswbpzioe/Build/Products/Debug-iphonesimulator/CardOnCue.app

Copy /Users/nathanfennel/Library/Developer/Xcode/DerivedData/CardOnCue-fafaiynmhqufqpbfjacxswbpzioe/Build/Products/Debug-iphonesimulator/CardOnCue.app/Clerk_Clerk.bundle /Users/nathanfennel/Library/Developer/Xcode/DerivedData/CardOnCue-fafaiynmhqufqpbfjacxswbpzioe/Build/Products/Debug-iphonesimulator/Clerk_Clerk.bundle (in target 'CardOnCue' from project 'CardOnCue')
    cd /Users/nathanfennel/Documents/GitHub/CardOnCue
    builtin-copy -exclude .DS_Store -exclude CVS -exclude .svn -exclude .git -exclude .hg -resolve-src-symlinks /Users/nathanfennel/Library/Developer/Xcode/DerivedData/CardOnCue-fafaiynmhqufqpbfjacxswbpzioe/Build/Products/Debug-iphonesimulator/Clerk_Clerk.bundle /Users/nathanfennel/Library/Developer/Xcode/DerivedData/CardOnCue-fafaiynmhqufqpbfjacxswbpzioe/Build/Products/Debug-iphonesimulator/CardOnCue.app

ProcessInfoPlistFile /Users/nathanfennel/Library/Developer/Xcode/DerivedData/CardOnCue-fafaiynmhqufqpbfjacxswbpzioe/Build/Products/Debug-iphonesimulator/CardOnCue.app/Info.plist /Users/nathanfennel/Documents/GitHub/CardOnCue/CardOnCue/Info.plist (in target 'CardOnCue' from project 'CardOnCue')
    cd /Users/nathanfennel/Documents/GitHub/CardOnCue
    builtin-infoPlistUtility /Users/nathanfennel/Documents/GitHub/CardOnCue/CardOnCue/Info.plist -producttype com.apple.product-type.application -genpkginfo /Users/nathanfennel/Library/Developer/Xcode/DerivedData/CardOnCue-fafaiynmhqufqpbfjacxswbpzioe/Build/Products/Debug-iphonesimulator/CardOnCue.app/PkgInfo -expandbuildsettings -format binary -platform iphonesimulator -additionalcontentfile /Users/nathanfennel/Library/Developer/Xcode/DerivedData/CardOnCue-fafaiynmhqufqpbfjacxswbpzioe/Build/Intermediates.noindex/CardOnCue.build/Debug-iphonesimulator/CardOnCue.build/assetcatalog_generated_info.plist -scanforprivacyfile /Users/nathanfennel/Library/Developer/Xcode/DerivedData/CardOnCue-fafaiynmhqufqpbfjacxswbpzioe/Build/Products/Debug-iphonesimulator/CardOnCue.app/Clerk_Clerk.bundle -scanforprivacyfile /Users/nathanfennel/Library/Developer/Xcode/DerivedData/CardOnCue-fafaiynmhqufqpbfjacxswbpzioe/Build/Products/Debug-iphonesimulator/CardOnCue.app/Factory_FactoryKit.bundle -scanforprivacyfile /Users/nathanfennel/Library/Developer/Xcode/DerivedData/CardOnCue-fafaiynmhqufqpbfjacxswbpzioe/Build/Products/Debug-iphonesimulator/CardOnCue.app/Kingfisher_Kingfisher.bundle -scanforprivacyfile /Users/nathanfennel/Library/Developer/Xcode/DerivedData/CardOnCue-fafaiynmhqufqpbfjacxswbpzioe/Build/Products/Debug-iphonesimulator/CardOnCue.app/PhoneNumberKit_PhoneNumberKit.bundle -o /Users/nathanfennel/Library/Developer/Xcode/DerivedData/CardOnCue-fafaiynmhqufqpbfjacxswbpzioe/Build/Products/Debug-iphonesimulator/CardOnCue.app/Info.plist

CopySwiftLibs /Users/nathanfennel/Library/Developer/Xcode/DerivedData/CardOnCue-fafaiynmhqufqpbfjacxswbpzioe/Build/Products/Debug-iphonesimulator/CardOnCue.app (in target 'CardOnCue' from project 'CardOnCue')
    cd /Users/nathanfennel/Documents/GitHub/CardOnCue
    builtin-swiftStdLibTool --copy --verbose --sign - --scan-executable /Users/nathanfennel/Library/Developer/Xcode/DerivedData/CardOnCue-fafaiynmhqufqpbfjacxswbpzioe/Build/Products/Debug-iphonesimulator/CardOnCue.app/CardOnCue.debug.dylib --scan-folder /Users/nathanfennel/Library/Developer/Xcode/DerivedData/CardOnCue-fafaiynmhqufqpbfjacxswbpzioe/Build/Products/Debug-iphonesimulator/CardOnCue.app/Frameworks --scan-folder /Users/nathanfennel/Library/Developer/Xcode/DerivedData/CardOnCue-fafaiynmhqufqpbfjacxswbpzioe/Build/Products/Debug-iphonesimulator/CardOnCue.app/PlugIns --scan-folder /Users/nathanfennel/Library/Developer/Xcode/DerivedData/CardOnCue-fafaiynmhqufqpbfjacxswbpzioe/Build/Products/Debug-iphonesimulator/CardOnCue.app/SystemExtensions --scan-folder /Users/nathanfennel/Library/Developer/Xcode/DerivedData/CardOnCue-fafaiynmhqufqpbfjacxswbpzioe/Build/Products/Debug-iphonesimulator/CardOnCue.app/Extensions --platform iphonesimulator --toolchain /Applications/Xcode.app/Contents/Developer/Toolchains/XcodeDefault.xctoolchain --destination /Users/nathanfennel/Library/Developer/Xcode/DerivedData/CardOnCue-fafaiynmhqufqpbfjacxswbpzioe/Build/Products/Debug-iphonesimulator/CardOnCue.app/Frameworks --strip-bitcode --strip-bitcode-tool /Applications/Xcode.app/Contents/Developer/Toolchains/XcodeDefault.xctoolchain/usr/bin/bitcode_strip --emit-dependency-info /Users/nathanfennel/Library/Developer/Xcode/DerivedData/CardOnCue-fafaiynmhqufqpbfjacxswbpzioe/Build/Intermediates.noindex/CardOnCue.build/Debug-iphonesimulator/CardOnCue.build/SwiftStdLibToolInputDependencies.dep --filter-for-swift-os

CodeSign /Users/nathanfennel/Library/Developer/Xcode/DerivedData/CardOnCue-fafaiynmhqufqpbfjacxswbpzioe/Build/Products/Debug-iphonesimulator/CardOnCue.app/CardOnCue.debug.dylib (in target 'CardOnCue' from project 'CardOnCue')
    cd /Users/nathanfennel/Documents/GitHub/CardOnCue
    
    Signing Identity:     "Sign to Run Locally"
    
    /usr/bin/codesign --force --sign - --timestamp\=none --generate-entitlement-der /Users/nathanfennel/Library/Developer/Xcode/DerivedData/CardOnCue-fafaiynmhqufqpbfjacxswbpzioe/Build/Products/Debug-iphonesimulator/CardOnCue.app/CardOnCue.debug.dylib

CodeSign /Users/nathanfennel/Library/Developer/Xcode/DerivedData/CardOnCue-fafaiynmhqufqpbfjacxswbpzioe/Build/Products/Debug-iphonesimulator/CardOnCue.app (in target 'CardOnCue' from project 'CardOnCue')
    cd /Users/nathanfennel/Documents/GitHub/CardOnCue
    
    Signing Identity:     "Sign to Run Locally"
    
    /usr/bin/codesign --force --sign - --entitlements /Users/nathanfennel/Library/Developer/Xcode/DerivedData/CardOnCue-fafaiynmhqufqpbfjacxswbpzioe/Build/Intermediates.noindex/CardOnCue.build/Debug-iphonesimulator/CardOnCue.build/CardOnCue.app.xcent --timestamp\=none --generate-entitlement-der /Users/nathanfennel/Library/Developer/Xcode/DerivedData/CardOnCue-fafaiynmhqufqpbfjacxswbpzioe/Build/Products/Debug-iphonesimulator/CardOnCue.app

Validate /Users/nathanfennel/Library/Developer/Xcode/DerivedData/CardOnCue-fafaiynmhqufqpbfjacxswbpzioe/Build/Products/Debug-iphonesimulator/CardOnCue.app (in target 'CardOnCue' from project 'CardOnCue')
    cd /Users/nathanfennel/Documents/GitHub/CardOnCue
    builtin-validationUtility /Users/nathanfennel/Library/Developer/Xcode/DerivedData/CardOnCue-fafaiynmhqufqpbfjacxswbpzioe/Build/Products/Debug-iphonesimulator/CardOnCue.app -shallow-bundle -infoplist-subpath Info.plist

** BUILD SUCCEEDED **

