// Jest Snapshot v1, https://goo.gl/fbAQLP

exports[`Search Page matches the snapshot 1`] = `
<div
  class="min-h-screen flex flex-col"
>
  <header
    class="bg-white dark:bg-gray-900 shadow-sm border-b border-gray-200 dark:border-gray-800"
  >
    <nav
      class="max-w-7xl mx-auto px-4 sm:px-6 lg:px-8"
    >
      <div
        class="flex justify-between items-center h-16"
      >
        <a
          class="flex items-center space-x-2"
          href="/"
        >
          <div
            class="w-8 h-8 bg-primary-600 rounded-lg flex items-center justify-center"
          >
            <span
              class="text-white font-bold text-sm"
            >
              C
            </span>
          </div>
          <span
            class="font-bold text-xl text-gray-900 dark:text-white"
          >
            CardOnCue
          </span>
        </a>
        <div
          class="hidden md:flex items-center space-x-8"
        >
          <a
            class="text-gray-600 hover:text-gray-900 dark:text-gray-300 dark:hover:text-white transition-colors duration-200"
            href="/"
          >
            Home
          </a>
          <a
            class="text-gray-600 hover:text-gray-900 dark:text-gray-300 dark:hover:text-white transition-colors duration-200"
            href="/features"
          >
            Features
          </a>
          <a
            class="text-gray-600 hover:text-gray-900 dark:text-gray-300 dark:hover:text-white transition-colors duration-200"
            href="/search"
          >
            Search
          </a>
          <a
            class="text-gray-600 hover:text-gray-900 dark:text-gray-300 dark:hover:text-white transition-colors duration-200"
            href="/support"
          >
            Support
          </a>
          <a
            class="text-gray-600 hover:text-gray-900 dark:text-gray-300 dark:hover:text-white transition-colors duration-200"
            href="/contact"
          >
            Contact
          </a>
        </div>
        <div
          class="flex items-center space-x-4"
        >
          <div>
            <a
              class="text-gray-600 hover:text-gray-900 dark:text-gray-300 dark:hover:text-white transition-colors duration-200"
              href="/sign-in"
            >
              Sign In
            </a>
          </div>
          <div>
            <a
              class="text-gray-600 hover:text-gray-900 dark:text-gray-300 dark:hover:text-white transition-colors duration-200 flex items-center space-x-1"
              href="/account"
            >
              <svg
                data-testid="user-icon"
              />
              <span>
                Account
              </span>
            </a>
            <div
              data-testid="user-button"
            >
              User Button
            </div>
          </div>
          <button
            class="md:hidden p-2 rounded-md text-gray-600 hover:text-gray-900 dark:text-gray-300 dark:hover:text-white"
          >
            <svg
              data-testid="menu-icon"
            />
          </button>
        </div>
      </div>
    </nav>
  </header>
  <main
    class="flex-grow"
  >
    <section
      class="bg-gradient-to-br from-primary-50 to-primary-100 dark:from-gray-900 dark:to-gray-800 py-20"
    >
      <div
        class="max-w-4xl mx-auto px-4 sm:px-6 lg:px-8 text-center"
      >
        <div>
          <h1
            class="text-4xl md:text-5xl font-bold text-gray-900 dark:text-white mb-6"
          >
            Find CardOnCue 
            <span
              class="text-primary-600"
            >
              Locations
            </span>
          </h1>
          <p
            class="text-xl text-gray-600 dark:text-gray-300 mb-8"
          >
            Search for businesses, libraries, and locations where CardOnCue works. See what's supported in your area.
          </p>
          <div
            class="max-w-2xl mx-auto relative"
          >
            <div
              class="relative"
            >
              <svg
                data-testid="search-icon"
              />
              <input
                class="input-field pl-12 pr-4 py-4 text-lg w-full"
                placeholder="Search for Costco, libraries, theme parks..."
                type="text"
                value=""
              />
            </div>
          </div>
        </div>
      </div>
    </section>
    <section
      class="py-12 bg-white dark:bg-gray-900"
    >
      <div
        class="max-w-4xl mx-auto px-4 sm:px-6 lg:px-8"
      >
        <div
          class="text-center py-12"
        >
          <svg
            data-testid="search-icon"
          />
          <h3
            class="text-lg font-medium text-gray-900 dark:text-white mb-2"
          >
            Start searching
          </h3>
          <p
            class="text-gray-600 dark:text-gray-300"
          >
            Enter at least 2 characters to search for CardOnCue-supported locations.
          </p>
          <div
            class="mt-8"
          >
            <p
              class="text-sm text-gray-500 dark:text-gray-400 mb-4"
            >
              Popular searches:
            </p>
            <div
              class="flex flex-wrap justify-center gap-2"
            >
              <button
                class="px-4 py-2 bg-gray-100 dark:bg-gray-800 text-gray-700 dark:text-gray-300 rounded-full text-sm hover:bg-gray-200 dark:hover:bg-gray-700 transition-colors duration-200"
              >
                Costco
              </button>
              <button
                class="px-4 py-2 bg-gray-100 dark:bg-gray-800 text-gray-700 dark:text-gray-300 rounded-full text-sm hover:bg-gray-200 dark:hover:bg-gray-700 transition-colors duration-200"
              >
                libraries
              </button>
              <button
                class="px-4 py-2 bg-gray-100 dark:bg-gray-800 text-gray-700 dark:text-gray-300 rounded-full text-sm hover:bg-gray-200 dark:hover:bg-gray-700 transition-colors duration-200"
              >
                Whole Foods
              </button>
              <button
                class="px-4 py-2 bg-gray-100 dark:bg-gray-800 text-gray-700 dark:text-gray-300 rounded-full text-sm hover:bg-gray-200 dark:hover:bg-gray-700 transition-colors duration-200"
              >
                theme parks
              </button>
              <button
                class="px-4 py-2 bg-gray-100 dark:bg-gray-800 text-gray-700 dark:text-gray-300 rounded-full text-sm hover:bg-gray-200 dark:hover:bg-gray-700 transition-colors duration-200"
              >
                Kohl's
              </button>
            </div>
          </div>
        </div>
      </div>
    </section>
  </main>
  <footer
    class="bg-gray-50 dark:bg-gray-900 border-t border-gray-200 dark:border-gray-800"
  >
    <div
      class="max-w-7xl mx-auto px-4 sm:px-6 lg:px-8 py-12"
    >
      <div
        class="grid grid-cols-1 md:grid-cols-4 gap-8"
      >
        <div
          class="col-span-1 md:col-span-2"
        >
          <div
            class="flex items-center space-x-2 mb-4"
          >
            <div
              class="w-8 h-8 bg-primary-600 rounded-lg flex items-center justify-center"
            >
              <span
                class="text-white font-bold text-sm"
              >
                C
              </span>
            </div>
            <span
              class="font-bold text-xl text-gray-900 dark:text-white"
            >
              CardOnCue
            </span>
          </div>
          <p
            class="text-gray-600 dark:text-gray-300 mb-4 max-w-md"
          >
            Automatically show your membership cards, library cards, and barcodes when you enter relevant locations. Never fumble for your wallet again.
          </p>
          <div
            class="flex space-x-4"
          >
            <a
              class="text-gray-400 hover:text-gray-500 dark:hover:text-gray-300 transition-colors duration-200"
              href="#"
            >
              <span
                class="sr-only"
              >
                Twitter
              </span>
              <svg
                data-testid="twitter-icon"
              />
            </a>
            <a
              class="text-gray-400 hover:text-gray-500 dark:hover:text-gray-300 transition-colors duration-200"
              href="#"
            >
              <span
                class="sr-only"
              >
                GitHub
              </span>
              <svg
                data-testid="github-icon"
              />
            </a>
            <a
              class="text-gray-400 hover:text-gray-500 dark:hover:text-gray-300 transition-colors duration-200"
              href="mailto:hello@cardoncue.com"
            >
              <span
                class="sr-only"
              >
                Email
              </span>
              <svg
                data-testid="mail-icon"
              />
            </a>
          </div>
        </div>
        <div>
          <h3
            class="text-sm font-semibold text-gray-900 dark:text-white uppercase tracking-wider mb-4"
          >
            Navigation
          </h3>
          <ul
            class="space-y-2"
          >
            <li>
              <a
                class="text-gray-600 hover:text-gray-900 dark:text-gray-300 dark:hover:text-white transition-colors duration-200"
                href="/"
              >
                Home
              </a>
            </li>
            <li>
              <a
                class="text-gray-600 hover:text-gray-900 dark:text-gray-300 dark:hover:text-white transition-colors duration-200"
                href="/features"
              >
                Features
              </a>
            </li>
            <li>
              <a
                class="text-gray-600 hover:text-gray-900 dark:text-gray-300 dark:hover:text-white transition-colors duration-200"
                href="/support"
              >
                Support
              </a>
            </li>
            <li>
              <a
                class="text-gray-600 hover:text-gray-900 dark:text-gray-300 dark:hover:text-white transition-colors duration-200"
                href="/contact"
              >
                Contact
              </a>
            </li>
          </ul>
        </div>
        <div>
          <h3
            class="text-sm font-semibold text-gray-900 dark:text-white uppercase tracking-wider mb-4"
          >
            Legal
          </h3>
          <ul
            class="space-y-2"
          >
            <li>
              <a
                class="text-gray-600 hover:text-gray-900 dark:text-gray-300 dark:hover:text-white transition-colors duration-200"
                href="/privacy"
              >
                Privacy Policy
              </a>
            </li>
            <li>
              <a
                class="text-gray-600 hover:text-gray-900 dark:text-gray-300 dark:hover:text-white transition-colors duration-200"
                href="/terms"
              >
                Terms of Use
              </a>
            </li>
          </ul>
        </div>
      </div>
      <div
        class="mt-8 pt-8 border-t border-gray-200 dark:border-gray-700"
      >
        <div
          class="flex flex-col sm:flex-row justify-between items-center"
        >
          <div
            class="flex flex-col sm:flex-row items-center space-y-4 sm:space-y-0 sm:space-x-4 mb-4 sm:mb-0"
          >
            <a
              class="bg-black text-white px-6 py-2 rounded-lg hover:bg-gray-800 transition-colors duration-200 text-sm font-medium"
              href="#"
            >
              Download on the App Store
            </a>
            <a
              class="text-primary-600 hover:text-primary-700 font-medium text-sm"
              href="/android"
            >
              Android Version Coming Soon →
            </a>
          </div>
          <p
            class="text-sm text-gray-500 dark:text-gray-400"
          >
            © 2024 CardOnCue. All rights reserved.
          </p>
        </div>
      </div>
    </div>
  </footer>
</div>
`;
